(venv) nh1221@Lab-ControlNode:/mnt/c/Users/nh1221/data-center/scripts$ ssh ubuntu@Host12_1 "vtysh -c 'show bgp summary'"
Warning: Permanently added '172.16.2.40' (ED25519) to the list of known hosts.
% Can't open configuration file /etc/frr/vtysh.conf due to 'Permission denied'.
Exiting: failed to connect to any daemons.
Hint: if this seems wrong, try running me as a privileged user!
(venv) nh1221@Lab-ControlNode:/mnt/c/Users/nh1221/data-center/scripts$ ssh ubuntu@Host12_1 "sudo vtysh -c 'show bgp summary'"
Warning: Permanently added '172.16.2.40' (ED25519) to the list of known hosts.

IPv4 Unicast Summary (VRF default):
BGP router identifier 10.10.255.1, local AS number 65101 vrf-id 0
BGP table version 2
RIB entries 5, using 960 bytes of memory
Peers 2, using 1448 KiB of memory

Neighbor        V         AS   MsgRcvd   MsgSent   TblVer  InQ OutQ  Up/Down State/PfxRcd   PfxSnt Desc
enp2s0          4      65011         0         0        0    0    0    never         Idle        0 Leaf_L1
enp3s0          4      65012         0         0        0    0    0    never         Idle        0 Leaf_L2

Total number of neighbors 2
(venv) nh1221@Lab-ControlNode:/mnt/c/Users/nh1221/data-center/scripts$
(venv) nh1221@Lab-ControlNode:/mnt/c/Users/nh1221/data-center/scripts$
(venv) nh1221@Lab-ControlNode:/mnt/c/Users/nh1221/data-center/scripts$ ssh ubuntu@Host12_2 "sudo vtysh -c 'show bgp summary'"
Warning: Permanently added '172.16.2.41' (ED25519) to the list of known hosts.

IPv4 Unicast Summary (VRF default):
BGP router identifier 10.10.255.2, local AS number 65102 vrf-id 0
BGP table version 2
RIB entries 5, using 960 bytes of memory
Peers 2, using 1448 KiB of memory

Neighbor        V         AS   MsgRcvd   MsgSent   TblVer  InQ OutQ  Up/Down State/PfxRcd   PfxSnt Desc
enp2s0          4      65011         0         0        0    0    0    never         Idle        0 Leaf_L1
enp3s0          4      65012         0         0        0    0    0    never         Idle        0 Leaf_L2

Total number of neighbors 2
(venv) nh1221@Lab-ControlNode:/mnt/c/Users/nh1221/data-center/scripts$
(venv) nh1221@Lab-ControlNode:/mnt/c/Users/nh1221/data-center/scripts$
(venv) nh1221@Lab-ControlNode:/mnt/c/Users/nh1221/data-center/scripts$ ssh ubuntu@Host12_3 "sudo vtysh -c 'show bgp summary'"
Warning: Permanently added '172.16.2.42' (ED25519) to the list of known hosts.

IPv4 Unicast Summary (VRF default):
BGP router identifier 10.10.255.3, local AS number 65103 vrf-id 0
BGP table version 2
RIB entries 5, using 960 bytes of memory
Peers 2, using 1448 KiB of memory

Neighbor        V         AS   MsgRcvd   MsgSent   TblVer  InQ OutQ  Up/Down State/PfxRcd   PfxSnt Desc
enp2s0          4      65011         0         0        0    0    0    never         Idle        0 Leaf_L1
enp3s0          4      65012         0         0        0    0    0    never         Idle        0 Leaf_L2

Total number of neighbors 2
(venv) nh1221@Lab-ControlNode:/mnt/c/Users/nh1221/data-center/scripts$ ssh ubuntu@Host34_1 "sudo vtysh -c 'show bgp summary'"
Warning: Permanently added '172.16.2.43' (ED25519) to the list of known hosts.

IPv4 Unicast Summary (VRF default):
BGP router identifier 10.10.255.11, local AS number 65104 vrf-id 0
BGP table version 2
RIB entries 5, using 960 bytes of memory
Peers 2, using 1448 KiB of memory

Neighbor        V         AS   MsgRcvd   MsgSent   TblVer  InQ OutQ  Up/Down State/PfxRcd   PfxSnt Desc
enp2s0          4      65013         0         0        0    0    0    never         Idle        0 Leaf_L3
enp3s0          4      65014         0         0        0    0    0    never         Idle        0 Leaf_L4

Total number of neighbors 2
(venv) nh1221@Lab-ControlNode:/mnt/c/Users/nh1221/data-center/scripts$ ssh ubuntu@Host34_2 "sudo vtysh -c 'show bgp summary'"
Warning: Permanently added '172.16.2.44' (ED25519) to the list of known hosts.

IPv4 Unicast Summary (VRF default):
BGP router identifier 10.10.255.12, local AS number 65105 vrf-id 0
BGP table version 2
RIB entries 5, using 960 bytes of memory
Peers 2, using 1448 KiB of memory

Neighbor        V         AS   MsgRcvd   MsgSent   TblVer  InQ OutQ  Up/Down State/PfxRcd   PfxSnt Desc
enp2s0          4      65013         0         0        0    0    0    never         Idle        0 Leaf_L3
enp3s0          4      65014         0         0        0    0    0    never         Idle        0 Leaf_L4

Total number of neighbors 2
(venv) nh1221@Lab-ControlNode:/mnt/c/Users/nh1221/data-center/scripts$ ssh ubuntu@HostB12_1 "sudo vtysh -c 'show bgp summary'"
Warning: Permanently added '172.16.2.45' (ED25519) to the list of known hosts.

IPv4 Unicast Summary (VRF default):
BGP router identifier 10.10.255.100, local AS number 65106 vrf-id 0
BGP table version 44
RIB entries 29, using 5568 bytes of memory
Peers 2, using 1448 KiB of memory

Neighbor        V         AS   MsgRcvd   MsgSent   TblVer  InQ OutQ  Up/Down State/PfxRcd   PfxSnt Desc
enp2s0          4      65021       702       709        0    0    0 11:25:26           13       14 Border_Leaf1
enp3s0          4      65022       720       714        0    0    0 06:30:37           13       14 Border_Leaf2

Total number of neighbors 2
(venv) nh1221@Lab-ControlNode:/mnt/c/Users/nh1221/data-center/scripts$ ssh ubuntu@HostB12_2 "sudo vtysh -c 'show bgp summary'"
Warning: Permanently added '172.16.2.46' (ED25519) to the list of known hosts.

IPv4 Unicast Summary (VRF default):
BGP router identifier 10.10.255.101, local AS number 65107 vrf-id 0
BGP table version 48
RIB entries 29, using 5568 bytes of memory
Peers 2, using 1448 KiB of memory

Neighbor        V         AS   MsgRcvd   MsgSent   TblVer  InQ OutQ  Up/Down State/PfxRcd   PfxSnt Desc
enp2s0          4      65021       717       715        0    0    0 11:24:52           12       14 Border_Leaf1
enp3s0          4      65022       697       738        0    0    0 11:10:48           12       14 Border_Leaf2

Total number of neighbors 2
(venv) nh1221@Lab-ControlNode:/mnt/c/Users/nh1221/data-center/scripts$ ssh ubuntu@MonitorSrv "sudo vtysh -c 'show bgp summary'"
Warning: Permanently added '172.16.2.47' (ED25519) to the list of known hosts.

IPv4 Unicast Summary (VRF default):
BGP router identifier 10.10.255.102, local AS number 65108 vrf-id 0
BGP table version 26
RIB entries 29, using 5568 bytes of memory
Peers 2, using 1448 KiB of memory

Neighbor        V         AS   MsgRcvd   MsgSent   TblVer  InQ OutQ  Up/Down State/PfxRcd   PfxSnt Desc
enp2s0          4      65021       412       411        0    0    0 06:36:24           13       14 Border_Leaf1
enp3s0          4      65022       414       410        0    0    0 06:34:58           13       14 Border_Leaf2

Total number of neighbors 2
(venv) nh1221@Lab-ControlNode:/mnt/c/Users/nh1221/data-center/scripts$ ssh admin@Spine_S1 "decker exec bgp vtysh -c 'show bgp summary'"
Warning: Permanently added '172.16.2.11' (RSA) to the list of known hosts.
bash: line 1: decker: command not found
(venv) nh1221@Lab-ControlNode:/mnt/c/Users/nh1221/data-center/scripts$ ssh admin@Spine_S1 "docker exec bgp vtysh -c 'show bgp summary'"
Warning: Permanently added '172.16.2.11' (RSA) to the list of known hosts.

IPv4 Unicast Summary (VRF default):
BGP router identifier 10.0.0.1, local AS number 65000 vrf-id 0
BGP table version 15
RIB entries 21, using 4704 bytes of memory
Peers 6, using 4348 KiB of memory

Neighbor        V         AS   MsgRcvd   MsgSent   TblVer  InQ OutQ  Up/Down State/PfxRcd   PfxSnt Desc
Ethernet0       4      65011      1774      1774        0    0    0 1d01h47m            1       11 Leaf_L1
Ethernet4       4          0         0         0        0    0    0    never         Idle        0 Leaf_L2
Ethernet8       4      65013      1770      1771        0    0    0 1d05h13m            1       11 Leaf_L3
Ethernet12      4          0         0         0        0    0    0    never         Idle        0 Leaf_L4
Ethernet16      4      65021       710       707        0    0    0 11:31:13            6       11 Border_Leaf1
Ethernet20      4      65022       712       706        0    0    0 11:30:46            6       11 Border_Leaf2

Total number of neighbors 6

IPv6 Unicast Summary (VRF default):
BGP router identifier 10.0.0.1, local AS number 65000 vrf-id 0
BGP table version 0
RIB entries 0, using 0 bytes of memory
Peers 6, using 4348 KiB of memory

Neighbor        V         AS   MsgRcvd   MsgSent   TblVer  InQ OutQ  Up/Down State/PfxRcd   PfxSnt Desc
Ethernet0       4      65011      1774      1774        0    0    0 1d01h47m            0        0 Leaf_L1
Ethernet4       4          0         0         0        0    0    0    never         Idle        0 Leaf_L2
Ethernet8       4      65013      1770      1771        0    0    0 1d05h13m            0        0 Leaf_L3
Ethernet12      4          0         0         0        0    0    0    never         Idle        0 Leaf_L4
Ethernet16      4      65021       710       707        0    0    0 11:31:13            0        0 Border_Leaf1
Ethernet20      4      65022       712       706        0    0    0 11:30:46            0        0 Border_Leaf2

Total number of neighbors 6
(venv) nh1221@Lab-ControlNode:/mnt/c/Users/nh1221/data-center/scripts$ ssh admin@Spine_S2 "docker exec bgp vtysh -c 'show bgp summary'"
Warning: Permanently added '172.16.2.12' (RSA) to the list of known hosts.

IPv4 Unicast Summary (VRF default):
BGP router identifier 10.0.0.2, local AS number 65000 vrf-id 0
BGP table version 13
RIB entries 21, using 4704 bytes of memory
Peers 6, using 4348 KiB of memory

Neighbor        V         AS   MsgRcvd   MsgSent   TblVer  InQ OutQ  Up/Down State/PfxRcd   PfxSnt Desc
Ethernet0       4          0         0         0        0    0    0    never         Idle        0 Leaf_L1
Ethernet4       4      65012      1768      1768        0    0    0 1d05h13m            1       11 Leaf_L2
Ethernet8       4          0         0         0        0    0    0    never         Idle        0 Leaf_L3
Ethernet12      4      65014      1768      1768        0    0    0 1d05h13m            1       11 Leaf_L4
Ethernet16      4      65021       710       707        0    0    0 11:31:23            6       11 Border_Leaf1
Ethernet20      4      65022       712       706        0    0    0 11:30:59            6       11 Border_Leaf2

Total number of neighbors 6

IPv6 Unicast Summary (VRF default):
BGP router identifier 10.0.0.2, local AS number 65000 vrf-id 0
BGP table version 0
RIB entries 0, using 0 bytes of memory
Peers 6, using 4348 KiB of memory

Neighbor        V         AS   MsgRcvd   MsgSent   TblVer  InQ OutQ  Up/Down State/PfxRcd   PfxSnt Desc
Ethernet0       4          0         0         0        0    0    0    never         Idle        0 Leaf_L1
Ethernet4       4      65012      1768      1768        0    0    0 1d05h13m            0        0 Leaf_L2
Ethernet8       4          0         0         0        0    0    0    never         Idle        0 Leaf_L3
Ethernet12      4      65014      1768      1768        0    0    0 1d05h13m            0        0 Leaf_L4
Ethernet16      4      65021       710       707        0    0    0 11:31:23            0        0 Border_Leaf1
Ethernet20      4      65022       712       706        0    0    0 11:30:59            0        0 Border_Leaf2

Total number of neighbors 6
(venv) nh1221@Lab-ControlNode:/mnt/c/Users/nh1221/data-center/scripts$ ssh admin@Leaf_L1 "docker exec bgp vtysh -c 'show bgp summary'"
Warning: Permanently added '172.16.2.21' (RSA) to the list of known hosts.

IPv4 Unicast Summary (VRF default):
BGP router identifier 10.0.1.1, local AS number 65011 vrf-id 0
BGP table version 13
RIB entries 21, using 4704 bytes of memory
Peers 5, using 3623 KiB of memory

Neighbor        V         AS   MsgRcvd   MsgSent   TblVer  InQ OutQ  Up/Down State/PfxRcd   PfxSnt Desc
Ethernet0       4      65101         0         0        0    0    0    never         Idle        0 Host12_1
Ethernet1       4      65102         0         0        0    0    0    never         Idle        0 Host12_2
Ethernet2       4      65103         0         0        0    0    0    never         Idle        0 Host12_3
Ethernet64      4          0         0         0        0    0    0    never         Idle        0 Spine_S2
Ethernet68      4      65000      1562      1562        0    0    0 1d01h47m           10       11 Spine_S1

Total number of neighbors 5

IPv6 Unicast Summary (VRF default):
BGP router identifier 10.0.1.1, local AS number 65011 vrf-id 0
BGP table version 0
RIB entries 0, using 0 bytes of memory
Peers 5, using 3623 KiB of memory

Neighbor        V         AS   MsgRcvd   MsgSent   TblVer  InQ OutQ  Up/Down State/PfxRcd   PfxSnt Desc
Ethernet0       4      65101         0         0        0    0    0    never         Idle        0 Host12_1
Ethernet1       4      65102         0         0        0    0    0    never         Idle        0 Host12_2
Ethernet2       4      65103         0         0        0    0    0    never         Idle        0 Host12_3
Ethernet64      4          0         0         0        0    0    0    never         Idle        0 Spine_S2
Ethernet68      4      65000      1562      1562        0    0    0 1d01h47m            0        0 Spine_S1

Total number of neighbors 5
(venv) nh1221@Lab-ControlNode:/mnt/c/Users/nh1221/data-center/scripts$ ssh admin@Leaf_L2 "docker exec bgp vtysh -c 'show bgp summary'"
Warning: Permanently added '172.16.2.22' (RSA) to the list of known hosts.

IPv4 Unicast Summary (VRF default):
BGP router identifier 10.0.1.2, local AS number 65012 vrf-id 0
BGP table version 13
RIB entries 21, using 4704 bytes of memory
Peers 5, using 3623 KiB of memory

Neighbor        V         AS   MsgRcvd   MsgSent   TblVer  InQ OutQ  Up/Down State/PfxRcd   PfxSnt Desc
Ethernet0       4      65101         0         0        0    0    0    never         Idle        0 Host12_1
Ethernet1       4      65102         0         0        0    0    0    never         Idle        0 Host12_2
Ethernet2       4      65103         0         0        0    0    0    never         Idle        0 Host12_3
Ethernet64      4      65000      1769      1770        0    0    0 1d05h14m           10       11 Spine_S2
Ethernet68      4          0         0         0        0    0    0    never         Idle        0 Spine_S1

Total number of neighbors 5

IPv6 Unicast Summary (VRF default):
BGP router identifier 10.0.1.2, local AS number 65012 vrf-id 0
BGP table version 0
RIB entries 0, using 0 bytes of memory
Peers 5, using 3623 KiB of memory

Neighbor        V         AS   MsgRcvd   MsgSent   TblVer  InQ OutQ  Up/Down State/PfxRcd   PfxSnt Desc
Ethernet0       4      65101         0         0        0    0    0    never         Idle        0 Host12_1
Ethernet1       4      65102         0         0        0    0    0    never         Idle        0 Host12_2
Ethernet2       4      65103         0         0        0    0    0    never         Idle        0 Host12_3
Ethernet64      4      65000      1769      1770        0    0    0 1d05h14m            0        0 Spine_S2
Ethernet68      4          0         0         0        0    0    0    never         Idle        0 Spine_S1

Total number of neighbors 5
(venv) nh1221@Lab-ControlNode:/mnt/c/Users/nh1221/data-center/scripts$ ssh admin@Leaf_L3 "docker exec bgp vtysh -c 'show bgp summary'"
Warning: Permanently added '172.16.2.23' (RSA) to the list of known hosts.

IPv4 Unicast Summary (VRF default):
BGP router identifier 10.0.1.3, local AS number 65013 vrf-id 0
BGP table version 15
RIB entries 21, using 4704 bytes of memory
Peers 4, using 2898 KiB of memory

Neighbor        V         AS   MsgRcvd   MsgSent   TblVer  InQ OutQ  Up/Down State/PfxRcd   PfxSnt Desc
Ethernet0       4      65104         0         0        0    0    0    never         Idle        0 Host34_1
Ethernet4       4      65105         0         0        0    0    0    never         Idle        0 Host34_2
Ethernet120     4          0         0         0        0    0    0    never         Idle        0 Spine_S2
Ethernet124     4      65000      1771      1771        0    0    0 1d05h14m           10       11 Spine_S1

Total number of neighbors 4

IPv6 Unicast Summary (VRF default):
BGP router identifier 10.0.1.3, local AS number 65013 vrf-id 0
BGP table version 0
RIB entries 0, using 0 bytes of memory
Peers 4, using 2898 KiB of memory

Neighbor        V         AS   MsgRcvd   MsgSent   TblVer  InQ OutQ  Up/Down State/PfxRcd   PfxSnt Desc
Ethernet0       4      65104         0         0        0    0    0    never         Idle        0 Host34_1
Ethernet4       4      65105         0         0        0    0    0    never         Idle        0 Host34_2
Ethernet120     4          0         0         0        0    0    0    never         Idle        0 Spine_S2
Ethernet124     4      65000      1771      1771        0    0    0 1d05h14m            0        0 Spine_S1

Total number of neighbors 4
(venv) nh1221@Lab-ControlNode:/mnt/c/Users/nh1221/data-center/scripts$ ssh admin@Leaf_L4 "docker exec bgp vtysh -c 'show bgp summary'"
Warning: Permanently added '172.16.2.24' (RSA) to the list of known hosts.

IPv4 Unicast Summary (VRF default):
BGP router identifier 10.0.1.4, local AS number 65014 vrf-id 0
BGP table version 13
RIB entries 21, using 4704 bytes of memory
Peers 4, using 2898 KiB of memory

Neighbor        V         AS   MsgRcvd   MsgSent   TblVer  InQ OutQ  Up/Down State/PfxRcd   PfxSnt Desc
Ethernet0       4      65104         0         0        0    0    0    never         Idle        0 Host34_1
Ethernet4       4      65105         0         0        0    0    0    never         Idle        0 Host34_2
Ethernet120     4      65000      1769      1770        0    0    0 1d05h14m           10       11 Spine_S2
Ethernet124     4          0         0         0        0    0    0    never         Idle        0 Spine_S1

Total number of neighbors 4

IPv6 Unicast Summary (VRF default):
BGP router identifier 10.0.1.4, local AS number 65014 vrf-id 0
BGP table version 0
RIB entries 0, using 0 bytes of memory
Peers 4, using 2898 KiB of memory

Neighbor        V         AS   MsgRcvd   MsgSent   TblVer  InQ OutQ  Up/Down State/PfxRcd   PfxSnt Desc
Ethernet0       4      65104         0         0        0    0    0    never         Idle        0 Host34_1
Ethernet4       4      65105         0         0        0    0    0    never         Idle        0 Host34_2
Ethernet120     4      65000      1769      1770        0    0    0 1d05h14m            0        0 Spine_S2
Ethernet124     4          0         0         0        0    0    0    never         Idle        0 Spine_S1

Total number of neighbors 4
(venv) nh1221@Lab-ControlNode:/mnt/c/Users/nh1221/data-center/scripts$ ssh admin@Border_Leaf1 "docker exec bgp vtysh -c 'show bgp summary'"
Warning: Permanently added '172.16.2.31' (RSA) to the list of known hosts.

IPv4 Unicast Summary (VRF default):
BGP router identifier 10.0.2.1, local AS number 65021 vrf-id 0
BGP table version 18
RIB entries 27, using 6048 bytes of memory
Peers 6, using 4348 KiB of memory

Neighbor        V         AS   MsgRcvd   MsgSent   TblVer  InQ OutQ  Up/Down State/PfxRcd   PfxSnt Desc
Ethernet20      4      65106       716       708        0    0    0 11:28:00            4       14 HostB12_1
Ethernet24      4      65107       706       719        0    0    0 11:27:43            4       14 HostB12_2
Ethernet28      4      65108       565       716        0    0    0 06:38:48            4       14 MonitorSrv
Ethernet120     4      65000       707       711        0    0    0 11:32:18            6       14 Spine_S2
Ethernet124     4      65000       707       711        0    0    0 11:32:16            6       14 Spine_S1
10.0.253.1      4      65253         0         0        0    0    0    never      Connect        0 Exit_Router1

Total number of neighbors 6

IPv6 Unicast Summary (VRF default):
BGP router identifier 10.0.2.1, local AS number 65021 vrf-id 0
BGP table version 0
RIB entries 0, using 0 bytes of memory
Peers 5, using 3623 KiB of memory

Neighbor        V         AS   MsgRcvd   MsgSent   TblVer  InQ OutQ  Up/Down State/PfxRcd   PfxSnt Desc
Ethernet20      4      65106       716       708        0    0    0 11:28:00        NoNeg    NoNeg HostB12_1
Ethernet24      4      65107       706       719        0    0    0 11:27:43        NoNeg    NoNeg HostB12_2
Ethernet28      4      65108       565       716        0    0    0 06:38:48        NoNeg    NoNeg MonitorSrv
Ethernet120     4      65000       707       711        0    0    0 11:32:18            0        0 Spine_S2
Ethernet124     4      65000       707       711        0    0    0 11:32:16            0        0 Spine_S1

Total number of neighbors 5
(venv) nh1221@Lab-ControlNode:/mnt/c/Users/nh1221/data-center/scripts$ ssh admin@Border_Leaf2 "docker exec bgp vtysh -c 'show bgp summary'"
Warning: Permanently added '172.16.2.32' (RSA) to the list of known hosts.

IPv4 Unicast Summary (VRF default):
BGP router identifier 10.0.2.2, local AS number 65022 vrf-id 0
BGP table version 21
RIB entries 27, using 6048 bytes of memory
Peers 6, using 4348 KiB of memory

Neighbor        V         AS   MsgRcvd   MsgSent   TblVer  InQ OutQ  Up/Down State/PfxRcd   PfxSnt Desc
Ethernet20      4      65106       714       723        0    0    0 06:33:50           12       14 HostB12_1
Ethernet24      4      65107       698       710        0    0    0 11:13:50           12       14 HostB12_2
Ethernet28      4      65108       585       755        0    0    0 06:37:33           12       14 MonitorSrv
Ethernet120     4      65000       707       714        0    0    0 11:32:06            8       14 Spine_S2
Ethernet124     4      65000       707       714        0    0    0 11:32:01            8       14 Spine_S1
10.0.253.3      4      65254         0         0        0    0    0    never      Connect        0 Exit_Router2

Total number of neighbors 6

IPv6 Unicast Summary (VRF default):
BGP router identifier 10.0.2.2, local AS number 65022 vrf-id 0
BGP table version 0
RIB entries 0, using 0 bytes of memory
Peers 5, using 3623 KiB of memory

Neighbor        V         AS   MsgRcvd   MsgSent   TblVer  InQ OutQ  Up/Down State/PfxRcd   PfxSnt Desc
Ethernet20      4      65106       714       723        0    0    0 06:33:50        NoNeg    NoNeg HostB12_1
Ethernet24      4      65107       698       710        0    0    0 11:13:50        NoNeg    NoNeg HostB12_2
Ethernet28      4      65108       585       755        0    0    0 06:37:33        NoNeg    NoNeg MonitorSrv
Ethernet120     4      65000       707       714        0    0    0 11:32:06            0        0 Spine_S2
Ethernet124     4      65000       707       714        0    0    0 11:32:01            0        0 Spine_S1

Total number of neighbors 5
(venv) nh1221@Lab-ControlNode:/mnt/c/Users/nh1221/data-center/scripts$
