nh1221@R620:~$ chmod +x fix_idle_topology_links.sh
nh1221@R620:~$ ./fix_idle_topology_links.sh

══════════════════════════════════════════════════
  Phase 0 - Prerequisites
══════════════════════════════════════════════════
  ✓  Required commands available

══════════════════════════════════════════════════
  Phase 1 - Patch XML and live-fix OVS ports
══════════════════════════════════════════════════
  ▸  Spine_S1: patching XML to expected bridge order
UNCHANGED
  ✓  Spine_S1 XML already aligned
  ▸  Spine_S1: live-fixing OVS port membership
[sudo] password for nh1221:
  ✓  Spine_S1 vnet341 already on br-L1-S1
  ✓  Spine_S1 vnet342 already on br-L2-S1
  ✓  Spine_S1 vnet343 already on br-L3-S1
  ✓  Spine_S1 vnet344 already on br-L4-S1
  ✓  Spine_S1 vnet345 already on br-BL1-S1
  ✓  Spine_S1 vnet346 already on br-BL2-S1
  ▸  Spine_S2: patching XML to expected bridge order
UNCHANGED
  ✓  Spine_S2 XML already aligned
  ▸  Spine_S2: live-fixing OVS port membership
  ✓  Spine_S2 vnet348 already on br-L1-S2
  ✓  Spine_S2 vnet349 already on br-L2-S2
  ✓  Spine_S2 vnet350 already on br-L3-S2
  ✓  Spine_S2 vnet351 already on br-L4-S2
  ✓  Spine_S2 vnet352 already on br-BL1-S2
  ✓  Spine_S2 vnet353 already on br-BL2-S2
  ▸  Leaf_L1: patching XML to expected bridge order
UNCHANGED
  ✓  Leaf_L1 XML already aligned
  ▸  Leaf_L1: live-fixing OVS port membership
  ✓  Leaf_L1 vnet126 already on br-H121-L1
  ✓  Leaf_L1 vnet127 already on br-H122-L1
  ✓  Leaf_L1 vnet128 already on br-H123-L1
  ✓  Leaf_L1 vnet190 already on br-L1-S2
  ✓  Leaf_L1 vnet194 already on br-L1-S1
  ▸  Leaf_L2: patching XML to expected bridge order
UNCHANGED
  ✓  Leaf_L2 XML already aligned
  ▸  Leaf_L2: live-fixing OVS port membership
  ✓  Leaf_L2 vnet199 already on br-H121-L2
  ✓  Leaf_L2 vnet200 already on br-H122-L2
  ✓  Leaf_L2 vnet201 already on br-H123-L2
  ✓  Leaf_L2 vnet263 already on br-L2-S2
  ✓  Leaf_L2 vnet267 already on br-L2-S1
  ▸  Leaf_L3: patching XML to expected bridge order
UNCHANGED
  ✓  Leaf_L3 XML already aligned
  ▸  Leaf_L3: live-fixing OVS port membership
  ✓  Leaf_L3 vnet272 already on br-H341-L3
  ✓  Leaf_L3 vnet273 already on br-H342-L3
  ✓  Leaf_L3 vnet302 already on br-L3-S2
  ✓  Leaf_L3 vnet303 already on br-L3-S1
  ▸  Leaf_L4: patching XML to expected bridge order
UNCHANGED
  ✓  Leaf_L4 XML already aligned
  ▸  Leaf_L4: live-fixing OVS port membership
  ✓  Leaf_L4 vnet305 already on br-H341-L4
  ✓  Leaf_L4 vnet306 already on br-H342-L4
  ✓  Leaf_L4 vnet335 already on br-L4-S2
  ✓  Leaf_L4 vnet336 already on br-L4-S1
  ▸  Border_Leaf1: patching XML to expected bridge order
NIC8: br-pad -> br-MS-BL1
  ✓  Border_Leaf1 XML patched
  ▸  Border_Leaf1: live-fixing OVS port membership
  ✓  Border_Leaf1 vnet37 already on br-BL1-ER1
  ✓  Border_Leaf1 vnet42 already on br-HB-BL1
  ✓  Border_Leaf1 vnet43 already on br-HB2-BL1
  ✓  Border_Leaf1 vnet44 already on br-MS-BL1
  ✓  Border_Leaf1 vnet67 already on br-BL1-S2
  ✓  Border_Leaf1 vnet68 already on br-BL1-S1
  ▸  Border_Leaf2: patching XML to expected bridge order
NIC8: br-pad -> br-MS-BL2
  ✓  Border_Leaf2 XML patched
  ▸  Border_Leaf2: live-fixing OVS port membership
  ✓  Border_Leaf2 vnet70 already on br-BL2-ER2
  ✓  Border_Leaf2 vnet75 already on br-HB-BL2
  ✓  Border_Leaf2 vnet76 already on br-HB2-BL2
  ✓  Border_Leaf2 vnet77 already on br-MS-BL2
  ✓  Border_Leaf2 vnet100 already on br-BL2-S2
  ✓  Border_Leaf2 vnet101 already on br-BL2-S1
  ▸  Host12_1: patching XML to expected bridge order
UNCHANGED
  ✓  Host12_1 XML already aligned
  ▸  Host12_1: live-fixing OVS port membership
  ✓  Host12_1 vnet105 already on br-H121-L1
  ✓  Host12_1 vnet106 already on br-H121-L2
  ▸  Host12_2: patching XML to expected bridge order
UNCHANGED
  ✓  Host12_2 XML already aligned
  ▸  Host12_2: live-fixing OVS port membership
  ✓  Host12_2 vnet108 already on br-H122-L1
  ✓  Host12_2 vnet109 already on br-H122-L2
  ▸  Host12_3: patching XML to expected bridge order
UNCHANGED
  ✓  Host12_3 XML already aligned
  ▸  Host12_3: live-fixing OVS port membership
  ✓  Host12_3 vnet111 already on br-H123-L1
  ✓  Host12_3 vnet112 already on br-H123-L2
  ▸  Host34_1: patching XML to expected bridge order
UNCHANGED
  ✓  Host34_1 XML already aligned
  ▸  Host34_1: live-fixing OVS port membership
  ✓  Host34_1 vnet114 already on br-H341-L3
  ✓  Host34_1 vnet115 already on br-H341-L4
  ▸  Host34_2: patching XML to expected bridge order
UNCHANGED
  ✓  Host34_2 XML already aligned
  ▸  Host34_2: live-fixing OVS port membership
  ✓  Host34_2 vnet117 already on br-H342-L3
  ✓  Host34_2 vnet118 already on br-H342-L4
  ▸  HostB12_1: patching XML to expected bridge order
UNCHANGED
  ✓  HostB12_1 XML already aligned
  ▸  HostB12_1: live-fixing OVS port membership
  ✓  HostB12_1 vnet120 already on br-HB-BL1
  ✓  HostB12_1 vnet121 already on br-HB-BL2
  ▸  HostB12_2: patching XML to expected bridge order
UNCHANGED
  ✓  HostB12_2 XML already aligned
  ▸  HostB12_2: live-fixing OVS port membership
  ✓  HostB12_2 vnet123 already on br-HB2-BL1
  ✓  HostB12_2 vnet124 already on br-HB2-BL2
  ▸  MonitorSrv: patching XML to expected bridge order
UNCHANGED
  ✓  MonitorSrv XML already aligned
  ▸  MonitorSrv: live-fixing OVS port membership
  ✓  MonitorSrv vnet395 already on br-MS-BL1
  ✓  MonitorSrv vnet396 already on br-MS-BL2
  ▸  Exit_Router1: patching XML to expected bridge order
UNCHANGED
  ✓  Exit_Router1 XML already aligned
  ▸  Exit_Router1: live-fixing OVS port membership
  ✓  Exit_Router1 vnet103 already on br-BL1-ER1
  ▸  Exit_Router2: patching XML to expected bridge order
UNCHANGED
  ✓  Exit_Router2 XML already aligned
  ▸  Exit_Router2: live-fixing OVS port membership
  ✓  Exit_Router2 vnet372 already on br-BL2-ER2

══════════════════════════════════════════════════
  Phase 2 - Bring interfaces and daemons up
══════════════════════════════════════════════════
  ✓  Spine_S1 SONiC ports brought up
  ✓  Spine_S2 SONiC ports brought up
  ✓  Leaf_L1 SONiC ports brought up
  ✓  Leaf_L2 SONiC ports brought up
  ✓  Leaf_L3 SONiC ports brought up
  ✓  Leaf_L4 SONiC ports brought up
  ✓  Border_Leaf1 SONiC ports brought up
  ✓  Border_Leaf2 SONiC ports brought up
  ✓  Host12_1 tap TX offload disabled
  ✓  Host12_1 interfaces up + FRR restarted
  ✓  Host12_1 FRR configuration reconciled
  ✓  Host12_2 tap TX offload disabled
  ✓  Host12_2 interfaces up + FRR restarted
  ✓  Host12_2 FRR configuration reconciled
  ✓  Host12_3 tap TX offload disabled
  ✓  Host12_3 interfaces up + FRR restarted
  ✓  Host12_3 FRR configuration reconciled
  ✓  Host34_1 tap TX offload disabled
  ✓  Host34_1 interfaces up + FRR restarted
  ✓  Host34_1 FRR configuration reconciled
  ✓  Host34_2 tap TX offload disabled
  ✓  Host34_2 interfaces up + FRR restarted
  ✓  Host34_2 FRR configuration reconciled
Actual changes:
tx-checksum-ip-generic: off
tx-tcp-segmentation: off [not requested]
tx-tcp-ecn-segmentation: off [not requested]
tx-tcp6-segmentation: off [not requested]
tx-udp-segmentation: off [not requested]
Actual changes:
tx-checksum-ip-generic: off
tx-tcp-segmentation: off [not requested]
tx-tcp-ecn-segmentation: off [not requested]
tx-tcp6-segmentation: off [not requested]
tx-udp-segmentation: off [not requested]
  ✓  HostB12_1 tap TX offload disabled
  ✓  HostB12_1 interfaces up + FRR restarted
  ✓  HostB12_1 FRR configuration reconciled
Actual changes:
tx-checksum-ip-generic: off
tx-tcp-segmentation: off [not requested]
tx-tcp-ecn-segmentation: off [not requested]
tx-tcp6-segmentation: off [not requested]
tx-udp-segmentation: off [not requested]
Actual changes:
tx-checksum-ip-generic: off
tx-tcp-segmentation: off [not requested]
tx-tcp-ecn-segmentation: off [not requested]
tx-tcp6-segmentation: off [not requested]
tx-udp-segmentation: off [not requested]
  ✓  HostB12_2 tap TX offload disabled
  ✓  HostB12_2 interfaces up + FRR restarted
  ✓  HostB12_2 FRR configuration reconciled
Actual changes:
tx-checksum-ip-generic: off
tx-tcp-segmentation: off [not requested]
tx-tcp-ecn-segmentation: off [not requested]
tx-tcp6-segmentation: off [not requested]
tx-udp-segmentation: off [not requested]
Actual changes:
tx-checksum-ip-generic: off
tx-tcp-segmentation: off [not requested]
tx-tcp-ecn-segmentation: off [not requested]
tx-tcp6-segmentation: off [not requested]
tx-udp-segmentation: off [not requested]
  ✓  MonitorSrv tap TX offload disabled
  ✓  MonitorSrv interfaces up + FRR restarted
  ✓  MonitorSrv FRR configuration reconciled

══════════════════════════════════════════════════
  Phase 2.5 - MikroTik edge cleanup
══════════════════════════════════════════════════
  ✓  Exit_Router1 tap TX offload disabled
  ✓  Exit_Router2 tap TX offload disabled
  ✓  Exit_Router1 RouterOS peer reconciled on ether2
  ✓  Exit_Router2 RouterOS peer reconciled on ether3

══════════════════════════════════════════════════
  Phase 2.7 - Reset SONiC BGP sessions
══════════════════════════════════════════════════
  ✓  Spine_S1 BGP sessions reset
  ✓  Spine_S2 BGP sessions reset
  ✓  Leaf_L1 BGP sessions reset
  ✓  Leaf_L2 BGP sessions reset
  ✓  Leaf_L3 BGP sessions reset
  ✓  Leaf_L4 BGP sessions reset
  ✓  Border_Leaf1 BGP sessions reset
  ✓  Border_Leaf2 BGP sessions reset

══════════════════════════════════════════════════
  Phase 3 - OVS bridge counts
══════════════════════════════════════════════════
  ✓  br-BL1-ER1: 2 ports
  ✓  br-BL1-S1: 2 ports
  ✓  br-BL1-S2: 2 ports
  ✓  br-BL2-ER2: 2 ports
  ✓  br-BL2-S1: 2 ports
  ✓  br-BL2-S2: 2 ports
  ✓  br-H121-L1: 2 ports
  ✓  br-H121-L2: 2 ports
  ✓  br-H122-L1: 2 ports
  ✓  br-H122-L2: 2 ports
  ✓  br-H123-L1: 2 ports
  ✓  br-H123-L2: 2 ports
  ✓  br-H341-L3: 2 ports
  ✓  br-H341-L4: 2 ports
  ✓  br-H342-L3: 2 ports
  ✓  br-H342-L4: 2 ports
  ✓  br-HB2-BL1: 2 ports
  ✓  br-HB2-BL2: 2 ports
  ✓  br-HB-BL1: 2 ports
  ✓  br-HB-BL2: 2 ports
  ✓  br-L1-S1: 2 ports
  ✓  br-L1-S2: 2 ports
  ✓  br-L2-S1: 2 ports
  ✓  br-L2-S2: 2 ports
  ✓  br-L3-S1: 2 ports
  ✓  br-L3-S2: 2 ports
  ✓  br-L4-S1: 2 ports
  ✓  br-L4-S2: 2 ports
  ✓  br-MS-BL1: 2 ports
  ✓  br-MS-BL2: 2 ports

══════════════════════════════════════════════════
  Phase 4 - BGP verification
══════════════════════════════════════════════════

---- Host12_1 ----
Warning: Permanently added '172.16.2.40' (ED25519) to the list of known hosts.

IPv4 Unicast Summary (VRF default):
BGP router identifier 10.10.255.1, local AS number 65101 vrf-id 0
BGP table version 2
RIB entries 3, using 576 bytes of memory
Peers 2, using 1448 KiB of memory

Neighbor        V         AS   MsgRcvd   MsgSent   TblVer  InQ OutQ  Up/Down State/PfxRcd   PfxSnt Desc
enp2s0          4      65011         0         1        0    0    0    never     OpenSent        0 Leaf_L1
enp3s0          4      65012         0         1        0    0    0    never     OpenSent        0 Leaf_L2

Total number of neighbors 2

---- Host12_2 ----
Warning: Permanently added '172.16.2.41' (ED25519) to the list of known hosts.

IPv4 Unicast Summary (VRF default):
BGP router identifier 10.10.255.2, local AS number 65102 vrf-id 0
BGP table version 2
RIB entries 3, using 576 bytes of memory
Peers 2, using 1448 KiB of memory

Neighbor        V         AS   MsgRcvd   MsgSent   TblVer  InQ OutQ  Up/Down State/PfxRcd   PfxSnt Desc
enp2s0          4      65011         2         5        0    0    0 00:00:22            0        2 Leaf_L1
enp3s0          4      65012         0         0        0    0    0    never      Connect        0 Leaf_L2

Total number of neighbors 2

---- Host12_3 ----
Warning: Permanently added '172.16.2.42' (ED25519) to the list of known hosts.

IPv4 Unicast Summary (VRF default):
BGP router identifier 10.10.255.3, local AS number 65103 vrf-id 0
BGP table version 2
RIB entries 3, using 576 bytes of memory
Peers 2, using 1448 KiB of memory

Neighbor        V         AS   MsgRcvd   MsgSent   TblVer  InQ OutQ  Up/Down State/PfxRcd   PfxSnt Desc
enp2s0          4      65011         0         1        0    0    0    never     OpenSent        0 Leaf_L1
enp3s0          4      65012         0         0        0    0    0    never      Connect        0 Leaf_L2

Total number of neighbors 2

---- Host34_1 ----
Warning: Permanently added '172.16.2.43' (ED25519) to the list of known hosts.

IPv4 Unicast Summary (VRF default):
BGP router identifier 10.10.255.11, local AS number 65104 vrf-id 0
BGP table version 2
RIB entries 3, using 576 bytes of memory
Peers 2, using 1448 KiB of memory

Neighbor        V         AS   MsgRcvd   MsgSent   TblVer  InQ OutQ  Up/Down State/PfxRcd   PfxSnt Desc
enp2s0          4      65013         0         0        0    0    0    never         Idle        0 Leaf_L3
enp3s0          4      65014         0         0        0    0    0    never         Idle        0 Leaf_L4

Total number of neighbors 2

---- Host34_2 ----
Warning: Permanently added '172.16.2.44' (ED25519) to the list of known hosts.

IPv4 Unicast Summary (VRF default):
BGP router identifier 10.10.255.12, local AS number 65105 vrf-id 0
BGP table version 2
RIB entries 3, using 576 bytes of memory
Peers 2, using 1448 KiB of memory

Neighbor        V         AS   MsgRcvd   MsgSent   TblVer  InQ OutQ  Up/Down State/PfxRcd   PfxSnt Desc
enp2s0          4      65013         3         1        0    0    0    never      Connect        0 Leaf_L3
enp3s0          4      65014         0         1        0    0    0    never     OpenSent        0 Leaf_L4

Total number of neighbors 2

---- HostB12_1 ----
Warning: Permanently added '172.16.2.45' (ED25519) to the list of known hosts.

IPv4 Unicast Summary (VRF default):
BGP router identifier 10.10.255.100, local AS number 65106 vrf-id 0
BGP table version 2
RIB entries 3, using 576 bytes of memory
Peers 3, using 2172 KiB of memory

Neighbor        V         AS   MsgRcvd   MsgSent   TblVer  InQ OutQ  Up/Down State/PfxRcd   PfxSnt Desc
enp2s0          4      65021         0         0        0    0    0    never      Connect        0 Border_Leaf1
enp3s0          4      65022         0         0        0    0    0    never      Connect        0 Border_Leaf2

Total number of neighbors 2

---- HostB12_2 ----
Warning: Permanently added '172.16.2.46' (ED25519) to the list of known hosts.

IPv4 Unicast Summary (VRF default):
BGP router identifier 10.10.255.101, local AS number 65107 vrf-id 0
BGP table version 2
RIB entries 3, using 576 bytes of memory
Peers 2, using 1448 KiB of memory

Neighbor        V         AS   MsgRcvd   MsgSent   TblVer  InQ OutQ  Up/Down State/PfxRcd   PfxSnt Desc
enp2s0          4      65021         0         0        0    0    0    never      Connect        0 Border_Leaf1
enp3s0          4      65022         0         1        0    0    0    never     OpenSent        0 Border_Leaf2

Total number of neighbors 2

---- MonitorSrv ----
Warning: Permanently added '172.16.2.47' (ED25519) to the list of known hosts.

IPv4 Unicast Summary (VRF default):
BGP router identifier 10.10.255.102, local AS number 65108 vrf-id 0
BGP table version 2
RIB entries 3, using 576 bytes of memory
Peers 2, using 1448 KiB of memory

Neighbor        V         AS   MsgRcvd   MsgSent   TblVer  InQ OutQ  Up/Down State/PfxRcd   PfxSnt Desc
enp2s0          4      65021         0         0        0    0    0    never      Connect        0 Border_Leaf1
enp3s0          4      65022         0         0        0    0    0    never      Connect        0 Border_Leaf2

Total number of neighbors 2

---- Leaf_L1 ----
Warning: Permanently added '172.16.2.21' (RSA) to the list of known hosts.

IPv4 Unicast Summary (VRF default):
BGP router identifier 10.0.1.1, local AS number 65011 vrf-id 0
BGP table version 330
RIB entries 19, using 4256 bytes of memory
Peers 5, using 3623 KiB of memory

Neighbor        V         AS   MsgRcvd   MsgSent   TblVer  InQ OutQ  Up/Down State/PfxRcd   PfxSnt Desc
Ethernet0       4      65101        88       152        0    0    0 00:01:59      Connect        0 Host12_1
Ethernet1       4      65102        70       160        0    0    0 00:00:27      Connect        0 Host12_2
Ethernet2       4      65103        25       125        0    0    0 00:00:27      Connect        0 Host12_3
Ethernet64      4      65000       226       259        0    0    0 00:00:25            8       10 Spine_S2
Ethernet68      4      65000      1835      1849        0    0    0 00:00:25            8       10 Spine_S1

Total number of neighbors 5

IPv6 Unicast Summary (VRF default):
BGP router identifier 10.0.1.1, local AS number 65011 vrf-id 0
BGP table version 0
RIB entries 0, using 0 bytes of memory
Peers 5, using 3623 KiB of memory

Neighbor        V         AS   MsgRcvd   MsgSent   TblVer  InQ OutQ  Up/Down State/PfxRcd   PfxSnt Desc
Ethernet0       4      65101        88       152        0    0    0 00:01:59      Connect        0 Host12_1
Ethernet1       4      65102        70       160        0    0    0 00:00:27      Connect        0 Host12_2
Ethernet2       4      65103        25       125        0    0    0 00:00:27      Connect        0 Host12_3
Ethernet64      4      65000       226       259        0    0    0 00:00:25            0        0 Spine_S2
Ethernet68      4      65000      1835      1849        0    0    0 00:00:25            0        0 Spine_S1

Total number of neighbors 5

---- Leaf_L2 ----
Warning: Permanently added '172.16.2.22' (RSA) to the list of known hosts.

IPv4 Unicast Summary (VRF default):
BGP router identifier 10.0.1.2, local AS number 65012 vrf-id 0
BGP table version 333
RIB entries 19, using 4256 bytes of memory
Peers 5, using 3623 KiB of memory

Neighbor        V         AS   MsgRcvd   MsgSent   TblVer  InQ OutQ  Up/Down State/PfxRcd   PfxSnt Desc
Ethernet0       4      65101        88       156        0    0    0 00:02:01     OpenSent        0 Host12_1
Ethernet1       4      65102        63       103        0    0    0 00:36:54      Connect        0 Host12_2
Ethernet2       4      65103        86       166        0    0    0 00:01:39      Connect        0 Host12_3
Ethernet64      4      65000      2039      2065        0    0    0 00:00:25            8       10 Spine_S2
Ethernet68      4      65000       256       274        0    0    0 00:00:25            8       10 Spine_S1

Total number of neighbors 5

IPv6 Unicast Summary (VRF default):
BGP router identifier 10.0.1.2, local AS number 65012 vrf-id 0
BGP table version 0
RIB entries 0, using 0 bytes of memory
Peers 5, using 3623 KiB of memory

Neighbor        V         AS   MsgRcvd   MsgSent   TblVer  InQ OutQ  Up/Down State/PfxRcd   PfxSnt Desc
Ethernet0       4      65101        88       156        0    0    0 00:02:01     OpenSent        0 Host12_1
Ethernet1       4      65102        63       103        0    0    0 00:36:54      Connect        0 Host12_2
Ethernet2       4      65103        86       166        0    0    0 00:01:39      Connect        0 Host12_3
Ethernet64      4      65000      2039      2065        0    0    0 00:00:25            0        0 Spine_S2
Ethernet68      4      65000       256       274        0    0    0 00:00:25            0        0 Spine_S1

Total number of neighbors 5

---- Leaf_L3 ----
Warning: Permanently added '172.16.2.23' (RSA) to the list of known hosts.

IPv4 Unicast Summary (VRF default):
BGP router identifier 10.0.1.3, local AS number 65013 vrf-id 0
BGP table version 323
RIB entries 19, using 4256 bytes of memory
Peers 4, using 2898 KiB of memory

Neighbor        V         AS   MsgRcvd   MsgSent   TblVer  InQ OutQ  Up/Down State/PfxRcd   PfxSnt Desc
Ethernet0       4      65104        48        95        0    0    0    never         Idle        0 Host34_1
Ethernet4       4      65105        91       216        0    0    0 00:00:26      Connect        0 Host34_2
Ethernet120     4      65000       249       292        0    0    0 00:00:24            8       10 Spine_S2
Ethernet124     4      65000      2044      2075        0    0    0 00:00:24            8       10 Spine_S1

Total number of neighbors 4

IPv6 Unicast Summary (VRF default):
BGP router identifier 10.0.1.3, local AS number 65013 vrf-id 0
BGP table version 0
RIB entries 0, using 0 bytes of memory
Peers 4, using 2898 KiB of memory

Neighbor        V         AS   MsgRcvd   MsgSent   TblVer  InQ OutQ  Up/Down State/PfxRcd   PfxSnt Desc
Ethernet0       4      65104        48        95        0    0    0    never         Idle        0 Host34_1
Ethernet4       4      65105        91       216        0    0    0 00:00:26      Connect        0 Host34_2
Ethernet120     4      65000       249       292        0    0    0 00:00:24            0        0 Spine_S2
Ethernet124     4      65000      2044      2075        0    0    0 00:00:24            0        0 Spine_S1

Total number of neighbors 4

---- Leaf_L4 ----
Warning: Permanently added '172.16.2.24' (RSA) to the list of known hosts.

IPv4 Unicast Summary (VRF default):
BGP router identifier 10.0.1.4, local AS number 65014 vrf-id 0
BGP table version 317
RIB entries 19, using 4256 bytes of memory
Peers 4, using 2898 KiB of memory

Neighbor        V         AS   MsgRcvd   MsgSent   TblVer  InQ OutQ  Up/Down State/PfxRcd   PfxSnt Desc
Ethernet0       4      65104        49        96        0    0    0    never         Idle        0 Host34_1
Ethernet4       4      65105        60       134        0    0    0 00:00:27      Connect        0 Host34_2
Ethernet120     4      65000      2032      2064        0    0    0 00:00:25            8       10 Spine_S2
Ethernet124     4      65000       249       267        0    0    0 00:00:25            8       10 Spine_S1

Total number of neighbors 4

IPv6 Unicast Summary (VRF default):
BGP router identifier 10.0.1.4, local AS number 65014 vrf-id 0
BGP table version 0
RIB entries 0, using 0 bytes of memory
Peers 4, using 2898 KiB of memory

Neighbor        V         AS   MsgRcvd   MsgSent   TblVer  InQ OutQ  Up/Down State/PfxRcd   PfxSnt Desc
Ethernet0       4      65104        49        96        0    0    0    never         Idle        0 Host34_1
Ethernet4       4      65105        60       134        0    0    0 00:00:27      Connect        0 Host34_2
Ethernet120     4      65000      2032      2064        0    0    0 00:00:25            0        0 Spine_S2
Ethernet124     4      65000       249       267        0    0    0 00:00:25            0        0 Spine_S1

Total number of neighbors 4

---- Spine_S1 ----
Warning: Permanently added '172.16.2.11' (RSA) to the list of known hosts.

IPv4 Unicast Summary (VRF default):
BGP router identifier 10.0.0.1, local AS number 65000 vrf-id 0
BGP table version 171
RIB entries 17, using 3808 bytes of memory
Peers 6, using 4348 KiB of memory

Neighbor        V         AS   MsgRcvd   MsgSent   TblVer  InQ OutQ  Up/Down State/PfxRcd   PfxSnt Desc
Ethernet0       4      65011      2037      2052        0    0    0 00:00:32            1        9 Leaf_L1
Ethernet4       4      65012       241       256        0    0    0 00:00:31            1        9 Leaf_L2
Ethernet8       4      65013      2056      2051        0    0    0 00:00:29            1        9 Leaf_L3
Ethernet12      4      65014       230       252        0    0    0 00:00:27            1        9 Leaf_L4
Ethernet16      4      65021       920       956        0    0    0 00:00:25            2        9 Border_Leaf1
Ethernet20      4      65022       917       961        0    0    0 00:00:23            2        9 Border_Leaf2

Total number of neighbors 6

IPv6 Unicast Summary (VRF default):
BGP router identifier 10.0.0.1, local AS number 65000 vrf-id 0
BGP table version 0
RIB entries 0, using 0 bytes of memory
Peers 6, using 4348 KiB of memory

Neighbor        V         AS   MsgRcvd   MsgSent   TblVer  InQ OutQ  Up/Down State/PfxRcd   PfxSnt Desc
Ethernet0       4      65011      2037      2052        0    0    0 00:00:32            0        0 Leaf_L1
Ethernet4       4      65012       241       256        0    0    0 00:00:31            0        0 Leaf_L2
Ethernet8       4      65013      2056      2051        0    0    0 00:00:29            0        0 Leaf_L3
Ethernet12      4      65014       230       252        0    0    0 00:00:27            0        0 Leaf_L4
Ethernet16      4      65021       920       956        0    0    0 00:00:25            0        0 Border_Leaf1
Ethernet20      4      65022       917       961        0    0    0 00:00:23            0        0 Border_Leaf2

Total number of neighbors 6

---- Spine_S2 ----
Warning: Permanently added '172.16.2.12' (RSA) to the list of known hosts.

IPv4 Unicast Summary (VRF default):
BGP router identifier 10.0.0.2, local AS number 65000 vrf-id 0
BGP table version 163
RIB entries 17, using 3808 bytes of memory
Peers 6, using 4348 KiB of memory

Neighbor        V         AS   MsgRcvd   MsgSent   TblVer  InQ OutQ  Up/Down State/PfxRcd   PfxSnt Desc
Ethernet0       4      65011       236       228        0    0    0 00:00:34            1        9 Leaf_L1
Ethernet4       4      65012      2043      2041        0    0    0 00:00:33            1        9 Leaf_L2
Ethernet8       4      65013       259       256        0    0    0 00:00:31            1        9 Leaf_L3
Ethernet12      4      65014      2046      2037        0    0    0 00:00:29            1        9 Leaf_L4
Ethernet16      4      65021       913       951        0    0    0 00:00:27            2        9 Border_Leaf1
Ethernet20      4      65022       914       955        0    0    0 00:00:25            2        9 Border_Leaf2

Total number of neighbors 6

IPv6 Unicast Summary (VRF default):
BGP router identifier 10.0.0.2, local AS number 65000 vrf-id 0
BGP table version 0
RIB entries 0, using 0 bytes of memory
Peers 6, using 4348 KiB of memory

Neighbor        V         AS   MsgRcvd   MsgSent   TblVer  InQ OutQ  Up/Down State/PfxRcd   PfxSnt Desc
Ethernet0       4      65011       236       228        0    0    0 00:00:34            0        0 Leaf_L1
Ethernet4       4      65012      2043      2041        0    0    0 00:00:33            0        0 Leaf_L2
Ethernet8       4      65013       259       256        0    0    0 00:00:31            0        0 Leaf_L3
Ethernet12      4      65014      2046      2037        0    0    0 00:00:29            0        0 Leaf_L4
Ethernet16      4      65021       913       951        0    0    0 00:00:27            0        0 Border_Leaf1
Ethernet20      4      65022       914       955        0    0    0 00:00:25            0        0 Border_Leaf2

Total number of neighbors 6

---- Border_Leaf1 ----
Warning: Permanently added '172.16.2.31' (RSA) to the list of known hosts.

IPv4 Unicast Summary (VRF default):
BGP router identifier 10.0.2.1, local AS number 65021 vrf-id 0
BGP table version 205
RIB entries 19, using 4256 bytes of memory
Peers 6, using 4348 KiB of memory

Neighbor        V         AS   MsgRcvd   MsgSent   TblVer  InQ OutQ  Up/Down State/PfxRcd   PfxSnt Desc
Ethernet20      4      65106       805       938        0    0    0 00:00:31     OpenSent        0 HostB12_1
Ethernet24      4      65107       831       934        0    0    0 00:00:31      Connect        0 HostB12_2
Ethernet28      4      65108       639       893        0    0    0 00:05:35      Connect        0 MonitorSrv
Ethernet120     4      65000       945       941        0    0    0 00:00:29            7       10 Spine_S2
Ethernet124     4      65000       951       938        0    0    0 00:00:29            7       10 Spine_S1
10.0.253.1      4      65253         0         0        0    0    0    never      Connect        0 Exit_Router1

Total number of neighbors 6

IPv6 Unicast Summary (VRF default):
BGP router identifier 10.0.2.1, local AS number 65021 vrf-id 0
BGP table version 0
RIB entries 0, using 0 bytes of memory
Peers 5, using 3623 KiB of memory

Neighbor        V         AS   MsgRcvd   MsgSent   TblVer  InQ OutQ  Up/Down State/PfxRcd   PfxSnt Desc
Ethernet20      4      65106       805       938        0    0    0 00:00:31     OpenSent        0 HostB12_1
Ethernet24      4      65107       831       934        0    0    0 00:00:31      Connect        0 HostB12_2
Ethernet28      4      65108       639       893        0    0    0 00:05:35      Connect        0 MonitorSrv
Ethernet120     4      65000       945       941        0    0    0 00:00:29            0        0 Spine_S2
Ethernet124     4      65000       951       938        0    0    0 00:00:29            0        0 Spine_S1

Total number of neighbors 5

---- Border_Leaf2 ----
Warning: Permanently added '172.16.2.32' (RSA) to the list of known hosts.

IPv4 Unicast Summary (VRF default):
BGP router identifier 10.0.2.2, local AS number 65022 vrf-id 0
BGP table version 213
RIB entries 19, using 4256 bytes of memory
Peers 6, using 4348 KiB of memory

Neighbor        V         AS   MsgRcvd   MsgSent   TblVer  InQ OutQ  Up/Down State/PfxRcd   PfxSnt Desc
Ethernet20      4      65106       811       865        0    0    0 00:12:21      Connect        0 HostB12_1
Ethernet24      4      65107       796       941        0    0    0 00:08:17      Connect        0 HostB12_2
Ethernet28      4      65108       715       957        0    0    0 00:00:31      Connect        0 MonitorSrv
Ethernet120     4      65000       954       944        0    0    0 00:00:29            7       10 Spine_S2
Ethernet124     4      65000       959       936        0    0    0 00:00:29            7       10 Spine_S1
10.0.253.3      4      65254         0         0        0    0    0    never      Connect        0 Exit_Router2

Total number of neighbors 6

IPv6 Unicast Summary (VRF default):
BGP router identifier 10.0.2.2, local AS number 65022 vrf-id 0
BGP table version 0
RIB entries 0, using 0 bytes of memory
Peers 5, using 3623 KiB of memory

Neighbor        V         AS   MsgRcvd   MsgSent   TblVer  InQ OutQ  Up/Down State/PfxRcd   PfxSnt Desc
Ethernet20      4      65106       811       865        0    0    0 00:12:21      Connect        0 HostB12_1
Ethernet24      4      65107       796       941        0    0    0 00:08:17      Connect        0 HostB12_2
Ethernet28      4      65108       715       957        0    0    0 00:00:31      Connect        0 MonitorSrv
Ethernet120     4      65000       954       944        0    0    0 00:00:29            0        0 Spine_S2
Ethernet124     4      65000       959       936        0    0    0 00:00:29            0        0 Spine_S1

Total number of neighbors 5

══════════════════════════════════════════════════
  Done
══════════════════════════════════════════════════
  ✓  Topology idle-link repair complete. Re-run safely if any bridge still shows only one vnet.
nh1221@R620:~$  ssh admin@172.16.2.11 "docker exec bgp vtysh -c 'show bgp summary'"
admin@172.16.2.11's password:

IPv4 Unicast Summary (VRF default):
BGP router identifier 10.0.0.1, local AS number 65000 vrf-id 0
BGP table version 171
RIB entries 17, using 3808 bytes of memory
Peers 6, using 4348 KiB of memory

Neighbor        V         AS   MsgRcvd   MsgSent   TblVer  InQ OutQ  Up/Down State/PfxRcd   PfxSnt Desc
Ethernet0       4      65011      2038      2053        0    0    0 00:01:29            1        9 Leaf_L1
Ethernet4       4      65012       242       257        0    0    0 00:01:28            1        9 Leaf_L2
Ethernet8       4      65013      2057      2052        0    0    0 00:01:26            1        9 Leaf_L3
Ethernet12      4      65014       231       253        0    0    0 00:01:24            1        9 Leaf_L4
Ethernet16      4      65021       921       957        0    0    0 00:01:22            2        9 Border_Leaf1
Ethernet20      4      65022       918       962        0    0    0 00:01:20            2        9 Border_Leaf2

Total number of neighbors 6

IPv6 Unicast Summary (VRF default):
BGP router identifier 10.0.0.1, local AS number 65000 vrf-id 0
BGP table version 0
RIB entries 0, using 0 bytes of memory
Peers 6, using 4348 KiB of memory

Neighbor        V         AS   MsgRcvd   MsgSent   TblVer  InQ OutQ  Up/Down State/PfxRcd   PfxSnt Desc
Ethernet0       4      65011      2038      2053        0    0    0 00:01:29            0        0 Leaf_L1
Ethernet4       4      65012       242       257        0    0    0 00:01:28            0        0 Leaf_L2
Ethernet8       4      65013      2057      2052        0    0    0 00:01:26            0        0 Leaf_L3
Ethernet12      4      65014       231       253        0    0    0 00:01:24            0        0 Leaf_L4
Ethernet16      4      65021       921       957        0    0    0 00:01:22            0        0 Border_Leaf1
Ethernet20      4      65022       918       962        0    0    0 00:01:20            0        0 Border_Leaf2

Total number of neighbors 6
nh1221@R620:~$ sshpass -p amolla01 ssh admin@172.16.2.12 "docker exec bgp vtysh -c 'show bgp summary'"

IPv4 Unicast Summary (VRF default):
BGP router identifier 10.0.0.2, local AS number 65000 vrf-id 0
BGP table version 167
RIB entries 25, using 5600 bytes of memory
Peers 6, using 4348 KiB of memory

Neighbor        V         AS   MsgRcvd   MsgSent   TblVer  InQ OutQ  Up/Down State/PfxRcd   PfxSnt Desc
Ethernet0       4      65011       241       233        0    0    0 00:02:13            1       13 Leaf_L1
Ethernet4       4      65012      2048      2046        0    0    0 00:02:12            1       13 Leaf_L2
Ethernet8       4      65013       264       261        0    0    0 00:02:10            1       13 Leaf_L3
Ethernet12      4      65014      2051      2042        0    0    0 00:02:08            3       13 Leaf_L4
Ethernet16      4      65021       918       956        0    0    0 00:02:06            4       13 Border_Leaf1
Ethernet20      4      65022       920       960        0    0    0 00:02:04            5       13 Border_Leaf2

Total number of neighbors 6

IPv6 Unicast Summary (VRF default):
BGP router identifier 10.0.0.2, local AS number 65000 vrf-id 0
BGP table version 0
RIB entries 0, using 0 bytes of memory
Peers 6, using 4348 KiB of memory

Neighbor        V         AS   MsgRcvd   MsgSent   TblVer  InQ OutQ  Up/Down State/PfxRcd   PfxSnt Desc
Ethernet0       4      65011       241       233        0    0    0 00:02:13            0        0 Leaf_L1
Ethernet4       4      65012      2048      2046        0    0    0 00:02:12            0        0 Leaf_L2
Ethernet8       4      65013       264       261        0    0    0 00:02:10            0        0 Leaf_L3
Ethernet12      4      65014      2051      2042        0    0    0 00:02:08            0        0 Leaf_L4
Ethernet16      4      65021       918       956        0    0    0 00:02:06            0        0 Border_Leaf1
Ethernet20      4      65022       920       960        0    0    0 00:02:04            0        0 Border_Leaf2

Total number of neighbors 6
nh1221@R620:~$ sshpass -p amolla01 ssh admin@172.16.2.21 "docker exec bgp vtysh -c 'show bgp summary'"

IPv4 Unicast Summary (VRF default):
BGP router identifier 10.0.1.1, local AS number 65011 vrf-id 0
BGP table version 334
RIB entries 27, using 6048 bytes of memory
Peers 6, using 4348 KiB of memory

Neighbor        V         AS   MsgRcvd   MsgSent   TblVer  InQ OutQ  Up/Down State/PfxRcd   PfxSnt Desc
Ethernet0       4      65101        91       154        0    0    0 00:04:04     OpenSent        0 Host12_1
Ethernet1       4      65102        70       160        0    0    0 00:02:32      Connect        0 Host12_2
Ethernet2       4      65103        28       127        0    0    0 00:02:32     OpenSent        0 Host12_3
Ethernet64      4      65000       231       264        0    0    0 00:02:30           12       14 Spine_S2
Ethernet68      4      65000      1840      1854        0    0    0 00:02:30           12       14 Spine_S1

Total number of neighbors 5

IPv6 Unicast Summary (VRF default):
BGP router identifier 10.0.1.1, local AS number 65011 vrf-id 0
BGP table version 0
RIB entries 0, using 0 bytes of memory
Peers 6, using 4348 KiB of memory

Neighbor        V         AS   MsgRcvd   MsgSent   TblVer  InQ OutQ  Up/Down State/PfxRcd   PfxSnt Desc
Ethernet0       4      65101        91       154        0    0    0 00:04:04     OpenSent        0 Host12_1
Ethernet1       4      65102        70       160        0    0    0 00:02:32      Connect        0 Host12_2
Ethernet2       4      65103        28       127        0    0    0 00:02:32     OpenSent        0 Host12_3
Ethernet64      4      65000       231       264        0    0    0 00:02:30            0        0 Spine_S2
Ethernet68      4      65000      1840      1854        0    0    0 00:02:30            0        0 Spine_S1

Total number of neighbors 5
nh1221@R620:~$ sshpass -p amolla01 ssh admin@172.16.2.22 "docker exec bgp vtysh -c 'show bgp summary'"

IPv4 Unicast Summary (VRF default):
BGP router identifier 10.0.1.2, local AS number 65012 vrf-id 0
BGP table version 337
RIB entries 27, using 6048 bytes of memory
Peers 6, using 4348 KiB of memory

Neighbor        V         AS   MsgRcvd   MsgSent   TblVer  InQ OutQ  Up/Down State/PfxRcd   PfxSnt Desc
Ethernet0       4      65101        94       157        0    0    0 00:04:39      Connect        0 Host12_1
Ethernet1       4      65102        63       104        0    0    0 00:39:32     OpenSent        0 Host12_2
Ethernet2       4      65103        86       168        0    0    0 00:04:17      Connect        0 Host12_3
Ethernet64      4      65000      2045      2071        0    0    0 00:03:03           12       14 Spine_S2
Ethernet68      4      65000       262       280        0    0    0 00:03:03           12       14 Spine_S1

Total number of neighbors 5

IPv6 Unicast Summary (VRF default):
BGP router identifier 10.0.1.2, local AS number 65012 vrf-id 0
BGP table version 0
RIB entries 0, using 0 bytes of memory
Peers 6, using 4348 KiB of memory

Neighbor        V         AS   MsgRcvd   MsgSent   TblVer  InQ OutQ  Up/Down State/PfxRcd   PfxSnt Desc
Ethernet0       4      65101        94       157        0    0    0 00:04:39      Connect        0 Host12_1
Ethernet1       4      65102        63       104        0    0    0 00:39:32     OpenSent        0 Host12_2
Ethernet2       4      65103        86       168        0    0    0 00:04:17      Connect        0 Host12_3
Ethernet64      4      65000      2045      2071        0    0    0 00:03:03            0        0 Spine_S2
Ethernet68      4      65000       262       280        0    0    0 00:03:03            0        0 Spine_S1

Total number of neighbors 5
nh1221@R620:~$ sshpass -p amolla01 ssh admin@172.16.2.23 "docker exec bgp vtysh -c 'show bgp summary'"

IPv4 Unicast Summary (VRF default):
BGP router identifier 10.0.1.3, local AS number 65013 vrf-id 0
BGP table version 328
RIB entries 29, using 6496 bytes of memory
Peers 4, using 2898 KiB of memory

Neighbor        V         AS   MsgRcvd   MsgSent   TblVer  InQ OutQ  Up/Down State/PfxRcd   PfxSnt Desc
Ethernet0       4      65104        51       101        0    0    0    never         Idle        0 Host34_1
Ethernet4       4      65105        91       217        0    0    0 00:03:19     OpenSent        0 Host34_2
Ethernet120     4      65000       256       299        0    0    0 00:03:17           13       15 Spine_S2
Ethernet124     4      65000      2051      2082        0    0    0 00:03:17           13       15 Spine_S1

Total number of neighbors 4

IPv6 Unicast Summary (VRF default):
BGP router identifier 10.0.1.3, local AS number 65013 vrf-id 0
BGP table version 0
RIB entries 0, using 0 bytes of memory
Peers 4, using 2898 KiB of memory

Neighbor        V         AS   MsgRcvd   MsgSent   TblVer  InQ OutQ  Up/Down State/PfxRcd   PfxSnt Desc
Ethernet0       4      65104        51       101        0    0    0    never         Idle        0 Host34_1
Ethernet4       4      65105        91       217        0    0    0 00:03:19     OpenSent        0 Host34_2
Ethernet120     4      65000       256       299        0    0    0 00:03:17            0        0 Spine_S2
Ethernet124     4      65000      2051      2082        0    0    0 00:03:17            0        0 Spine_S1

Total number of neighbors 4
nh1221@R620:~$ sshpass -p amolla01 ssh admin@172.16.2.24 "docker exec bgp vtysh -c 'show bgp summary'"

IPv4 Unicast Summary (VRF default):
BGP router identifier 10.0.1.4, local AS number 65014 vrf-id 0
BGP table version 323
RIB entries 29, using 6496 bytes of memory
Peers 4, using 2898 KiB of memory

Neighbor        V         AS   MsgRcvd   MsgSent   TblVer  InQ OutQ  Up/Down State/PfxRcd   PfxSnt Desc
Ethernet0       4      65104        52       102        0    0    0    never         Idle        0 Host34_1
Ethernet4       4      65105        76       150        0    0    0 00:01:59            2       15 Host34_2
Ethernet120     4      65000      2039      2071        0    0    0 00:03:38           12       15 Spine_S2
Ethernet124     4      65000       256       274        0    0    0 00:03:38           12       15 Spine_S1

Total number of neighbors 4

IPv6 Unicast Summary (VRF default):
BGP router identifier 10.0.1.4, local AS number 65014 vrf-id 0
BGP table version 0
RIB entries 0, using 0 bytes of memory
Peers 4, using 2898 KiB of memory

Neighbor        V         AS   MsgRcvd   MsgSent   TblVer  InQ OutQ  Up/Down State/PfxRcd   PfxSnt Desc
Ethernet0       4      65104        52       102        0    0    0    never         Idle        0 Host34_1
Ethernet4       4      65105        76       150        0    0    0 00:01:59        NoNeg    NoNeg Host34_2
Ethernet120     4      65000      2039      2071        0    0    0 00:03:38            0        0 Spine_S2
Ethernet124     4      65000       256       274        0    0    0 00:03:38            0        0 Spine_S1

Total number of neighbors 4
nh1221@R620:~$ sshpass -p amolla01 ssh admin@172.16.2.31 "docker exec bgp vtysh -c 'show bgp summary'"

IPv4 Unicast Summary (VRF default):
BGP router identifier 10.0.2.1, local AS number 65021 vrf-id 0
BGP table version 210
RIB entries 29, using 6496 bytes of memory
Peers 6, using 4348 KiB of memory

Neighbor        V         AS   MsgRcvd   MsgSent   TblVer  InQ OutQ  Up/Down State/PfxRcd   PfxSnt Desc
Ethernet20      4      65106       807       955        0    0    0 00:01:04      Connect        0 HostB12_1
Ethernet24      4      65107       837       937        0    0    0 00:04:06     OpenSent        0 HostB12_2
Ethernet28      4      65108       658       911        0    0    0 00:02:50            6       15 MonitorSrv
Ethernet120     4      65000       953       949        0    0    0 00:04:04           10       15 Spine_S2
Ethernet124     4      65000       959       946        0    0    0 00:04:04           10       15 Spine_S1
10.0.253.1      4      65253         0         0        0    0    0    never      Connect        0 Exit_Router1

Total number of neighbors 6

IPv6 Unicast Summary (VRF default):
BGP router identifier 10.0.2.1, local AS number 65021 vrf-id 0
BGP table version 0
RIB entries 0, using 0 bytes of memory
Peers 5, using 3623 KiB of memory

Neighbor        V         AS   MsgRcvd   MsgSent   TblVer  InQ OutQ  Up/Down State/PfxRcd   PfxSnt Desc
Ethernet20      4      65106       807       955        0    0    0 00:01:04      Connect        0 HostB12_1
Ethernet24      4      65107       837       937        0    0    0 00:04:06     OpenSent        0 HostB12_2
Ethernet28      4      65108       658       911        0    0    0 00:02:50        NoNeg    NoNeg MonitorSrv
Ethernet120     4      65000       953       949        0    0    0 00:04:04            0        0 Spine_S2
Ethernet124     4      65000       959       946        0    0    0 00:04:04            0        0 Spine_S1

Total number of neighbors 5
nh1221@R620:~$ sshpass -p amolla01 ssh admin@172.16.2.32 "docker exec bgp vtysh -c 'show bgp summary'"

IPv4 Unicast Summary (VRF default):
BGP router identifier 10.0.2.2, local AS number 65022 vrf-id 0
BGP table version 220
RIB entries 29, using 6496 bytes of memory
Peers 6, using 4348 KiB of memory

Neighbor        V         AS   MsgRcvd   MsgSent   TblVer  InQ OutQ  Up/Down State/PfxRcd   PfxSnt Desc
Ethernet20      4      65106       836       885        0    0    0 00:03:07            2       15 HostB12_1
Ethernet24      4      65107       796       943        0    0    0 00:12:10      Connect        0 HostB12_2
Ethernet28      4      65108       735       977        0    0    0 00:03:07           11       15 MonitorSrv
Ethernet120     4      65000       962       953        0    0    0 00:04:22           11       15 Spine_S2
Ethernet124     4      65000       967       945        0    0    0 00:04:22           11       15 Spine_S1
10.0.253.3      4      65254         0         0        0    0    0    never      Connect        0 Exit_Router2

Total number of neighbors 6

IPv6 Unicast Summary (VRF default):
BGP router identifier 10.0.2.2, local AS number 65022 vrf-id 0
BGP table version 0
RIB entries 0, using 0 bytes of memory
Peers 5, using 3623 KiB of memory

Neighbor        V         AS   MsgRcvd   MsgSent   TblVer  InQ OutQ  Up/Down State/PfxRcd   PfxSnt Desc
Ethernet20      4      65106       836       885        0    0    0 00:03:07        NoNeg    NoNeg HostB12_1
Ethernet24      4      65107       796       943        0    0    0 00:12:10      Connect        0 HostB12_2
Ethernet28      4      65108       735       977        0    0    0 00:03:07        NoNeg    NoNeg MonitorSrv
Ethernet120     4      65000       962       953        0    0    0 00:04:22            0        0 Spine_S2
Ethernet124     4      65000       967       945        0    0    0 00:04:22            0        0 Spine_S1

Total number of neighbors 5
nh1221@R620:~$
nh1221@R620:~$
nh1221@R620:~$ sshpass -p amolla01 ssh ubuntu@172.16.2.40 "docker exec bgp vtysh -c 'show bgp summary'"
Permission denied, please try again.
nh1221@R620:~$ sshpass -p amolla01 ssh ubuntu@172.16.2.40 "vtysh -c 'show bgp summary'"
Permission denied, please try again.
nh1221@R620:~$ ssh ubuntu@172.16.2.40 "vtysh -c 'show bgp summary'"
ubuntu@172.16.2.40's password:
% Can't open configuration file /etc/frr/vtysh.conf due to 'Permission denied'.
Exiting: failed to connect to any daemons.
Hint: if this seems wrong, try running me as a privileged user!
nh1221@R620:~$ ssh ubuntu@172.16.2.40 "vtysh -c 'show bgp summary'"
ubuntu@172.16.2.40's password:
Permission denied, please try again.
ubuntu@172.16.2.40's password:
Permission denied, please try again.
ubuntu@172.16.2.40's password:
% Can't open configuration file /etc/frr/vtysh.conf due to 'Permission denied'.
Exiting: failed to connect to any daemons.
Hint: if this seems wrong, try running me as a privileged user!
nh1221@R620:~$ ssh ubuntu@172.16.2.40 "vtysh -c 'show bgp summary'"
ubuntu@172.16.2.40's password:
Permission denied, please try again.
ubuntu@172.16.2.40's password:
% Can't open configuration file /etc/frr/vtysh.conf due to 'Permission denied'.
Exiting: failed to connect to any daemons.
Hint: if this seems wrong, try running me as a privileged user!
nh1221@R620:~$ ssh ubuntu@172.16.2.41 "vtysh -c 'show bgp summary'"
ubuntu@172.16.2.41's password:
Permission denied, please try again.
ubuntu@172.16.2.41's password:
% Can't open configuration file /etc/frr/vtysh.conf due to 'Permission denied'.
Exiting: failed to connect to any daemons.
Hint: if this seems wrong, try running me as a privileged user!
nh1221@R620:~$ ssh ubuntu@MonitorSrv "sudo vtysh -c 'show bgp summary'"
ssh: Could not resolve hostname monitorsrv: Name or service not known
nh1221@R620:~$ ssh ubuntu@172.16.2.47 "sudo vtysh -c 'show bgp summary'"
ubuntu@172.16.2.47's password:

IPv4 Unicast Summary (VRF default):
BGP router identifier 10.10.255.102, local AS number 65108 vrf-id 0
BGP table version 29
RIB entries 31, using 5952 bytes of memory
Peers 2, using 1448 KiB of memory

Neighbor        V         AS   MsgRcvd   MsgSent   TblVer  InQ OutQ  Up/Down State/PfxRcd   PfxSnt Desc
enp2s0          4      65021        24        24        0    0    0 00:06:55           14       16 Border_Leaf1
enp3s0          4      65022        24        24        0    0    0 00:06:53           14       16 Border_Leaf2

Total number of neighbors 2
nh1221@R620:~$ ssh ubuntu@172.16.2.46 "sudo vtysh -c 'show bgp summary'"
ubuntu@172.16.2.46's password:
Permission denied, please try again.
ubuntu@172.16.2.46's password:
Permission denied, please try again.
ubuntu@172.16.2.46's password:

IPv4 Unicast Summary (VRF default):
BGP router identifier 10.10.255.101, local AS number 65107 vrf-id 0
BGP table version 2
RIB entries 3, using 576 bytes of memory
Peers 2, using 1448 KiB of memory

Neighbor        V         AS   MsgRcvd   MsgSent   TblVer  InQ OutQ  Up/Down State/PfxRcd   PfxSnt Desc
enp2s0          4      65021         3         9        0    0    0 00:00:58            0        2 Border_Leaf1
enp3s0          4      65022         0         4        0    0    0    never     OpenSent        0 Border_Leaf2

Total number of neighbors 2
nh1221@R620:~$ ssh ubuntu@172.16.2.45 "sudo vtysh -c 'show bgp summary'"
ubuntu@172.16.2.45's password:

IPv4 Unicast Summary (VRF default):
BGP router identifier 10.10.255.100, local AS number 65106 vrf-id 0
BGP table version 50
RIB entries 33, using 6336 bytes of memory
Peers 2, using 1448 KiB of memory

Neighbor        V         AS   MsgRcvd   MsgSent   TblVer  InQ OutQ  Up/Down State/PfxRcd   PfxSnt Desc
enp2s0          4      65021        43        40        0    0    0 00:05:39           16       17 Border_Leaf1
enp3s0          4      65022        27        33        0    0    0 00:08:54           16       17 Border_Leaf2

Total number of neighbors 2
nh1221@R620:~$ ssh ubuntu@172.16.2.44 "sudo vtysh -c 'show bgp summary'"
ubuntu@172.16.2.44's password:

IPv4 Unicast Summary (VRF default):
BGP router identifier 10.10.255.12, local AS number 65105 vrf-id 0
BGP table version 30
RIB entries 33, using 6336 bytes of memory
Peers 2, using 1448 KiB of memory

Neighbor        V         AS   MsgRcvd   MsgSent   TblVer  InQ OutQ  Up/Down State/PfxRcd   PfxSnt Desc
enp2s0          4      65013        24        25        0    0    0 00:03:51           15       17 Leaf_L3
enp3s0          4      65014        25        27        0    0    0 00:08:56           15       17 Leaf_L4

Total number of neighbors 2
nh1221@R620:~$ ssh ubuntu@172.16.2.44 "sudo vtysh -c 'show bgp summary'"
ubuntu@172.16.2.44's password:


IPv4 Unicast Summary (VRF default):
BGP router identifier 10.10.255.12, local AS number 65105 vrf-id 0
BGP table version 30
RIB entries 33, using 6336 bytes of memory
Peers 2, using 1448 KiB of memory

Neighbor        V         AS   MsgRcvd   MsgSent   TblVer  InQ OutQ  Up/Down State/PfxRcd   PfxSnt Desc
enp2s0          4      65013        25        26        0    0    0 00:04:27           15       17 Leaf_L3
enp3s0          4      65014        26        28        0    0    0 00:09:32           15       17 Leaf_L4

Total number of neighbors 2
nh1221@R620:~$ ssh ubuntu@172.16.2.43 "sudo vtysh -c 'show bgp summary'"
ubuntu@172.16.2.43's password:

IPv4 Unicast Summary (VRF default):
BGP router identifier 10.10.255.11, local AS number 65104 vrf-id 0
BGP table version 2
RIB entries 3, using 576 bytes of memory
Peers 2, using 1448 KiB of memory

Neighbor        V         AS   MsgRcvd   MsgSent   TblVer  InQ OutQ  Up/Down State/PfxRcd   PfxSnt Desc
enp2s0          4      65013         0         0        0    0    0    never         Idle        0 Leaf_L3
enp3s0          4      65014         0         0        0    0    0    never         Idle        0 Leaf_L4

Total number of neighbors 2
nh1221@R620:~$ ssh ubuntu@172.16.2.42 "sudo vtysh -c 'show bgp summary'"
ubuntu@172.16.2.42's password:

IPv4 Unicast Summary (VRF default):
BGP router identifier 10.10.255.3, local AS number 65103 vrf-id 0
BGP table version 18
RIB entries 35, using 6720 bytes of memory
Peers 2, using 1448 KiB of memory

Neighbor        V         AS   MsgRcvd   MsgSent   TblVer  InQ OutQ  Up/Down State/PfxRcd   PfxSnt Desc
enp2s0          4      65011        22        31        0    0    0 00:02:46           17       18 Leaf_L1
enp3s0          4      65012         8        17        0    0    0 00:02:48     OpenSent        0 Leaf_L2

Total number of neighbors 2
nh1221@R620:~$ ssh ubuntu@172.16.2.41 "sudo vtysh -c 'show bgp summary'"
ubuntu@172.16.2.41's password:

IPv4 Unicast Summary (VRF default):
BGP router identifier 10.10.255.2, local AS number 65102 vrf-id 0
BGP table version 18
RIB entries 35, using 6720 bytes of memory
Peers 3, using 2172 KiB of memory

Neighbor        V         AS   MsgRcvd   MsgSent   TblVer  InQ OutQ  Up/Down State/PfxRcd   PfxSnt Desc
enp2s0          4      65011        29        33        0    0    0 00:09:37           16       18 Leaf_L1
enp3s0          4      65012         4        38        0    0    0 00:01:44      Connect        0 Leaf_L2

Total number of neighbors 2
nh1221@R620:~$ ssh ubuntu@172.16.2.40 "sudo vtysh -c 'show bgp summary'"
ubuntu@172.16.2.40's password:

IPv4 Unicast Summary (VRF default):
BGP router identifier 10.10.255.1, local AS number 65101 vrf-id 0
BGP table version 18
RIB entries 35, using 6720 bytes of memory
Peers 2, using 1448 KiB of memory

Neighbor        V         AS   MsgRcvd   MsgSent   TblVer  InQ OutQ  Up/Down State/PfxRcd   PfxSnt Desc
enp2s0          4      65011        23        26        0    0    0 00:05:31           17       18 Leaf_L1
enp3s0          4      65012        13        31        0    0    0 00:01:19     OpenSent        0 Leaf_L2

Total number of neighbors 2
nh1221@R620:~$ nh1221@R620:~$ ssh ubuntu@172.16.2.41 "sudo vtysh -c 'show bgp summary'"
ubuntu@172.16.2.41's password:

IPv4 Unicast Summary (VRF default):
BGP router identifier 10.10.255.2, local AS number 65102 vrf-id 0
BGP table version 18
RIB entries 35, using 6720 bytes of memory
Peers 3, using 2172 KiB of memory

Neighbor        V         AS   MsgRcvd   MsgSent   TblVer  InQ OutQ  Up/Down State/PfxRcd   PfxSnt Desc
enp2s0          4      65011        29        33        0    0    0 00:09:37           16       18 Leaf_L1
enp3s0          4      65012         4        38        0    0    0 00:01:44      Connect        0 Leaf_L2

Total number of neighbors 2
^C
nh1221@R620:~$
