nh1221@R620:~$ virsh list --all
 Id   Name           State
------------------------------
 19   Border_Leaf1   running
 20   Border_Leaf2   running
 21   Exit_Router1   running
 22   Host12_1       running
 23   Host12_2       running
 24   Host12_3       running
 25   Host34_1       running
 26   Host34_2       running
 27   HostB12_1      running
 28   HostB12_2      running
 29   Leaf_L1        running
 30   Leaf_L2        running
 31   Leaf_L3        running
 32   Leaf_L4        running
 34   Spine_S1       running
 35   Spine_S2       running
 42   Exit_Router2   running
 50   MonitorSrv     running

nh1221@R620:~$ virsh console Exit_Router1
Connected to domain 'Exit_Router1'
Escape character is ^] (Ctrl + ])
[admin@Exit_Router1] >
[admin@Exit_Router1] > /user set admin password=amolla01
[admin@Exit_Router1] > /routing/bgp/connection/print
Flags: D - dynamic, X - disabled, I - inactive
 0   name="to_Border_Leaf1"
     remote.address=10.0.253.0/32 .as=65021
     local.address=10.0.253.1 .role=ebgp
     routing-table=main router-id=10.0.99.1 templates=fabric as=65253
     multihop=no address-families=ip
     output.redistribute=connected,static .default-originate=always

 1   name="to-BL1"
     remote.address=10.0.253.0 .as=65021
     local.default-address=10.0.253.1 .role=ebgp
     routing-table=main router-id=10.0.253.1 as=65253
[admin@Exit_Router1] > /routing bgp connection remove [find]
<ter1] > /routing/bgp/connection/print
Flags: D - dynamic, X - disabled, I - inactive
<address=10.0.253.0 remote.as=65021 router-id=10.0.253.1 local.role=ebgp
[admin@Exit_Router1] > /routing bgp connection print
Flags: D - dynamic, X - disabled, I - inactive
 0   name="to-BL1"
     remote.address=10.0.253.0 .as=65021
     local.default-address=10.0.253.1 .role=ebgp
     routing-table=main router-id=10.0.253.1 as=65253
[admin@Exit_Router1] >
nh1221@R620:~$ virsh console Exit_Router2
Connected to domain 'Exit_Router2'
Escape character is ^] (Ctrl + ])
[admin@Exit_Router2] >
[admin@Exit_Router2] > /user set admin password=amolla01
[admin@Exit_Router2] > /routing/bgp/connection/print
Flags: D - dynamic, X - disabled, I - inactive
 0   name="to_Border_Leaf2"
     remote.address=10.0.253.2/32 .as=65022
     local.address=10.0.253.3 .role=ebgp
     routing-table=main router-id=10.0.99.2 templates=fabric as=65254
     multihop=no address-families=ip
     output.redistribute=connected,static .default-originate=always

 1 I ;;; cannot listen to incoming connections, missing 'local-address'
     name="to-BL2"
     remote.address=10.0.253.2 .as=65022
     local.role=ebgp
     routing-table=main router-id=10.0.253.3 as=65254
[admin@Exit_Router2] >  /routing bgp connection remove [find]
<address=10.0.253.2 remote.as=65022 router-id=10.0.253.3 local.role=ebgp
[admin@Exit_Router2] > /routing/bgp/connection/print
Flags: D - dynamic, X - disabled, I - inactive
 0 I ;;; cannot listen to incoming connections, missing 'local-address'
     name="to-BL2"
     remote.address=10.0.253.2 .as=65022
     local.role=ebgp
     routing-table=main router-id=10.0.253.3 as=65254
[admin@Exit_Router2] >
nh1221@R620:~$
nh1221@R620:~$
nh1221@R620:~$ sudo ovs-vsctl del-port br-MS-BL1 BL1_VNET
[sudo] password for nh1221:
nh1221@R620:~$ virsh dumpxml Border_Leaf1 | grep -A3 "br-MS-BL1"
nh1221@R620:~$ virsh dumpxml Border_Leaf2 | grep -A3 "br-MS-BL2"
nh1221@R620:~$ sudo ovs-vsctl del-port br-pad vnet44
nh1221@R620:~$ sudo ovs-vsctl add-port br-MS-BL1 vnet44
nh1221@R620:~$ sudo ovs-vsctl del-port br-MS-BL1 BL1_VNET
ovs-vsctl: no port named BL1_VNET
nh1221@R620:~$ sudo ovs-vsctl del-port br-pad vnet77
nh1221@R620:~$ sudo ovs-vsctl add-port br-MS-BL2 vnet77
nh1221@R620:~$ sudo ovs-vsctl list-ports br-MS-BL1
vnet395
vnet44
nh1221@R620:~$ sudo ovs-vsctl list-ports br-MS-BL2
   t396                                                                                                                                                                                                                                                                         net77

nh1221@R620:~$ ssh admin@172.16.2.31 "docker exec bgp vtysh -c 'show bgp summary'"
admin@172.16.2.31's password:

IPv4 Unicast Summary (VRF default):
BGP router identifier 10.0.2.1, local AS number 65021 vrf-id 0
BGP table version 18
RIB entries 27, using 6048 bytes of memory
Peers 6, using 4348 KiB of memory

Neighbor        V         AS   MsgRcvd   MsgSent   TblVer  InQ OutQ  Up/Down State/PfxRcd   PfxSnt Desc
Ethernet20      4      65106       311       312        0    0    0 04:51:13           10       14 HostB12_1
Ethernet24      4      65107       309       322        0    0    0 04:50:56            4       14 HostB12_2
Ethernet28      4      65108       168       320        0    0    0 00:02:01            4       14 MonitorSrv
Ethernet120     4      65000       308       314        0    0    0 04:55:31            7       14 Spine_S2
Ethernet124     4      65000       308       314        0    0    0 04:55:29            7       14 Spine_S1
10.0.253.1      4      65253         0         0        0    0    0    never      Connect        0 Exit_Router1

Total number of neighbors 6

IPv6 Unicast Summary (VRF default):
BGP router identifier 10.0.2.1, local AS number 65021 vrf-id 0
BGP table version 0
RIB entries 0, using 0 bytes of memory
Peers 5, using 3623 KiB of memory

Neighbor        V         AS   MsgRcvd   MsgSent   TblVer  InQ OutQ  Up/Down State/PfxRcd   PfxSnt Desc
Ethernet20      4      65106       311       312        0    0    0 04:51:13        NoNeg    NoNeg HostB12_1
Ethernet24      4      65107       309       322        0    0    0 04:50:56        NoNeg    NoNeg HostB12_2
Ethernet28      4      65108       168       320        0    0    0 00:02:01        NoNeg    NoNeg MonitorSrv
Ethernet120     4      65000       308       314        0    0    0 04:55:31            0        0 Spine_S2
Ethernet124     4      65000       308       314        0    0    0 04:55:29            0        0 Spine_S1

Total number of neighbors 5
nh1221@R620:~$ ssh admin@172.16.2.32 "docker exec bgp vtysh -c 'show bgp summary'"
admin@172.16.2.32's password:

IPv4 Unicast Summary (VRF default):
BGP router identifier 10.0.2.2, local AS number 65022 vrf-id 0
BGP table version 18
RIB entries 27, using 6048 bytes of memory
Peers 6, using 4348 KiB of memory
                                                                                                                                                                                                                                                                                eighbor        V         AS   MsgRcvd   MsgSent   TblVer  InQ OutQ  Up/Down State/PfxRcd   PfxSnt Desc

Ethernet20      4      65106       306       311        0    0    0 04:52:52            6       14 HostB12_1
Ethernet24      4      65107       300       311        0    0    0 04:37:15           12       14 HostB12_2
Ethernet28      4      65108       187       355        0    0    0 00:00:58           12       14 MonitorSrv
Ethernet120     4      65000       308       314        0    0    0 04:55:31            7       14 Spine_S2
Ethernet124     4      65000       308       314        0    0    0 04:55:26            7       14 Spine_S1
10.0.253.3      4      65254         0         0        0    0    0    never       Active        0 Exit_Router2

Total number of neighbors 6

IPv6 Unicast Summary (VRF default):
BGP router identifier 10.0.2.2, local AS number 65022 vrf-id 0
BGP table version 0
RIB entries 0, using 0 bytes of memory
Peers 5, using 3623 KiB of memory

Neighbor        V         AS   MsgRcvd   MsgSent   TblVer  InQ OutQ  Up/Down State/PfxRcd   PfxSnt Desc
Ethernet20      4      65106       306       311        0    0    0 04:52:52        NoNeg    NoNeg HostB12_1
Ethernet24      4      65107       300       311        0    0    0 04:37:15        NoNeg    NoNeg HostB12_2
Ethernet28      4      65108       187       355        0    0    0 00:00:58        NoNeg    NoNeg MonitorSrv
Ethernet120     4      65000       308       314        0    0    0 04:55:31            0        0 Spine_S2
Ethernet124     4      65000       308       314        0    0    0 04:55:26            0        0 Spine_S1

Total number of neighbors 5
nh1221@R620:~$ ssh -i ~/id_dc_lab admin@172.16.2.98



  MMM      MMM       KKK                          TTTTTTTTTTT      KKK
  MMMM    MMMM       KKK                          TTTTTTTTTTT      KKK
  MMM MMMM MMM  III  KKK  KKK  RRRRRR     OOOOOO      TTT     III  KKK  KKK
  MMM  MM  MMM  III  KKKKK     RRR  RRR  OOO  OOO     TTT     III  KKKKK
  MMM      MMM  III  KKK KKK   RRRRRR    OOO  OOO     TTT     III  KKK KKK
  MMM      MMM  III  KKK  KKK  RRR  RRR   OOOOOO      TTT     III  KKK  KKK

  MikroTik RouterOS 7.16 (c) 1999-2024       https://www.mikrotik.com/


Press F1 for help

[admin@Exit_Router1] > /routing/bgp/session/print
Flags: E - established
 0   name="to-BL1-1"
     remote.address=10.0.253.0 .as=0 .hold-time=infinity
     local.address=10.0.253.1 .as=65253 .id=10.0.253.1 .cluster-id=10.0.253.1 .capabilities=mp,rr,gr,as4 .afi=ip ebgp
     prefix-count=0
[admin@Exit_Router1] > /routing/bgp/connection/print
Flags: D - dynamic, X - disabled, I - inactive
 0   name="to-BL1"
     remote.address=10.0.253.0 .as=65021
     local.default-address=10.0.253.1 .role=ebgp
     routing-table=main router-id=10.0.253.1 as=65253
[admin@Exit_Router1] > /routing bgp connection remove [find]
[admin@Exit_Router1] > /routing bgp connection add name=to-BL1 as=65253 remote.address=10.0.253.0 remote.as=65021 router-id=10.0.253.1 local.role=ebgp
[admin@Exit_Router1] > /routing/bgp/connection/print
Flags: D - dynamic, X - disabled, I - inactive
 0   name="to-BL1"
     remote.address=10.0.253.0 .as=65021
     local.default-address=10.0.253.1 .role=ebgp
     routing-table=main router-id=10.0.253.1 as=65253
[admin@Exit_Router1] > /routing/bgp/session/print
Flags: E - established
[admin@Exit_Router1] > exit
bad command name exit (line 1 column 1)
[admin@Exit_Router1] > quit
interrupted
Connection to 172.16.2.98 closed.
nh1221@R620:~$ ssh -i ~/id_dc_lab admin@172.16.2.99



  MMM      MMM       KKK                          TTTTTTTTTTT      KKK
  MMMM    MMMM       KKK                          TTTTTTTTTTT      KKK
  MMM MMMM MMM  III  KKK  KKK  RRRRRR     OOOOOO      TTT     III  KKK  KKK
  MMM  MM  MMM  III  KKKKK     RRR  RRR  OOO  OOO     TTT     III  KKKKK
  MMM      MMM  III  KKK KKK   RRRRRR    OOO  OOO     TTT     III  KKK KKK
  MMM      MMM  III  KKK  KKK  RRR  RRR   OOOOOO      TTT     III  KKK  KKK

  MikroTik RouterOS 7.16 (c) 1999-2024       https://www.mikrotik.com/


Press F1 for help

[admin@Exit_Router2] > /routing/bgp/session/print
Flags: E - established
[admin@Exit_Router2] > /routing/bgp/connection/print
Flags: D - dynamic, X - disabled, I - inactive
 0 I ;;; cannot listen to incoming connections, missing 'local-address'
     name="to-BL2"
     remote.address=10.0.253.2 .as=65022
     local.role=ebgp
     routing-table=main router-id=10.0.253.3 as=65254
[admin@Exit_Router2] > /routing bgp connection remove [find]
[admin@Exit_Router2] > /routing/bgp/connection/print
Flags: D - dynamic, X - disabled, I - inactive
[admin@Exit_Router2] > /routing bgp connection add name=to-BL2 as=65254 remote.address=10.0.253.2 remote.as=65022 router-id=10.0.253.3 local.role=ebgp
[admin@Exit_Router2] > /routing bgp connection print
Flags: D - dynamic, X - disabled, I - inactive
 0 I ;;; cannot listen to incoming connections, missing 'local-address'
     name="to-BL2"
     remote.address=10.0.253.2 .as=65022
     local.role=ebgp
     routing-table=main router-id=10.0.253.3 as=65254
[admin@Exit_Router2] > quit
interrupted
Connection to 172.16.2.99 closed.
nh1221@R620:~$ ssh admin@172.16.2.31 "docker exec bgp vtysh -c 'show bgp summary'"
admin@172.16.2.31's password:

IPv4 Unicast Summary (VRF default):
BGP router identifier 10.0.2.1, local AS number 65021 vrf-id 0
BGP table version 18
RIB entries 27, using 6048 bytes of memory
Peers 6, using 4348 KiB of memory

Neighbor        V         AS   MsgRcvd   MsgSent   TblVer  InQ OutQ  Up/Down State/PfxRcd   PfxSnt Desc
Ethernet20      4      65106       329       321        0    0    0 05:00:35            4       14 HostB12_1
Ethernet24      4      65107       319       332        0    0    0 05:00:18            4       14 HostB12_2
Ethernet28      4      65108       177       329        0    0    0 00:11:23            4       14 MonitorSrv
Ethernet120     4      65000       319       323        0    0    0 05:04:53            6       14 Spine_S2
Ethernet124     4      65000       319       323        0    0    0 05:04:51            6       14 Spine_S1
10.0.253.1      4      65253         0         0        0    0    0    never      Connect        0 Exit_Router1

Total number of neighbors 6

IPv6 Unicast Summary (VRF default):
BGP router identifier 10.0.2.1, local AS number 65021 vrf-id 0
BGP table version 0
RIB entries 0, using 0 bytes of memory
Peers 5, using 3623 KiB of memory

Neighbor        V         AS   MsgRcvd   MsgSent   TblVer  InQ OutQ  Up/Down State/PfxRcd   PfxSnt Desc
Ethernet20      4      65106       329       321        0    0    0 05:00:35        NoNeg    NoNeg HostB12_1
Ethernet24      4      65107       319       332        0    0    0 05:00:18        NoNeg    NoNeg HostB12_2
Ethernet28      4      65108       177       329        0    0    0 00:11:23        NoNeg    NoNeg MonitorSrv
Ethernet120     4      65000       319       323        0    0    0 05:04:53            0        0 Spine_S2
Ethernet124     4      65000       319       323        0    0    0 05:04:51            0        0 Spine_S1

Total number of neighbors 5
nh1221@R620:~$ ssh admin@172.16.2.32 "docker exec bgp vtysh -c 'show bgp summary'"
admin@172.16.2.32's password:

IPv4 Unicast Summary (VRF default):
BGP router identifier 10.0.2.2, local AS number 65022 vrf-id 0
BGP table version 21
RIB entries 27, using 6048 bytes of memory
Peers 6, using 4348 KiB of memory

Neighbor        V         AS   MsgRcvd   MsgSent   TblVer  InQ OutQ  Up/Down State/PfxRcd   PfxSnt Desc
Ethernet20      4      65106       327       336        0    0    0 00:06:33           12       14 HostB12_1
Ethernet24      4      65107       310       323        0    0    0 04:46:33           12       14 HostB12_2
Ethernet28      4      65108       197       368        0    0    0 00:10:16           12       14 MonitorSrv
Ethernet120     4      65000       319       326        0    0    0 05:04:49            8       14 Spine_S2
Ethernet124     4      65000       319       326        0    0    0 05:04:44            8       14 Spine_S1
10.0.253.3      4      65254         0         0        0    0    0    never       Active        0 Exit_Router2

Total number of neighbors 6

IPv6 Unicast Summary (VRF default):
BGP router identifier 10.0.2.2, local AS number 65022 vrf-id 0
BGP table version 0
RIB entries 0, using 0 bytes of memory
Peers 5, using 3623 KiB of memory

Neighbor        V         AS   MsgRcvd   MsgSent   TblVer  InQ OutQ  Up/Down State/PfxRcd   PfxSnt Desc
Ethernet20      4      65106       327       336        0    0    0 00:06:33        NoNeg    NoNeg HostB12_1
Ethernet24      4      65107       310       323        0    0    0 04:46:33        NoNeg    NoNeg HostB12_2
Ethernet28      4      65108       197       368        0    0    0 00:10:16        NoNeg    NoNeg MonitorSrv
Ethernet120     4      65000       319       326        0    0    0 05:04:49            0        0 Spine_S2
Ethernet124     4      65000       319       326        0    0    0 05:04:44            0        0 Spine_S1

Total number of neighbors 5
nh1221@R620:~$
