In our inventory.yml we have specified raw osd disks for ceph, and thathas been declared and attached through pci in topology.yml.
However, we are not seeing at all any osd contaner. Please see below for details:

ubuntu@k8s-master-01:~$ kubectl get pods -n rook-ceph
NAME                                            READY   STATUS              RESTARTS         AGE
csi-cephfsplugin-4fln4                          0/2     ImagePullBackOff    28 (5m51s ago)   3h2m
csi-cephfsplugin-5ltgp                          0/2     ImagePullBackOff    28 (6m58s ago)   3h2m
csi-cephfsplugin-6kx86                          0/2     ImagePullBackOff    24 (5m24s ago)   3h2m
csi-cephfsplugin-747sq                          0/2     ImagePullBackOff    28 (2m33s ago)   3h2m
csi-cephfsplugin-772tb                          1/2     ImagePullBackOff    29 (5m24s ago)   3h2m
csi-cephfsplugin-cgksj                          0/2     ImagePullBackOff    24 (102s ago)    3h2m
csi-cephfsplugin-cndq2                          0/2     ImagePullBackOff    24 (96s ago)     3h2m
csi-cephfsplugin-d4gp5                          0/2     ImagePullBackOff    26 (5m4s ago)    3h2m
csi-cephfsplugin-fsm8w                          0/2     ErrImagePull        27 (5m8s ago)    3h2m
csi-cephfsplugin-h4pv8                          0/2     ImagePullBackOff    29 (6m35s ago)   3h2m
csi-cephfsplugin-hsxxt                          0/2     ImagePullBackOff    21 (4m ago)      3h2m
csi-cephfsplugin-mz8bk                          0/2     ImagePullBackOff    28 (6m37s ago)   3h2m
csi-cephfsplugin-provisioner-7b85687c6c-8k6bd   0/5     CrashLoopBackOff    65 (2m54s ago)   3h2m
csi-cephfsplugin-provisioner-7b85687c6c-vjkqm   0/5     CrashLoopBackOff    84 (17s ago)     3h2m
csi-cephfsplugin-z7xfk                          1/2     ImagePullBackOff    30 (5m38s ago)   3h2m
csi-rbdplugin-48c2h                             0/2     ImagePullBackOff    22 (7m55s ago)   3h2m
csi-rbdplugin-4w6wj                             0/2     ImagePullBackOff    28 (2m32s ago)   3h2m
csi-rbdplugin-55rbp                             0/2     ImagePullBackOff    25 (5m46s ago)   3h2m
csi-rbdplugin-9ntp6                             0/2     ImagePullBackOff    28 (2m34s ago)   3h2m
csi-rbdplugin-ghwz6                             0/2     ImagePullBackOff    27 (3m12s ago)   3h2m
csi-rbdplugin-mfp9c                             0/2     ImagePullBackOff    28 (75s ago)     3h2m
csi-rbdplugin-mpghx                             0/2     ImagePullBackOff    31 (4m43s ago)   3h2m
csi-rbdplugin-nsj72                             0/2     ImagePullBackOff    25 (2m50s ago)   3h2m
csi-rbdplugin-provisioner-56486d5b65-d9sml      4/5     ImagePullBackOff    76 (9m40s ago)   3h2m
csi-rbdplugin-provisioner-56486d5b65-fzrn4      0/5     Error               64 (12s ago)     3h2m
csi-rbdplugin-rf7k5                             0/2     ImagePullBackOff    25 (6m5s ago)    3h2m
csi-rbdplugin-scs5x                             0/2     ErrImagePull        28 (3m23s ago)   3h2m
csi-rbdplugin-wswmt                             0/2     ImagePullBackOff    29 (5m42s ago)   3h2m
csi-rbdplugin-zl7vs                             1/2     ImagePullBackOff    28 (5m22s ago)   3h2m
csi-rbdplugin-zrftw                             0/2     ImagePullBackOff    29 (5m44s ago)   3h2m
rook-ceph-detect-version-dnpf8                  0/1     ImagePullBackOff    0                3m22s
rook-ceph-operator-5fc44465d9-tx2r7             1/1     Running             0                3h7m
rook-ceph-tools-754bcbfdf9-lrwb8                0/1     ContainerCreating   0                6m19s
rook-discover-42st7                             1/1     Running             0                3h3m
rook-discover-56rxk                             1/1     Running             1                3h3m
rook-discover-5rcpg                             1/1     Running             0                3h3m
rook-discover-82gzq                             1/1     Running             1                3h3m
rook-discover-b7zgw                             1/1     Running             0                3h3m
rook-discover-dj4pr                             1/1     Running             0                3h3m
rook-discover-j9jz2                             1/1     Running             0                3h3m
rook-discover-jrffw                             1/1     Running             1                3h3m
rook-discover-nlmnm                             1/1     Running             2                3h3m
rook-discover-qqd6j                             1/1     Running             1                3h3m
rook-discover-rg47w                             1/1     Running             2                3h3m
rook-discover-vdsnt                             1/1     Running             2                3h3m
rook-discover-ztmw7                             1/1     Running             2                3h3m
ubuntu@k8s-master-01:~$ kubectl get pods -n rook-ceph
NAME                                            READY   STATUS              RESTARTS         AGE
csi-cephfsplugin-4fln4                          0/2     ImagePullBackOff    29 (2m46s ago)   3h11m
csi-cephfsplugin-5ltgp                          0/2     ErrImagePull        29 (3m57s ago)   3h11m
csi-cephfsplugin-6kx86                          0/2     ImagePullBackOff    26 (2m17s ago)   3h11m
csi-cephfsplugin-747sq                          1/2     ImagePullBackOff    30 (5m16s ago)   3h11m
csi-cephfsplugin-772tb                          0/2     ImagePullBackOff    30 (2m13s ago)   3h11m
csi-cephfsplugin-cgksj                          0/2     ImagePullBackOff    25 (4m26s ago)   3h11m
csi-cephfsplugin-cndq2                          0/2     ErrImagePull        25 (4m19s ago)   3h11m
csi-cephfsplugin-d4gp5                          0/2     ImagePullBackOff    28 (98s ago)     3h11m
csi-cephfsplugin-fsm8w                          0/2     ImagePullBackOff    29 (7m45s ago)   3h11m
csi-cephfsplugin-h4pv8                          0/2     ImagePullBackOff    30 (3m44s ago)   3h11m
csi-cephfsplugin-hsxxt                          0/2     ImagePullBackOff    23 (6m45s ago)   3h11m
csi-cephfsplugin-mz8bk                          0/2     ImagePullBackOff    30 (3m27s ago)   3h11m
csi-cephfsplugin-provisioner-7b85687c6c-8k6bd   0/5     CrashLoopBackOff    69 (4m50s ago)   3h11m
csi-cephfsplugin-provisioner-7b85687c6c-vjkqm   0/5     Error               89 (3m ago)      3h11m
csi-cephfsplugin-z7xfk                          0/2     ImagePullBackOff    31 (116s ago)    3h11m
csi-rbdplugin-48c2h                             0/2     ImagePullBackOff    23 (3m34s ago)   3h11m
csi-rbdplugin-4w6wj                             0/2     ImagePullBackOff    29 (4m53s ago)   3h11m
csi-rbdplugin-55rbp                             0/2     ImagePullBackOff    26 (2m51s ago)   3h11m
csi-rbdplugin-9ntp6                             0/2     ErrImagePull        29 (5m7s ago)    3h11m
csi-rbdplugin-ghwz6                             0/2     ImagePullBackOff    29 (5m51s ago)   3h11m
csi-rbdplugin-mfp9c                             0/2     ImagePullBackOff    29 (3m49s ago)   3h11m
csi-rbdplugin-mpghx                             0/2     ImagePullBackOff    32 (5m2s ago)    3h11m
csi-rbdplugin-nsj72                             1/2     ErrImagePull        27 (5m37s ago)   3h11m
csi-rbdplugin-provisioner-56486d5b65-d9sml      2/5     ImagePullBackOff    88 (3m11s ago)   3h11m
csi-rbdplugin-provisioner-56486d5b65-fzrn4      0/5     CrashLoopBackOff    67 (2m40s ago)   3h11m
csi-rbdplugin-rf7k5                             0/2     ImagePullBackOff    26 (3m5s ago)    3h11m
csi-rbdplugin-scs5x                             0/2     ImagePullBackOff    30 (6m1s ago)    3h11m
csi-rbdplugin-wswmt                             0/2     ImagePullBackOff    30 (2m38s ago)   3h11m
csi-rbdplugin-zl7vs                             0/2     ImagePullBackOff    29 (2m19s ago)   3h11m
csi-rbdplugin-zrftw                             0/2     ImagePullBackOff    30 (2m31s ago)   3h11m
rook-ceph-detect-version-dnpf8                  0/1     ImagePullBackOff    0                11m
rook-ceph-operator-5fc44465d9-tx2r7             1/1     Running             0                3h15m
rook-ceph-tools-754bcbfdf9-lrwb8                0/1     ContainerCreating   0                14m
rook-discover-42st7                             1/1     Running             0                3h11m
rook-discover-56rxk                             1/1     Running             1                3h11m
rook-discover-5rcpg                             1/1     Running             0                3h11m
rook-discover-82gzq                             1/1     Running             1                3h11m
rook-discover-b7zgw                             1/1     Running             0                3h11m
rook-discover-dj4pr                             1/1     Running             0                3h11m
rook-discover-j9jz2                             1/1     Running             0                3h11m
rook-discover-jrffw                             1/1     Running             1                3h11m
rook-discover-nlmnm                             1/1     Running             2                3h11m
rook-discover-qqd6j                             1/1     Running             1                3h11m
rook-discover-rg47w                             1/1     Running             2                3h11m
rook-discover-vdsnt                             1/1     Running             2                3h11m
rook-discover-ztmw7                             1/1     Running             2                3h11m
ubuntu@k8s-master-01:~$ kubectl get pods -n rook-ceph
NAME                                            READY   STATUS              RESTARTS          AGE
csi-cephfsplugin-4fln4                          0/2     ImagePullBackOff    34 (3m57s ago)    3h40m
csi-cephfsplugin-5ltgp                          0/2     ErrImagePull        34 (5m8s ago)     3h40m
csi-cephfsplugin-6kx86                          0/2     ImagePullBackOff    31 (3m13s ago)    3h40m
csi-cephfsplugin-747sq                          0/2     ImagePullBackOff    35 (6m34s ago)    3h40m
csi-cephfsplugin-772tb                          0/2     ImagePullBackOff    35 (2m57s ago)    3h40m
csi-cephfsplugin-cgksj                          0/2     ImagePullBackOff    30 (5m49s ago)    3h40m
csi-cephfsplugin-cndq2                          1/2     ImagePullBackOff    31 (5m18s ago)    3h40m
csi-cephfsplugin-d4gp5                          0/2     ImagePullBackOff    33 (3m1s ago)     3h40m
csi-cephfsplugin-fsm8w                          0/2     ImagePullBackOff    34 (2m10s ago)    3h40m
csi-cephfsplugin-h4pv8                          0/2     ImagePullBackOff    35 (4m58s ago)    3h40m
csi-cephfsplugin-hsxxt                          0/2     ImagePullBackOff    28 (102s ago)     3h40m
csi-cephfsplugin-mz8bk                          0/2     ImagePullBackOff    35 (4m39s ago)    3h40m
csi-cephfsplugin-provisioner-7b85687c6c-8k6bd   0/5     CrashLoopBackOff    93 (28s ago)      3h40m
csi-cephfsplugin-provisioner-7b85687c6c-vjkqm   0/5     CrashLoopBackOff    108 (3m24s ago)   3h40m
csi-cephfsplugin-z7xfk                          1/2     ImagePullBackOff    36 (5m34s ago)    3h40m
csi-rbdplugin-48c2h                             0/2     ImagePullBackOff    28 (3m45s ago)    3h40m
csi-rbdplugin-4w6wj                             0/2     ImagePullBackOff    34 (6m6s ago)     3h40m
csi-rbdplugin-55rbp                             0/2     ImagePullBackOff    31 (4m9s ago)     3h40m
csi-rbdplugin-9ntp6                             0/2     ImagePullBackOff    35 (6m29s ago)    3h40m
csi-rbdplugin-ghwz6                             0/2     ImagePullBackOff    34 (89s ago)      3h40m
csi-rbdplugin-mfp9c                             0/2     ImagePullBackOff    34 (4m2s ago)     3h40m
csi-rbdplugin-mpghx                             0/2     ImagePullBackOff    37 (2m31s ago)    3h40m
csi-rbdplugin-nsj72                             0/2     ImagePullBackOff    32 (6m49s ago)    3h40m
csi-rbdplugin-provisioner-56486d5b65-d9sml      0/5     CrashLoopBackOff    106 (3m50s ago)   3h40m
csi-rbdplugin-provisioner-56486d5b65-fzrn4      0/5     CrashLoopBackOff    79 (9m23s ago)    3h40m
csi-rbdplugin-rf7k5                             0/2     ImagePullBackOff    31 (3m36s ago)    3h40m
csi-rbdplugin-scs5x                             0/2     ImagePullBackOff    35 (7m4s ago)     3h40m
csi-rbdplugin-wswmt                             0/2     ImagePullBackOff    35 (3m52s ago)    3h40m
csi-rbdplugin-zl7vs                             0/2     ImagePullBackOff    34 (3m24s ago)    3h40m
csi-rbdplugin-zrftw                             0/2     ImagePullBackOff    35 (98s ago)      3h40m
rook-ceph-detect-version-xhmmx                  0/1     ErrImagePull        0                 20m
rook-ceph-operator-5fc44465d9-tx2r7             1/1     Running             0                 3h45m
rook-ceph-tools-754bcbfdf9-lrwb8                0/1     ContainerCreating   0                 44m
rook-discover-42st7                             1/1     Running             0                 3h41m
rook-discover-56rxk                             1/1     Running             1                 3h41m
rook-discover-5rcpg                             1/1     Running             0                 3h41m
rook-discover-82gzq                             1/1     Running             1                 3h41m
rook-discover-b7zgw                             1/1     Running             0                 3h41m
rook-discover-dj4pr                             1/1     Running             0                 3h41m
rook-discover-j9jz2                             1/1     Running             0                 3h41m
rook-discover-jrffw                             1/1     Running             1                 3h41m
rook-discover-nlmnm                             1/1     Running             2                 3h41m
rook-discover-qqd6j                             1/1     Running             1                 3h41m
rook-discover-rg47w                             1/1     Running             2                 3h41m
rook-discover-vdsnt                             1/1     Running             2                 3h41m
rook-discover-ztmw7                             1/1     Running             2                 3h41m
ubuntu@k8s-master-01:~$ kubectl -n rook-ceph rollout status 
error: required resource not specified
ubuntu@k8s-master-01:~$ kubectl -n rook-ceph rollout status "deployment/rook-ceph-tools"
error: deployment "rook-ceph-tools" exceeded its progress deadline
ubuntu@k8s-master-01:~$ kubectl -n rook-ceph rollout status "deployment/rook-ceph"
Error from server (NotFound): deployments.apps "rook-ceph" not found
ubuntu@k8s-master-01:~$ # control plane actually healthy? (proves pods CAN be created)
kubectl -n kube-system get pods -o wide | egrep 'scheduler|controller-manager|kube-proxy|coredns'

# orphaned webhooks that block all creates?
kubectl get validatingwebhookconfigurations,mutatingwebhookconfigurations

# what exists in each stuck namespace (deploy/rs/pods/events)?
kubectl -n metallb-system get deploy,rs,pods
kubectl -n monitoring   get all,pvc,events --sort-by=.lastTimestamp | tail -n 40
kubectl -n rook-ceph    get pods,pvc
kube-controller-manager-k8s-master-01   1/1     Running   63 (3h17m ago)    37h    10.0.10.1   k8s-master-01   <none>           <none>
kube-controller-manager-k8s-master-02   1/1     Running   87 (3h15m ago)    37h    10.0.20.1   k8s-master-02   <none>           <none>
kube-controller-manager-k8s-master-03   1/1     Running   65 (3h16m ago)    37h    10.0.30.1   k8s-master-03   <none>           <none>
kube-proxy-6jpxk                        1/1     Running   1 (28h ago)       37h    10.0.30.1   k8s-master-03   <none>           <none>
kube-proxy-8cvd2                        1/1     Running   1 (28h ago)       37h    10.0.20.3   osh-ctrl-02     <none>           <none>
kube-proxy-9phxm                        1/1     Running   1 (28h ago)       37h    10.0.10.3   osh-ctrl-01     <none>           <none>
kube-proxy-bdbcm                        1/1     Running   1 (28h ago)       37h    10.0.30.3   osh-ctrl-03     <none>           <none>
kube-proxy-bf9mw                        1/1     Running   1 (28h ago)       37h    10.0.10.2   k8s-db-01       <none>           <none>
kube-proxy-hrpct                        1/1     Running   1 (28h ago)       37h    10.0.10.5   osh-comp-01     <none>           <none>
kube-proxy-kxs4s                        1/1     Running   2                 37h    10.0.20.1   k8s-master-02   <none>           <none>
kube-proxy-mbt27                        1/1     Running   1 (28h ago)       37h    10.0.20.2   k8s-db-02       <none>           <none>
kube-proxy-nhrvn                        1/1     Running   1 (28h ago)       37h    10.0.30.2   k8s-db-03       <none>           <none>
kube-proxy-pr8qh                        1/1     Running   1 (28h ago)       37h    10.0.20.5   osh-comp-02     <none>           <none>
kube-proxy-tp4rj                        1/1     Running   1 (28h ago)       37h    10.0.30.4   monsrv          <none>           <none>
kube-proxy-tsvvk                        1/1     Running   1 (28h ago)       37h    10.0.10.4   osh-net-01      <none>           <none>
kube-proxy-tt4sf                        1/1     Running   1 (28h ago)       37h    10.0.10.1   k8s-master-01   <none>           <none>
kube-proxy-w2955                        1/1     Running   1 (28h ago)       37h    10.0.10.6   osh-comp-04     <none>           <none>
kube-proxy-w42c4                        1/1     Running   1 (28h ago)       37h    10.0.30.5   osh-comp-03     <none>           <none>
kube-proxy-w5xjj                        1/1     Running   1 (28h ago)       37h    10.0.20.4   osh-net-02      <none>           <none>
kube-scheduler-k8s-master-01            1/1     Running   69 (3h16m ago)    37h    10.0.10.1   k8s-master-01   <none>           <none>
kube-scheduler-k8s-master-02            1/1     Running   71 (3h17m ago)    37h    10.0.20.1   k8s-master-02   <none>           <none>
kube-scheduler-k8s-master-03            1/1     Running   68 (3h13m ago)    37h    10.0.30.1   k8s-master-03   <none>           <none>
NAME                                                                                          WEBHOOKS   AGE
validatingwebhookconfiguration.admissionregistration.k8s.io/kube-prometheus-stack-admission   1          90m
validatingwebhookconfiguration.admissionregistration.k8s.io/metallb-webhook-configuration     6          3h58m

NAME                                                                                        WEBHOOKS   AGE
mutatingwebhookconfiguration.admissionregistration.k8s.io/kube-prometheus-stack-admission   1          90m
NAME                                 READY   UP-TO-DATE   AVAILABLE   AGE
deployment.apps/metallb-controller   0/1     1            0           3h58m

NAME                                           DESIRED   CURRENT   READY   AGE
replicaset.apps/metallb-controller-5b67b77ff   1         1         0       3h58m

NAME                                     READY   STATUS             RESTARTS       AGE
pod/metallb-controller-5b67b77ff-hptns   0/1     CrashLoopBackOff   51 (17s ago)   3h58m
error: couldn't find any field with path "{.lastTimestamp}" in the list of objects
NAME                                                READY   STATUS              RESTARTS          AGE
pod/csi-cephfsplugin-4fln4                          0/2     ImagePullBackOff    35 (4m48s ago)    3h46m
pod/csi-cephfsplugin-5ltgp                          0/2     ImagePullBackOff    36 (5m50s ago)    3h46m
pod/csi-cephfsplugin-6kx86                          0/2     ImagePullBackOff    32 (4m3s ago)     3h46m
pod/csi-cephfsplugin-747sq                          0/2     ImagePullBackOff    36 (72s ago)      3h46m
pod/csi-cephfsplugin-772tb                          0/2     ImagePullBackOff    36 (3m39s ago)    3h46m
pod/csi-cephfsplugin-cgksj                          0/2     ImagePullBackOff    31 (6m39s ago)    3h46m
pod/csi-cephfsplugin-cndq2                          0/2     ImagePullBackOff    32 (6m5s ago)     3h46m
pod/csi-cephfsplugin-d4gp5                          0/2     ImagePullBackOff    34 (3m46s ago)    3h46m
pod/csi-cephfsplugin-fsm8w                          0/2     ImagePullBackOff    35 (2m58s ago)    3h46m
pod/csi-cephfsplugin-h4pv8                          0/2     ImagePullBackOff    37 (5m42s ago)    3h46m
pod/csi-cephfsplugin-hsxxt                          0/2     ImagePullBackOff    29 (2m18s ago)    3h46m
pod/csi-cephfsplugin-mz8bk                          1/2     ErrImagePull        37 (5m23s ago)    3h46m
pod/csi-cephfsplugin-provisioner-7b85687c6c-8k6bd   0/5     CrashLoopBackOff    97 (81s ago)      3h46m
pod/csi-cephfsplugin-provisioner-7b85687c6c-vjkqm   0/5     CrashLoopBackOff    112 (4m14s ago)   3h46m
pod/csi-cephfsplugin-z7xfk                          0/2     ImagePullBackOff    37 (6m14s ago)    3h46m
pod/csi-rbdplugin-48c2h                             0/2     ImagePullBackOff    29 (4m37s ago)    3h46m
pod/csi-rbdplugin-4w6wj                             0/2     ImagePullBackOff    35 (4m54s ago)    3h46m
pod/csi-rbdplugin-55rbp                             1/2     ImagePullBackOff    32 (10m ago)      3h46m
pod/csi-rbdplugin-9ntp6                             0/2     ImagePullBackOff    36 (106s ago)     3h46m
pod/csi-rbdplugin-ghwz6                             0/2     ImagePullBackOff    35 (2m11s ago)    3h46m
pod/csi-rbdplugin-mfp9c                             0/2     ImagePullBackOff    35 (4m49s ago)    3h46m
pod/csi-rbdplugin-mpghx                             0/2     ImagePullBackOff    38 (3m18s ago)    3h46m
pod/csi-rbdplugin-nsj72                             0/2     ImagePullBackOff    33 (98s ago)      3h46m
pod/csi-rbdplugin-provisioner-56486d5b65-d9sml      0/5     CrashLoopBackOff    110 (4m43s ago)   3h46m
pod/csi-rbdplugin-provisioner-56486d5b65-fzrn4      0/5     CrashLoopBackOff    79 (15m ago)      3h46m
pod/csi-rbdplugin-rf7k5                             0/2     ImagePullBackOff    32 (4m15s ago)    3h46m
pod/csi-rbdplugin-scs5x                             0/2     ImagePullBackOff    36 (2m6s ago)     3h46m
pod/csi-rbdplugin-wswmt                             0/2     ImagePullBackOff    36 (4m21s ago)    3h46m
pod/csi-rbdplugin-zl7vs                             0/2     ImagePullBackOff    35 (4m11s ago)    3h46m
pod/csi-rbdplugin-zrftw                             0/2     ImagePullBackOff    36 (2m24s ago)    3h46m
pod/rook-ceph-detect-version-xhmmx                  0/1     Terminating         0                 26m
pod/rook-ceph-operator-5fc44465d9-tx2r7             1/1     Running             0                 3h51m
pod/rook-ceph-tools-754bcbfdf9-lrwb8                0/1     ContainerCreating   0                 50m
pod/rook-discover-42st7                             1/1     Running             0                 3h47m
pod/rook-discover-56rxk                             1/1     Running             1                 3h47m
pod/rook-discover-5rcpg                             1/1     Running             0                 3h47m
pod/rook-discover-82gzq                             1/1     Running             1                 3h47m
pod/rook-discover-b7zgw                             1/1     Running             0                 3h47m
pod/rook-discover-dj4pr                             1/1     Running             0                 3h47m
pod/rook-discover-j9jz2                             1/1     Running             0                 3h47m
pod/rook-discover-jrffw                             1/1     Running             1                 3h47m
pod/rook-discover-nlmnm                             1/1     Running             2                 3h47m
pod/rook-discover-qqd6j                             1/1     Running             1                 3h47m
pod/rook-discover-rg47w                             1/1     Running             2                 3h47m
pod/rook-discover-vdsnt                             1/1     Running             2                 3h47m
pod/rook-discover-ztmw7                             1/1     Running             2                 3h47m
ubuntu@k8s-master-01:~$ 

(venv) nh1221@Lab-ControlNode:/mnt/c/Users/nh1221/dc_lab/clab/sonic-clab$ ANSIBLE_CONFIG=$PWD/ansible.cfg ansible-playbook -i inventory.yml playbooks/rook-ceph.yml

PLAY [Deploy Rook-Ceph on Kubernetes cluster] **************************************************************************************************************

TASK [Label Ceph OSD nodes] ********************************************************************************************************************************
ok: [k8s-master-01] => (item=osh-comp-01)
ok: [k8s-master-01] => (item=osh-comp-02)
ok: [k8s-master-01] => (item=osh-comp-03)

TASK [rook_ceph_deploy : Check for cached Helm binary on the control node] *********************************************************************************
ok: [k8s-master-01 -> localhost]

TASK [rook_ceph_deploy : Install Helm on primary control-plane node from cache] ****************************************************************************
ok: [k8s-master-01]

TASK [rook_ceph_deploy : Install Helm on primary control-plane node from upstream] *************************************************************************
skipping: [k8s-master-01]

TASK [rook_ceph_deploy : Check for cached Rook chart tarballs] *********************************************************************************************
ok: [k8s-master-01]

TASK [rook_ceph_deploy : Add Rook chart repository] ********************************************************************************************************
skipping: [k8s-master-01]

TASK [rook_ceph_deploy : Update Helm repositories] *********************************************************************************************************
skipping: [k8s-master-01]

TASK [rook_ceph_deploy : Create rook-ceph namespace] *******************************************************************************************************
ok: [k8s-master-01]

TASK [rook_ceph_deploy : Install Rook-Ceph operator via Helm] **********************************************************************************************
ok: [k8s-master-01]

TASK [rook_ceph_deploy : Wait for Rook operator to become ready] *******************************************************************************************
ok: [k8s-master-01]

TASK [rook_ceph_deploy : Render CephCluster manifest] ******************************************************************************************************
ok: [k8s-master-01]

TASK [rook_ceph_deploy : Apply CephCluster CR] *************************************************************************************************************
ok: [k8s-master-01]

TASK [rook_ceph_deploy : Render Rook toolbox manifest] *****************************************************************************************************
changed: [k8s-master-01]

TASK [rook_ceph_deploy : Apply Rook toolbox Deployment] ****************************************************************************************************
ok: [k8s-master-01]

TASK [rook_ceph_deploy : Wait for the Rook toolbox deployment to be ready] *********************************************************************************
FAILED - RETRYING: [k8s-master-01]: Wait for the Rook toolbox deployment to be ready (12 retries left).
FAILED - RETRYING: [k8s-master-01]: Wait for the Rook toolbox deployment to be ready (11 retries left).
FAILED - RETRYING: [k8s-master-01]: Wait for the Rook toolbox deployment to be ready (10 retries left).
FAILED - RETRYING: [k8s-master-01]: Wait for the Rook toolbox deployment to be ready (9 retries left).
FAILED - RETRYING: [k8s-master-01]: Wait for the Rook toolbox deployment to be ready (8 retries left).
FAILED - RETRYING: [k8s-master-01]: Wait for the Rook toolbox deployment to be ready (7 retries left).
FAILED - RETRYING: [k8s-master-01]: Wait for the Rook toolbox deployment to be ready (6 retries left).
FAILED - RETRYING: [k8s-master-01]: Wait for the Rook toolbox deployment to be ready (5 retries left).
FAILED - RETRYING: [k8s-master-01]: Wait for the Rook toolbox deployment to be ready (4 retries left).
FAILED - RETRYING: [k8s-master-01]: Wait for the Rook toolbox deployment to be ready (3 retries left).
FAILED - RETRYING: [k8s-master-01]: Wait for the Rook toolbox deployment to be ready (2 retries left).
FAILED - RETRYING: [k8s-master-01]: Wait for the Rook toolbox deployment to be ready (1 retries left).
fatal: [k8s-master-01]: FAILED! => {"attempts": 12, "changed": false, "cmd": ["kubectl", "-n", "rook-ceph", "rollout", "status", "deployment/rook-ceph-tools", "--timeout=120s"], "delta": "0:00:00.259277", "end": "2026-09-19 01:29:30.726864", "msg": "non-zero return code", "rc": 1, "start": "2026-09-19 01:29:30.467587", "stderr": "error: deployment \"rook-ceph-tools\" exceeded its progress deadline", "stderr_lines": ["error: deployment \"rook-ceph-tools\" exceeded its progress deadline"], "stdout": "", "stdout_lines": []}

PLAY RECAP *************************************************************************************************************************************************
k8s-master-01              : ok=11   changed=1    unreachable=0    failed=1    skipped=3    rescued=0    ignored=0

(venv) nh1221@Lab-ControlNode:/mnt/c/Users/nh1221/dc_lab/clab/sonic-clab$ ANSIBLE_CONFIG=$PWD/ansible.cfg ansible-playbook -i inventory.yml playbooks/metallb.yml

PLAY [Deploy MetalLB (controller-only IPAM; node FRR advertises the VIPs)] *********************************************************************************

TASK [metallb_deploy : Check for cached Helm binary on the control node] ***********************************************************************************
ok: [k8s-master-01 -> localhost]

TASK [metallb_deploy : Ensure Helm is present on primary control-plane node from cache] ********************************************************************
ok: [k8s-master-01]

TASK [metallb_deploy : Ensure Helm is present on primary control-plane node from upstream] *****************************************************************
skipping: [k8s-master-01]

TASK [metallb_deploy : Check for cached MetalLB chart tarball] *********************************************************************************************
ok: [k8s-master-01]

TASK [metallb_deploy : Add MetalLB chart repository] *******************************************************************************************************
skipping: [k8s-master-01]

TASK [metallb_deploy : Update Helm repositories] ***********************************************************************************************************
skipping: [k8s-master-01]

TASK [metallb_deploy : Create MetalLB namespace] ***********************************************************************************************************
ok: [k8s-master-01]

TASK [metallb_deploy : Install MetalLB via Helm (controller-only, speaker disabled)] ***********************************************************************
ok: [k8s-master-01]

TASK [metallb_deploy : Collect MetalLB controller diagnostics when the install did not settle] *************************************************************
ok: [k8s-master-01]

TASK [metallb_deploy : Assert MetalLB installed successfully] **********************************************************************************************
fatal: [k8s-master-01]: FAILED! => {
    "assertion": "mlb_install.rc == 0",
    "changed": false,
    "evaluated_to": false,
    "msg": "MetalLB helm install did not settle (rc=1, stderr='Error: UPGRADE FAILED: context deadline exceeded'). \"context deadline exceeded\" means the metallb-controller pod never became Ready within 300s. If the pod has NO IP / stays ContainerCreating, the primary CNI (Calico) is unhealthy — fix Calico first (playbooks/calico-post-deploy.yml) and confirm `kubectl -n kube-system rollout status ds/calico-node`. If the pod HAS an IP but the controller container is CrashLoopBackOff, read the container logs below (it usually cannot reach the kube-apiserver ClusterIP, i.e. kube-proxy / service routing, or the webhook cert secret is stale). Diagnostics: ### metallb-system pods:\nNAME                                 READY   STATUS             RESTARTS         AGE    IP               NODE          NOMINATED NODE   READINESS GATES\nmetallb-controller-5b67b77ff-hptns   0/1     CrashLoopBackOff   52 (4m11s ago)   4h7m   10.233.115.128   osh-comp-02   <none>           <none>\n### describe metallb-controller (tail):\n  Service Account:  metallb-controller\n  Containers:\n   controller:\n    Image:       quay.io/metallb/controller:v0.14.9\n    Ports:       7472/TCP (monitoring), 9443/TCP (webhook-server)\n    Host Ports:  0/TCP (monitoring), 0/TCP (webhook-server)\n    Args:\n      --port=7472\n      --log-level=info\n      --tls-min-version=VersionTLS12\n    Liveness:     http-get http://:monitoring/metrics delay=10s timeout=1s period=10s #success=1 #failure=3\n    Readiness:    http-get http://:monitoring/metrics delay=10s timeout=1s period=10s #success=1 #failure=3\n    Environment:  <none>\n    Mounts:\n      /tmp/k8s-webhook-server/serving-certs from cert (ro)\n  Volumes:\n   cert:\n    Type:          Secret (a volume populated by a Secret)\n    SecretName:    metallb-webhook-cert\n    Optional:      false\n  Node-Selectors:  kubernetes.io/os=linux\n  Tolerations:     <none>\nConditions:\n  Type           Status  Reason\n  ----           ------  ------\n  Available      False   MinimumReplicasUnavailable\n  Progressing    False   ProgressDeadlineExceeded\nOldReplicaSets:  <none>\nNewReplicaSet:   metallb-controller-5b67b77ff (1/1 replicas created)\nEvents:          <none>\n    Mounts:\n      /tmp/k8s-webhook-server/serving-certs from cert (ro)\n      /var/run/secrets/kubernetes.io/serviceaccount from kube-api-access-4wkls (ro)\nConditions:\n  Type                        Status\n  PodReadyToStartContainers   True \n  Initialized                 True \n  Ready                       False \n  ContainersReady             False \n  PodScheduled                True \nVolumes:\n  cert:\n    Type:        Secret (a volume populated by a Secret)\n    SecretName:  metallb-webhook-cert\n    Optional:    false\n  kube-api-access-4wkls:\n    Type:                    Projected (a volume that contains injected data from multiple sources)\n    TokenExpirationSeconds:  3607\n    ConfigMapName:           kube-root-ca.crt\n    Optional:                false\n    DownwardAPI:             true\nQoS Class:                   BestEffort\nNode-Selectors:              kubernetes.io/os=linux\nTolerations:                 node.kubernetes.io/not-ready:NoExecute op=Exists for 300s\n                             node.kubernetes.io/unreachable:NoExecute op=Exists for 300s\nEvents:\n  Type     Reason   Age                    From     Message\n  ----     ------   ----                   ----     -------\n  Normal   Pulled   4m13s (x75 over 4h7m)  kubelet  spec.containers{controller}: Container image \"quay.io/metallb/controller:v0.14.9\" already present on machine and can be accessed by the pod\n  Warning  BackOff  102s (x246 over 4h7m)  kubelet  spec.containers{controller}: Back-off restarting failed container controller in pod metallb-controller-5b67b77ff-hptns_metallb-system(6b3b3029-31ec-4a5c-ab5f-67c2fe343688)\n### metallb-controller current logs (tail):\n### metallb-controller previous (crashed) logs (tail):\n### recent metallb-system events:\nLAST SEEN   TYPE      REASON    OBJECT                                   MESSAGE\n4m14s       Normal    Pulled    pod/metallb-controller-5b67b77ff-hptns   Container image \"quay.io/metallb/controller:v0.14.9\" already present on machine and can be accessed by the pod\n103s        Warning   BackOff   pod/metallb-controller-5b67b77ff-hptns   Back-off restarting failed container controller in pod metallb-controller-5b67b77ff-hptns_metallb-system(6b3b3029-31ec-4a5c-ab5f-67c2fe343688)"
}

PLAY RECAP *************************************************************************************************************************************************
k8s-master-01              : ok=6    changed=0    unreachable=0    failed=1    skipped=3    rescued=0    ignored=0

(venv) nh1221@Lab-ControlNode:/mnt/c/Users/nh1221/dc_lab/clab/sonic-clab$
