(venv) nh1221@Lab-ControlNode:/mnt/c/Users/nh1221/dc_lab/clab/sonic-clab$ ANSIBLE_CONFIG=$PWD/ansible.cfg ansible-playbook -i inventory.yml playbooks/rook-ceph.yml

PLAY [Deploy Rook-Ceph on Kubernetes cluster] **************************************************************************************************************

TASK [Label Ceph OSD nodes] ********************************************************************************************************************************
ok: [k8s-master-01] => (item=osh-comp-01)
ok: [k8s-master-01] => (item=osh-comp-02)
ok: [k8s-master-01] => (item=osh-comp-03)

TASK [rook_ceph_deploy : Check for cached Helm binary on the control node] *********************************************************************************
ok: [k8s-master-01 -> localhost]

TASK [rook_ceph_deploy : Install Helm on primary control-plane node from cache] ****************************************************************************
ok: [k8s-master-01]

TASK [rook_ceph_deploy : Install Helm on primary control-plane node from upstream] *************************************************************************
skipping: [k8s-master-01]

TASK [rook_ceph_deploy : Check for cached Rook chart tarballs] *********************************************************************************************
ok: [k8s-master-01]

TASK [rook_ceph_deploy : Add Rook chart repository] ********************************************************************************************************
skipping: [k8s-master-01]

TASK [rook_ceph_deploy : Update Helm repositories] *********************************************************************************************************
skipping: [k8s-master-01]

TASK [rook_ceph_deploy : Create rook-ceph namespace] *******************************************************************************************************
changed: [k8s-master-01]

TASK [rook_ceph_deploy : Install Rook-Ceph operator via Helm] **********************************************************************************************
ok: [k8s-master-01]

TASK [rook_ceph_deploy : Wait for Rook operator to become ready] *******************************************************************************************
ok: [k8s-master-01]

TASK [rook_ceph_deploy : Render CephCluster manifest] ******************************************************************************************************
changed: [k8s-master-01]

TASK [rook_ceph_deploy : Apply CephCluster CR] *************************************************************************************************************
ok: [k8s-master-01]

TASK [rook_ceph_deploy : Wait for Ceph cluster to reach HEALTH_OK (up to 10 minutes)] **********************************************************************
FAILED - RETRYING: [k8s-master-01]: Wait for Ceph cluster to reach HEALTH_OK (up to 10 minutes) (60 retries left).
FAILED - RETRYING: [k8s-master-01]: Wait for Ceph cluster to reach HEALTH_OK (up to 10 minutes) (59 retries left).
FAILED - RETRYING: [k8s-master-01]: Wait for Ceph cluster to reach HEALTH_OK (up to 10 minutes) (58 retries left).
FAILED - RETRYING: [k8s-master-01]: Wait for Ceph cluster to reach HEALTH_OK (up to 10 minutes) (57 retries left).
FAILED - RETRYING: [k8s-master-01]: Wait for Ceph cluster to reach HEALTH_OK (up to 10 minutes) (56 retries left).
FAILED - RETRYING: [k8s-master-01]: Wait for Ceph cluster to reach HEALTH_OK (up to 10 minutes) (55 retries left).
FAILED - RETRYING: [k8s-master-01]: Wait for Ceph cluster to reach HEALTH_OK (up to 10 minutes) (54 retries left).
FAILED - RETRYING: [k8s-master-01]: Wait for Ceph cluster to reach HEALTH_OK (up to 10 minutes) (53 retries left).
FAILED - RETRYING: [k8s-master-01]: Wait for Ceph cluster to reach HEALTH_OK (up to 10 minutes) (52 retries left).
FAILED - RETRYING: [k8s-master-01]: Wait for Ceph cluster to reach HEALTH_OK (up to 10 minutes) (51 retries left).
FAILED - RETRYING: [k8s-master-01]: Wait for Ceph cluster to reach HEALTH_OK (up to 10 minutes) (50 retries left).
FAILED - RETRYING: [k8s-master-01]: Wait for Ceph cluster to reach HEALTH_OK (up to 10 minutes) (49 retries left).
FAILED - RETRYING: [k8s-master-01]: Wait for Ceph cluster to reach HEALTH_OK (up to 10 minutes) (48 retries left).
FAILED - RETRYING: [k8s-master-01]: Wait for Ceph cluster to reach HEALTH_OK (up to 10 minutes) (47 retries left).
FAILED - RETRYING: [k8s-master-01]: Wait for Ceph cluster to reach HEALTH_OK (up to 10 minutes) (46 retries left).
FAILED - RETRYING: [k8s-master-01]: Wait for Ceph cluster to reach HEALTH_OK (up to 10 minutes) (45 retries left).
FAILED - RETRYING: [k8s-master-01]: Wait for Ceph cluster to reach HEALTH_OK (up to 10 minutes) (44 retries left).
FAILED - RETRYING: [k8s-master-01]: Wait for Ceph cluster to reach HEALTH_OK (up to 10 minutes) (43 retries left).
FAILED - RETRYING: [k8s-master-01]: Wait for Ceph cluster to reach HEALTH_OK (up to 10 minutes) (42 retries left).
FAILED - RETRYING: [k8s-master-01]: Wait for Ceph cluster to reach HEALTH_OK (up to 10 minutes) (41 retries left).
FAILED - RETRYING: [k8s-master-01]: Wait for Ceph cluster to reach HEALTH_OK (up to 10 minutes) (40 retries left).
FAILED - RETRYING: [k8s-master-01]: Wait for Ceph cluster to reach HEALTH_OK (up to 10 minutes) (39 retries left).
FAILED - RETRYING: [k8s-master-01]: Wait for Ceph cluster to reach HEALTH_OK (up to 10 minutes) (38 retries left).
FAILED - RETRYING: [k8s-master-01]: Wait for Ceph cluster to reach HEALTH_OK (up to 10 minutes) (37 retries left).
FAILED - RETRYING: [k8s-master-01]: Wait for Ceph cluster to reach HEALTH_OK (up to 10 minutes) (36 retries left).
FAILED - RETRYING: [k8s-master-01]: Wait for Ceph cluster to reach HEALTH_OK (up to 10 minutes) (35 retries left).
FAILED - RETRYING: [k8s-master-01]: Wait for Ceph cluster to reach HEALTH_OK (up to 10 minutes) (34 retries left).
FAILED - RETRYING: [k8s-master-01]: Wait for Ceph cluster to reach HEALTH_OK (up to 10 minutes) (33 retries left).
FAILED - RETRYING: [k8s-master-01]: Wait for Ceph cluster to reach HEALTH_OK (up to 10 minutes) (32 retries left).
FAILED - RETRYING: [k8s-master-01]: Wait for Ceph cluster to reach HEALTH_OK (up to 10 minutes) (31 retries left).
FAILED - RETRYING: [k8s-master-01]: Wait for Ceph cluster to reach HEALTH_OK (up to 10 minutes) (30 retries left).
FAILED - RETRYING: [k8s-master-01]: Wait for Ceph cluster to reach HEALTH_OK (up to 10 minutes) (29 retries left).
FAILED - RETRYING: [k8s-master-01]: Wait for Ceph cluster to reach HEALTH_OK (up to 10 minutes) (28 retries left).
FAILED - RETRYING: [k8s-master-01]: Wait for Ceph cluster to reach HEALTH_OK (up to 10 minutes) (27 retries left).
FAILED - RETRYING: [k8s-master-01]: Wait for Ceph cluster to reach HEALTH_OK (up to 10 minutes) (26 retries left).
FAILED - RETRYING: [k8s-master-01]: Wait for Ceph cluster to reach HEALTH_OK (up to 10 minutes) (25 retries left).
FAILED - RETRYING: [k8s-master-01]: Wait for Ceph cluster to reach HEALTH_OK (up to 10 minutes) (24 retries left).
FAILED - RETRYING: [k8s-master-01]: Wait for Ceph cluster to reach HEALTH_OK (up to 10 minutes) (23 retries left).
FAILED - RETRYING: [k8s-master-01]: Wait for Ceph cluster to reach HEALTH_OK (up to 10 minutes) (22 retries left).
FAILED - RETRYING: [k8s-master-01]: Wait for Ceph cluster to reach HEALTH_OK (up to 10 minutes) (21 retries left).
FAILED - RETRYING: [k8s-master-01]: Wait for Ceph cluster to reach HEALTH_OK (up to 10 minutes) (20 retries left).
FAILED - RETRYING: [k8s-master-01]: Wait for Ceph cluster to reach HEALTH_OK (up to 10 minutes) (19 retries left).
FAILED - RETRYING: [k8s-master-01]: Wait for Ceph cluster to reach HEALTH_OK (up to 10 minutes) (18 retries left).
FAILED - RETRYING: [k8s-master-01]: Wait for Ceph cluster to reach HEALTH_OK (up to 10 minutes) (17 retries left).
FAILED - RETRYING: [k8s-master-01]: Wait for Ceph cluster to reach HEALTH_OK (up to 10 minutes) (16 retries left).
FAILED - RETRYING: [k8s-master-01]: Wait for Ceph cluster to reach HEALTH_OK (up to 10 minutes) (15 retries left).
FAILED - RETRYING: [k8s-master-01]: Wait for Ceph cluster to reach HEALTH_OK (up to 10 minutes) (14 retries left).
FAILED - RETRYING: [k8s-master-01]: Wait for Ceph cluster to reach HEALTH_OK (up to 10 minutes) (13 retries left).
FAILED - RETRYING: [k8s-master-01]: Wait for Ceph cluster to reach HEALTH_OK (up to 10 minutes) (12 retries left).
FAILED - RETRYING: [k8s-master-01]: Wait for Ceph cluster to reach HEALTH_OK (up to 10 minutes) (11 retries left).
FAILED - RETRYING: [k8s-master-01]: Wait for Ceph cluster to reach HEALTH_OK (up to 10 minutes) (10 retries left).
FAILED - RETRYING: [k8s-master-01]: Wait for Ceph cluster to reach HEALTH_OK (up to 10 minutes) (9 retries left).
FAILED - RETRYING: [k8s-master-01]: Wait for Ceph cluster to reach HEALTH_OK (up to 10 minutes) (8 retries left).
FAILED - RETRYING: [k8s-master-01]: Wait for Ceph cluster to reach HEALTH_OK (up to 10 minutes) (7 retries left).
FAILED - RETRYING: [k8s-master-01]: Wait for Ceph cluster to reach HEALTH_OK (up to 10 minutes) (6 retries left).
FAILED - RETRYING: [k8s-master-01]: Wait for Ceph cluster to reach HEALTH_OK (up to 10 minutes) (5 retries left).
FAILED - RETRYING: [k8s-master-01]: Wait for Ceph cluster to reach HEALTH_OK (up to 10 minutes) (4 retries left).
FAILED - RETRYING: [k8s-master-01]: Wait for Ceph cluster to reach HEALTH_OK (up to 10 minutes) (3 retries left).
FAILED - RETRYING: [k8s-master-01]: Wait for Ceph cluster to reach HEALTH_OK (up to 10 minutes) (2 retries left).
FAILED - RETRYING: [k8s-master-01]: Wait for Ceph cluster to reach HEALTH_OK (up to 10 minutes) (1 retries left).
fatal: [k8s-master-01]: FAILED! => {"attempts": 60, "changed": false, "cmd": ["kubectl", "-n", "rook-ceph", "exec", "deploy/rook-ceph-tools", "--", "ceph", "status"], "delta": "0:00:22.668675", "end": "2026-09-18 22:42:45.492129", "msg": "non-zero return code", "rc": 1, "start": "2026-09-18 22:42:22.823454", "stderr": "Error from server (NotFound): deployments.apps \"rook-ceph-tools\" not found", "stderr_lines": ["Error from server (NotFound): deployments.apps \"rook-ceph-tools\" not found"], "stdout": "", "stdout_lines": []}

PLAY RECAP *************************************************************************************************************************************************
k8s-master-01              : ok=9    changed=2    unreachable=0    failed=1    skipped=3    rescued=0    ignored=0

(venv) nh1221@Lab-ControlNode:/mnt/c/Users/nh1221/dc_lab/clab/sonic-clab$
