PLAY [Invoke kubeadm and install a CNI] ****************************************
Thursday 17 September 2026  05:32:31 -0500 (0:00:21.449)       2:38:52.472 ****
Thursday 17 September 2026  05:32:32 -0500 (0:00:01.184)       2:38:53.657 ****

TASK [kubernetes/kubeadm_common : Kubeadm | List existing kubeadm patches] *****
ok: [k8s-master-02]
ok: [k8s-master-01]
ok: [k8s-master-03]
ok: [k8s-db-01]
ok: [k8s-db-02]
ok: [k8s-db-03]
ok: [osh-ctrl-02]
ok: [osh-ctrl-01]
ok: [osh-ctrl-03]
ok: [osh-net-01]
ok: [osh-net-02]
ok: [MonSrv]
ok: [osh-comp-01]
ok: [osh-comp-02]
ok: [osh-comp-03]
ok: [osh-comp-04]
Thursday 17 September 2026  05:33:03 -0500 (0:00:31.121)       2:39:24.779 ****
Thursday 17 September 2026  05:33:04 -0500 (0:00:00.731)       2:39:25.510 ****
Thursday 17 September 2026  05:33:06 -0500 (0:00:02.747)       2:39:28.258 ****

TASK [kubernetes/kubeadm : Set kubeadm_discovery_address] **********************
ok: [k8s-master-01]
ok: [k8s-master-02]
ok: [k8s-db-01]
ok: [k8s-master-03]
ok: [k8s-db-03]
ok: [k8s-db-02]
ok: [osh-ctrl-02]
ok: [osh-ctrl-01]
ok: [osh-ctrl-03]
ok: [osh-net-01]
ok: [MonSrv]
ok: [osh-net-02]
ok: [osh-comp-02]
ok: [osh-comp-01]
ok: [osh-comp-04]
ok: [osh-comp-03]
Thursday 17 September 2026  05:33:19 -0500 (0:00:12.232)       2:39:40.490 ****

TASK [kubernetes/kubeadm : Check if kubelet.conf exists] ***********************
ok: [k8s-master-01]
ok: [k8s-master-02]
ok: [k8s-master-03]
ok: [k8s-db-01]
ok: [k8s-db-02]
ok: [k8s-db-03]
ok: [osh-ctrl-01]
ok: [osh-ctrl-02]
ok: [osh-ctrl-03]
ok: [osh-net-01]
ok: [osh-net-02]
ok: [MonSrv]
ok: [osh-comp-01]
ok: [osh-comp-02]
ok: [osh-comp-03]
ok: [osh-comp-04]
Thursday 17 September 2026  05:33:47 -0500 (0:00:28.659)       2:40:09.150 ****

TASK [kubernetes/kubeadm : Check if kubeadm CA cert is accessible] *************
ok: [k8s-master-01]
Thursday 17 September 2026  05:33:49 -0500 (0:00:01.897)       2:40:11.048 ****

TASK [kubernetes/kubeadm : Fetch CA certificate from control plane node] *******
ok: [k8s-master-01]
Thursday 17 September 2026  05:33:51 -0500 (0:00:02.039)       2:40:13.088 ****

TASK [kubernetes/kubeadm : Create kubeadm token for joining nodes with 24h expiration (default)] ***
ok: [k8s-db-01 -> k8s-master-01(172.16.2.51)]
ok: [k8s-db-02 -> k8s-master-01(172.16.2.51)]
ok: [k8s-db-03 -> k8s-master-01(172.16.2.51)]
ok: [osh-ctrl-01 -> k8s-master-01(172.16.2.51)]
ok: [osh-ctrl-02 -> k8s-master-01(172.16.2.51)]
ok: [osh-ctrl-03 -> k8s-master-01(172.16.2.51)]
ok: [osh-net-01 -> k8s-master-01(172.16.2.51)]
ok: [osh-net-02 -> k8s-master-01(172.16.2.51)]
ok: [osh-comp-01 -> k8s-master-01(172.16.2.51)]
ok: [MonSrv -> k8s-master-01(172.16.2.51)]
ok: [osh-comp-02 -> k8s-master-01(172.16.2.51)]
ok: [osh-comp-03 -> k8s-master-01(172.16.2.51)]
ok: [osh-comp-04 -> k8s-master-01(172.16.2.51)]
Thursday 17 September 2026  05:34:17 -0500 (0:00:26.199)       2:40:39.287 ****

TASK [kubernetes/kubeadm : Set kubeadm_token to generated token] ***************
ok: [k8s-db-01]
ok: [k8s-db-02]
ok: [k8s-db-03]
ok: [osh-ctrl-01]
ok: [osh-ctrl-02]
ok: [osh-ctrl-03]
ok: [osh-net-01]
ok: [osh-net-02]
ok: [MonSrv]
ok: [osh-comp-01]
ok: [osh-comp-02]
ok: [osh-comp-03]
ok: [osh-comp-04]
Thursday 17 September 2026  05:34:22 -0500 (0:00:04.513)       2:40:43.801 ****
Thursday 17 September 2026  05:34:22 -0500 (0:00:00.446)       2:40:44.247 ****

TASK [kubernetes/kubeadm : Check if discovery kubeconfig exists] ***************
ok: [k8s-master-01]
ok: [k8s-master-02]
ok: [k8s-master-03]
ok: [k8s-db-01]
ok: [k8s-db-02]
ok: [k8s-db-03]
ok: [osh-ctrl-01]
ok: [osh-ctrl-02]
ok: [osh-ctrl-03]
ok: [osh-net-01]
ok: [osh-net-02]
ok: [MonSrv]
ok: [osh-comp-01]
ok: [osh-comp-02]
ok: [osh-comp-03]
ok: [osh-comp-04]
Thursday 17 September 2026  05:34:54 -0500 (0:00:31.537)       2:41:15.785 ****
Thursday 17 September 2026  05:34:54 -0500 (0:00:00.579)       2:41:16.364 ****

TASK [kubernetes/kubeadm : Create kubeadm client config] ***********************
changed: [k8s-db-01]
changed: [k8s-db-02]
changed: [osh-ctrl-01]
changed: [k8s-db-03]
changed: [osh-ctrl-02]
changed: [osh-ctrl-03]
changed: [osh-net-02]
changed: [osh-net-01]
changed: [MonSrv]
changed: [osh-comp-01]
changed: [osh-comp-02]
changed: [osh-comp-03]
changed: [osh-comp-04]
Thursday 17 September 2026  05:36:50 -0500 (0:01:56.000)       2:43:12.365 ****

TASK [kubernetes/kubeadm : Join to cluster if needed] **************************
changed: [k8s-db-01]
changed: [k8s-db-02]
changed: [k8s-db-03]
changed: [osh-ctrl-01]
changed: [osh-ctrl-02]
changed: [osh-ctrl-03]
changed: [osh-net-01]
changed: [MonSrv]
changed: [osh-net-02]
changed: [osh-comp-02]
changed: [osh-comp-01]
changed: [osh-comp-04]
changed: [osh-comp-03]
Thursday 17 September 2026  05:42:30 -0500 (0:05:39.248)       2:48:51.614 ****

TASK [kubernetes/kubeadm : Update server field in kubelet kubeconfig] **********
changed: [k8s-db-01]
changed: [k8s-db-02]
changed: [k8s-db-03]
changed: [osh-ctrl-01]
changed: [osh-ctrl-02]
changed: [osh-ctrl-03]
changed: [osh-net-01]
changed: [osh-net-02]
changed: [MonSrv]
changed: [osh-comp-01]
changed: [osh-comp-02]
changed: [osh-comp-03]
changed: [osh-comp-04]
Thursday 17 September 2026  05:43:18 -0500 (0:00:48.184)       2:49:39.798 ****
Thursday 17 September 2026  05:43:19 -0500 (0:00:01.277)       2:49:41.075 ****

TASK [kubernetes/kubeadm : Get current resourceVersion of kube-proxy configmap] ***
changed: [k8s-master-01]
Thursday 17 September 2026  05:43:24 -0500 (0:00:04.694)       2:49:45.770 ****

TASK [kubernetes/kubeadm : Update server field in kube-proxy kubeconfig] *******
changed: [k8s-master-01]
Thursday 17 September 2026  05:43:31 -0500 (0:00:07.565)       2:49:53.336 ****
Thursday 17 September 2026  05:43:33 -0500 (0:00:01.387)       2:49:54.723 ****

TASK [kubernetes/kubeadm : Get new resourceVersion of kube-proxy configmap] ****
changed: [k8s-master-01]
Thursday 17 September 2026  05:43:37 -0500 (0:00:04.097)       2:49:58.821 ****

TASK [kubernetes/kubeadm : Set ca.crt file permission] *************************
ok: [k8s-master-01]
ok: [k8s-master-02]
ok: [k8s-db-01]
ok: [k8s-master-03]
ok: [k8s-db-03]
ok: [k8s-db-02]
ok: [osh-ctrl-01]
ok: [osh-ctrl-02]
ok: [osh-ctrl-03]
ok: [osh-net-01]
ok: [MonSrv]
ok: [osh-net-02]
ok: [osh-comp-01]
ok: [osh-comp-02]
ok: [osh-comp-04]
ok: [osh-comp-03]
Thursday 17 September 2026  05:44:05 -0500 (0:00:27.698)       2:50:26.519 ****

TASK [kubernetes/kubeadm : Restart all kube-proxy pods to ensure that they load the new configmap] ***
changed: [k8s-master-01]
Thursday 17 September 2026  05:44:47 -0500 (0:00:42.321)       2:51:08.841 ****
Thursday 17 September 2026  05:44:48 -0500 (0:00:01.087)       2:51:09.928 ****

TASK [kubernetes/node-label : Kubernetes Apps | Wait for kube-apiserver] *******
ok: [k8s-master-01]
Thursday 17 September 2026  05:44:57 -0500 (0:00:09.242)       2:51:19.171 ****

TASK [kubernetes/node-label : Set role node label to empty list] ***************
ok: [k8s-master-01]
ok: [k8s-master-02]
ok: [k8s-master-03]
ok: [k8s-db-01]
ok: [k8s-db-02]
ok: [k8s-db-03]
ok: [osh-ctrl-01]
ok: [osh-ctrl-02]
ok: [osh-ctrl-03]
ok: [osh-net-01]
ok: [osh-net-02]
ok: [MonSrv]
ok: [osh-comp-01]
ok: [osh-comp-02]
ok: [osh-comp-03]
ok: [osh-comp-04]
Thursday 17 September 2026  05:45:00 -0500 (0:00:03.160)       2:51:22.331 ****
Thursday 17 September 2026  05:45:03 -0500 (0:00:02.137)       2:51:24.469 ****

TASK [kubernetes/node-label : Set inventory node label to empty list] **********
ok: [k8s-master-01]
ok: [k8s-master-02]
ok: [k8s-master-03]
ok: [k8s-db-01]
ok: [k8s-db-02]
ok: [k8s-db-03]
ok: [osh-ctrl-01]
ok: [osh-ctrl-02]
ok: [osh-ctrl-03]
ok: [osh-net-01]
ok: [osh-net-02]
ok: [MonSrv]
ok: [osh-comp-01]
ok: [osh-comp-02]
ok: [osh-comp-03]
ok: [osh-comp-04]
Thursday 17 September 2026  05:45:08 -0500 (0:00:05.308)       2:51:29.777 ****
Thursday 17 September 2026  05:45:10 -0500 (0:00:02.305)       2:51:32.082 ****

TASK [kubernetes/node-label : debug] *******************************************
ok: [k8s-master-01] => {
    "role_node_labels": []
}
ok: [k8s-master-02] => {
    "role_node_labels": []
}
ok: [k8s-master-03] => {
    "role_node_labels": []
}
ok: [k8s-db-01] => {
    "role_node_labels": []
}
ok: [k8s-db-02] => {
    "role_node_labels": []
}
ok: [k8s-db-03] => {
    "role_node_labels": []
}
ok: [osh-ctrl-01] => {
    "role_node_labels": []
}
ok: [osh-ctrl-02] => {
    "role_node_labels": []
}
ok: [osh-ctrl-03] => {
    "role_node_labels": []
}
ok: [osh-net-01] => {
    "role_node_labels": []
}
ok: [osh-net-02] => {
    "role_node_labels": []
}
ok: [MonSrv] => {
    "role_node_labels": []
}
ok: [osh-comp-01] => {
    "role_node_labels": []
}
ok: [osh-comp-02] => {
    "role_node_labels": []
}
ok: [osh-comp-03] => {
    "role_node_labels": []
}
ok: [osh-comp-04] => {
    "role_node_labels": []
}
Thursday 17 September 2026  05:45:15 -0500 (0:00:05.203)       2:51:37.286 ****

TASK [kubernetes/node-label : debug] *******************************************
ok: [k8s-master-01] => {
    "inventory_node_labels": []
}
ok: [k8s-master-02] => {
    "inventory_node_labels": []
}
ok: [k8s-master-03] => {
    "inventory_node_labels": []
}
ok: [k8s-db-01] => {
    "inventory_node_labels": []
}
ok: [k8s-db-02] => {
    "inventory_node_labels": []
}
ok: [k8s-db-03] => {
    "inventory_node_labels": []
}
ok: [osh-ctrl-01] => {
    "inventory_node_labels": []
}
ok: [osh-ctrl-02] => {
    "inventory_node_labels": []
}
ok: [osh-ctrl-03] => {
    "inventory_node_labels": []
}
ok: [osh-net-01] => {
    "inventory_node_labels": []
}
ok: [osh-net-02] => {
    "inventory_node_labels": []
}
ok: [MonSrv] => {
    "inventory_node_labels": []
}
ok: [osh-comp-01] => {
    "inventory_node_labels": []
}
ok: [osh-comp-02] => {
    "inventory_node_labels": []
}
ok: [osh-comp-03] => {
    "inventory_node_labels": []
}
ok: [osh-comp-04] => {
    "inventory_node_labels": []
}
Thursday 17 September 2026  05:45:20 -0500 (0:00:04.552)       2:51:41.838 ****
Thursday 17 September 2026  05:45:22 -0500 (0:00:01.590)       2:51:43.429 ****

TASK [kubernetes/node-taint : Set role and inventory node taint to empty list] ***
ok: [k8s-master-01]
ok: [k8s-master-02]
ok: [k8s-master-03]
ok: [k8s-db-01]
ok: [k8s-db-02]
ok: [k8s-db-03]
ok: [osh-ctrl-01]
ok: [osh-ctrl-02]
ok: [osh-ctrl-03]
ok: [osh-net-01]
ok: [osh-net-02]
ok: [MonSrv]
ok: [osh-comp-01]
ok: [osh-comp-02]
ok: [osh-comp-03]
ok: [osh-comp-04]
Thursday 17 September 2026  05:45:26 -0500 (0:00:04.685)       2:51:48.115 ****
Thursday 17 September 2026  05:45:29 -0500 (0:00:02.284)       2:51:50.400 ****

TASK [kubernetes/node-taint : Populate inventory node taint] *******************
ok: [k8s-master-01]
ok: [k8s-master-02]
ok: [k8s-master-03]
ok: [k8s-db-01]
ok: [k8s-db-02]
ok: [k8s-db-03]
ok: [osh-ctrl-01]
ok: [osh-ctrl-02]
ok: [osh-ctrl-03]
ok: [osh-net-01]
ok: [osh-net-02]
ok: [MonSrv]
ok: [osh-comp-01]
ok: [osh-comp-02]
ok: [osh-comp-03]
ok: [osh-comp-04]
Thursday 17 September 2026  05:45:35 -0500 (0:00:06.526)       2:51:56.926 ****

TASK [kubernetes/node-taint : debug] *******************************************
ok: [k8s-master-01] => {
    "role_node_taints": []
}
ok: [k8s-master-02] => {
    "role_node_taints": []
}
ok: [k8s-master-03] => {
    "role_node_taints": []
}
ok: [k8s-db-01] => {
    "role_node_taints": []
}
ok: [k8s-db-02] => {
    "role_node_taints": []
}
ok: [k8s-db-03] => {
    "role_node_taints": []
}
ok: [osh-ctrl-01] => {
    "role_node_taints": []
}
ok: [osh-ctrl-02] => {
    "role_node_taints": []
}
ok: [osh-ctrl-03] => {
    "role_node_taints": []
}
ok: [osh-net-01] => {
    "role_node_taints": []
}
ok: [osh-net-02] => {
    "role_node_taints": []
}
ok: [MonSrv] => {
    "role_node_taints": []
}
ok: [osh-comp-01] => {
    "role_node_taints": []
}
ok: [osh-comp-02] => {
    "role_node_taints": []
}
ok: [osh-comp-03] => {
    "role_node_taints": []
}
ok: [osh-comp-04] => {
    "role_node_taints": []
}
Thursday 17 September 2026  05:45:39 -0500 (0:00:04.115)       2:52:01.042 ****

TASK [kubernetes/node-taint : debug] *******************************************
ok: [k8s-master-01] => {
    "inventory_node_taints": []
}
ok: [k8s-master-02] => {
    "inventory_node_taints": []
}
ok: [k8s-master-03] => {
    "inventory_node_taints": []
}
ok: [k8s-db-01] => {
    "inventory_node_taints": []
}
ok: [k8s-db-02] => {
    "inventory_node_taints": []
}
ok: [k8s-db-03] => {
    "inventory_node_taints": []
}
ok: [osh-ctrl-01] => {
    "inventory_node_taints": []
}
ok: [osh-ctrl-02] => {
    "inventory_node_taints": []
}
ok: [osh-ctrl-03] => {
    "inventory_node_taints": []
}
ok: [osh-net-01] => {
    "inventory_node_taints": []
}
ok: [osh-net-02] => {
    "inventory_node_taints": []
}
ok: [MonSrv] => {
    "inventory_node_taints": []
}
ok: [osh-comp-01] => {
    "inventory_node_taints": []
}
ok: [osh-comp-02] => {
    "inventory_node_taints": []
}
ok: [osh-comp-03] => {
    "inventory_node_taints": []
}
ok: [osh-comp-04] => {
    "inventory_node_taints": []
}
Thursday 17 September 2026  05:45:44 -0500 (0:00:04.830)       2:52:05.873 ****
Thursday 17 September 2026  05:45:47 -0500 (0:00:02.726)       2:52:08.599 ****
Thursday 17 September 2026  05:45:47 -0500 (0:00:00.731)       2:52:09.330 ****
Thursday 17 September 2026  05:45:48 -0500 (0:00:00.911)       2:52:10.242 ****
Thursday 17 September 2026  05:45:49 -0500 (0:00:00.943)       2:52:11.186 ****
Thursday 17 September 2026  05:45:51 -0500 (0:00:01.303)       2:52:12.490 ****
Thursday 17 September 2026  05:45:51 -0500 (0:00:00.755)       2:52:13.246 ****
Thursday 17 September 2026  05:45:53 -0500 (0:00:01.794)       2:52:15.040 ****

TASK [Container Network Interface plugin] **************************************
included: network_plugin/cni for k8s-master-01, k8s-master-02, k8s-master-03, k8s-db-01, k8s-db-02, k8s-db-03, osh-ctrl-01, osh-ctrl-02, osh-ctrl-03, osh-net-01, osh-net-02, MonSrv, osh-comp-01, osh-comp-02, osh-comp-03, osh-comp-04
Thursday 17 September 2026  05:45:54 -0500 (0:00:01.150)       2:52:16.191 ****

TASK [network_plugin/cni : CNI | make sure /opt/cni/bin exists] ****************
ok: [k8s-master-02]
ok: [k8s-master-01]
ok: [k8s-db-01]
ok: [k8s-master-03]
ok: [k8s-db-02]
ok: [k8s-db-03]
ok: [osh-ctrl-01]
ok: [osh-ctrl-02]
ok: [osh-ctrl-03]
ok: [osh-net-01]
ok: [osh-net-02]
ok: [MonSrv]
ok: [osh-comp-01]
ok: [osh-comp-02]
ok: [osh-comp-03]
ok: [osh-comp-04]
Thursday 17 September 2026  05:46:21 -0500 (0:00:27.039)       2:52:43.230 ****

TASK [network_plugin/cni : CNI | Copy cni plugins] *****************************
changed: [k8s-master-02]
changed: [k8s-master-01]
changed: [k8s-master-03]
changed: [k8s-db-01]
changed: [k8s-db-03]
changed: [k8s-db-02]
changed: [osh-ctrl-02]
changed: [osh-ctrl-01]
changed: [osh-ctrl-03]
changed: [osh-net-01]
changed: [osh-net-02]
changed: [MonSrv]
changed: [osh-comp-01]
changed: [osh-comp-02]
changed: [osh-comp-03]
changed: [osh-comp-04]
Thursday 17 September 2026  05:48:41 -0500 (0:02:20.109)       2:55:03.340 ****

TASK [Network plugin] **********************************************************
included: network_plugin/calico for k8s-master-01, k8s-master-02, k8s-master-03, k8s-db-01, k8s-db-02, k8s-db-03, osh-ctrl-01, osh-ctrl-02, osh-ctrl-03, osh-net-01, osh-net-02, MonSrv, osh-comp-01, osh-comp-02, osh-comp-03, osh-comp-04
Thursday 17 September 2026  05:48:43 -0500 (0:00:01.625)       2:55:04.965 ****

TASK [network_plugin/calico : Slurp CNI config] ********************************
ok: [k8s-master-01]
ok: [k8s-master-02]
ok: [k8s-master-03]
ok: [k8s-db-01]
ok: [k8s-db-03]
ok: [k8s-db-02]
ok: [osh-ctrl-01]
ok: [osh-ctrl-02]
ok: [osh-ctrl-03]
ok: [osh-net-01]
ok: [osh-net-02]
ok: [MonSrv]
ok: [osh-comp-01]
ok: [osh-comp-02]
ok: [osh-comp-03]
ok: [osh-comp-04]
Thursday 17 September 2026  05:49:21 -0500 (0:00:37.538)       2:55:42.503 ****
Thursday 17 September 2026  05:49:23 -0500 (0:00:02.264)       2:55:44.767 ****
Thursday 17 September 2026  05:49:25 -0500 (0:00:02.170)       2:55:46.937 ****

TASK [network_plugin/calico : Calico | Gather os specific variables] ***********
ok: [k8s-master-01] => (item=/opt/fabric-cache/repos/kubespray/roles/network_plugin/calico/vars/debian.yml)
ok: [k8s-master-02] => (item=/opt/fabric-cache/repos/kubespray/roles/network_plugin/calico/vars/debian.yml)
ok: [k8s-master-03] => (item=/opt/fabric-cache/repos/kubespray/roles/network_plugin/calico/vars/debian.yml)
ok: [k8s-db-01] => (item=/opt/fabric-cache/repos/kubespray/roles/network_plugin/calico/vars/debian.yml)
ok: [k8s-db-02] => (item=/opt/fabric-cache/repos/kubespray/roles/network_plugin/calico/vars/debian.yml)
ok: [k8s-db-03] => (item=/opt/fabric-cache/repos/kubespray/roles/network_plugin/calico/vars/debian.yml)
ok: [osh-ctrl-01] => (item=/opt/fabric-cache/repos/kubespray/roles/network_plugin/calico/vars/debian.yml)
ok: [osh-ctrl-02] => (item=/opt/fabric-cache/repos/kubespray/roles/network_plugin/calico/vars/debian.yml)
ok: [osh-ctrl-03] => (item=/opt/fabric-cache/repos/kubespray/roles/network_plugin/calico/vars/debian.yml)
ok: [osh-net-01] => (item=/opt/fabric-cache/repos/kubespray/roles/network_plugin/calico/vars/debian.yml)
ok: [osh-net-02] => (item=/opt/fabric-cache/repos/kubespray/roles/network_plugin/calico/vars/debian.yml)
ok: [MonSrv] => (item=/opt/fabric-cache/repos/kubespray/roles/network_plugin/calico/vars/debian.yml)
ok: [osh-comp-01] => (item=/opt/fabric-cache/repos/kubespray/roles/network_plugin/calico/vars/debian.yml)
ok: [osh-comp-02] => (item=/opt/fabric-cache/repos/kubespray/roles/network_plugin/calico/vars/debian.yml)
ok: [osh-comp-03] => (item=/opt/fabric-cache/repos/kubespray/roles/network_plugin/calico/vars/debian.yml)
ok: [osh-comp-04] => (item=/opt/fabric-cache/repos/kubespray/roles/network_plugin/calico/vars/debian.yml)
Thursday 17 September 2026  05:49:32 -0500 (0:00:06.734)       2:55:53.672 ****
Thursday 17 September 2026  05:49:33 -0500 (0:00:01.021)       2:55:54.693 ****

TASK [network_plugin/calico : Calico install] **********************************
included: /opt/fabric-cache/repos/kubespray/roles/network_plugin/calico/tasks/install.yml for k8s-master-01, k8s-master-02, k8s-master-03, k8s-db-01, k8s-db-02, k8s-db-03, osh-ctrl-01, osh-ctrl-02, osh-ctrl-03, osh-net-01, osh-net-02, MonSrv, osh-comp-01, osh-comp-02, osh-comp-03, osh-comp-04
Thursday 17 September 2026  05:49:34 -0500 (0:00:01.426)       2:55:56.119 ****
Thursday 17 September 2026  05:49:35 -0500 (0:00:00.849)       2:55:56.969 ****

TASK [network_plugin/calico : Calico | Copy calicoctl binary from download dir] ***
changed: [k8s-master-01]
changed: [k8s-master-02]
changed: [k8s-master-03]
changed: [k8s-db-01]
changed: [k8s-db-02]
changed: [k8s-db-03]
changed: [osh-ctrl-01]
changed: [osh-ctrl-02]
changed: [osh-ctrl-03]
changed: [osh-net-01]
changed: [osh-net-02]
changed: [MonSrv]
changed: [osh-comp-01]
changed: [osh-comp-02]
changed: [osh-comp-03]
changed: [osh-comp-04]
Thursday 17 September 2026  05:51:08 -0500 (0:01:33.377)       2:57:30.347 ****
Thursday 17 September 2026  05:51:09 -0500 (0:00:00.624)       2:57:30.971 ****
Thursday 17 September 2026  05:51:10 -0500 (0:00:00.716)       2:57:31.688 ****
Thursday 17 September 2026  05:51:11 -0500 (0:00:00.797)       2:57:32.485 ****
Thursday 17 September 2026  05:51:12 -0500 (0:00:00.896)       2:57:33.381 ****

TASK [network_plugin/calico : Calico | Install calicoctl wrapper script] *******
changed: [k8s-master-02]
changed: [k8s-master-01]
changed: [k8s-db-01]
changed: [k8s-master-03]
changed: [k8s-db-02]
changed: [k8s-db-03]
changed: [osh-ctrl-02]
changed: [osh-ctrl-01]
changed: [osh-ctrl-03]
changed: [osh-net-01]
changed: [osh-net-02]
changed: [MonSrv]
changed: [osh-comp-01]
changed: [osh-comp-02]
changed: [osh-comp-03]
changed: [osh-comp-04]
Thursday 17 September 2026  05:52:51 -0500 (0:01:39.414)       2:59:12.796 ****
Thursday 17 September 2026  05:52:51 -0500 (0:00:00.053)       2:59:12.850 ****

TASK [network_plugin/calico : Calico | Check if calico network pool has already been configured] ***
ok: [k8s-master-01]
Thursday 17 September 2026  05:52:54 -0500 (0:00:02.847)       2:59:15.697 ****
Thursday 17 September 2026  05:52:54 -0500 (0:00:00.598)       2:59:16.296 ****
Thursday 17 September 2026  05:52:55 -0500 (0:00:00.603)       2:59:16.900 ****
Thursday 17 September 2026  05:52:56 -0500 (0:00:00.848)       2:59:17.748 ****

TASK [network_plugin/calico : Calico | Create calico manifests for kdd] ********
changed: [k8s-master-01]
changed: [k8s-master-02]
changed: [k8s-master-03]
Thursday 17 September 2026  05:53:09 -0500 (0:00:13.083)       2:59:30.831 ****

TASK [network_plugin/calico : Calico | Create Calico Kubernetes datastore resources] ***
ok: [k8s-master-01]
Thursday 17 September 2026  05:53:27 -0500 (0:00:18.230)       2:59:49.062 ****

TASK [network_plugin/calico : Calico | Get existing FelixConfiguration] ********
fatal: [k8s-master-01]: FAILED! => {"changed": false, "cmd": ["/usr/local/bin/calicoctl.sh", "get", "felixconfig", "default", "-o", "json"], "delta": "0:00:00.220991", "end": "2026-09-17 12:53:29.935719", "msg": "non-zero return code", "rc": 1, "start": "2026-09-17 12:53:29.714728", "stderr": "resource does not exist: FelixConfiguration(default) with error: felixconfigurations.crd.projectcalico.org \"default\" not found", "stderr_lines": ["resource does not exist: FelixConfiguration(default) with error: felixconfigurations.crd.projectcalico.org \"default\" not found"], "stdout": "null", "stdout_lines": ["null"]}
...ignoring
Thursday 17 September 2026  05:53:29 -0500 (0:00:02.274)       2:59:51.337 ****

TASK [network_plugin/calico : Calico | Set kubespray FelixConfiguration] *******
ok: [k8s-master-01]
Thursday 17 September 2026  05:53:30 -0500 (0:00:00.684)       2:59:52.022 ****
Thursday 17 September 2026  05:53:31 -0500 (0:00:00.910)       2:59:52.932 ****

TASK [network_plugin/calico : Calico | Configure calico FelixConfiguration] ****
ok: [k8s-master-01]
Thursday 17 September 2026  05:53:36 -0500 (0:00:04.983)       2:59:57.915 ****

TASK [network_plugin/calico : Calico | Get existing calico network pool] *******
fatal: [k8s-master-01]: FAILED! => {"changed": false, "cmd": ["/usr/local/bin/calicoctl.sh", "get", "ippool", "default-ipv4-ippool", "-o", "json"], "delta": "0:00:00.161765", "end": "2026-09-17 12:53:38.839203", "msg": "non-zero return code", "rc": 1, "start": "2026-09-17 12:53:38.677438", "stderr": "resource does not exist: IPPool(default-ipv4-ippool) with error: ippools.crd.projectcalico.org \"default-ipv4-ippool\" not found", "stderr_lines": ["resource does not exist: IPPool(default-ipv4-ippool) with error: ippools.crd.projectcalico.org \"default-ipv4-ippool\" not found"], "stdout": "null", "stdout_lines": ["null"]}
...ignoring
Thursday 17 September 2026  05:53:38 -0500 (0:00:02.305)       3:00:00.221 ****

TASK [network_plugin/calico : Calico | Set kubespray calico network pool] ******
ok: [k8s-master-01]
Thursday 17 September 2026  05:53:39 -0500 (0:00:01.007)       3:00:01.228 ****
Thursday 17 September 2026  05:53:40 -0500 (0:00:00.864)       3:00:02.093 ****
Thursday 17 September 2026  05:53:41 -0500 (0:00:00.918)       3:00:03.012 ****

TASK [network_plugin/calico : Calico | Configure calico network pool] **********
ok: [k8s-master-01]
Thursday 17 September 2026  05:53:44 -0500 (0:00:03.030)       3:00:06.042 ****
Thursday 17 September 2026  05:53:45 -0500 (0:00:00.712)       3:00:06.755 ****
Thursday 17 September 2026  05:53:46 -0500 (0:00:00.894)       3:00:07.650 ****
Thursday 17 September 2026  05:53:47 -0500 (0:00:00.866)       3:00:08.516 ****
Thursday 17 September 2026  05:53:48 -0500 (0:00:00.871)       3:00:09.388 ****
Thursday 17 September 2026  05:53:48 -0500 (0:00:00.830)       3:00:10.219 ****
Thursday 17 September 2026  05:53:48 -0500 (0:00:00.064)       3:00:10.283 ****
Thursday 17 September 2026  05:53:48 -0500 (0:00:00.064)       3:00:10.348 ****
Thursday 17 September 2026  05:53:49 -0500 (0:00:00.631)       3:00:10.980 ****

TASK [network_plugin/calico : Calico | Get existing BGP Configuration] *********
fatal: [k8s-master-01]: FAILED! => {"changed": false, "cmd": ["/usr/local/bin/calicoctl.sh", "get", "bgpconfig", "default", "-o", "json"], "delta": "0:00:00.163276", "end": "2026-09-17 12:53:52.135693", "msg": "non-zero return code", "rc": 1, "start": "2026-09-17 12:53:51.972417", "stderr": "resource does not exist: BGPConfiguration(default) with error: bgpconfigurations.crd.projectcalico.org \"default\" not found", "stderr_lines": ["resource does not exist: BGPConfiguration(default) with error: bgpconfigurations.crd.projectcalico.org \"default\" not found"], "stdout": "null", "stdout_lines": ["null"]}
...ignoring
Thursday 17 September 2026  05:53:52 -0500 (0:00:02.559)       3:00:13.540 ****

TASK [network_plugin/calico : Calico | Set kubespray BGP Configuration] ********
ok: [k8s-master-01]
Thursday 17 September 2026  05:53:53 -0500 (0:00:00.991)       3:00:14.531 ****
Thursday 17 September 2026  05:53:54 -0500 (0:00:01.020)       3:00:15.551 ****

TASK [network_plugin/calico : Calico | Set up BGP Configuration] ***************
ok: [k8s-master-01]
Thursday 17 September 2026  05:53:58 -0500 (0:00:03.980)       3:00:19.531 ****

TASK [network_plugin/calico : Calico | Create calico manifests] ****************
changed: [k8s-master-02] => (item={'name': 'calico-config', 'file': 'calico-config.yml', 'type': 'cm'})
changed: [k8s-master-01] => (item={'name': 'calico-config', 'file': 'calico-config.yml', 'type': 'cm'})
changed: [k8s-master-02] => (item={'name': 'calico-node', 'file': 'calico-node.yml', 'type': 'ds'})
changed: [k8s-master-01] => (item={'name': 'calico-node', 'file': 'calico-node.yml', 'type': 'ds'})
changed: [k8s-master-01] => (item={'name': 'calico', 'file': 'calico-node-sa.yml', 'type': 'sa'})
changed: [k8s-master-02] => (item={'name': 'calico', 'file': 'calico-node-sa.yml', 'type': 'sa'})
changed: [k8s-master-02] => (item={'name': 'calico', 'file': 'calico-cr.yml', 'type': 'clusterrole'})
changed: [k8s-master-01] => (item={'name': 'calico', 'file': 'calico-cr.yml', 'type': 'clusterrole'})
changed: [k8s-master-02] => (item={'name': 'calico', 'file': 'calico-crb.yml', 'type': 'clusterrolebinding'})
changed: [k8s-master-01] => (item={'name': 'calico', 'file': 'calico-crb.yml', 'type': 'clusterrolebinding'})
changed: [k8s-master-02] => (item={'name': 'kubernetes-services-endpoint', 'file': 'kubernetes-services-endpoint.yml', 'type': 'cm'})
changed: [k8s-master-01] => (item={'name': 'kubernetes-services-endpoint', 'file': 'kubernetes-services-endpoint.yml', 'type': 'cm'})
changed: [k8s-master-03] => (item={'name': 'calico-config', 'file': 'calico-config.yml', 'type': 'cm'})
changed: [k8s-master-03] => (item={'name': 'calico-node', 'file': 'calico-node.yml', 'type': 'ds'})
changed: [k8s-master-03] => (item={'name': 'calico', 'file': 'calico-node-sa.yml', 'type': 'sa'})
changed: [k8s-master-03] => (item={'name': 'calico', 'file': 'calico-cr.yml', 'type': 'clusterrole'})
changed: [k8s-master-03] => (item={'name': 'calico', 'file': 'calico-crb.yml', 'type': 'clusterrolebinding'})
changed: [k8s-master-03] => (item={'name': 'kubernetes-services-endpoint', 'file': 'kubernetes-services-endpoint.yml', 'type': 'cm'})
Thursday 17 September 2026  05:56:01 -0500 (0:02:03.099)       3:02:22.630 ****
Thursday 17 September 2026  05:56:01 -0500 (0:00:00.673)       3:02:23.304 ****
Thursday 17 September 2026  05:56:02 -0500 (0:00:00.780)       3:02:24.084 ****
Thursday 17 September 2026  05:56:03 -0500 (0:00:00.737)       3:02:24.822 ****
Thursday 17 September 2026  05:56:04 -0500 (0:00:00.993)       3:02:25.815 ****

TASK [network_plugin/calico : Start Calico resources] **************************
ok: [k8s-master-01] => (item=calico-config.yml)
ok: [k8s-master-01] => (item=calico-node.yml)
ok: [k8s-master-01] => (item=calico-node-sa.yml)
failed: [k8s-master-01] (item=calico-cr.yml) => {"ansible_loop_var": "item", "changed": false, "item": {"ansible_loop_var": "item", "changed": true, "checksum": "c7f48c948eaee04d12bdac998ef6ee3e9b029322", "dest": "/etc/kubernetes/calico-cr.yml", "diff": [], "failed": false, "gid": 0, "group": "root", "invocation": {"module_args": {"_original_basename": "calico-cr.yml.j2", "attributes": null, "backup": false, "checksum": "c7f48c948eaee04d12bdac998ef6ee3e9b029322", "content": null, "dest": "/etc/kubernetes/calico-cr.yml", "directory_mode": null, "follow": false, "force": true, "group": null, "local_follow": null, "mode": "0644", "owner": null, "remote_src": null, "selevel": null, "serole": null, "setype": null, "seuser": null, "src": "/home/ubuntu/.ansible/tmp/ansible-tmp-1789642471.3584542-353556-74810561591104/.source.yml", "unsafe_writes": false, "validate": null}}, "item": {"file": "calico-cr.yml", "name": "calico", "type": "clusterrole"}, "md5sum": "5bd7d79a982ac5176cd8655d520c349a", "mode": "0644", "owner": "root", "size": 4995, "src": "/home/ubuntu/.ansible/tmp/ansible-tmp-1789642471.3584542-353556-74810561591104/.source.yml", "state": "file", "uid": 0}, "msg": "error running kubectl (/usr/local/bin/kubectl --namespace=kube-system apply --force --filename=/etc/kubernetes/calico-cr.yml) command (rc=1), out='clusterrole.rbac.authorization.k8s.io/calico-cni-plugin created\nclusterrole.rbac.authorization.k8s.io/calico-node created\n', err='Error from server (Timeout): error when retrieving current configuration of:\nResource: \"rbac.authorization.k8s.io/v1, Resource=clusterroles\", GroupVersionKind: \"rbac.authorization.k8s.io/v1, Kind=ClusterRole\"\nName: \"calico-tier-getter\", Namespace: \"\"\nfrom server for: \"/etc/kubernetes/calico-cr.yml\": the server was unable to return a response in the time allotted, but may still be processing the request (get clusterroles.rbac.authorization.k8s.io calico-tier-getter)\n'"}
failed: [k8s-master-01] (item=calico-crb.yml) => {"ansible_loop_var": "item", "changed": false, "item": {"ansible_loop_var": "item", "changed": true, "checksum": "54d455a8f2c3917674d17afcdec55dc029e45fd8", "dest": "/etc/kubernetes/calico-crb.yml", "diff": [], "failed": false, "gid": 0, "group": "root", "invocation": {"module_args": {"_original_basename": "calico-crb.yml.j2", "attributes": null, "backup": false, "checksum": "54d455a8f2c3917674d17afcdec55dc029e45fd8", "content": null, "dest": "/etc/kubernetes/calico-crb.yml", "directory_mode": null, "follow": false, "force": true, "group": null, "local_follow": null, "mode": "0644", "owner": null, "remote_src": null, "selevel": null, "serole": null, "setype": null, "seuser": null, "src": "/home/ubuntu/.ansible/tmp/ansible-tmp-1789642480.0879753-353556-89154421764715/.source.yml", "unsafe_writes": false, "validate": null}}, "item": {"file": "calico-crb.yml", "name": "calico", "type": "clusterrolebinding"}, "md5sum": "b5af15d2dc5e87a9c2526844951adc28", "mode": "0644", "owner": "root", "size": 851, "src": "/home/ubuntu/.ansible/tmp/ansible-tmp-1789642480.0879753-353556-89154421764715/.source.yml", "state": "file", "uid": 0}, "msg": "error running kubectl (/usr/local/bin/kubectl --namespace=kube-system apply --force --filename=/etc/kubernetes/calico-crb.yml) command (rc=1), out='', err='error when retrieving current configuration of:\nResource: \"rbac.authorization.k8s.io/v1, Resource=clusterrolebindings\", GroupVersionKind: \"rbac.authorization.k8s.io/v1, Kind=ClusterRoleBinding\"\nName: \"calico-node\", Namespace: \"\"\nfrom server for: \"/etc/kubernetes/calico-crb.yml\": Get \"https://10.0.10.1:6443/apis/rbac.authorization.k8s.io/v1/clusterrolebindings/calico-node\": dial tcp 10.0.10.1:6443: connect: connection refused - error from a previous attempt: unexpected EOF\nerror when retrieving current configuration of:\nResource: \"rbac.authorization.k8s.io/v1, Resource=clusterrolebindings\", GroupVersionKind: \"rbac.authorization.k8s.io/v1, Kind=ClusterRoleBinding\"\nName: \"calico-cni-plugin\", Namespace: \"\"\nfrom server for: \"/etc/kubernetes/calico-crb.yml\": Get \"https://10.0.10.1:6443/apis/rbac.authorization.k8s.io/v1/clusterrolebindings/calico-cni-plugin\": dial tcp 10.0.10.1:6443: connect: connection refused\nerror when retrieving current configuration of:\nResource: \"rbac.authorization.k8s.io/v1, Resource=clusterrolebindings\", GroupVersionKind: \"rbac.authorization.k8s.io/v1, Kind=ClusterRoleBinding\"\nName: \"calico-tier-getter\", Namespace: \"\"\nfrom server for: \"/etc/kubernetes/calico-crb.yml\": Get \"https://10.0.10.1:6443/apis/rbac.authorization.k8s.io/v1/clusterrolebindings/calico-tier-getter\": dial tcp 10.0.10.1:6443: connect: connection refused\n'"}
failed: [k8s-master-01] (item=kubernetes-services-endpoint.yml) => {"ansible_loop_var": "item", "changed": false, "item": {"ansible_loop_var": "item", "changed": true, "checksum": "cd945115aafb5711c1f67ce78fd27f12deeccd90", "dest": "/etc/kubernetes/kubernetes-services-endpoint.yml", "diff": [], "failed": false, "gid": 0, "group": "root", "invocation": {"module_args": {"_original_basename": "kubernetes-services-endpoint.yml.j2", "attributes": null, "backup": false, "checksum": "cd945115aafb5711c1f67ce78fd27f12deeccd90", "content": null, "dest": "/etc/kubernetes/kubernetes-services-endpoint.yml", "directory_mode": null, "follow": false, "force": true, "group": null, "local_follow": null, "mode": "0644", "owner": null, "remote_src": null, "selevel": null, "serole": null, "setype": null, "seuser": null, "src": "/home/ubuntu/.ansible/tmp/ansible-tmp-1789642490.285795-353556-175453078625852/.source.yml", "unsafe_writes": false, "validate": null}}, "item": {"file": "kubernetes-services-endpoint.yml", "name": "kubernetes-services-endpoint", "type": "cm"}, "md5sum": "e0901b0d5c8cfb3a8a16d191be4ce4e8", "mode": "0644", "owner": "root", "size": 186, "src": "/home/ubuntu/.ansible/tmp/ansible-tmp-1789642490.285795-353556-175453078625852/.source.yml", "state": "file", "uid": 0}, "msg": "error running kubectl (/usr/local/bin/kubectl --namespace=kube-system apply --force --filename=/etc/kubernetes/kubernetes-services-endpoint.yml) command (rc=1), out='', err='error: error validating \"/etc/kubernetes/kubernetes-services-endpoint.yml\": error validating data: failed to download openapi: Get \"https://10.0.10.1:6443/openapi/v2?timeout=32s\": dial tcp 10.0.10.1:6443: connect: connection refused; if you choose to ignore these errors, turn validation off with --validate=false\n'"}

PLAY RECAP *********************************************************************
MonSrv                     : ok=388  changed=17   unreachable=0    failed=0    skipped=421  rescued=0    ignored=0
k8s-db-01                  : ok=446  changed=22   unreachable=0    failed=0    skipped=468  rescued=0    ignored=0
k8s-db-02                  : ok=439  changed=22   unreachable=0    failed=0    skipped=457  rescued=0    ignored=0
k8s-db-03                  : ok=439  changed=22   unreachable=0    failed=0    skipped=457  rescued=0    ignored=0
k8s-master-01              : ok=515  changed=37   unreachable=0    failed=1    skipped=596  rescued=0    ignored=3
k8s-master-02              : ok=476  changed=32   unreachable=0    failed=0    skipped=541  rescued=0    ignored=0
k8s-master-03              : ok=478  changed=33   unreachable=0    failed=0    skipped=539  rescued=0    ignored=0
osh-comp-01                : ok=388  changed=17   unreachable=0    failed=0    skipped=421  rescued=0    ignored=0
osh-comp-02                : ok=388  changed=17   unreachable=0    failed=0    skipped=421  rescued=0    ignored=0
osh-comp-03                : ok=388  changed=17   unreachable=0    failed=0    skipped=421  rescued=0    ignored=0
osh-comp-04                : ok=388  changed=17   unreachable=0    failed=0    skipped=421  rescued=0    ignored=0
osh-ctrl-01                : ok=388  changed=17   unreachable=0    failed=0    skipped=421  rescued=0    ignored=0
osh-ctrl-02                : ok=388  changed=18   unreachable=0    failed=0    skipped=421  rescued=0    ignored=0
osh-ctrl-03                : ok=388  changed=17   unreachable=0    failed=0    skipped=421  rescued=0    ignored=0
osh-net-01                 : ok=388  changed=17   unreachable=0    failed=0    skipped=421  rescued=0    ignored=0
osh-net-02                 : ok=388  changed=17   unreachable=0    failed=0    skipped=421  rescued=0    ignored=0

Thursday 17 September 2026  05:58:49 -0500 (0:02:44.568)       3:05:10.384 ****
===============================================================================
container-engine/containerd : Containerd | Write hosts.toml file ------ 446.36s
kubernetes/kubeadm : Join to cluster if needed ------------------------ 339.25s
etcd : Gen_certs | Write etcd member/admin and kube_control_plane client certs to other etcd nodes - 191.40s
network_plugin/calico : Start Calico resources ------------------------ 164.57s
kubernetes/control-plane : Joining control plane node to the cluster. - 152.10s
download : Download | Download files / images ------------------------- 141.47s
network_plugin/cni : CNI | Copy cni plugins --------------------------- 140.11s
container-engine/containerd : Containerd | Create registry directories - 125.55s
network_plugin/calico : Calico | Create calico manifests -------------- 123.10s
container-engine/crictl : Extract_file | Unpacking archive ------------ 122.69s
container-engine/nerdctl : Extract_file | Unpacking archive ----------- 117.65s
kubernetes/kubeadm : Create kubeadm client config --------------------- 116.00s
kubernetes/node : Modprobe Kernel Module for IPVS --------------------- 114.12s
kubernetes/preinstall : Ensure kubelet expected parameters are set ---- 113.62s
kubernetes/node : Write kubelet config file --------------------------- 109.64s
container-engine/containerd : Containerd | Unpack containerd archive -- 104.85s
network_plugin/calico : Calico | Install calicoctl wrapper script ------ 99.41s
container-engine/containerd : Download_file | Download item ------------ 96.34s
container-engine/runc : Download_file | Download item ------------------ 94.90s
network_plugin/calico : Calico | Copy calicoctl binary from download dir -- 93.38s
kubespray-inner-20260917-025327.log


ubuntu@k8s-master-01:~$ 
ubuntu@k8s-master-01:~$ ls -al /etc/cni
total 16
drwxr-xr-x 3 kube root 4096 Sep 16 19:31 .
drwxr-xr-x 1 root root 4096 Sep 17 06:16 ..
drwxr-xr-x 2 kube root 4096 Sep 16 19:31 net.d
ubuntu@k8s-master-01:~$ ls -al /etc/cni/net.d/
total 8
drwxr-xr-x 2 kube root 4096 Sep 16 19:31 .
drwxr-xr-x 3 kube root 4096 Sep 16 19:31 ..
ubuntu@k8s-master-01:~$ 
ubuntu@k8s-master-01:~$ 
ubuntu@k8s-master-01:~$ ls -al /opt/cni/bin
total 231320
drwxr-xr-x 2 kube root     4096 Sep 17 13:38 .
drwxr-xr-x 3 kube root     4096 Sep 16 19:31 ..
-rwxr-xr-x 1 kube root    11357 Mar 16  2026 LICENSE
-rwxr-xr-x 1 kube root     2343 Mar 16  2026 README.md
-rwxr-xr-x 1 root root  4438342 Sep 17 13:10 bandwidth
-rwxr-xr-x 1 kube root  5698763 Mar 16  2026 bridge
-rwxr-xr-x 1 root root 68833735 Sep 17 13:12 calico
-rwxr-xr-x 1 root root 68833735 Sep 17 13:12 calico-ipam
-rwxr-xr-x 1 kube root 13725422 Mar 16  2026 dhcp
-rwxr-xr-x 1 kube root  5251069 Mar 16  2026 dummy
-rwxr-xr-x 1 kube root  5702145 Mar 16  2026 firewall
-rwxr-xr-x 1 root root  2789927 Sep 17 13:13 flannel
-rwxr-xr-x 1 kube root  5159967 Mar 16  2026 host-device
-rwxr-xr-x 1 root root  3938771 Sep 17 13:13 host-local
-rwxr-xr-x 1 kube root  5274322 Mar 16  2026 ipvlan
-rwxr-xr-x 1 root root  4010150 Sep 17 13:13 loopback
-rwxr-xr-x 1 kube root  5307111 Mar 16  2026 macvlan
-rwxr-xr-x 1 root root  4494056 Sep 17 13:13 portmap
-rwxr-xr-x 1 kube root  5475470 Mar 16  2026 ptp
-rwxr-xr-x 1 kube root  4525826 Mar 16  2026 sbr
-rwxr-xr-x 1 kube root  3776708 Mar 16  2026 static
-rwxr-xr-x 1 kube root  5453308 Mar 16  2026 tap
-rwxr-xr-x 1 root root  4160022 Sep 17 13:13 tuning
-rwxr-xr-x 1 kube root  5267679 Mar 16  2026 vlan
-rwxr-xr-x 1 kube root  4685012 Mar 16  2026 vrf
ubuntu@k8s-master-01:~$ 
ubuntu@k8s-master-01:~$ 
ubuntu@k8s-master-01:~$ 
ubuntu@k8s-master-01:~$ 
ubuntu@k8s-master-01:~$ ls -al /etc/cni
total 16
drwxr-xr-x 3 root root 4096 Sep 16 19:31 .
drwxr-xr-x 1 root root 4096 Sep 17 06:16 ..
drwxr-xr-x 2 root root 4096 Sep 16 19:31 net.d
ubuntu@k8s-master-01:~$ ls -al /etc/cni/net.d/
total 8
drwxr-xr-x 2 root root 4096 Sep 16 19:31 .
drwxr-xr-x 3 root root 4096 Sep 16 19:31 ..
ubuntu@k8s-master-01:~$ ls -al /opt/cni/bin
total 231320
drwxr-xr-x 2 root root     4096 Sep 17 13:54 .
drwxr-xr-x 3 root root     4096 Sep 16 19:31 ..
-rwxr-xr-x 1 root root    11357 Mar 16  2026 LICENSE
-rwxr-xr-x 1 root root     2343 Mar 16  2026 README.md
-rwxr-xr-x 1 root root  4438342 Sep 17 13:10 bandwidth
-rwxr-xr-x 1 root root  5698763 Mar 16  2026 bridge
-rwxr-xr-x 1 root root 68833735 Sep 17 13:12 calico
-rwxr-xr-x 1 root root 68833735 Sep 17 13:12 calico-ipam
-rwxr-xr-x 1 root root 13725422 Mar 16  2026 dhcp
-rwxr-xr-x 1 root root  5251069 Mar 16  2026 dummy
-rwxr-xr-x 1 root root  5702145 Mar 16  2026 firewall
-rwxr-xr-x 1 root root  2789927 Sep 17 13:13 flannel
-rwxr-xr-x 1 root root  5159967 Mar 16  2026 host-device
-rwxr-xr-x 1 root root  3938771 Sep 17 13:13 host-local
-rwxr-xr-x 1 root root  5274322 Mar 16  2026 ipvlan
-rwxr-xr-x 1 root root  4010150 Sep 17 13:13 loopback
-rwxr-xr-x 1 root root  5307111 Mar 16  2026 macvlan
-rwxr-xr-x 1 root root  4494056 Sep 17 13:13 portmap
-rwxr-xr-x 1 root root  5475470 Mar 16  2026 ptp
-rwxr-xr-x 1 root root  4525826 Mar 16  2026 sbr
-rwxr-xr-x 1 root root  3776708 Mar 16  2026 static
-rwxr-xr-x 1 root root  5453308 Mar 16  2026 tap
-rwxr-xr-x 1 root root  4160022 Sep 17 13:13 tuning
-rwxr-xr-x 1 root root  5267679 Mar 16  2026 vlan
-rwxr-xr-x 1 root root  4685012 Mar 16  2026 vrf
ubuntu@k8s-master-01:~$ 


C:\Users\nh1221>kubectl get nodes -o wide --kubeconfig=.kube/config
NAME            STATUS     ROLES           AGE   VERSION   INTERNAL-IP   EXTERNAL-IP   OS-IMAGE           KERNEL-VERSION     CONTAINER-RUNTIME
k8s-db-01       NotReady   <none>          44m   v1.35.4   10.0.10.2     <none>        Ubuntu 26.04 LTS   7.0.0-28-generic   containerd://2.2.3
k8s-db-02       NotReady   <none>          44m   v1.35.4   10.0.20.2     <none>        Ubuntu 26.04 LTS   7.0.0-28-generic   containerd://2.2.3
k8s-db-03       NotReady   <none>          44m   v1.35.4   10.0.30.2     <none>        Ubuntu 26.04 LTS   7.0.0-28-generic   containerd://2.2.3
k8s-master-01   NotReady   control-plane   57m   v1.35.4   10.0.10.1     <none>        Ubuntu 26.04 LTS   7.0.0-28-generic   containerd://2.2.3
k8s-master-02   NotReady   control-plane   53m   v1.35.4   10.0.20.1     <none>        Ubuntu 26.04 LTS   7.0.0-28-generic   containerd://2.2.3
k8s-master-03   NotReady   control-plane   52m   v1.35.4   10.0.30.1     <none>        Ubuntu 26.04 LTS   7.0.0-28-generic   containerd://2.2.3
monsrv          NotReady   <none>          42m   v1.35.4   10.0.30.4     <none>        Ubuntu 26.04 LTS   7.0.0-28-generic   containerd://2.2.3
osh-comp-01     NotReady   <none>          40m   v1.35.4   10.0.10.5     <none>        Ubuntu 26.04 LTS   7.0.0-28-generic   containerd://2.2.3
osh-comp-02     NotReady   <none>          41m   v1.35.4   10.0.20.5     <none>        Ubuntu 26.04 LTS   7.0.0-28-generic   containerd://2.2.3
osh-comp-03     NotReady   <none>          39m   v1.35.4   10.0.30.5     <none>        Ubuntu 26.04 LTS   7.0.0-28-generic   containerd://2.2.3
osh-comp-04     NotReady   <none>          39m   v1.35.4   10.0.10.6     <none>        Ubuntu 26.04 LTS   7.0.0-28-generic   containerd://2.2.3
osh-ctrl-01     NotReady   <none>          42m   v1.35.4   10.0.10.3     <none>        Ubuntu 26.04 LTS   7.0.0-28-generic   containerd://2.2.3
osh-ctrl-02     NotReady   <none>          42m   v1.35.4   10.0.20.3     <none>        Ubuntu 26.04 LTS   7.0.0-28-generic   containerd://2.2.3
osh-ctrl-03     NotReady   <none>          42m   v1.35.4   10.0.30.3     <none>        Ubuntu 26.04 LTS   7.0.0-28-generic   containerd://2.2.3
osh-net-01      NotReady   <none>          42m   v1.35.4   10.0.10.4     <none>        Ubuntu 26.04 LTS   7.0.0-28-generic   containerd://2.2.3
osh-net-02      NotReady   <none>          42m   v1.35.4   10.0.20.4     <none>        Ubuntu 26.04 LTS   7.0.0-28-generic   containerd://2.2.3

C:\Users\nh1221># This flushes containerd memory on your master nodes and database workers simultaneously
'#' is not recognized as an internal or external command,
operable program or batch file.

C:\Users\nh1221>echo "172.16.2.51 172.16.2.61 172.16.2.71 172.16.2.52 172.16.2.62 172.16.2.72" | xargs -n 1 -P 6 -I {} ssh -o StrictHostKeyChecking=no -J nh1221@172.16.2.1 ubuntu@{} "sudo systemctl restart containerd"
'xargs' is not recognized as an internal or external command,
operable program or batch file.

C:\Users\nh1221>kubectl get nodes --kubeconfig=.kube/config
NAME            STATUS     ROLES           AGE   VERSION
k8s-db-01       NotReady   <none>          55m   v1.35.4
k8s-db-02       NotReady   <none>          55m   v1.35.4
k8s-db-03       NotReady   <none>          55m   v1.35.4
k8s-master-01   NotReady   control-plane   67m   v1.35.4
k8s-master-02   NotReady   control-plane   63m   v1.35.4
k8s-master-03   NotReady   control-plane   62m   v1.35.4
monsrv          NotReady   <none>          52m   v1.35.4
osh-comp-01     NotReady   <none>          51m   v1.35.4
osh-comp-02     NotReady   <none>          51m   v1.35.4
osh-comp-03     NotReady   <none>          49m   v1.35.4
osh-comp-04     NotReady   <none>          49m   v1.35.4
osh-ctrl-01     NotReady   <none>          52m   v1.35.4
osh-ctrl-02     NotReady   <none>          52m   v1.35.4
osh-ctrl-03     NotReady   <none>          52m   v1.35.4
osh-net-01      NotReady   <none>          52m   v1.35.4
osh-net-02      NotReady   <none>          52m   v1.35.4

C:\Users\nh1221>kubectl get nodes --kubeconfig=.kube/config
NAME            STATUS     ROLES           AGE   VERSION
k8s-db-01       NotReady   <none>          58m   v1.35.4
k8s-db-02       NotReady   <none>          58m   v1.35.4
k8s-db-03       NotReady   <none>          58m   v1.35.4
k8s-master-01   NotReady   control-plane   70m   v1.35.4
k8s-master-02   NotReady   control-plane   67m   v1.35.4
k8s-master-03   NotReady   control-plane   66m   v1.35.4
monsrv          NotReady   <none>          56m   v1.35.4
osh-comp-01     NotReady   <none>          54m   v1.35.4
osh-comp-02     NotReady   <none>          54m   v1.35.4
osh-comp-03     NotReady   <none>          53m   v1.35.4
osh-comp-04     NotReady   <none>          53m   v1.35.4
osh-ctrl-01     NotReady   <none>          56m   v1.35.4
osh-ctrl-02     NotReady   <none>          56m   v1.35.4
osh-ctrl-03     NotReady   <none>          56m   v1.35.4
osh-net-01      NotReady   <none>          56m   v1.35.4
osh-net-02      NotReady   <none>          56m   v1.35.4

C:\Users\nh1221>kubectl describe pod -n kube-system calico-node-4w7dj --kubeconfig=.kube/config
Name:                 calico-node-4w7dj
Namespace:            kube-system
Priority:             2000001000
Priority Class Name:  system-node-critical
Node:                 osh-comp-02/10.0.20.5
Start Time:           Thu, 17 Sep 2026 05:56:15 -0500
Labels:               controller-revision-hash=7495496786
                      k8s-app=calico-node
                      pod-template-generation=1
Annotations:          <none>
Status:               Pending
IP:                   10.0.20.5
IPs:
  IP:           10.0.20.5
Controlled By:  DaemonSet/calico-node
Init Containers:
  upgrade-ipam:
    Container ID:  containerd://fa0c562ee1b6ccf48bce2e9557655a0a438868aff505d7b44b2526aa79ab08d9
    Image:         172.16.2.1:5000/calico/cni:v3.29.2
    Image ID:      sha256:cda13293c895a8a3b06c1e190b70fb6fe61036db2e59764036fc6e65ec374693
    Port:          <none>
    Host Port:     <none>
    Command:
      /opt/cni/bin/calico-ipam
      -upgrade
    State:          Terminated
      Reason:       Completed
      Exit Code:    0
      Started:      Thu, 17 Sep 2026 06:00:36 -0500
      Finished:     Thu, 17 Sep 2026 06:00:36 -0500
    Ready:          True
    Restart Count:  1
    Environment Variables from:
      kubernetes-services-endpoint  ConfigMap  Optional: true
    Environment:
      KUBERNETES_NODE_NAME:        (v1:spec.nodeName)
      CALICO_NETWORKING_BACKEND:  <set to the key 'calico_backend' of config map 'calico-config'>  Optional: false
    Mounts:
      /host/opt/cni/bin from cni-bin-dir (rw)
      /var/lib/cni/networks from host-local-net-dir (rw)
      /var/run/secrets/kubernetes.io/serviceaccount from kube-api-access-j64wx (ro)
  install-cni:
    Container ID:  containerd://8582b94d9b2de28132fd1c151c65208d746f48eefd05edad9028574b4a20e855
    Image:         172.16.2.1:5000/calico/cni:v3.29.2
    Image ID:      sha256:cda13293c895a8a3b06c1e190b70fb6fe61036db2e59764036fc6e65ec374693
    Port:          <none>
    Host Port:     <none>
    Command:
      /opt/cni/bin/install
    State:          Terminated
      Reason:       Error
      Exit Code:    1
      Started:      Thu, 17 Sep 2026 06:40:06 -0500
      Finished:     Thu, 17 Sep 2026 06:40:07 -0500
    Last State:     Terminated
      Reason:       Error
      Exit Code:    1
      Started:      Thu, 17 Sep 2026 06:34:49 -0500
      Finished:     Thu, 17 Sep 2026 06:34:50 -0500
    Ready:          False
    Restart Count:  12
    Environment Variables from:
      kubernetes-services-endpoint  ConfigMap  Optional: true
    Environment:
      CNI_NETWORK_CONFIG:    <set to the key 'cni_network_config' of config map 'calico-config'>  Optional: false
      CNI_CONF_NAME:         10-calico.conflist
      SLEEP:                 false
      KUBERNETES_NODE_NAME:   (v1:spec.nodeName)
    Mounts:
      /host/etc/cni/net.d from cni-net-dir (rw)
      /host/opt/cni/bin from cni-bin-dir (rw)
      /var/run/secrets/kubernetes.io/serviceaccount from kube-api-access-j64wx (ro)
  mount-bpffs:
    Container ID:
    Image:         172.16.2.1:5000/calico/node:v3.29.2
    Image ID:
    Port:          <none>
    Host Port:     <none>
    Command:
      calico-node
      -init
      -best-effort
    State:          Waiting
      Reason:       PodInitializing
    Ready:          False
    Restart Count:  0
    Environment:    <none>
    Mounts:
      /nodeproc from nodeproc (ro)
      /sys/fs from sys-fs (rw)
      /var/run/calico from var-run-calico (rw)
      /var/run/secrets/kubernetes.io/serviceaccount from kube-api-access-j64wx (ro)
Containers:
  calico-node:
    Container ID:
    Image:          172.16.2.1:5000/calico/node:v3.29.2
    Image ID:
    Port:           <none>
    Host Port:      <none>
    State:          Waiting
      Reason:       PodInitializing
    Ready:          False
    Restart Count:  0
    Limits:
      memory:  500M
    Requests:
      cpu:      150m
      memory:   64M
    Liveness:   exec [/bin/calico-node -felix-live] delay=10s timeout=10s period=10s #success=1 #failure=6
    Readiness:  exec [/bin/calico-node -felix-ready] delay=0s timeout=10s period=10s #success=1 #failure=6
    Environment Variables from:
      kubernetes-services-endpoint  ConfigMap  Optional: true
    Environment:
      DATASTORE_TYPE:                         kubernetes
      WAIT_FOR_DATASTORE:                     true
      CALICO_NETWORKING_BACKEND:              <set to the key 'calico_backend' of config map 'calico-config'>  Optional: false
      CLUSTER_TYPE:                           k8s,bgp
      CALICO_K8S_NODE_REF:                     (v1:spec.nodeName)
      CALICO_DISABLE_FILE_LOGGING:            true
      FELIX_DEFAULTENDPOINTTOHOSTACTION:      RETURN
      FELIX_HEALTHHOST:                       localhost
      FELIX_IPTABLESBACKEND:                  Auto
      FELIX_IPTABLESLOCKTIMEOUTSECS:          10
      CALICO_IPV4POOL_IPIP:                   Off
      CALICO_IPV4POOL_VXLAN:                  Never
      FELIX_IPV6SUPPORT:                      False
      FELIX_LOGSEVERITYSCREEN:                info
      CALICO_STARTUP_LOGLEVEL:                error
      FELIX_USAGEREPORTINGENABLED:            False
      FELIX_NFTABLESMODE:                     Disabled
      FELIX_CHAININSERTMODE:                  Insert
      FELIX_PROMETHEUSMETRICSENABLED:         False
      FELIX_PROMETHEUSMETRICSPORT:            9091
      FELIX_PROMETHEUSGOMETRICSENABLED:       True
      FELIX_PROMETHEUSPROCESSMETRICSENABLED:  True
      NODEIP:                                  (v1:status.hostIP)
      IP_AUTODETECTION_METHOD:                can-reach=$(NODEIP)
      IP:                                     autodetect
      NODENAME:                                (v1:spec.nodeName)
      FELIX_HEALTHENABLED:                    true
      FELIX_IGNORELOOSERPF:                   False
      CALICO_MANAGE_CNI:                      true
      IP_AUTODETECTION_METHOD:                interface=ens2
    Mounts:
      /host/etc/cni/net.d from cni-net-dir (rw)
      /lib/modules from lib-modules (ro)
      /run/xtables.lock from xtables-lock (rw)
      /sys/fs/bpf from bpffs (rw)
      /var/lib/calico from var-lib-calico (rw)
      /var/log/calico/cni from cni-log-dir (ro)
      /var/run/calico from var-run-calico (rw)
      /var/run/nodeagent from policysync (rw)
      /var/run/secrets/kubernetes.io/serviceaccount from kube-api-access-j64wx (ro)
Conditions:
  Type                        Status
  PodReadyToStartContainers   True
  Initialized                 False
  Ready                       False
  ContainersReady             False
  PodScheduled                True
Volumes:
  lib-modules:
    Type:          HostPath (bare host directory volume)
    Path:          /lib/modules
    HostPathType:
  var-run-calico:
    Type:          HostPath (bare host directory volume)
    Path:          /var/run/calico
    HostPathType:  DirectoryOrCreate
  var-lib-calico:
    Type:          HostPath (bare host directory volume)
    Path:          /var/lib/calico
    HostPathType:  DirectoryOrCreate
  cni-net-dir:
    Type:          HostPath (bare host directory volume)
    Path:          /etc/cni/net.d
    HostPathType:
  cni-bin-dir:
    Type:          HostPath (bare host directory volume)
    Path:          /opt/cni/bin
    HostPathType:  DirectoryOrCreate
  xtables-lock:
    Type:          HostPath (bare host directory volume)
    Path:          /run/xtables.lock
    HostPathType:  FileOrCreate
  host-local-net-dir:
    Type:          HostPath (bare host directory volume)
    Path:          /var/lib/cni/networks
    HostPathType:
  sys-fs:
    Type:          HostPath (bare host directory volume)
    Path:          /sys/fs/
    HostPathType:  DirectoryOrCreate
  bpffs:
    Type:          HostPath (bare host directory volume)
    Path:          /sys/fs/bpf
    HostPathType:  Directory
  nodeproc:
    Type:          HostPath (bare host directory volume)
    Path:          /proc
    HostPathType:
  cni-log-dir:
    Type:          HostPath (bare host directory volume)
    Path:          /var/log/calico/cni
    HostPathType:
  policysync:
    Type:          HostPath (bare host directory volume)
    Path:          /var/run/nodeagent
    HostPathType:  DirectoryOrCreate
  kube-api-access-j64wx:
    Type:                    Projected (a volume that contains injected data from multiple sources)
    TokenExpirationSeconds:  3607
    ConfigMapName:           kube-root-ca.crt
    ConfigMapOptional:       <nil>
    DownwardAPI:             true
QoS Class:                   Burstable
Node-Selectors:              kubernetes.io/os=linux
Tolerations:                 :NoScheduleop=Exists
                             :NoExecuteop=Exists
                             CriticalAddonsOnly op=Exists
                             node.kubernetes.io/disk-pressure:NoSchedule op=Exists
                             node.kubernetes.io/memory-pressure:NoSchedule op=Exists
                             node.kubernetes.io/network-unavailable:NoSchedule op=Exists
                             node.kubernetes.io/not-ready:NoExecute op=Exists
                             node.kubernetes.io/pid-pressure:NoSchedule op=Exists
                             node.kubernetes.io/unreachable:NoExecute op=Exists
                             node.kubernetes.io/unschedulable:NoSchedule op=Exists
Events:
  Type     Reason     Age                 From               Message
  ----     ------     ----                ----               -------
  Normal   Scheduled  44m                 default-scheduler  Successfully assigned kube-system/calico-node-4w7dj to osh-comp-02
  Normal   Pulled     43m                 kubelet            Container image "172.16.2.1:5000/calico/cni:v3.29.2" already present on machine and can be accessed by the pod
  Warning  Failed     37m                 kubelet            Error: failed to reserve container name "install-cni_calico-node-4w7dj_kube-system_d4adaef1-2446-4595-aba8-d4c2bb240913_0"; check if another CreateContainer request is in progress: name "install-cni_calico-node-4w7dj_kube-system_d4adaef1-2446-4595-aba8-d4c2bb240913_0" is reserved for "51db99e935fee091680a220a1bafed95e7f4fa738059c08e40abf4f4394d3214"
  Normal   Started    28m (x6 over 37m)   kubelet            Container started
  Normal   Created    26m (x7 over 37m)   kubelet            Container created
  Warning  BackOff    91s (x32 over 34m)  kubelet            Back-off restarting failed container install-cni in pod calico-node-4w7dj_kube-system(d4adaef1-2446-4595-aba8-d4c2bb240913)
  Normal   Pulled     17s (x14 over 39m)  kubelet            Container image "172.16.2.1:5000/calico/cni:v3.29.2" already present on machine and can be accessed by the pod

C:\Users\nh1221>
C:\Users\nh1221>
C:\Users\nh1221>
C:\Users\nh1221>
C:\Users\nh1221>
C:\Users\nh1221>
C:\Users\nh1221>
C:\Users\nh1221>
C:\Users\nh1221>
C:\Users\nh1221>
C:\Users\nh1221>
C:\Users\nh1221>
C:\Users\nh1221>
C:\Users\nh1221>
C:\Users\nh1221>
C:\Users\nh1221>kubectl get nodes --kubeconfig=.kube/config
NAME            STATUS     ROLES           AGE   VERSION
k8s-db-01       NotReady   <none>          79m   v1.35.4
k8s-db-02       NotReady   <none>          79m   v1.35.4
k8s-db-03       NotReady   <none>          79m   v1.35.4
k8s-master-01   NotReady   control-plane   91m   v1.35.4
k8s-master-02   NotReady   control-plane   88m   v1.35.4
k8s-master-03   NotReady   control-plane   87m   v1.35.4
monsrv          NotReady   <none>          77m   v1.35.4
osh-comp-01     NotReady   <none>          75m   v1.35.4
osh-comp-02     NotReady   <none>          75m   v1.35.4
osh-comp-03     NotReady   <none>          74m   v1.35.4
osh-comp-04     NotReady   <none>          74m   v1.35.4
osh-ctrl-01     NotReady   <none>          77m   v1.35.4
osh-ctrl-02     NotReady   <none>          77m   v1.35.4
osh-ctrl-03     NotReady   <none>          77m   v1.35.4
osh-net-01      NotReady   <none>          77m   v1.35.4
osh-net-02      NotReady   <none>          77m   v1.35.4

C:\Users\nh1221>kubectl describe pod -n kube-system calico-node-4w7dj --kubeconfig=.kube/config
Name:                 calico-node-4w7dj
Namespace:            kube-system
Priority:             2000001000
Priority Class Name:  system-node-critical
Node:                 osh-comp-02/10.0.20.5
Start Time:           Thu, 17 Sep 2026 05:56:15 -0500
Labels:               controller-revision-hash=7495496786
                      k8s-app=calico-node
                      pod-template-generation=1
Annotations:          <none>
Status:               Pending
IP:                   10.0.20.5
IPs:
  IP:           10.0.20.5
Controlled By:  DaemonSet/calico-node
Init Containers:
  upgrade-ipam:
    Container ID:  containerd://fa0c562ee1b6ccf48bce2e9557655a0a438868aff505d7b44b2526aa79ab08d9
    Image:         172.16.2.1:5000/calico/cni:v3.29.2
    Image ID:      sha256:cda13293c895a8a3b06c1e190b70fb6fe61036db2e59764036fc6e65ec374693
    Port:          <none>
    Host Port:     <none>
    Command:
      /opt/cni/bin/calico-ipam
      -upgrade
    State:          Terminated
      Reason:       Completed
      Exit Code:    0
      Started:      Thu, 17 Sep 2026 06:00:36 -0500
      Finished:     Thu, 17 Sep 2026 06:00:36 -0500
    Ready:          True
    Restart Count:  1
    Environment Variables from:
      kubernetes-services-endpoint  ConfigMap  Optional: true
    Environment:
      KUBERNETES_NODE_NAME:        (v1:spec.nodeName)
      CALICO_NETWORKING_BACKEND:  <set to the key 'calico_backend' of config map 'calico-config'>  Optional: false
    Mounts:
      /host/opt/cni/bin from cni-bin-dir (rw)
      /var/lib/cni/networks from host-local-net-dir (rw)
      /var/run/secrets/kubernetes.io/serviceaccount from kube-api-access-j64wx (ro)
  install-cni:
    Container ID:  containerd://2fb59d9b13946fc4b2057a2793b4a226e016238a1650312c75b6d072d2ee44b4
    Image:         172.16.2.1:5000/calico/cni:v3.29.2
    Image ID:      sha256:cda13293c895a8a3b06c1e190b70fb6fe61036db2e59764036fc6e65ec374693
    Port:          <none>
    Host Port:     <none>
    Command:
      /opt/cni/bin/install
    State:          Waiting
      Reason:       CrashLoopBackOff
    Last State:     Terminated
      Reason:       Error
      Exit Code:    1
      Started:      Thu, 17 Sep 2026 06:55:19 -0500
      Finished:     Thu, 17 Sep 2026 06:55:20 -0500
    Ready:          False
    Restart Count:  15
    Environment Variables from:
      kubernetes-services-endpoint  ConfigMap  Optional: true
    Environment:
      CNI_NETWORK_CONFIG:    <set to the key 'cni_network_config' of config map 'calico-config'>  Optional: false
      CNI_CONF_NAME:         10-calico.conflist
      SLEEP:                 false
      KUBERNETES_NODE_NAME:   (v1:spec.nodeName)
    Mounts:
      /host/etc/cni/net.d from cni-net-dir (rw)
      /host/opt/cni/bin from cni-bin-dir (rw)
      /var/run/secrets/kubernetes.io/serviceaccount from kube-api-access-j64wx (ro)
  mount-bpffs:
    Container ID:
    Image:         172.16.2.1:5000/calico/node:v3.29.2
    Image ID:
    Port:          <none>
    Host Port:     <none>
    Command:
      calico-node
      -init
      -best-effort
    State:          Waiting
      Reason:       PodInitializing
    Ready:          False
    Restart Count:  0
    Environment:    <none>
    Mounts:
      /nodeproc from nodeproc (ro)
      /sys/fs from sys-fs (rw)
      /var/run/calico from var-run-calico (rw)
      /var/run/secrets/kubernetes.io/serviceaccount from kube-api-access-j64wx (ro)
Containers:
  calico-node:
    Container ID:
    Image:          172.16.2.1:5000/calico/node:v3.29.2
    Image ID:
    Port:           <none>
    Host Port:      <none>
    State:          Waiting
      Reason:       PodInitializing
    Ready:          False
    Restart Count:  0
    Limits:
      memory:  500M
    Requests:
      cpu:      150m
      memory:   64M
    Liveness:   exec [/bin/calico-node -felix-live] delay=10s timeout=10s period=10s #success=1 #failure=6
    Readiness:  exec [/bin/calico-node -felix-ready] delay=0s timeout=10s period=10s #success=1 #failure=6
    Environment Variables from:
      kubernetes-services-endpoint  ConfigMap  Optional: true
    Environment:
      DATASTORE_TYPE:                         kubernetes
      WAIT_FOR_DATASTORE:                     true
      CALICO_NETWORKING_BACKEND:              <set to the key 'calico_backend' of config map 'calico-config'>  Optional: false
      CLUSTER_TYPE:                           k8s,bgp
      CALICO_K8S_NODE_REF:                     (v1:spec.nodeName)
      CALICO_DISABLE_FILE_LOGGING:            true
      FELIX_DEFAULTENDPOINTTOHOSTACTION:      RETURN
      FELIX_HEALTHHOST:                       localhost
      FELIX_IPTABLESBACKEND:                  Auto
      FELIX_IPTABLESLOCKTIMEOUTSECS:          10
      CALICO_IPV4POOL_IPIP:                   Off
      CALICO_IPV4POOL_VXLAN:                  Never
      FELIX_IPV6SUPPORT:                      False
      FELIX_LOGSEVERITYSCREEN:                info
      CALICO_STARTUP_LOGLEVEL:                error
      FELIX_USAGEREPORTINGENABLED:            False
      FELIX_NFTABLESMODE:                     Disabled
      FELIX_CHAININSERTMODE:                  Insert
      FELIX_PROMETHEUSMETRICSENABLED:         False
      FELIX_PROMETHEUSMETRICSPORT:            9091
      FELIX_PROMETHEUSGOMETRICSENABLED:       True
      FELIX_PROMETHEUSPROCESSMETRICSENABLED:  True
      NODEIP:                                  (v1:status.hostIP)
      IP_AUTODETECTION_METHOD:                can-reach=$(NODEIP)
      IP:                                     autodetect
      NODENAME:                                (v1:spec.nodeName)
      FELIX_HEALTHENABLED:                    true
      FELIX_IGNORELOOSERPF:                   False
      CALICO_MANAGE_CNI:                      true
      IP_AUTODETECTION_METHOD:                interface=ens2
    Mounts:
      /host/etc/cni/net.d from cni-net-dir (rw)
      /lib/modules from lib-modules (ro)
      /run/xtables.lock from xtables-lock (rw)
      /sys/fs/bpf from bpffs (rw)
      /var/lib/calico from var-lib-calico (rw)
      /var/log/calico/cni from cni-log-dir (ro)
      /var/run/calico from var-run-calico (rw)
      /var/run/nodeagent from policysync (rw)
      /var/run/secrets/kubernetes.io/serviceaccount from kube-api-access-j64wx (ro)
Conditions:
  Type                        Status
  PodReadyToStartContainers   True
  Initialized                 False
  Ready                       False
  ContainersReady             False
  PodScheduled                True
Volumes:
  lib-modules:
    Type:          HostPath (bare host directory volume)
    Path:          /lib/modules
    HostPathType:
  var-run-calico:
    Type:          HostPath (bare host directory volume)
    Path:          /var/run/calico
    HostPathType:  DirectoryOrCreate
  var-lib-calico:
    Type:          HostPath (bare host directory volume)
    Path:          /var/lib/calico
    HostPathType:  DirectoryOrCreate
  cni-net-dir:
    Type:          HostPath (bare host directory volume)
    Path:          /etc/cni/net.d
    HostPathType:
  cni-bin-dir:
    Type:          HostPath (bare host directory volume)
    Path:          /opt/cni/bin
    HostPathType:  DirectoryOrCreate
  xtables-lock:
    Type:          HostPath (bare host directory volume)
    Path:          /run/xtables.lock
    HostPathType:  FileOrCreate
  host-local-net-dir:
    Type:          HostPath (bare host directory volume)
    Path:          /var/lib/cni/networks
    HostPathType:
  sys-fs:
    Type:          HostPath (bare host directory volume)
    Path:          /sys/fs/
    HostPathType:  DirectoryOrCreate
  bpffs:
    Type:          HostPath (bare host directory volume)
    Path:          /sys/fs/bpf
    HostPathType:  Directory
  nodeproc:
    Type:          HostPath (bare host directory volume)
    Path:          /proc
    HostPathType:
  cni-log-dir:
    Type:          HostPath (bare host directory volume)
    Path:          /var/log/calico/cni
    HostPathType:
  policysync:
    Type:          HostPath (bare host directory volume)
    Path:          /var/run/nodeagent
    HostPathType:  DirectoryOrCreate
  kube-api-access-j64wx:
    Type:                    Projected (a volume that contains injected data from multiple sources)
    TokenExpirationSeconds:  3607
    ConfigMapName:           kube-root-ca.crt
    ConfigMapOptional:       <nil>
    DownwardAPI:             true
QoS Class:                   Burstable
Node-Selectors:              kubernetes.io/os=linux
Tolerations:                 :NoScheduleop=Exists
                             :NoExecuteop=Exists
                             CriticalAddonsOnly op=Exists
                             node.kubernetes.io/disk-pressure:NoSchedule op=Exists
                             node.kubernetes.io/memory-pressure:NoSchedule op=Exists
                             node.kubernetes.io/network-unavailable:NoSchedule op=Exists
                             node.kubernetes.io/not-ready:NoExecute op=Exists
                             node.kubernetes.io/pid-pressure:NoSchedule op=Exists
                             node.kubernetes.io/unreachable:NoExecute op=Exists
                             node.kubernetes.io/unschedulable:NoSchedule op=Exists
Events:
  Type     Reason     Age                   From               Message
  ----     ------     ----                  ----               -------
  Normal   Scheduled  61m                   default-scheduler  Successfully assigned kube-system/calico-node-4w7dj to osh-comp-02
  Normal   Pulled     61m                   kubelet            Container image "172.16.2.1:5000/calico/cni:v3.29.2" already present on machine and can be accessed by the pod
  Warning  Failed     54m                   kubelet            Error: failed to reserve container name "install-cni_calico-node-4w7dj_kube-system_d4adaef1-2446-4595-aba8-d4c2bb240913_0"; check if another CreateContainer request is in progress: name "install-cni_calico-node-4w7dj_kube-system_d4adaef1-2446-4595-aba8-d4c2bb240913_0" is reserved for "51db99e935fee091680a220a1bafed95e7f4fa738059c08e40abf4f4394d3214"
  Normal   Started    45m (x6 over 54m)     kubelet            Container started
  Normal   Created    43m (x7 over 54m)     kubelet            Container created
  Warning  BackOff    3m39s (x46 over 51m)  kubelet            Back-off restarting failed container install-cni in pod calico-node-4w7dj_kube-system(d4adaef1-2446-4595-aba8-d4c2bb240913)
  Normal   Pulled     2m7s (x17 over 56m)   kubelet            Container image "172.16.2.1:5000/calico/cni:v3.29.2" already present on machine and can be accessed by the pod

C:\Users\nh1221>
C:\Users\nh1221>
C:\Users\nh1221>
C:\Users\nh1221>
C:\Users\nh1221>
C:\Users\nh1221>
C:\Users\nh1221>
C:\Users\nh1221>
C:\Users\nh1221>kubectl logs -n kube-system calico-node-4w7dj -c install-cni --kubeconfig=.kube/config
2026-09-17 11:55:19.955 [INFO][1] cni-installer/install.go 138: Running as a Kubernetes pod
2026-09-17 11:55:19.973 [INFO][1] cni-installer/install.go 415: File is already up to date, skipping file="/host/opt/cni/bin/bandwidth"
2026-09-17 11:55:19.985 [INFO][1] cni-installer/install.go 224: Installed /host/opt/cni/bin/bandwidth
2026-09-17 11:55:20.166 [INFO][1] cni-installer/install.go 415: File is already up to date, skipping file="/host/opt/cni/bin/calico"
2026-09-17 11:55:20.348 [INFO][1] cni-installer/install.go 224: Installed /host/opt/cni/bin/calico
2026-09-17 11:55:20.555 [INFO][1] cni-installer/install.go 415: File is already up to date, skipping file="/host/opt/cni/bin/calico-ipam"
2026-09-17 11:55:20.769 [INFO][1] cni-installer/install.go 224: Installed /host/opt/cni/bin/calico-ipam
2026-09-17 11:55:20.776 [INFO][1] cni-installer/install.go 415: File is already up to date, skipping file="/host/opt/cni/bin/flannel"
2026-09-17 11:55:20.785 [INFO][1] cni-installer/install.go 224: Installed /host/opt/cni/bin/flannel
2026-09-17 11:55:20.796 [INFO][1] cni-installer/install.go 415: File is already up to date, skipping file="/host/opt/cni/bin/host-local"
2026-09-17 11:55:20.807 [INFO][1] cni-installer/install.go 224: Installed /host/opt/cni/bin/host-local
2026-09-17 11:55:20.817 [INFO][1] cni-installer/install.go 415: File is already up to date, skipping file="/host/opt/cni/bin/loopback"
2026-09-17 11:55:20.827 [INFO][1] cni-installer/install.go 224: Installed /host/opt/cni/bin/loopback
2026-09-17 11:55:20.838 [INFO][1] cni-installer/install.go 415: File is already up to date, skipping file="/host/opt/cni/bin/portmap"
2026-09-17 11:55:20.849 [INFO][1] cni-installer/install.go 224: Installed /host/opt/cni/bin/portmap
2026-09-17 11:55:20.859 [INFO][1] cni-installer/install.go 415: File is already up to date, skipping file="/host/opt/cni/bin/tuning"
2026-09-17 11:55:20.872 [INFO][1] cni-installer/install.go 224: Installed /host/opt/cni/bin/tuning
2026-09-17 11:55:20.872 [INFO][1] cni-installer/install.go 228: Wrote Calico CNI binaries to /host/opt/cni/bin

2026-09-17 11:55:20.872 [INFO][1] cni-installer/install.go 233: CNI plugin version: v3.29.2
2026-09-17 11:55:20.872 [INFO][1] cni-installer/install.go 185: /host/secondary-bin-dir is not writeable, skipping
2026-09-17 11:55:20.873 [WARNING][1] cni-installer/winutils.go 150: Neither --kubeconfig nor --master was specified.  Using the inClusterConfig.  This might not work.
2026-09-17 11:55:20.898 [ERROR][1] cni-installer/token_watch.go 108: Unable to create token for CNI kubeconfig error=serviceaccounts "calico-cni-plugin" is forbidden: User "system:serviceaccount:kube-system:calico-node" cannot create resource "serviceaccounts/token" in API group "" in the namespace "kube-system"
2026-09-17 11:55:20.898 [FATAL][1] cni-installer/install.go 478: Unable to create token for CNI kubeconfig error=serviceaccounts "calico-cni-plugin" is forbidden: User "system:serviceaccount:kube-system:calico-node" cannot create resource "serviceaccounts/token" in API group "" in the namespace "kube-system"

C:\Users\nh1221>
