(venv) nh1221@Lab-ControlNode:/mnt/c/Users/nh1221/dc_lab/clab/sonic-clab$ ansible -i inventory.yml kube_control_plane -b -m shell \
  -a "kubeadm reset -f; rm -rf /etc/kubernetes/* /var/lib/kubelet/* /root/.kube"
k8s-master-02 | CHANGED | rc=0 >>
[preflight] Running pre-flight checks
[reset] Deleted contents of the etcd data directory: /var/lib/etcd
[reset] Stopping the kubelet service
[reset] Deleting contents of directories: [/etc/kubernetes/manifests /etc/kubernetes/pki]
[reset] Deleting files: [/etc/kubernetes/admin.conf /etc/kubernetes/super-admin.conf /etc/kubernetes/kubelet.conf /etc/kubernetes/bootstrap-kubelet.conf /etc/kubernetes/controller-manager.conf /etc/kubernetes/scheduler.conf]

The reset process does not perform cleanup of CNI plugin configuration,
network filtering rules and kubeconfig files.

For information on how to perform this cleanup manually, please see:
    https://k8s.io/docs/reference/setup-tools/kubeadm/kubeadm-reset/W0915 23:10:22.561735  125140 removeetcdmember.go:105] [reset] No kubeadm config, using etcd pod spec to get data directory
W0915 23:10:22.577225  125140 cleanupnode.go:73] [reset] The kubelet service could not be stopped by kubeadm: [exit status 5]
W0915 23:10:22.577320  125140 cleanupnode.go:74] [reset] Please ensure kubelet is stopped manually
W0915 23:10:22.577442  125140 cleanupnode.go:86] [reset] Skipping unmount of directories in "/var/lib/kubelet": lstat /var/lib/kubelet: no such file or directory
k8s-master-03 | CHANGED | rc=0 >>
[preflight] Running pre-flight checks
[reset] Deleted contents of the etcd data directory: /var/lib/etcd
[reset] Stopping the kubelet service
[reset] Deleting contents of directories: [/etc/kubernetes/manifests /etc/kubernetes/pki]
[reset] Deleting files: [/etc/kubernetes/admin.conf /etc/kubernetes/super-admin.conf /etc/kubernetes/kubelet.conf /etc/kubernetes/bootstrap-kubelet.conf /etc/kubernetes/controller-manager.conf /etc/kubernetes/scheduler.conf]

The reset process does not perform cleanup of CNI plugin configuration,
network filtering rules and kubeconfig files.

For information on how to perform this cleanup manually, please see:
    https://k8s.io/docs/reference/setup-tools/kubeadm/kubeadm-reset/W0915 23:10:23.253420  126083 removeetcdmember.go:105] [reset] No kubeadm config, using etcd pod spec to get data directory
W0915 23:10:23.275341  126083 cleanupnode.go:73] [reset] The kubelet service could not be stopped by kubeadm: [exit status 5]
W0915 23:10:23.275578  126083 cleanupnode.go:74] [reset] Please ensure kubelet is stopped manually
W0915 23:10:23.275654  126083 cleanupnode.go:86] [reset] Skipping unmount of directories in "/var/lib/kubelet": lstat /var/lib/kubelet: no such file or directory
k8s-master-01 | CHANGED | rc=0 >>
[preflight] Running pre-flight checks
[reset] Deleted contents of the etcd data directory: /var/lib/etcd
[reset] Stopping the kubelet service
[reset] Deleting contents of directories: [/etc/kubernetes/manifests /etc/kubernetes/pki]
[reset] Deleting files: [/etc/kubernetes/admin.conf /etc/kubernetes/super-admin.conf /etc/kubernetes/kubelet.conf /etc/kubernetes/bootstrap-kubelet.conf /etc/kubernetes/controller-manager.conf /etc/kubernetes/scheduler.conf]

The reset process does not perform cleanup of CNI plugin configuration,
network filtering rules and kubeconfig files.

For information on how to perform this cleanup manually, please see:
    https://k8s.io/docs/reference/setup-tools/kubeadm/kubeadm-reset/W0915 23:10:23.441163  167629 removeetcdmember.go:105] [reset] No kubeadm config, using etcd pod spec to get data directory
W0915 23:10:23.454164  167629 cleanupnode.go:73] [reset] The kubelet service could not be stopped by kubeadm: [exit status 5]
W0915 23:10:23.454248  167629 cleanupnode.go:74] [reset] Please ensure kubelet is stopped manually
W0915 23:10:23.454310  167629 cleanupnode.go:86] [reset] Skipping unmount of directories in "/var/lib/kubelet": lstat /var/lib/kubelet: no such file or directory
(venv) nh1221@Lab-ControlNode:/mnt/c/Users/nh1221/dc_lab/clab/sonic-clab$

ubuntu@k8s-master-01:~$ sudo ls -al /etc/kubernetes/
total 12
drwxr-xr-x 2 kube root 4096 Sep 15 23:10 .
drwxr-xr-x 1 root root 4096 Sep 15 20:58 ..
ubuntu@k8s-master-01:~$ ps -ef | grep kube
ubuntu    168993  147165  0 23:13 pts/0    00:00:00 grep --color=auto kube
ubuntu@k8s-master-01:~$ which kubeadm
/usr/local/bin/kubeadm
ubuntu@k8s-master-01:~$ 
