(venv) nh1221@Lab-ControlNode:/mnt/c/Users/nh1221/dc_lab/clab/sonic-clab$ ansible-playbook playbooks/provision.yml

PLAY [Provision SONiC leaf-spine fabric] *******************************************************************************************************************

TASK [sonic_provision : Assert access_ports do not overlap fabric switch_ports] ****************************************************************************
skipping: [Spine-S1]
skipping: [Spine-S2]
ok: [Leaf-L2] => {
    "changed": false,
    "msg": "All assertions passed"
}
ok: [Leaf-L1] => {
    "changed": false,
    "msg": "All assertions passed"
}
ok: [Leaf-L3] => {
    "changed": false,
    "msg": "All assertions passed"
}
ok: [Leaf-L4] => {
    "changed": false,
    "msg": "All assertions passed"
}
ok: [Border-Leaf1] => {
    "changed": false,
    "msg": "All assertions passed"
}
ok: [Border-Leaf2] => {
    "changed": false,
    "msg": "All assertions passed"
}

TASK [sonic_provision : Wait for SONiC DB metadata file to be available] ***********************************************************************************
[WARNING]: Host 'Spine-S1' is using the discovered Python interpreter at '/usr/bin/python3.13', but future installation of another Python interpreter could cause a different interpreter to be discovered. See https://docs.ansible.com/ansible-core/2.20/reference_appendices/interpreter_discovery.html for more information.
ok: [Spine-S1]
[WARNING]: Host 'Leaf-L3' is using the discovered Python interpreter at '/usr/bin/python3.13', but future installation of another Python interpreter could cause a different interpreter to be discovered. See https://docs.ansible.com/ansible-core/2.20/reference_appendices/interpreter_discovery.html for more information.
ok: [Leaf-L3]
[WARNING]: Host 'Spine-S2' is using the discovered Python interpreter at '/usr/bin/python3.13', but future installation of another Python interpreter could cause a different interpreter to be discovered. See https://docs.ansible.com/ansible-core/2.20/reference_appendices/interpreter_discovery.html for more information.
ok: [Spine-S2]
[WARNING]: Host 'Leaf-L1' is using the discovered Python interpreter at '/usr/bin/python3.13', but future installation of another Python interpreter could cause a different interpreter to be discovered. See https://docs.ansible.com/ansible-core/2.20/reference_appendices/interpreter_discovery.html for more information.
ok: [Leaf-L1]
[WARNING]: Host 'Leaf-L2' is using the discovered Python interpreter at '/usr/bin/python3.13', but future installation of another Python interpreter could cause a different interpreter to be discovered. See https://docs.ansible.com/ansible-core/2.20/reference_appendices/interpreter_discovery.html for more information.
ok: [Leaf-L2]
[WARNING]: Host 'Leaf-L4' is using the discovered Python interpreter at '/usr/bin/python3.13', but future installation of another Python interpreter could cause a different interpreter to be discovered. See https://docs.ansible.com/ansible-core/2.20/reference_appendices/interpreter_discovery.html for more information.
ok: [Leaf-L4]
[WARNING]: Host 'Border-Leaf1' is using the discovered Python interpreter at '/usr/bin/python3.13', but future installation of another Python interpreter could cause a different interpreter to be discovered. See https://docs.ansible.com/ansible-core/2.20/reference_appendices/interpreter_discovery.html for more information.
ok: [Border-Leaf1]
[WARNING]: Host 'Border-Leaf2' is using the discovered Python interpreter at '/usr/bin/python3.13', but future installation of another Python interpreter could cause a different interpreter to be discovered. See https://docs.ansible.com/ansible-core/2.20/reference_appendices/interpreter_discovery.html for more information.
ok: [Border-Leaf2]

TASK [sonic_provision : Wait for CONFIG_DB access to become available] *************************************************************************************
ok: [Spine-S1]
ok: [Spine-S2]
ok: [Leaf-L3]
ok: [Leaf-L1]
ok: [Leaf-L2]
ok: [Leaf-L4]
ok: [Border-Leaf1]
ok: [Border-Leaf2]

TASK [sonic_provision : Write port data for config generation] *********************************************************************************************
changed: [Spine-S1]
changed: [Leaf-L3]
changed: [Leaf-L1]
changed: [Leaf-L2]
changed: [Spine-S2]
changed: [Leaf-L4]
changed: [Border-Leaf1]
changed: [Border-Leaf2]

TASK [sonic_provision : Generate raw config_db from platform port_config.ini] ******************************************************************************
changed: [Spine-S1]
changed: [Spine-S2]
changed: [Leaf-L1]
changed: [Leaf-L2]
changed: [Leaf-L3]
changed: [Border-Leaf1]
changed: [Leaf-L4]
changed: [Border-Leaf2]

TASK [sonic_provision : Copy customization script to target] ***********************************************************************************************
changed: [Spine-S1]
changed: [Leaf-L2]
changed: [Leaf-L3]
changed: [Spine-S2]
changed: [Leaf-L1]
changed: [Leaf-L4]
changed: [Border-Leaf2]
changed: [Border-Leaf1]

TASK [sonic_provision : Customize raw_config_db.json for this node] ****************************************************************************************
changed: [Spine-S1]
changed: [Spine-S2]
changed: [Leaf-L1]
changed: [Leaf-L2]
changed: [Leaf-L3]
changed: [Leaf-L4]
changed: [Border-Leaf1]
changed: [Border-Leaf2]

TASK [sonic_provision : Safely merge init configuration structures with custom breakout maps] **************************************************************
changed: [Spine-S2]
changed: [Leaf-L1]
changed: [Spine-S1]
changed: [Leaf-L3]
changed: [Leaf-L2]
changed: [Border-Leaf1]
changed: [Leaf-L4]
changed: [Border-Leaf2]

TASK [sonic_provision : Load consolidated config into Redis CONFIG_DB] *************************************************************************************
changed: [Spine-S1]
changed: [Spine-S2]
changed: [Leaf-L2]
changed: [Leaf-L1]
changed: [Leaf-L3]
changed: [Leaf-L4]
changed: [Border-Leaf1]
changed: [Border-Leaf2]

TASK [sonic_provision : Render configuration overlay] ******************************************************************************************************
[WARNING]: Host 'Leaf-L2' is using the discovered Python interpreter at '/mnt/c/Users/nh1221/data-center/venv/bin/python3.12', but future installation of another Python interpreter could cause a different interpreter to be discovered. See https://docs.ansible.com/ansible-core/2.20/reference_appendices/interpreter_discovery.html for more information.
changed: [Leaf-L2 -> localhost]
[WARNING]: Host 'Leaf-L1' is using the discovered Python interpreter at '/mnt/c/Users/nh1221/data-center/venv/bin/python3.12', but future installation of another Python interpreter could cause a different interpreter to be discovered. See https://docs.ansible.com/ansible-core/2.20/reference_appendices/interpreter_discovery.html for more information.
changed: [Leaf-L1 -> localhost]
[WARNING]: Host 'Leaf-L3' is using the discovered Python interpreter at '/mnt/c/Users/nh1221/data-center/venv/bin/python3.12', but future installation of another Python interpreter could cause a different interpreter to be discovered. See https://docs.ansible.com/ansible-core/2.20/reference_appendices/interpreter_discovery.html for more information.
changed: [Leaf-L3 -> localhost]
[WARNING]: Host 'Border-Leaf1' is using the discovered Python interpreter at '/mnt/c/Users/nh1221/data-center/venv/bin/python3.12', but future installation of another Python interpreter could cause a different interpreter to be discovered. See https://docs.ansible.com/ansible-core/2.20/reference_appendices/interpreter_discovery.html for more information.
changed: [Border-Leaf1 -> localhost]
[WARNING]: Host 'Leaf-L4' is using the discovered Python interpreter at '/mnt/c/Users/nh1221/data-center/venv/bin/python3.12', but future installation of another Python interpreter could cause a different interpreter to be discovered. See https://docs.ansible.com/ansible-core/2.20/reference_appendices/interpreter_discovery.html for more information.
changed: [Leaf-L4 -> localhost]
[WARNING]: Host 'Border-Leaf2' is using the discovered Python interpreter at '/mnt/c/Users/nh1221/data-center/venv/bin/python3.12', but future installation of another Python interpreter could cause a different interpreter to be discovered. See https://docs.ansible.com/ansible-core/2.20/reference_appendices/interpreter_discovery.html for more information.
changed: [Border-Leaf2 -> localhost]
[WARNING]: Host 'Spine-S1' is using the discovered Python interpreter at '/mnt/c/Users/nh1221/data-center/venv/bin/python3.12', but future installation of another Python interpreter could cause a different interpreter to be discovered. See https://docs.ansible.com/ansible-core/2.20/reference_appendices/interpreter_discovery.html for more information.
ok: [Spine-S1 -> localhost]
[WARNING]: Host 'Spine-S2' is using the discovered Python interpreter at '/mnt/c/Users/nh1221/data-center/venv/bin/python3.12', but future installation of another Python interpreter could cause a different interpreter to be discovered. See https://docs.ansible.com/ansible-core/2.20/reference_appendices/interpreter_discovery.html for more information.
ok: [Spine-S2 -> localhost]

TASK [sonic_provision : Copy rendered overlay to target SONiC node] ****************************************************************************************
changed: [Spine-S1]
changed: [Leaf-L2]
changed: [Spine-S2]
changed: [Leaf-L3]
changed: [Leaf-L1]
changed: [Leaf-L4]
changed: [Border-Leaf1]
changed: [Border-Leaf2]

TASK [sonic_provision : Apply configuration overlay to CONFIG_DB] ******************************************************************************************
changed: [Spine-S1]
changed: [Spine-S2]
changed: [Leaf-L1]
changed: [Leaf-L2]
changed: [Leaf-L3]
changed: [Leaf-L4]
changed: [Border-Leaf1]
changed: [Border-Leaf2]

TASK [sonic_provision : Save running configuration to startup config] **************************************************************************************
changed: [Leaf-L3]
changed: [Spine-S2]
changed: [Spine-S1]
changed: [Leaf-L1]
changed: [Leaf-L2]
changed: [Border-Leaf1]
changed: [Border-Leaf2]
changed: [Leaf-L4]

TASK [sonic_provision : Construct Unified Target Interface Port Map] ***************************************************************************************
ok: [Spine-S1]
ok: [Spine-S2]
ok: [Leaf-L1]
ok: [Leaf-L2]
ok: [Leaf-L3]
ok: [Leaf-L4]
ok: [Border-Leaf1]
ok: [Border-Leaf2]

TASK [sonic_provision : Trigger config reload to reconcile PORT table into kernel interfaces] **************************************************************
changed: [Spine-S2]
changed: [Spine-S1]
changed: [Leaf-L1]
changed: [Leaf-L2]
changed: [Leaf-L3]
changed: [Leaf-L4]
changed: [Border-Leaf2]
changed: [Border-Leaf1]

TASK [sonic_provision : Wait for SONiC to come back after config reload] ***********************************************************************************
ok: [Spine-S2]
ok: [Leaf-L2]
ok: [Spine-S1]
ok: [Leaf-L1]
ok: [Leaf-L3]
ok: [Leaf-L4]
ok: [Border-Leaf1]
ok: [Border-Leaf2]

TASK [sonic_provision : Wait until breakout interfaces exist in CONFIG_DB] *********************************************************************************
ok: [Spine-S2]
ok: [Spine-S1]
ok: [Leaf-L2]
ok: [Leaf-L1]
FAILED - RETRYING: [Leaf-L3]: Wait until breakout interfaces exist in CONFIG_DB (20 retries left).
FAILED - RETRYING: [Leaf-L4]: Wait until breakout interfaces exist in CONFIG_DB (20 retries left).
ok: [Border-Leaf1]
ok: [Border-Leaf2]
FAILED - RETRYING: [Leaf-L3]: Wait until breakout interfaces exist in CONFIG_DB (19 retries left).
FAILED - RETRYING: [Leaf-L4]: Wait until breakout interfaces exist in CONFIG_DB (19 retries left).
FAILED - RETRYING: [Leaf-L3]: Wait until breakout interfaces exist in CONFIG_DB (18 retries left).
FAILED - RETRYING: [Leaf-L4]: Wait until breakout interfaces exist in CONFIG_DB (18 retries left).
FAILED - RETRYING: [Leaf-L3]: Wait until breakout interfaces exist in CONFIG_DB (17 retries left).
FAILED - RETRYING: [Leaf-L4]: Wait until breakout interfaces exist in CONFIG_DB (17 retries left).
[ERROR]: Task failed: Data could not be sent to remote host "172.16.2.24". Make sure this host can be reached over ssh: Connection timed out during banner exchange
Connection to UNKNOWN port 65535 timed out
Origin: /mnt/c/Users/nh1221/dc_lab/clab/sonic-clab/roles/sonic_provision/tasks/main.yml:116:3

114   when: switch_ports is defined
115
116 - name: Wait until breakout interfaces exist in CONFIG_DB
      ^ column 3

fatal: [Leaf-L4]: UNREACHABLE! => {"changed": false, "msg": "Task failed: Data could not be sent to remote host \"172.16.2.24\". Make sure this host can be reached over ssh: Connection timed out during banner exchange\r\nConnection to UNKNOWN port 65535 timed out", "unreachable": true}
FAILED - RETRYING: [Leaf-L3]: Wait until breakout interfaces exist in CONFIG_DB (16 retries left).
FAILED - RETRYING: [Leaf-L3]: Wait until breakout interfaces exist in CONFIG_DB (15 retries left).
FAILED - RETRYING: [Leaf-L3]: Wait until breakout interfaces exist in CONFIG_DB (14 retries left).
FAILED - RETRYING: [Leaf-L3]: Wait until breakout interfaces exist in CONFIG_DB (13 retries left).
FAILED - RETRYING: [Leaf-L3]: Wait until breakout interfaces exist in CONFIG_DB (12 retries left).
FAILED - RETRYING: [Leaf-L3]: Wait until breakout interfaces exist in CONFIG_DB (11 retries left).
FAILED - RETRYING: [Leaf-L3]: Wait until breakout interfaces exist in CONFIG_DB (10 retries left).
FAILED - RETRYING: [Leaf-L3]: Wait until breakout interfaces exist in CONFIG_DB (9 retries left).
FAILED - RETRYING: [Leaf-L3]: Wait until breakout interfaces exist in CONFIG_DB (8 retries left).
FAILED - RETRYING: [Leaf-L3]: Wait until breakout interfaces exist in CONFIG_DB (7 retries left).
FAILED - RETRYING: [Leaf-L3]: Wait until breakout interfaces exist in CONFIG_DB (6 retries left).
FAILED - RETRYING: [Leaf-L3]: Wait until breakout interfaces exist in CONFIG_DB (5 retries left).
FAILED - RETRYING: [Leaf-L3]: Wait until breakout interfaces exist in CONFIG_DB (4 retries left).
FAILED - RETRYING: [Leaf-L3]: Wait until breakout interfaces exist in CONFIG_DB (3 retries left).
FAILED - RETRYING: [Leaf-L3]: Wait until breakout interfaces exist in CONFIG_DB (2 retries left).
FAILED - RETRYING: [Leaf-L3]: Wait until breakout interfaces exist in CONFIG_DB (1 retries left).
[ERROR]: Task failed: Action failed.
Origin: /mnt/c/Users/nh1221/dc_lab/clab/sonic-clab/roles/sonic_provision/tasks/main.yml:116:3

114   when: switch_ports is defined
115
116 - name: Wait until breakout interfaces exist in CONFIG_DB
      ^ column 3

fatal: [Leaf-L3]: FAILED! => {"attempts": 20, "changed": false, "cmd": "count=0\nfor port in Ethernet124 Ethernet120 Ethernet0 Ethernet1 Ethernet2 Ethernet3; do\n  if sonic-db-cli CONFIG_DB EXISTS \"PORT|${port}\" | grep -q \"1\"; then\n    count=$((count + 1))\n  fi\ndone\necho $count\n", "delta": "0:00:00.071257", "end": "2026-08-04 22:55:59.251343", "msg": "", "rc": 0, "start": "2026-08-04 22:55:59.180086", "stderr": "", "stderr_lines": [], "stdout": "3", "stdout_lines": ["3"]}

TASK [sonic_provision : Administratively bring up all configured topology interfaces] **********************************************************************
changed: [Spine-S1] => (item={'key': 'Ethernet0', 'value': {'speed': '40000', 'role': 'fabric', 'lanes': '65,66,67,68', 'index': '1', 'neighbor': 'Leaf-L1', 'rem_port': 'Ethernet68', 'neighbor_asn': 65011}})
changed: [Leaf-L2] => (item={'key': 'Ethernet68', 'value': {'speed': '40000', 'role': 'fabric', 'lanes': '77,78,79,80', 'index': '54', 'neighbor': 'Spine-S1', 'rem_port': 'Ethernet4', 'neighbor_asn': 65000}})
changed: [Leaf-L1] => (item={'key': 'Ethernet68', 'value': {'speed': '40000', 'role': 'fabric', 'lanes': '77,78,79,80', 'index': '54', 'neighbor': 'Spine-S1', 'rem_port': 'Ethernet0', 'neighbor_asn': 65000}})
changed: [Spine-S2] => (item={'key': 'Ethernet0', 'value': {'speed': '40000', 'role': 'fabric', 'lanes': '65,66,67,68', 'index': '1', 'neighbor': 'Leaf-L1', 'rem_port': 'Ethernet64', 'neighbor_asn': 65011}})
changed: [Border-Leaf1] => (item={'key': 'Ethernet124', 'value': {'speed': '40000', 'role': 'fabric', 'lanes': '5,6,7,8', 'index': '36', 'neighbor': 'Spine-S1', 'rem_port': 'Ethernet16', 'neighbor_asn': 65000}})
changed: [Spine-S1] => (item={'key': 'Ethernet4', 'value': {'speed': '40000', 'role': 'fabric', 'lanes': '69,70,71,72', 'index': '2', 'neighbor': 'Leaf-L2', 'rem_port': 'Ethernet68', 'neighbor_asn': 65012}})
changed: [Leaf-L2] => (item={'key': 'Ethernet64', 'value': {'speed': '40000', 'role': 'fabric', 'lanes': '109,110,111,112', 'index': '53', 'neighbor': 'Spine-S2', 'rem_port': 'Ethernet4', 'neighbor_asn': 65000}})
changed: [Leaf-L1] => (item={'key': 'Ethernet64', 'value': {'speed': '40000', 'role': 'fabric', 'lanes': '109,110,111,112', 'index': '53', 'neighbor': 'Spine-S2', 'rem_port': 'Ethernet0', 'neighbor_asn': 65000}})
changed: [Spine-S2] => (item={'key': 'Ethernet4', 'value': {'speed': '40000', 'role': 'fabric', 'lanes': '69,70,71,72', 'index': '2', 'neighbor': 'Leaf-L2', 'rem_port': 'Ethernet64', 'neighbor_asn': 65012}})
changed: [Border-Leaf1] => (item={'key': 'Ethernet120', 'value': {'speed': '40000', 'role': 'fabric', 'lanes': '1,2,3,4', 'index': '35', 'neighbor': 'Spine-S2', 'rem_port': 'Ethernet16', 'neighbor_asn': 65000}})
changed: [Spine-S1] => (item={'key': 'Ethernet8', 'value': {'speed': '40000', 'role': 'fabric', 'lanes': '73,74,75,76', 'index': '3', 'neighbor': 'Leaf-L3', 'rem_port': 'Ethernet124', 'neighbor_asn': 65013}})
changed: [Leaf-L2] => (item={'key': 'Ethernet0', 'value': {'speed': '10000', 'role': 'server_access', 'lanes': '13', 'index': '1', 'peer': 'Host12-1', 'neighbor_asn': 65211}})
changed: [Leaf-L1] => (item={'key': 'Ethernet0', 'value': {'speed': '10000', 'role': 'server_access', 'lanes': '13', 'index': '1', 'peer': 'Host12-1', 'neighbor_asn': 65211}})
changed: [Spine-S2] => (item={'key': 'Ethernet8', 'value': {'speed': '40000', 'role': 'fabric', 'lanes': '73,74,75,76', 'index': '3', 'neighbor': 'Leaf-L3', 'rem_port': 'Ethernet120', 'neighbor_asn': 65013}})
changed: [Border-Leaf1] => (item={'key': 'Ethernet0', 'value': {'speed': '10000', 'role': 'isp_uplink', 'lanes': '9', 'index': '5', 'peer': 'Exit-Router1', 'neighbor_asn': 65251}})
changed: [Spine-S1] => (item={'key': 'Ethernet12', 'value': {'speed': '40000', 'role': 'fabric', 'lanes': '77,78,79,80', 'index': '4', 'neighbor': 'Leaf-L4', 'rem_port': 'Ethernet124', 'neighbor_asn': 65014}})
changed: [Leaf-L2] => (item={'key': 'Ethernet1', 'value': {'speed': '10000', 'role': 'server_access', 'lanes': '14', 'index': '2', 'peer': 'Host12-2', 'neighbor_asn': 65212}})
changed: [Leaf-L1] => (item={'key': 'Ethernet1', 'value': {'speed': '10000', 'role': 'server_access', 'lanes': '14', 'index': '2', 'peer': 'Host12-2', 'neighbor_asn': 65212}})
changed: [Spine-S2] => (item={'key': 'Ethernet12', 'value': {'speed': '40000', 'role': 'fabric', 'lanes': '77,78,79,80', 'index': '4', 'neighbor': 'Leaf-L4', 'rem_port': 'Ethernet120', 'neighbor_asn': 65014}})
changed: [Border-Leaf1] => (item={'key': 'Ethernet1', 'value': {'speed': '10000', 'role': 'isp_uplink', 'lanes': '10', 'index': '5', 'peer': 'Exit-Router2', 'neighbor_asn': 65252}})
changed: [Spine-S1] => (item={'key': 'Ethernet16', 'value': {'speed': '40000', 'role': 'fabric', 'lanes': '33,34,35,36', 'index': '5', 'neighbor': 'Border-Leaf1', 'rem_port': 'Ethernet124', 'neighbor_asn': 65031}})
changed: [Leaf-L1] => (item={'key': 'Ethernet2', 'value': {'speed': '10000', 'role': 'server_access', 'lanes': '15', 'index': '3', 'peer': 'Host12-3', 'neighbor_asn': 65213}})
changed: [Leaf-L2] => (item={'key': 'Ethernet2', 'value': {'speed': '10000', 'role': 'server_access', 'lanes': '15', 'index': '3', 'peer': 'Host12-3', 'neighbor_asn': 65213}})
changed: [Spine-S2] => (item={'key': 'Ethernet16', 'value': {'speed': '40000', 'role': 'fabric', 'lanes': '33,34,35,36', 'index': '5', 'neighbor': 'Border-Leaf1', 'rem_port': 'Ethernet120', 'neighbor_asn': 65031}})
changed: [Spine-S1] => (item={'key': 'Ethernet20', 'value': {'speed': '40000', 'role': 'fabric', 'lanes': '37,38,39,40', 'index': '6', 'neighbor': 'Border-Leaf2', 'rem_port': 'Ethernet124', 'neighbor_asn': 65032}})
changed: [Border-Leaf1] => (item={'key': 'Ethernet2', 'value': {'speed': '10000', 'role': 'server_access', 'lanes': '11', 'index': '5', 'peer': 'HostB12-1', 'neighbor_asn': 65231}})
changed: [Border-Leaf2] => (item={'key': 'Ethernet124', 'value': {'speed': '40000', 'role': 'fabric', 'lanes': '5,6,7,8', 'index': '36', 'neighbor': 'Spine-S1', 'rem_port': 'Ethernet20', 'neighbor_asn': 65000}})
changed: [Spine-S2] => (item={'key': 'Ethernet20', 'value': {'speed': '40000', 'role': 'fabric', 'lanes': '37,38,39,40', 'index': '6', 'neighbor': 'Border-Leaf2', 'rem_port': 'Ethernet120', 'neighbor_asn': 65032}})
changed: [Border-Leaf1] => (item={'key': 'Ethernet3', 'value': {'speed': '10000', 'role': 'server_access', 'lanes': '12', 'index': '5', 'peer': 'HostB12-2', 'neighbor_asn': 65232}})
changed: [Border-Leaf2] => (item={'key': 'Ethernet120', 'value': {'speed': '40000', 'role': 'fabric', 'lanes': '1,2,3,4', 'index': '35', 'neighbor': 'Spine-S2', 'rem_port': 'Ethernet20', 'neighbor_asn': 65000}})
changed: [Border-Leaf2] => (item={'key': 'Ethernet0', 'value': {'speed': '10000', 'role': 'edge_uplink', 'lanes': '9', 'index': '5', 'peer': 'Exit-Router2', 'neighbor_asn': 65252}})
changed: [Border-Leaf2] => (item={'key': 'Ethernet1', 'value': {'speed': '10000', 'role': 'edge_uplink', 'lanes': '10', 'index': '5', 'peer': 'Exit-Router1', 'neighbor_asn': 65251}})
changed: [Border-Leaf2] => (item={'key': 'Ethernet2', 'value': {'speed': '10000', 'role': 'server_access', 'lanes': '11', 'index': '5', 'peer': 'HostB12-1', 'neighbor_asn': 65231}})
changed: [Border-Leaf2] => (item={'key': 'Ethernet3', 'value': {'speed': '10000', 'role': 'server_access', 'lanes': '12', 'index': '5', 'peer': 'HostB12-2', 'neighbor_asn': 65232}})

TASK [sonic_provision : Persist final interface states to startup config] **********************************************************************************
changed: [Spine-S2]
changed: [Spine-S1]
changed: [Leaf-L2]
changed: [Border-Leaf1]
changed: [Leaf-L1]
changed: [Border-Leaf2]

PLAY RECAP *************************************************************************************************************************************************
Border-Leaf1               : ok=19   changed=13   unreachable=0    failed=0    skipped=0    rescued=0    ignored=0
Border-Leaf2               : ok=19   changed=13   unreachable=0    failed=0    skipped=0    rescued=0    ignored=0
Leaf-L1                    : ok=19   changed=13   unreachable=0    failed=0    skipped=0    rescued=0    ignored=0
Leaf-L2                    : ok=19   changed=13   unreachable=0    failed=0    skipped=0    rescued=0    ignored=0
Leaf-L3                    : ok=16   changed=11   unreachable=0    failed=1    skipped=0    rescued=0    ignored=0
Leaf-L4                    : ok=16   changed=11   unreachable=1    failed=0    skipped=0    rescued=0    ignored=0
Spine-S1                   : ok=18   changed=12   unreachable=0    failed=0    skipped=1    rescued=0    ignored=0
Spine-S2                   : ok=18   changed=12   unreachable=0    failed=0    skipped=1    rescued=0    ignored=0

(venv) nh1221@Lab-ControlNode:/mnt/c/Users/nh1221/dc_lab/clab/sonic-clab$

admin@Leaf-L3:~$ show interfaces status
  Interface            Lanes    Speed    MTU    FEC         Alias    Vlan    Oper    Admin    Type    Asym PFC
-----------  ---------------  -------  -----  -----  ------------  ------  ------  -------  ------  ----------
  Ethernet0  125,126,127,128      40G   9100    N/A   Ethernet1/1  routed      up       up     N/A         N/A
  Ethernet4  121,122,123,124      40G   9100    N/A   Ethernet2/1  routed      up       up     N/A         N/A
  Ethernet8      13,14,15,16      40G   9100    N/A   Ethernet3/1  routed      up       up     N/A         N/A
 Ethernet12       9,10,11,12      40G   9100    N/A   Ethernet4/1  routed      up       up     N/A         N/A
 Ethernet16      17,18,19,20      40G   9100    N/A   Ethernet5/1  routed      up       up     N/A         N/A
 Ethernet20      21,22,23,24      40G   9100    N/A   Ethernet6/1  routed      up       up     N/A         N/A
 Ethernet24      25,26,27,28      40G   9100    N/A   Ethernet7/1  routed      up       up     N/A         N/A
 Ethernet28      29,30,31,32      40G   9100    N/A   Ethernet8/1  routed    down       up     N/A         N/A
 Ethernet32      37,38,39,40      40G   9100    N/A   Ethernet9/1  routed    down       up     N/A         N/A
 Ethernet36      33,34,35,36      40G   9100    N/A  Ethernet10/1  routed    down       up     N/A         N/A
 Ethernet40      45,46,47,48      40G   9100    N/A  Ethernet11/1  routed    down       up     N/A         N/A
 Ethernet44      41,42,43,44      40G   9100    N/A  Ethernet12/1  routed    down       up     N/A         N/A
 Ethernet48      53,54,55,56      40G   9100    N/A  Ethernet13/1  routed    down       up     N/A         N/A
 Ethernet52      49,50,51,52      40G   9100    N/A  Ethernet14/1  routed    down       up     N/A         N/A
 Ethernet56      69,70,71,72      40G   9100    N/A  Ethernet15/1  routed    down       up     N/A         N/A
 Ethernet60      65,66,67,68      40G   9100    N/A  Ethernet16/1  routed    down       up     N/A         N/A
 Ethernet64      77,78,79,80      40G   9100    N/A  Ethernet17/1  routed    down       up     N/A         N/A
 Ethernet68      73,74,75,76      40G   9100    N/A  Ethernet18/1  routed    down       up     N/A         N/A
 Ethernet72      93,94,95,96      40G   9100    N/A  Ethernet19/1  routed    down       up     N/A         N/A
 Ethernet76      89,90,91,92      40G   9100    N/A  Ethernet20/1  routed    down       up     N/A         N/A
 Ethernet80  101,102,103,104      40G   9100    N/A  Ethernet21/1  routed    down       up     N/A         N/A
 Ethernet84     97,98,99,100      40G   9100    N/A  Ethernet22/1  routed    down       up     N/A         N/A
 Ethernet88  109,110,111,112      40G   9100    N/A  Ethernet23/1  routed    down       up     N/A         N/A
 Ethernet92  105,106,107,108      40G   9100    N/A  Ethernet24/1  routed    down       up     N/A         N/A
 Ethernet96      61,62,63,64      40G   9100    N/A    Ethernet25  routed    down       up     N/A         N/A
Ethernet100      57,58,59,60      40G   9100    N/A    Ethernet26  routed    down       up     N/A         N/A
Ethernet104      81,82,83,84      40G   9100    N/A    Ethernet27  routed    down       up     N/A         N/A
Ethernet108      85,86,87,88      40G   9100    N/A    Ethernet28  routed    down       up     N/A         N/A
Ethernet112  117,118,119,120      40G   9100    N/A    Ethernet29  routed    down       up     N/A         N/A
Ethernet116  113,114,115,116      40G   9100    N/A    Ethernet30  routed    down       up     N/A         N/A
Ethernet120          5,6,7,8      40G   9100    N/A    Ethernet31  routed    down       up     N/A         N/A
Ethernet124          1,2,3,4      40G   9100    N/A    Ethernet32  routed    down       up     N/A         N/A
admin@Leaf-L3:~$

admin@Border-Leaf1:~$ show interfaces status
  Interface            Lanes    Speed    MTU    FEC         Alias    Vlan    Oper    Admin    Type    Asym PFC
-----------  ---------------  -------  -----  -----  ------------  ------  ------  -------  ------  ----------
  Ethernet0                9      10G   9100    N/A     Ethernet1  routed      up       up     N/A         N/A
  Ethernet1               10      10G   9100    N/A     Ethernet2  routed      up       up     N/A         N/A
  Ethernet2               11      10G   9100    N/A     Ethernet3  routed      up       up     N/A         N/A
  Ethernet3               12       1G   9100    N/A     Ethernet4  routed      up       up     N/A         N/A
  Ethernet4      13,14,15,16      40G   9100    N/A   Ethernet6/1  routed      up       up     N/A         N/A
  Ethernet8      17,18,19,20      40G   9100    N/A   Ethernet7/1  routed      up       up     N/A         N/A
 Ethernet12      21,22,23,24      40G   9100    N/A   Ethernet8/1  routed    down       up     N/A         N/A
 Ethernet16      29,30,31,32      40G   9100    N/A   Ethernet9/1  routed    down       up     N/A         N/A
 Ethernet20      25,26,27,28      40G   9100    N/A  Ethernet10/1  routed    down       up     N/A         N/A
 Ethernet24      33,34,35,36      40G   9100    N/A  Ethernet11/1  routed    down       up     N/A         N/A
 Ethernet28      37,38,39,40      40G   9100    N/A  Ethernet12/1  routed    down       up     N/A         N/A
 Ethernet32      45,46,47,48      40G   9100    N/A  Ethernet13/1  routed    down       up     N/A         N/A
 Ethernet36      41,42,43,44      40G   9100    N/A  Ethernet14/1  routed    down       up     N/A         N/A
 Ethernet40      49,50,51,52      40G   9100    N/A  Ethernet15/1  routed    down       up     N/A         N/A
 Ethernet44      53,54,55,56      40G   9100    N/A  Ethernet16/1  routed    down       up     N/A         N/A
 Ethernet48      69,70,71,72      40G   9100    N/A  Ethernet17/1  routed    down       up     N/A         N/A
 Ethernet52      65,66,67,68      40G   9100    N/A  Ethernet18/1  routed    down       up     N/A         N/A
 Ethernet56      73,74,75,76      40G   9100    N/A  Ethernet19/1  routed    down       up     N/A         N/A
 Ethernet60      77,78,79,80      40G   9100    N/A  Ethernet20/1  routed    down       up     N/A         N/A
 Ethernet64      93,94,95,96      40G   9100    N/A  Ethernet21/1  routed    down       up     N/A         N/A
 Ethernet68      89,90,91,92      40G   9100    N/A  Ethernet22/1  routed    down       up     N/A         N/A
 Ethernet72     97,98,99,100      40G   9100    N/A  Ethernet23/1  routed    down       up     N/A         N/A
 Ethernet76  101,102,103,104      40G   9100    N/A  Ethernet24/1  routed    down       up     N/A         N/A
 Ethernet80  109,110,111,112      40G   9100    N/A  Ethernet25/1  routed    down       up     N/A         N/A
 Ethernet84  105,106,107,108      40G   9100    N/A  Ethernet26/1  routed    down       up     N/A         N/A
 Ethernet88  121,122,123,124      40G   9100    N/A  Ethernet27/1  routed    down       up     N/A         N/A
 Ethernet92  125,126,127,128      40G   9100    N/A  Ethernet28/1  routed    down       up     N/A         N/A
 Ethernet96      61,62,63,64      40G   9100    N/A    Ethernet29  routed    down       up     N/A         N/A
Ethernet100      57,58,59,60      40G   9100    N/A    Ethernet30  routed    down       up     N/A         N/A
Ethernet104      81,82,83,84      40G   9100    N/A    Ethernet31  routed    down       up     N/A         N/A
Ethernet108      85,86,87,88      40G   9100    N/A    Ethernet32  routed    down       up     N/A         N/A
Ethernet112  117,118,119,120      40G   9100    N/A    Ethernet33  routed    down       up     N/A         N/A
Ethernet116  113,114,115,116      40G   9100    N/A    Ethernet34  routed    down       up     N/A         N/A
Ethernet120          1,2,3,4      40G   9100    N/A    Ethernet35  routed    down       up     N/A         N/A
Ethernet124          5,6,7,8      40G   9100    N/A    Ethernet36  routed    down       up     N/A         N/A
admin@Border-Leaf1:~$

admin@Leaf-L1:~$ show interfaces status
  Interface            Lanes    Speed    MTU    FEC       Alias    Vlan    Oper    Admin    Type    Asym PFC
-----------  ---------------  -------  -----  -----  ----------  ------  ------  -------  ------  ----------
  Ethernet0               13      10G   9100    N/A   Ethernet0  routed      up       up     N/A         N/A
  Ethernet1               14      10G   9100    N/A   Ethernet1  routed      up       up     N/A         N/A
  Ethernet2               15      10G   9100    N/A   Ethernet2  routed      up       up     N/A         N/A
  Ethernet3               16      10G   9100    N/A    tenGigE3  routed    down     down     N/A         N/A
  Ethernet4               21      10G   9100    N/A    tenGigE4  routed    down     down     N/A         N/A
  Ethernet5               22      10G   9100    N/A    tenGigE5  routed    down     down     N/A         N/A
  Ethernet6               23      10G   9100    N/A    tenGigE6  routed    down     down     N/A         N/A
  Ethernet7               24      10G   9100    N/A    tenGigE7  routed    down     down     N/A         N/A
  Ethernet8               25      10G   9100    N/A    tenGigE8  routed    down     down     N/A         N/A
  Ethernet9               26      10G   9100    N/A    tenGigE9  routed    down     down     N/A         N/A
 Ethernet10               27      10G   9100    N/A   tenGigE10  routed    down     down     N/A         N/A
 Ethernet11               28      10G   9100    N/A   tenGigE11  routed    down     down     N/A         N/A
 Ethernet12               29      10G   9100    N/A   tenGigE12  routed    down     down     N/A         N/A
 Ethernet13               30      10G   9100    N/A   tenGigE13  routed    down     down     N/A         N/A
 Ethernet14               31      10G   9100    N/A   tenGigE14  routed    down     down     N/A         N/A
 Ethernet15               32      10G   9100    N/A   tenGigE15  routed    down     down     N/A         N/A
 Ethernet16               45      10G   9100    N/A   tenGigE16  routed    down     down     N/A         N/A
 Ethernet17               46      10G   9100    N/A   tenGigE17  routed    down     down     N/A         N/A
 Ethernet18               47      10G   9100    N/A   tenGigE18  routed    down     down     N/A         N/A
 Ethernet19               48      10G   9100    N/A   tenGigE19  routed    down     down     N/A         N/A
 Ethernet20               49      10G   9100    N/A   tenGigE20  routed    down     down     N/A         N/A
 Ethernet21               50      10G   9100    N/A   tenGigE21  routed    down     down     N/A         N/A
 Ethernet22               51      10G   9100    N/A   tenGigE22  routed    down     down     N/A         N/A
 Ethernet23               52      10G   9100    N/A   tenGigE23  routed    down     down     N/A         N/A
 Ethernet24               53      10G   9100    N/A   tenGigE24  routed    down     down     N/A         N/A
 Ethernet25               54      10G   9100    N/A   tenGigE25  routed    down     down     N/A         N/A
 Ethernet26               55      10G   9100    N/A   tenGigE26  routed    down     down     N/A         N/A
 Ethernet27               56      10G   9100    N/A   tenGigE27  routed    down     down     N/A         N/A
 Ethernet28               57      10G   9100    N/A   tenGigE28  routed    down     down     N/A         N/A
 Ethernet29               58      10G   9100    N/A   tenGigE29  routed    down     down     N/A         N/A
 Ethernet30               59      10G   9100    N/A   tenGigE30  routed    down     down     N/A         N/A
 Ethernet31               60      10G   9100    N/A   tenGigE31  routed    down     down     N/A         N/A
 Ethernet32               61      10G   9100    N/A   tenGigE32  routed    down     down     N/A         N/A
 Ethernet33               62      10G   9100    N/A   tenGigE33  routed    down     down     N/A         N/A
 Ethernet34               63      10G   9100    N/A   tenGigE34  routed    down     down     N/A         N/A
 Ethernet35               64      10G   9100    N/A   tenGigE35  routed    down     down     N/A         N/A
 Ethernet36               65      10G   9100    N/A   tenGigE36  routed    down     down     N/A         N/A
 Ethernet37               66      10G   9100    N/A   tenGigE37  routed    down     down     N/A         N/A
 Ethernet38               67      10G   9100    N/A   tenGigE38  routed    down     down     N/A         N/A
 Ethernet39               68      10G   9100    N/A   tenGigE39  routed    down     down     N/A         N/A
 Ethernet40               69      10G   9100    N/A   tenGigE40  routed    down     down     N/A         N/A
 Ethernet41               70      10G   9100    N/A   tenGigE41  routed    down     down     N/A         N/A
 Ethernet42               71      10G   9100    N/A   tenGigE42  routed    down     down     N/A         N/A
 Ethernet43               72      10G   9100    N/A   tenGigE43  routed    down     down     N/A         N/A
 Ethernet44               73      10G   9100    N/A   tenGigE44  routed    down     down     N/A         N/A
 Ethernet45               74      10G   9100    N/A   tenGigE45  routed    down     down     N/A         N/A
 Ethernet46               75      10G   9100    N/A   tenGigE46  routed    down     down     N/A         N/A
 Ethernet47               76      10G   9100    N/A   tenGigE47  routed    down     down     N/A         N/A
 Ethernet48               97      10G   9100    N/A   tenGigE48  routed    down     down     N/A         N/A
 Ethernet49               98      10G   9100    N/A   tenGigE49  routed    down     down     N/A         N/A
 Ethernet50               99      10G   9100    N/A   tenGigE50  routed    down     down     N/A         N/A
 Ethernet51              100      10G   9100    N/A   tenGigE51  routed    down     down     N/A         N/A
 Ethernet52              101      10G   9100    N/A   tenGigE52  routed    down     down     N/A         N/A
 Ethernet53              102      10G   9100    N/A   tenGigE53  routed    down     down     N/A         N/A
 Ethernet54              103      10G   9100    N/A   tenGigE54  routed    down     down     N/A         N/A
 Ethernet55              104      10G   9100    N/A   tenGigE55  routed    down     down     N/A         N/A
 Ethernet56               81      10G   9100    N/A   tenGigE56  routed    down     down     N/A         N/A
 Ethernet57               82      10G   9100    N/A   tenGigE57  routed    down     down     N/A         N/A
 Ethernet58               83      10G   9100    N/A   tenGigE58  routed    down     down     N/A         N/A
 Ethernet59               84      10G   9100    N/A   tenGigE59  routed    down     down     N/A         N/A
 Ethernet60              105      10G   9100    N/A   tenGigE60  routed    down     down     N/A         N/A
 Ethernet61              106      10G   9100    N/A   tenGigE61  routed    down     down     N/A         N/A
 Ethernet62              107      10G   9100    N/A   tenGigE62  routed    down     down     N/A         N/A
 Ethernet63              108      10G   9100    N/A   tenGigE63  routed    down     down     N/A         N/A
 Ethernet64  109,110,111,112      40G   9100    N/A  Ethernet64  routed    down       up     N/A         N/A
 Ethernet65              110      10G   9100    N/A   tenGigE65  routed    down     down     N/A         N/A
 Ethernet66              111      10G   9100    N/A   tenGigE66  routed    down     down     N/A         N/A
 Ethernet67              112      10G   9100    N/A   tenGigE67  routed    down     down     N/A         N/A
 Ethernet68      77,78,79,80      40G   9100    N/A  Ethernet68  routed    down       up     N/A         N/A
 Ethernet69               78      10G   9100    N/A   tenGigE69  routed    down     down     N/A         N/A
 Ethernet70               79      10G   9100    N/A   tenGigE70  routed    down     down     N/A         N/A
 Ethernet71               80      10G   9100    N/A   tenGigE71  routed    down     down     N/A         N/A
admin@Leaf-L1:~$

