The Exit-Routers/ISP-Router/External routers, dedicated playbooks associated with them that didn't run succesfully. (venv) nh1221@Lab-ControlNode:/mnt/c/Users/nh1221/dc_lab/clab/sonic-clab$ ansible-playbook playbooks/exit-routers.yml

PLAY [Configure Exit-Routers — WireGuard VPN, VRF-Internet, FRR BGP, NAT] **********************************************************************************

TASK [linux_exit_router : Assert required exit-router vars are present] ************************************************************************************
ok: [Exit-Router1] => {
    "changed": false,
    "msg": "All assertions passed"
}
ok: [Exit-Router2] => {
    "changed": false,
    "msg": "All assertions passed"
}

TASK [linux_exit_router : Install exit-router packages] ****************************************************************************************************
[WARNING]: Host 'Exit-Router2' is using the discovered Python interpreter at '/usr/bin/python3.14', but future installation of another Python interpreter could cause a different interpreter to be discovered. See https://docs.ansible.com/ansible-core/2.20/reference_appendices/interpreter_discovery.html for more information.
[ERROR]: Task failed: Module failed: No package matching 'wireguard' is available
Origin: /mnt/c/Users/nh1221/dc_lab/clab/sonic-clab/roles/linux_exit_router/tasks/main.yml:12:3

10     fail_msg: "bgp_local_asn, router_id, bdrl_interfaces, isp_interfaces, wireguard_configs must all be defined"
11
12 - name: Install exit-router packages
     ^ column 3

fatal: [Exit-Router2]: FAILED! => {"ansible_facts": {"discovered_interpreter_python": "/usr/bin/python3.14"}, "changed": false, "msg": "No package matching 'wireguard' is available"}
[WARNING]: Host 'Exit-Router1' is using the discovered Python interpreter at '/usr/bin/python3.14', but future installation of another Python interpreter could cause a different interpreter to be discovered. See https://docs.ansible.com/ansible-core/2.20/reference_appendices/interpreter_discovery.html for more information.
fatal: [Exit-Router1]: FAILED! => {"ansible_facts": {"discovered_interpreter_python": "/usr/bin/python3.14"}, "changed": false, "msg": "No package matching 'wireguard' is available"}

PLAY RECAP *************************************************************************************************************************************************
Exit-Router1               : ok=1    changed=0    unreachable=0    failed=1    skipped=0    rescued=0    ignored=0
Exit-Router2               : ok=1    changed=0    unreachable=0    failed=1    skipped=0    rescued=0    ignored=0

(venv) nh1221@Lab-ControlNode:/mnt/c/Users/nh1221/dc_lab/clab/sonic-clab$ ansible-playbook playbooks/isp-routers.yml

PLAY [Configure ISP Routers — FRR BGP with default route advertisement] ************************************************************************************

TASK [linux_isp_router : Assert required ISP router vars are present] **************************************************************************************
ok: [ISP-1] => {
    "changed": false,
    "msg": "All assertions passed"
}
ok: [ISP-2] => {
    "changed": false,
    "msg": "All assertions passed"
}

TASK [linux_isp_router : Install FRR] **********************************************************************************************************************
[ERROR]: Task failed: Failed to connect to the host via ssh: nc: read failed (0/4): Broken pipe
Connection closed by UNKNOWN port 65535

Task failed.
Origin: /mnt/c/Users/nh1221/dc_lab/clab/sonic-clab/roles/linux_isp_router/tasks/main.yml:10:3

 8     fail_msg: "bgp_local_asn, router_id, and extrtr_interfaces must all be defined"
 9
10 - name: Install FRR
     ^ column 3

<<< caused by >>>

Failed to connect to the host via ssh: nc: read failed (0/4): Broken pipe
Connection closed by UNKNOWN port 65535

fatal: [ISP-2]: UNREACHABLE! => {"changed": false, "msg": "Task failed: Failed to connect to the host via ssh: nc: read failed (0/4): Broken pipe\nConnection closed by UNKNOWN port 65535", "unreachable": true}
fatal: [ISP-1]: UNREACHABLE! => {"changed": false, "msg": "Task failed: Failed to connect to the host via ssh: nc: read failed (0/4): Broken pipe\nConnection closed by UNKNOWN port 65535", "unreachable": true}

PLAY RECAP *************************************************************************************************************************************************
ISP-1                      : ok=1    changed=0    unreachable=1    failed=0    skipped=0    rescued=0    ignored=0
ISP-2                      : ok=1    changed=0    unreachable=1    failed=0    skipped=0    rescued=0    ignored=0

(venv) nh1221@Lab-ControlNode:/mnt/c/Users/nh1221/dc_lab/clab/sonic-clab$ ansible-playbook playbooks/external-routers.yml

PLAY [Configure External-Router — FRR BGP to ISPs for WireGuard/VRF validation edge] ***********************************************************************

TASK [linux_external_router : Assert required external-router vars are present] ****************************************************************************
ok: [External-Router] => {
    "changed": false,
    "msg": "All assertions passed"
}

TASK [linux_external_router : Install FRR] *****************************************************************************************************************
[ERROR]: Task failed: Failed to connect to the host via ssh: nc: read failed (0/4): Broken pipe
Connection closed by UNKNOWN port 65535

Task failed.
Origin: /mnt/c/Users/nh1221/dc_lab/clab/sonic-clab/roles/linux_external_router/tasks/main.yml:11:3

 9     fail_msg: "bgp_local_asn, router_id, isp_uplinks, and ops_lan must all be defined"
10
11 - name: Install FRR
     ^ column 3

<<< caused by >>>

Failed to connect to the host via ssh: nc: read failed (0/4): Broken pipe
Connection closed by UNKNOWN port 65535

fatal: [External-Router]: UNREACHABLE! => {"changed": false, "msg": "Task failed: Failed to connect to the host via ssh: nc: read failed (0/4): Broken pipe\nConnection closed by UNKNOWN port 65535", "unreachable": true}

PLAY RECAP *************************************************************************************************************************************************
External-Router            : ok=1    changed=0    unreachable=1    failed=0    skipped=0    rescued=0    ignored=0

(venv) nh1221@Lab-ControlNode:/mnt/c/Users/nh1221/dc_lab/clab/sonic-clab$ ansible-playbook playbooks/verify-connectivity.yml

PLAY [Tenant servers — BGP unnumbered + internet egress + route separation] ********************************************************************************

TASK [Confirm data NICs carry an IPv6 link-local address] **************************************************************************************************
[WARNING]: Host 'Host12-1' is using the discovered Python interpreter at '/usr/bin/python3.14', but future installation of another Python interpreter could cause a different interpreter to be discovered. See https://docs.ansible.com/ansible-core/2.20/reference_appendices/interpreter_discovery.html for more information.
ok: [Host12-1] => (item=ens2)
[WARNING]: Host 'Host34-1' is using the discovered Python interpreter at '/usr/bin/python3.14', but future installation of another Python interpreter could cause a different interpreter to be discovered. See https://docs.ansible.com/ansible-core/2.20/reference_appendices/interpreter_discovery.html for more information.
ok: [Host34-1] => (item=ens2)
[WARNING]: Host 'Host12-3' is using the discovered Python interpreter at '/usr/bin/python3.14', but future installation of another Python interpreter could cause a different interpreter to be discovered. See https://docs.ansible.com/ansible-core/2.20/reference_appendices/interpreter_discovery.html for more information.
ok: [Host12-3] => (item=ens2)
[WARNING]: Host 'Host34-2' is using the discovered Python interpreter at '/usr/bin/python3.14', but future installation of another Python interpreter could cause a different interpreter to be discovered. See https://docs.ansible.com/ansible-core/2.20/reference_appendices/interpreter_discovery.html for more information.
ok: [Host34-2] => (item=ens2)
[WARNING]: Host 'Host12-2' is using the discovered Python interpreter at '/usr/bin/python3.14', but future installation of another Python interpreter could cause a different interpreter to be discovered. See https://docs.ansible.com/ansible-core/2.20/reference_appendices/interpreter_discovery.html for more information.
ok: [Host12-2] => (item=ens2)
ok: [Host12-1] => (item=ens3)
ok: [Host34-1] => (item=ens3)
ok: [Host12-3] => (item=ens3)
ok: [Host34-2] => (item=ens3)
ok: [Host12-2] => (item=ens3)
[WARNING]: Host 'MonSrv' is using the discovered Python interpreter at '/usr/bin/python3.14', but future installation of another Python interpreter could cause a different interpreter to be discovered. See https://docs.ansible.com/ansible-core/2.20/reference_appendices/interpreter_discovery.html for more information.
ok: [MonSrv] => (item=ens2)
[WARNING]: Host 'HostB12-2' is using the discovered Python interpreter at '/usr/bin/python3.14', but future installation of another Python interpreter could cause a different interpreter to be discovered. See https://docs.ansible.com/ansible-core/2.20/reference_appendices/interpreter_discovery.html for more information.
ok: [HostB12-2] => (item=ens2)
[WARNING]: Host 'HostB12-1' is using the discovered Python interpreter at '/usr/bin/python3.14', but future installation of another Python interpreter could cause a different interpreter to be discovered. See https://docs.ansible.com/ansible-core/2.20/reference_appendices/interpreter_discovery.html for more information.
ok: [HostB12-1] => (item=ens2)
ok: [MonSrv] => (item=ens3)
ok: [HostB12-2] => (item=ens3)
ok: [HostB12-1] => (item=ens3)

TASK [Collect FRR BGP summary] *****************************************************************************************************************************
ok: [Host12-2]
ok: [Host12-3]
ok: [Host34-1]
ok: [Host34-2]
ok: [Host12-1]
ok: [MonSrv]
ok: [HostB12-1]
ok: [HostB12-2]

TASK [Route to the internet target (expected via a data NIC, not mgmt)] ************************************************************************************
ok: [Host12-2]
ok: [Host12-3]
ok: [Host34-2]
ok: [Host34-1]
ok: [MonSrv]
ok: [HostB12-1]
ok: [HostB12-2]
[ERROR]: Task failed: Data could not be sent to remote host "172.16.2.51". Make sure this host can be reached over ssh: Connection timed out during banner exchange
Connection to UNKNOWN port 65535 timed out
Origin: /mnt/c/Users/nh1221/dc_lab/clab/sonic-clab/playbooks/verify-connectivity.yml:53:7

51       failed_when: false
52
53     - name: Route to the internet target (expected via a data NIC, not mgmt)
         ^ column 7

fatal: [Host12-1]: UNREACHABLE! => {"changed": false, "msg": "Task failed: Data could not be sent to remote host \"172.16.2.51\". Make sure this host can be reached over ssh: Connection timed out during banner exchange\r\nConnection to UNKNOWN port 65535 timed out", "unreachable": true}

TASK [Route to the Ops/Mgmt subnet (expected via the mgmt NIC only)] ***************************************************************************************
ok: [Host12-2]
ok: [Host34-2]
ok: [Host12-3]
ok: [Host34-1]
ok: [MonSrv]
ok: [HostB12-1]
[ERROR]: Task failed: Data could not be sent to remote host "172.16.2.58". Make sure this host can be reached over ssh: Connection timed out during banner exchange
Connection to UNKNOWN port 65535 timed out
Origin: /mnt/c/Users/nh1221/dc_lab/clab/sonic-clab/playbooks/verify-connectivity.yml:59:7

57       failed_when: false
58
59     - name: Route to the Ops/Mgmt subnet (expected via the mgmt NIC only)
         ^ column 7

fatal: [HostB12-2]: UNREACHABLE! => {"changed": false, "msg": "Task failed: Data could not be sent to remote host \"172.16.2.58\". Make sure this host can be reached over ssh: Connection timed out during banner exchange\r\nConnection to UNKNOWN port 65535 timed out", "unreachable": true}

TASK [Ping the (simulated) internet target over the data plane] ********************************************************************************************
ok: [Host12-3]
ok: [Host12-2]
ok: [Host34-2]
ok: [MonSrv]
ok: [Host34-1]
ok: [HostB12-1]

TASK [Report] **********************************************************************************************************************************************
ok: [Host12-3] => {
    "msg": [
        "===== Host12-3 =====",
        "BGP summary:\n\nIPv4 Unicast Summary:\nBGP router identifier 10.0.10.3, local AS number 65213 VRF default vrf-id 0\nBGP table version 1\nRIB entries 1, using 128 bytes of memory\nPeers 2, using 47 KiB of memory\n\nNeighbor        V         AS   MsgRcvd   MsgSent   TblVer  InQ OutQ  Up/Down State/PfxRcd   PfxSnt Desc\nLeaf-L1(ens2)   4      65011        94        95        1    0    0 00:04:34            0        1 To-Leaf-L1-Ethernet2\nLeaf-L2(ens3)   4      65012        94        95        1    0    0 00:04:34            0        1 To-Leaf-L2-Ethernet2\n\nTotal number of neighbors 2",
        "Route to internet (203.0.113.1 / bbc.com): 203.0.113.1 via 10.0.0.2 dev enp1s0 src 10.0.0.15 uid 0 \n    cache ",
        "Route to mgmt (172.16.2.0/24): 172.16.2.254 via 10.0.0.2 dev enp1s0 src 10.0.0.15 uid 0 \n    cache ",
        "Internet ping: FAILED"
    ]
}
ok: [Host12-2] => {
    "msg": [
        "===== Host12-2 =====",
        "BGP summary:\n\nIPv4 Unicast Summary:\nBGP router identifier 10.0.10.2, local AS number 65212 VRF default vrf-id 0\nBGP table version 1\nRIB entries 1, using 128 bytes of memory\nPeers 2, using 47 KiB of memory\n\nNeighbor        V         AS   MsgRcvd   MsgSent   TblVer  InQ OutQ  Up/Down State/PfxRcd   PfxSnt Desc\nLeaf-L1(ens2)   4      65011        93        94        1    0    0 00:04:32            0        1 To-Leaf-L1-Ethernet1\nLeaf-L2(ens3)   4      65012        91        92        1    0    0 00:04:26            0        1 To-Leaf-L2-Ethernet1\n\nTotal number of neighbors 2",
        "Route to internet (203.0.113.1 / bbc.com): 203.0.113.1 via 10.0.0.2 dev enp1s0 src 10.0.0.15 uid 0 \n    cache ",
        "Route to mgmt (172.16.2.0/24): 172.16.2.254 via 10.0.0.2 dev enp1s0 src 10.0.0.15 uid 0 \n    cache ",
        "Internet ping: FAILED"
    ]
}
ok: [Host34-1] => {
    "msg": [
        "===== Host34-1 =====",
        "BGP summary:\n\nIPv4 Unicast Summary:\nBGP router identifier 10.0.20.1, local AS number 65221 VRF default vrf-id 0\nBGP table version 1\nRIB entries 1, using 128 bytes of memory\nPeers 2, using 47 KiB of memory\n\nNeighbor        V         AS   MsgRcvd   MsgSent   TblVer  InQ OutQ  Up/Down State/PfxRcd   PfxSnt Desc\nens2            4      65021         0         6        0    0    0    never       Active        0 To-Leaf-L3-Ethernet0\nens3            4      65022         0         6        0    0    0    never       Active        0 To-Leaf-L4-Ethernet0\n\nTotal number of neighbors 2",
        "Route to internet (203.0.113.1 / bbc.com): 203.0.113.1 via 10.0.0.2 dev enp1s0 src 10.0.0.15 uid 0 \n    cache ",
        "Route to mgmt (172.16.2.0/24): 172.16.2.254 via 10.0.0.2 dev enp1s0 src 10.0.0.15 uid 0 \n    cache ",
        "Internet ping: FAILED"
    ]
}
ok: [Host34-2] => {
    "msg": [
        "===== Host34-2 =====",
        "BGP summary:\n\nIPv4 Unicast Summary:\nBGP router identifier 10.0.20.2, local AS number 65222 VRF default vrf-id 0\nBGP table version 1\nRIB entries 1, using 128 bytes of memory\nPeers 2, using 47 KiB of memory\n\nNeighbor        V         AS   MsgRcvd   MsgSent   TblVer  InQ OutQ  Up/Down State/PfxRcd   PfxSnt Desc\nens2            4      65021         0         0        0    0    0    never         Idle        0 To-Leaf-L3-Ethernet1\nens3            4      65022         0         0        0    0    0    never         Idle        0 To-Leaf-L4-Ethernet1\n\nTotal number of neighbors 2",
        "Route to internet (203.0.113.1 / bbc.com): 203.0.113.1 via 10.0.0.2 dev enp1s0 src 10.0.0.15 uid 0 \n    cache ",
        "Route to mgmt (172.16.2.0/24): 172.16.2.254 via 10.0.0.2 dev enp1s0 src 10.0.0.15 uid 0 \n    cache ",
        "Internet ping: FAILED"
    ]
}
ok: [MonSrv] => {
    "msg": [
        "===== MonSrv =====",
        "BGP summary:\n\nIPv4 Unicast Summary:\nBGP router identifier 10.10.255.102, local AS number 65223 VRF default vrf-id 0\nBGP table version 0\nRIB entries 0, using 0 bytes of memory\nPeers 2, using 47 KiB of memory\n\nNeighbor        V         AS   MsgRcvd   MsgSent   TblVer  InQ OutQ  Up/Down State/PfxRcd   PfxSnt Desc\nens2            4      65021         0         0        0    0    0    never         Idle        0 To-Leaf-L3-Ethernet2\nens3            4      65022         0         0        0    0    0    never         Idle        0 To-Leaf-L4-Ethernet2\n\nTotal number of neighbors 2",
        "Route to internet (203.0.113.1 / bbc.com): 203.0.113.1 via 10.0.0.2 dev enp1s0 src 10.0.0.15 uid 0 \n    cache ",
        "Route to mgmt (172.16.2.0/24): 172.16.2.254 via 10.0.0.2 dev enp1s0 src 10.0.0.15 uid 0 \n    cache ",
        "Internet ping: FAILED"
    ]
}
ok: [HostB12-1] => {
    "msg": [
        "===== HostB12-1 =====",
        "BGP summary:\n\nIPv4 Unicast Summary:\nBGP router identifier 10.10.255.100, local AS number 65231 VRF default vrf-id 0\nBGP table version 0\nRIB entries 0, using 0 bytes of memory\nPeers 2, using 47 KiB of memory\n\nNeighbor           V         AS   MsgRcvd   MsgSent   TblVer  InQ OutQ  Up/Down State/PfxRcd   PfxSnt Desc\nBorder-Leaf1(ens2) 4      65031        91        91        0    0    0 00:04:26            0        0 To-Border-Leaf1-Ethe\nBorder-Leaf2(ens3) 4      65032        91        91        0    0    0 00:04:27            0        0 To-Border-Leaf2-Ethe\n\nTotal number of neighbors 2",
        "Route to internet (203.0.113.1 / bbc.com): 203.0.113.1 via 10.0.0.2 dev enp1s0 src 10.0.0.15 uid 0 \n    cache ",
        "Route to mgmt (172.16.2.0/24): 172.16.2.254 via 10.0.0.2 dev enp1s0 src 10.0.0.15 uid 0 \n    cache ",
        "Internet ping: FAILED"
    ]
}

PLAY [Exit-Routers — BGP to Border-Leaves & ISPs + internet egress] ****************************************************************************************

TASK [Confirm FRR is installed (vtysh present)] ************************************************************************************************************
[WARNING]: Host 'Exit-Router2' is using the discovered Python interpreter at '/usr/bin/python3.14', but future installation of another Python interpreter could cause a different interpreter to be discovered. See https://docs.ansible.com/ansible-core/2.20/reference_appendices/interpreter_discovery.html for more information.
ok: [Exit-Router2]
[WARNING]: Host 'Exit-Router1' is using the discovered Python interpreter at '/usr/bin/python3.14', but future installation of another Python interpreter could cause a different interpreter to be discovered. See https://docs.ansible.com/ansible-core/2.20/reference_appendices/interpreter_discovery.html for more information.
ok: [Exit-Router1]

TASK [BGP summary — default VRF (Border-Leaf uplinks)] *****************************************************************************************************
ok: [Exit-Router2]
ok: [Exit-Router1]

TASK [BGP summary — vrf-internet (ISP uplinks)] ************************************************************************************************************
ok: [Exit-Router2]
ok: [Exit-Router1]

TASK [Ping the (simulated) internet target from vrf-internet] **********************************************************************************************
ok: [Exit-Router2]
ok: [Exit-Router1]

TASK [Report] **********************************************************************************************************************************************
ok: [Exit-Router1] => {
    "msg": [
        "===== Exit-Router1 =====",
        "vtysh installed: NO — run exit-routers.yml",
        "default VRF BGP:\n",
        "vrf-internet BGP:\n",
        "Internet ping from vrf-internet: FAILED"
    ]
}
ok: [Exit-Router2] => {
    "msg": [
        "===== Exit-Router2 =====",
        "vtysh installed: NO — run exit-routers.yml",
        "default VRF BGP:\n",
        "vrf-internet BGP:\n",
        "Internet ping from vrf-internet: FAILED"
    ]
}

PLAY [SONiC switches — fabric + access neighbor state] *****************************************************************************************************

TASK [BGP summary] *****************************************************************************************************************************************
[WARNING]: Host 'Leaf-L2' is using the discovered Python interpreter at '/usr/bin/python3.13', but future installation of another Python interpreter could cause a different interpreter to be discovered. See https://docs.ansible.com/ansible-core/2.20/reference_appendices/interpreter_discovery.html for more information.
ok: [Leaf-L2]
[WARNING]: Host 'Spine-S2' is using the discovered Python interpreter at '/usr/bin/python3.13', but future installation of another Python interpreter could cause a different interpreter to be discovered. See https://docs.ansible.com/ansible-core/2.20/reference_appendices/interpreter_discovery.html for more information.
ok: [Spine-S2]
[WARNING]: Host 'Leaf-L1' is using the discovered Python interpreter at '/usr/bin/python3.13', but future installation of another Python interpreter could cause a different interpreter to be discovered. See https://docs.ansible.com/ansible-core/2.20/reference_appendices/interpreter_discovery.html for more information.
ok: [Leaf-L1]
[WARNING]: Host 'Spine-S1' is using the discovered Python interpreter at '/usr/bin/python3.13', but future installation of another Python interpreter could cause a different interpreter to be discovered. See https://docs.ansible.com/ansible-core/2.20/reference_appendices/interpreter_discovery.html for more information.
ok: [Spine-S1]
[WARNING]: Host 'Leaf-L3' is using the discovered Python interpreter at '/usr/bin/python3.13', but future installation of another Python interpreter could cause a different interpreter to be discovered. See https://docs.ansible.com/ansible-core/2.20/reference_appendices/interpreter_discovery.html for more information.
ok: [Leaf-L3]
[WARNING]: Host 'Border-Leaf1' is using the discovered Python interpreter at '/usr/bin/python3.13', but future installation of another Python interpreter could cause a different interpreter to be discovered. See https://docs.ansible.com/ansible-core/2.20/reference_appendices/interpreter_discovery.html for more information.
ok: [Border-Leaf1]
[WARNING]: Host 'Border-Leaf2' is using the discovered Python interpreter at '/usr/bin/python3.13', but future installation of another Python interpreter could cause a different interpreter to be discovered. See https://docs.ansible.com/ansible-core/2.20/reference_appendices/interpreter_discovery.html for more information.
ok: [Border-Leaf2]
[WARNING]: Host 'Leaf-L4' is using the discovered Python interpreter at '/usr/bin/python3.13', but future installation of another Python interpreter could cause a different interpreter to be discovered. See https://docs.ansible.com/ansible-core/2.20/reference_appendices/interpreter_discovery.html for more information.
ok: [Leaf-L4]

TASK [Interface status (only clab-connected ports should be admin up)] *************************************************************************************
ok: [Leaf-L1]
ok: [Spine-S1]
ok: [Spine-S2]
ok: [Leaf-L3]
ok: [Leaf-L2]
ok: [Leaf-L4]
ok: [Border-Leaf1]
ok: [Border-Leaf2]

TASK [Report] **********************************************************************************************************************************************
ok: [Spine-S1] => {
    "msg": [
        "===== Spine-S1 =====",
        "\nIPv4 Unicast Summary:\nBGP router identifier 10.0.0.1, local AS number 65000 VRF default vrf-id 0\nBGP table version 3\nRIB entries 4, using 512 bytes of memory\nPeers 6, using 141 KiB of memory\n\nNeighbor        V         AS   MsgRcvd   MsgSent   TblVer  InQ OutQ  Up/Down State/PfxRcd   PfxSnt Desc\nEthernet0       4      65011        22        23        3    0    0 00:18:46     (Policy) (Policy) Leaf-L1\nEthernet4       4      65012        22        23        3    0    0 00:18:47     (Policy) (Policy) Leaf-L2\nEthernet8       4      65021        22        23        3    0    0 00:18:48     (Policy) (Policy) Leaf-L3\nEthernet12      4      65022        26        26        3    0    0 00:18:33     (Policy) (Policy) Leaf-L4\nEthernet16      4      65031        24        24        3    0    0 00:18:35     (Policy) (Policy) Border-Leaf1\nEthernet20      4      65032        24        26        3    0    0 00:18:34     (Policy) (Policy) Border-Leaf2\n\nTotal number of neighbors 6"
    ]
}
ok: [Spine-S2] => {
    "msg": [
        "===== Spine-S2 =====",
        "\nIPv4 Unicast Summary:\nBGP router identifier 10.0.0.2, local AS number 65000 VRF default vrf-id 0\nBGP table version 3\nRIB entries 4, using 512 bytes of memory\nPeers 6, using 141 KiB of memory\n\nNeighbor        V         AS   MsgRcvd   MsgSent   TblVer  InQ OutQ  Up/Down State/PfxRcd   PfxSnt Desc\nEthernet0       4      65011        22        23        3    0    0 00:18:46     (Policy) (Policy) Leaf-L1\nEthernet4       4      65012        22        23        3    0    0 00:18:46     (Policy) (Policy) Leaf-L2\nEthernet8       4      65021        22        23        3    0    0 00:18:48     (Policy) (Policy) Leaf-L3\nEthernet12      4      65022        22        23        3    0    0 00:18:32     (Policy) (Policy) Leaf-L4\nEthernet16      4      65031        22        23        3    0    0 00:18:34     (Policy) (Policy) Border-Leaf1\nEthernet20      4      65032        22        23        3    0    0 00:18:33     (Policy) (Policy) Border-Leaf2\n\nTotal number of neighbors 6"
    ]
}
ok: [Leaf-L1] => {
    "msg": [
        "===== Leaf-L1 =====",
        "\nIPv4 Unicast Summary:\nBGP router identifier 10.0.1.1, local AS number 65011 VRF default vrf-id 0\nBGP table version 3\nRIB entries 5, using 640 bytes of memory\nPeers 5, using 118 KiB of memory\n\nNeighbor        V         AS   MsgRcvd   MsgSent   TblVer  InQ OutQ  Up/Down State/PfxRcd   PfxSnt Desc\nEthernet0       4      65211        96       101        0    0    0 00:02:41     OpenSent        0 Host12-1\nEthernet1       4      65212       151       151        3    0    0 00:07:24     (Policy) (Policy) Host12-2\nEthernet2       4      65213       152       152        3    0    0 00:07:26     (Policy) (Policy) Host12-3\nEthernet64      4      65000        22        22        3    0    0 00:18:45     (Policy) (Policy) Spine-S2\nEthernet68      4      65000        22        22        3    0    0 00:18:45     (Policy) (Policy) Spine-S1\n\nTotal number of neighbors 5"
    ]
}
ok: [Leaf-L2] => {
    "msg": [
        "===== Leaf-L2 =====",
        "\nIPv4 Unicast Summary:\nBGP router identifier 10.0.1.2, local AS number 65012 VRF default vrf-id 0\nBGP table version 3\nRIB entries 5, using 640 bytes of memory\nPeers 5, using 118 KiB of memory\n\nNeighbor        V         AS   MsgRcvd   MsgSent   TblVer  InQ OutQ  Up/Down State/PfxRcd   PfxSnt Desc\nEthernet0       4      65211        96       101        0    0    0 00:02:41     OpenSent        0 Host12-1\nEthernet1       4      65212       149       149        3    0    0 00:07:18     (Policy) (Policy) Host12-2\nEthernet2       4      65213       152       152        3    0    0 00:07:26     (Policy) (Policy) Host12-3\nEthernet64      4      65000        22        22        3    0    0 00:18:46     (Policy) (Policy) Spine-S2\nEthernet68      4      65000        22        22        3    0    0 00:18:46     (Policy) (Policy) Spine-S1\n\nTotal number of neighbors 5"
    ]
}
ok: [Leaf-L3] => {
    "msg": [
        "===== Leaf-L3 =====",
        "\nIPv4 Unicast Summary:\nBGP router identifier 10.0.1.3, local AS number 65021 VRF default vrf-id 0\nBGP table version 3\nRIB entries 5, using 640 bytes of memory\nPeers 5, using 118 KiB of memory\n\nNeighbor        V         AS   MsgRcvd   MsgSent   TblVer  InQ OutQ  Up/Down State/PfxRcd   PfxSnt Desc\nEthernet0       4          0        11        22        0    0    0    never         Idle        0 Host34-1\nEthernet1       4          0        17        32        0    0    0    never         Idle        0 Host34-2\nEthernet2       4          0        11        22        0    0    0    never         Idle        0 MonSrv\nEthernet120     4      65000        22        22        3    0    0 00:18:48     (Policy) (Policy) Spine-S2\nEthernet124     4      65000        22        22        3    0    0 00:18:48     (Policy) (Policy) Spine-S1\n\nTotal number of neighbors 5"
    ]
}
ok: [Leaf-L4] => {
    "msg": [
        "===== Leaf-L4 =====",
        "\nIPv4 Unicast Summary:\nBGP router identifier 10.0.1.4, local AS number 65022 VRF default vrf-id 0\nBGP table version 3\nRIB entries 5, using 640 bytes of memory\nPeers 5, using 118 KiB of memory\n\nNeighbor        V         AS   MsgRcvd   MsgSent   TblVer  InQ OutQ  Up/Down State/PfxRcd   PfxSnt Desc\nEthernet0       4          0        11        22        0    0    0    never         Idle        0 Host34-1\nEthernet1       4          0        11        22        0    0    0    never         Idle        0 Host34-2\nEthernet2       4          0        11        22        0    0    0    never         Idle        0 MonSrv\nEthernet120     4      65000        22        22        3    0    0 00:18:37     (Policy) (Policy) Spine-S2\nEthernet124     4      65000        22        22        3    0    0 00:18:37     (Policy) (Policy) Spine-S1\n\nTotal number of neighbors 5"
    ]
}
ok: [Border-Leaf1] => {
    "msg": [
        "===== Border-Leaf1 =====",
        "\nIPv4 Unicast Summary:\nBGP router identifier 10.0.2.1, local AS number 65031 VRF default vrf-id 0\nBGP table version 3\nRIB entries 5, using 640 bytes of memory\nPeers 6, using 141 KiB of memory\n\nNeighbor        V         AS   MsgRcvd   MsgSent   TblVer  InQ OutQ  Up/Down State/PfxRcd   PfxSnt Desc\nEthernet0       4          0         0         0        0    0    0    never         Idle        0 Exit-Router1\nEthernet1       4          0         0         0        0    0    0    never         Idle        0 Exit-Router2\nEthernet2       4      65231       149       150        3    0    0 00:07:19     (Policy) (Policy) HostB12-1\nEthernet3       4      65232       105       116        3    0    0 00:00:14     (Policy) (Policy) HostB12-2\nEthernet120     4      65000        22        22        3    0    0 00:18:38     (Policy) (Policy) Spine-S2\nEthernet124     4      65000        22        22        3    0    0 00:18:38     (Policy) (Policy) Spine-S1\n\nTotal number of neighbors 6"
    ]
}
ok: [Border-Leaf2] => {
    "msg": [
        "===== Border-Leaf2 =====",
        "\nIPv4 Unicast Summary:\nBGP router identifier 10.0.2.2, local AS number 65032 VRF default vrf-id 0\nBGP table version 3\nRIB entries 5, using 640 bytes of memory\nPeers 6, using 141 KiB of memory\n\nNeighbor        V         AS   MsgRcvd   MsgSent   TblVer  InQ OutQ  Up/Down State/PfxRcd   PfxSnt Desc\nEthernet0       4          0         0         0        0    0    0    never         Idle        0 Exit-Router2\nEthernet1       4          0         0         0        0    0    0    never         Idle        0 Exit-Router1\nEthernet2       4      65231       149       150        3    0    0 00:07:20     (Policy) (Policy) HostB12-1\nEthernet3       4      65232       101       116        3    0    0 00:00:04     (Policy) (Policy) HostB12-2\nEthernet120     4      65000        22        22        3    0    0 00:18:38     (Policy) (Policy) Spine-S2\nEthernet124     4      65000        22        22        3    0    0 00:18:38     (Policy) (Policy) Spine-S1\n\nTotal number of neighbors 6"
    ]
}

PLAY RECAP *************************************************************************************************************************************************
Border-Leaf1               : ok=3    changed=0    unreachable=0    failed=0    skipped=0    rescued=0    ignored=0
Border-Leaf2               : ok=3    changed=0    unreachable=0    failed=0    skipped=0    rescued=0    ignored=0
Exit-Router1               : ok=5    changed=0    unreachable=0    failed=0    skipped=0    rescued=0    ignored=0
Exit-Router2               : ok=5    changed=0    unreachable=0    failed=0    skipped=0    rescued=0    ignored=0
Host12-1                   : ok=2    changed=0    unreachable=1    failed=0    skipped=0    rescued=0    ignored=0
Host12-2                   : ok=6    changed=0    unreachable=0    failed=0    skipped=0    rescued=0    ignored=0
Host12-3                   : ok=6    changed=0    unreachable=0    failed=0    skipped=0    rescued=0    ignored=0
Host34-1                   : ok=6    changed=0    unreachable=0    failed=0    skipped=0    rescued=0    ignored=0
Host34-2                   : ok=6    changed=0    unreachable=0    failed=0    skipped=0    rescued=0    ignored=0
HostB12-1                  : ok=6    changed=0    unreachable=0    failed=0    skipped=0    rescued=0    ignored=0
HostB12-2                  : ok=3    changed=0    unreachable=1    failed=0    skipped=0    rescued=0    ignored=0
Leaf-L1                    : ok=3    changed=0    unreachable=0    failed=0    skipped=0    rescued=0    ignored=0
Leaf-L2                    : ok=3    changed=0    unreachable=0    failed=0    skipped=0    rescued=0    ignored=0
Leaf-L3                    : ok=3    changed=0    unreachable=0    failed=0    skipped=0    rescued=0    ignored=0
Leaf-L4                    : ok=3    changed=0    unreachable=0    failed=0    skipped=0    rescued=0    ignored=0
MonSrv                     : ok=6    changed=0    unreachable=0    failed=0    skipped=0    rescued=0    ignored=0
Spine-S1                   : ok=3    changed=0    unreachable=0    failed=0    skipped=0    rescued=0    ignored=0
Spine-S2                   : ok=3    changed=0    unreachable=0    failed=0    skipped=0    rescued=0    ignored=0

(venv) nh1221@Lab-ControlNode:/mnt/c/Users/nh1221/dc_lab/clab/sonic-clab$


Please review this article for wireguard: 'https://dev.to/vultr/setting-up-wireguard-vpn-on-ubuntu-2604-1676'
nh1221@PowerEdge-R810:~$ ssh ubuntu@Exit-Router1
Warning: Permanently added 'exit-router1' (ED25519) to the list of known hosts.
ubuntu@exit-router1's password:
Welcome to Ubuntu 26.04 LTS (GNU/Linux 7.0.0-28-generic x86_64)

 * Documentation:  https://docs.ubuntu.com
 * Management:     https://landscape.canonical.com
 * Support:        https://ubuntu.com/pro

 System information as of Mon Aug 10 18:26:57 CEST 2026

  System load:             0.23
  Usage of /:              70.7% of 2.73GB
  Memory usage:            47%
  Swap usage:              0%
  Processes:               134
  Users logged in:         0
  IPv4 address for enp1s0: 10.0.0.15
  IPv6 address for enp1s0: fec0::e00:efff:fea1:e800


Expanded Security Maintenance for Applications is not enabled.

0 updates can be applied immediately.

Enable ESM Apps to receive additional future security updates.
See https://ubuntu.com/esm or run: sudo pro status


The list of available updates is more than a week old.
To check for new updates run: sudo apt update

ubuntu@Exit-Router1:~$ ip a sh
1: lo: <LOOPBACK,UP,LOWER_UP> mtu 65536 qdisc noqueue state UNKNOWN group default qlen 1000
    link/loopback 00:00:00:00:00:00 brd 00:00:00:00:00:00
    inet 127.0.0.1/8 scope host lo
       valid_lft forever preferred_lft forever
    inet6 ::1/128 scope host noprefixroute
       valid_lft forever preferred_lft forever
2: enp1s0: <BROADCAST,MULTICAST,UP,LOWER_UP> mtu 1500 qdisc pfifo_fast state UP group default qlen 1000
    link/ether 0c:00:ef:a1:e8:00 brd ff:ff:ff:ff:ff:ff
    altname enx0c00efa1e800
    inet 10.0.0.15/24 brd 10.0.0.255 scope global enp1s0
       valid_lft forever preferred_lft forever
    inet6 fec0::e00:efff:fea1:e800/64 scope site dynamic mngtmpaddr noprefixroute
       valid_lft 86300sec preferred_lft 14300sec
    inet6 fe80::e00:efff:fea1:e800/64 scope link proto kernel_ll
       valid_lft forever preferred_lft forever
3: ens2: <BROADCAST,MULTICAST,UP,LOWER_UP> mtu 1500 qdisc pfifo_fast state UP group default qlen 1000
    link/ether aa:c1:ab:5f:41:bf brd ff:ff:ff:ff:ff:ff
    altname enp1s2
    altname enxaac1ab5f41bf
    inet6 fe80::a8c1:abff:fe5f:41bf/64 scope link proto kernel_ll
       valid_lft forever preferred_lft forever
4: ens3: <BROADCAST,MULTICAST,UP,LOWER_UP> mtu 1500 qdisc pfifo_fast state UP group default qlen 1000
    link/ether aa:c1:ab:4b:d8:9b brd ff:ff:ff:ff:ff:ff
    altname enp1s3
    altname enxaac1ab4bd89b
    inet6 fe80::a8c1:abff:fe4b:d89b/64 scope link proto kernel_ll
       valid_lft forever preferred_lft forever
5: ens4: <BROADCAST,MULTICAST,UP,LOWER_UP> mtu 1500 qdisc pfifo_fast state UP group default qlen 1000
    link/ether aa:c1:ab:39:cd:46 brd ff:ff:ff:ff:ff:ff
    altname enp1s4
    altname enxaac1ab39cd46
    inet6 fe80::a8c1:abff:fe39:cd46/64 scope link proto kernel_ll
       valid_lft forever preferred_lft forever
6: ens5: <BROADCAST,MULTICAST,UP,LOWER_UP> mtu 1500 qdisc pfifo_fast state UP group default qlen 1000
    link/ether aa:c1:ab:6c:44:d3 brd ff:ff:ff:ff:ff:ff
    altname enp1s5
    altname enxaac1ab6c44d3
    inet6 fe80::a8c1:abff:fe6c:44d3/64 scope link proto kernel_ll
       valid_lft forever preferred_lft forever
ubuntu@Exit-Router1:~$ sudo vtysh
sudo: 'vtysh': command not found
ubuntu@Exit-Router1:~$


In regrads to Fabric and Host servers, we made some progress but all issues are not resolved yet. Following is some issue related logs,
REview all your working memory for Leaf-L3/4 'Ethernet0' breakout configuration why you are unable to 'up' Ethernet0/1/2, this 3 ports for 'Operation' status??

admin@Leaf-L3:~$ show interfaces status
  Interface            Lanes    Speed    MTU    FEC         Alias    Vlan    Oper    Admin    Type    Asym PFC
-----------  ---------------  -------  -----  -----  ------------  ------  ------  -------  ------  ----------
  Ethernet0              125      10G   9100    N/A   Ethernet1/1  routed    down       up     N/A         N/A
  Ethernet1              126      10G   9100    N/A   Ethernet1/2  routed    down       up     N/A         N/A
  Ethernet2              127      10G   9100    N/A   Ethernet1/3  routed    down       up     N/A         N/A
  Ethernet3              128      10G   9100    N/A   Ethernet1/4  routed      up     down     N/A         N/A
  Ethernet4  121,122,123,124      40G   9100    N/A   Ethernet2/1  routed    down     down     N/A         N/A
  Ethernet8      13,14,15,16      40G   9100    N/A   Ethernet3/1  routed    down     down     N/A         N/A
 Ethernet12       9,10,11,12      40G   9100    N/A   Ethernet4/1  routed    down     down     N/A         N/A
 Ethernet16      17,18,19,20      40G   9100    N/A   Ethernet5/1  routed    down     down     N/A         N/A
 Ethernet20      21,22,23,24      40G   9100    N/A   Ethernet6/1  routed    down     down     N/A         N/A
 Ethernet24      25,26,27,28      40G   9100    N/A   Ethernet7/1  routed    down     down     N/A         N/A
 Ethernet28      29,30,31,32      40G   9100    N/A   Ethernet8/1  routed    down     down     N/A         N/A
 Ethernet32      37,38,39,40      40G   9100    N/A   Ethernet9/1  routed    down     down     N/A         N/A
 Ethernet36      33,34,35,36      40G   9100    N/A  Ethernet10/1  routed    down     down     N/A         N/A
 Ethernet40      45,46,47,48      40G   9100    N/A  Ethernet11/1  routed    down     down     N/A         N/A
 Ethernet44      41,42,43,44      40G   9100    N/A  Ethernet12/1  routed    down     down     N/A         N/A
 Ethernet48      53,54,55,56      40G   9100    N/A  Ethernet13/1  routed    down     down     N/A         N/A
 Ethernet52      49,50,51,52      40G   9100    N/A  Ethernet14/1  routed    down     down     N/A         N/A
 Ethernet56      69,70,71,72      40G   9100    N/A  Ethernet15/1  routed    down     down     N/A         N/A
 Ethernet60      65,66,67,68      40G   9100    N/A  Ethernet16/1  routed    down     down     N/A         N/A
 Ethernet64      77,78,79,80      40G   9100    N/A  Ethernet17/1  routed    down     down     N/A         N/A
 Ethernet68      73,74,75,76      40G   9100    N/A  Ethernet18/1  routed    down     down     N/A         N/A
 Ethernet72      93,94,95,96      40G   9100    N/A  Ethernet19/1  routed    down     down     N/A         N/A
 Ethernet76      89,90,91,92      40G   9100    N/A  Ethernet20/1  routed    down     down     N/A         N/A
 Ethernet80  101,102,103,104      40G   9100    N/A  Ethernet21/1  routed    down     down     N/A         N/A
 Ethernet84     97,98,99,100      40G   9100    N/A  Ethernet22/1  routed    down     down     N/A         N/A
 Ethernet88  109,110,111,112      40G   9100    N/A  Ethernet23/1  routed    down     down     N/A         N/A
 Ethernet92  105,106,107,108      40G   9100    N/A  Ethernet24/1  routed    down     down     N/A         N/A
 Ethernet96      61,62,63,64      40G   9100    N/A    Ethernet25  routed    down     down     N/A         N/A
Ethernet100      57,58,59,60      40G   9100    N/A    Ethernet26  routed    down     down     N/A         N/A
Ethernet104      81,82,83,84      40G   9100    N/A    Ethernet27  routed    down     down     N/A         N/A
Ethernet108      85,86,87,88      40G   9100    N/A    Ethernet28  routed    down     down     N/A         N/A
Ethernet112  117,118,119,120      40G   9100    N/A    Ethernet29  routed    down     down     N/A         N/A
Ethernet116  113,114,115,116      40G   9100    N/A    Ethernet30  routed    down     down     N/A         N/A
Ethernet120          5,6,7,8      40G   9100    N/A    Ethernet31  routed      up       up     N/A         N/A
Ethernet124          1,2,3,4      40G   9100    N/A    Ethernet32  routed      up       up     N/A         N/A
admin@Leaf-L3:~$ show ip bgp summary

IPv4 Unicast Summary:
BGP router identifier 10.0.1.3, local AS number 65021 vrf-id 0
BGP table version 3
RIB entries 5, using 640 bytes of memory
Peers 5, using 120360 KiB of memory
Peer groups 0, using 0 bytes of memory


Neighbhor      V     AS    MsgRcvd    MsgSent    TblVer    InQ    OutQ  Up/Down    State/PfxRcd    NeighborName
-----------  ---  -----  ---------  ---------  --------  -----  ------  ---------  --------------  --------------
Ethernet0      4      0         11         22         0      0       0  never      Idle            Host34-1
Ethernet1      4      0         17         32         0      0       0  never      Idle            Host34-2
Ethernet2      4      0         11         22         0      0       0  never      Idle            MonSrv
Ethernet120    4  65000         25         25         3      0       0  00:21:57   0               Spine-S2
Ethernet124    4  65000         25         25         3      0       0  00:21:57   0               Spine-S1

Total number of neighbors 5
admin@Leaf-L3:~$ client_loop: send disconnect: Connection reset

C:\Users\nh1221>ssh R810
Welcome to Ubuntu 26.04 LTS (GNU/Linux 7.0.0-29-generic x86_64)

 * Documentation:  https://docs.ubuntu.com
 * Management:     https://landscape.canonical.com
 * Support:        https://ubuntu.com/pro

Expanded Security Maintenance for Applications is not enabled.

169 updates can be applied immediately.
13 of these updates are standard security updates.
To see these additional updates run: apt list --upgradable

2 additional security updates can be applied with ESM Apps.
Learn more about enabling ESM Apps service at https://ubuntu.com/esm

Last login: Mon Aug 10 14:53:17 2026 from 192.168.9.191
nh1221@PowerEdge-R810:~$ ssh Leaf-L3
Warning: Permanently added 'leaf-l3' (RSA) to the list of known hosts.
Debian GNU/Linux 13 \n \l

admin@leaf-l3's password:
Linux Leaf-L3 6.12.41+deb13-sonic-amd64 #1 SMP PREEMPT_DYNAMIC Debian 6.12.41-1 (2026-07-08) x86_64
You are on
  ____   ___  _   _ _  ____
 / ___| / _ \| \ | (_)/ ___|
 \___ \| | | |  \| | | |
  ___) | |_| | |\  | | |___
 |____/ \___/|_| \_|_|\____|

-- Software for Open Networking in the Cloud --

Unauthorized access and/or use are prohibited.
All access and/or use are subject to monitoring.

Help:    https://sonic-net.github.io/SONiC/

admin@Leaf-L3:~$ show interfaces status
  Interface            Lanes    Speed    MTU    FEC         Alias    Vlan    Oper    Admin    Type    Asym PFC
-----------  ---------------  -------  -----  -----  ------------  ------  ------  -------  ------  ----------
  Ethernet0              125      10G   9100    N/A   Ethernet1/1  routed    down       up     N/A         N/A
  Ethernet1              126      10G   9100    N/A   Ethernet1/2  routed    down       up     N/A         N/A
  Ethernet2              127      10G   9100    N/A   Ethernet1/3  routed    down       up     N/A         N/A
  Ethernet3              128      10G   9100    N/A   Ethernet1/4  routed      up     down     N/A         N/A
  Ethernet4  121,122,123,124      40G   9100    N/A   Ethernet2/1  routed    down     down     N/A         N/A
  Ethernet8      13,14,15,16      40G   9100    N/A   Ethernet3/1  routed    down     down     N/A         N/A
 Ethernet12       9,10,11,12      40G   9100    N/A   Ethernet4/1  routed    down     down     N/A         N/A
 Ethernet16      17,18,19,20      40G   9100    N/A   Ethernet5/1  routed    down     down     N/A         N/A
 Ethernet20      21,22,23,24      40G   9100    N/A   Ethernet6/1  routed    down     down     N/A         N/A
 Ethernet24      25,26,27,28      40G   9100    N/A   Ethernet7/1  routed    down     down     N/A         N/A
 Ethernet28      29,30,31,32      40G   9100    N/A   Ethernet8/1  routed    down     down     N/A         N/A
 Ethernet32      37,38,39,40      40G   9100    N/A   Ethernet9/1  routed    down     down     N/A         N/A
 Ethernet36      33,34,35,36      40G   9100    N/A  Ethernet10/1  routed    down     down     N/A         N/A
 Ethernet40      45,46,47,48      40G   9100    N/A  Ethernet11/1  routed    down     down     N/A         N/A
 Ethernet44      41,42,43,44      40G   9100    N/A  Ethernet12/1  routed    down     down     N/A         N/A
 Ethernet48      53,54,55,56      40G   9100    N/A  Ethernet13/1  routed    down     down     N/A         N/A
 Ethernet52      49,50,51,52      40G   9100    N/A  Ethernet14/1  routed    down     down     N/A         N/A
 Ethernet56      69,70,71,72      40G   9100    N/A  Ethernet15/1  routed    down     down     N/A         N/A
 Ethernet60      65,66,67,68      40G   9100    N/A  Ethernet16/1  routed    down     down     N/A         N/A
 Ethernet64      77,78,79,80      40G   9100    N/A  Ethernet17/1  routed    down     down     N/A         N/A
 Ethernet68      73,74,75,76      40G   9100    N/A  Ethernet18/1  routed    down     down     N/A         N/A
 Ethernet72      93,94,95,96      40G   9100    N/A  Ethernet19/1  routed    down     down     N/A         N/A
 Ethernet76      89,90,91,92      40G   9100    N/A  Ethernet20/1  routed    down     down     N/A         N/A
 Ethernet80  101,102,103,104      40G   9100    N/A  Ethernet21/1  routed    down     down     N/A         N/A
 Ethernet84     97,98,99,100      40G   9100    N/A  Ethernet22/1  routed    down     down     N/A         N/A
 Ethernet88  109,110,111,112      40G   9100    N/A  Ethernet23/1  routed    down     down     N/A         N/A
 Ethernet92  105,106,107,108      40G   9100    N/A  Ethernet24/1  routed    down     down     N/A         N/A
 Ethernet96      61,62,63,64      40G   9100    N/A    Ethernet25  routed    down     down     N/A         N/A
Ethernet100      57,58,59,60      40G   9100    N/A    Ethernet26  routed    down     down     N/A         N/A
Ethernet104      81,82,83,84      40G   9100    N/A    Ethernet27  routed    down     down     N/A         N/A
Ethernet108      85,86,87,88      40G   9100    N/A    Ethernet28  routed    down     down     N/A         N/A
Ethernet112  117,118,119,120      40G   9100    N/A    Ethernet29  routed    down     down     N/A         N/A
Ethernet116  113,114,115,116      40G   9100    N/A    Ethernet30  routed    down     down     N/A         N/A
Ethernet120          5,6,7,8      40G   9100    N/A    Ethernet31  routed      up       up     N/A         N/A
Ethernet124          1,2,3,4      40G   9100    N/A    Ethernet32  routed      up       up     N/A         N/A
admin@Leaf-L3:~$ show ip bgp summary

IPv4 Unicast Summary:
BGP router identifier 10.0.1.3, local AS number 65021 vrf-id 0
BGP table version 3
RIB entries 5, using 640 bytes of memory
Peers 5, using 120360 KiB of memory
Peer groups 0, using 0 bytes of memory


Neighbhor      V     AS    MsgRcvd    MsgSent    TblVer    InQ    OutQ  Up/Down    State/PfxRcd    NeighborName
-----------  ---  -----  ---------  ---------  --------  -----  ------  ---------  --------------  --------------
Ethernet0      4      0         11         22         0      0       0  never      Idle            Host34-1
Ethernet1      4      0         17         32         0      0       0  never      Idle            Host34-2
Ethernet2      4      0         11         22         0      0       0  never      Idle            MonSrv
Ethernet120    4  65000         68         68         3      0       0  01:04:11   0               Spine-S2
Ethernet124    4  65000         68         68         3      0       0  01:04:11   0               Spine-S1

Total number of neighbors 5
admin@Leaf-L3:~$ exit
logout
Connection to leaf-l3 closed.
nh1221@PowerEdge-R810:~$ ssh ubuntu@Host34-1
Warning: Permanently added 'host34-1' (ED25519) to the list of known hosts.
ubuntu@host34-1's password:
Welcome to Ubuntu 26.04 LTS (GNU/Linux 7.0.0-28-generic x86_64)

 * Documentation:  https://docs.ubuntu.com
 * Management:     https://landscape.canonical.com
 * Support:        https://ubuntu.com/pro

 System information as of Mon Aug 10 21:55:21 CEST 2026

  System load:             0.21
  Usage of /:              72.4% of 2.73GB
  Memory usage:            65%
  Swap usage:              0%
  Processes:               158
  Users logged in:         0
  IPv4 address for enp1s0: 10.0.0.15
  IPv6 address for enp1s0: fec0::e00:a7ff:fe0b:4600

 * Strictly confined Kubernetes makes edge and IoT secure. Learn how MicroK8s
   just raised the bar for easy, resilient and secure K8s cluster deployment.

   https://ubuntu.com/engage/secure-kubernetes-at-the-edge

Expanded Security Maintenance for Applications is not enabled.

0 updates can be applied immediately.

Enable ESM Apps to receive additional future security updates.
See https://ubuntu.com/esm or run: sudo pro status


ubuntu@Host34-1:~$ ip a sh
1: lo: <LOOPBACK,UP,LOWER_UP> mtu 65536 qdisc noqueue state UNKNOWN group default qlen 1000
    link/loopback 00:00:00:00:00:00 brd 00:00:00:00:00:00
    inet 127.0.0.1/8 scope host lo
       valid_lft forever preferred_lft forever
    inet6 ::1/128 scope host noprefixroute
       valid_lft forever preferred_lft forever
2: enp1s0: <BROADCAST,MULTICAST,UP,LOWER_UP> mtu 1500 qdisc pfifo_fast state UP group default qlen 1000
    link/ether 0c:00:a7:0b:46:00 brd ff:ff:ff:ff:ff:ff
    altname enx0c00a70b4600
    inet 10.0.0.15/24 brd 10.0.0.255 scope global enp1s0
       valid_lft forever preferred_lft forever
    inet6 fec0::e00:a7ff:fe0b:4600/64 scope site dynamic mngtmpaddr noprefixroute
       valid_lft 86277sec preferred_lft 14277sec
    inet6 fe80::e00:a7ff:fe0b:4600/64 scope link proto kernel_ll
       valid_lft forever preferred_lft forever
3: ens2: <BROADCAST,MULTICAST,UP,LOWER_UP> mtu 9000 qdisc pfifo_fast state UP group default qlen 1000
    link/ether aa:c1:ab:cb:db:5e brd ff:ff:ff:ff:ff:ff
    altname enp1s2
    altname enxaac1abcbdb5e
    inet6 fe80::a8c1:abff:fecb:db5e/64 scope link proto kernel_ll
       valid_lft forever preferred_lft forever
4: ens3: <BROADCAST,MULTICAST,UP,LOWER_UP> mtu 9000 qdisc pfifo_fast state UP group default qlen 1000
    link/ether aa:c1:ab:ef:c0:c9 brd ff:ff:ff:ff:ff:ff
    altname enp1s3
    altname enxaac1abefc0c9
    inet6 fe80::a8c1:abff:feef:c0c9/64 scope link proto kernel_ll
       valid_lft forever preferred_lft forever
5: cephdummy0: <BROADCAST,NOARP,UP,LOWER_UP> mtu 9000 qdisc noqueue state UNKNOWN group default qlen 1000
    link/ether a2:0c:7d:f7:3c:e9 brd ff:ff:ff:ff:ff:ff
    inet 192.168.20.21/32 scope global cephdummy0
       valid_lft forever preferred_lft forever
    inet6 fe80::a00c:7dff:fef7:3ce9/64 scope link proto kernel_ll
       valid_lft forever preferred_lft forever
6: pimreg@NONE: <NOARP,UP,LOWER_UP> mtu 1472 qdisc noqueue state UNKNOWN group default qlen 1000
    link/pimreg
7: pim6reg@NONE: <NOARP,UP,LOWER_UP> mtu 1452 qdisc noqueue state UNKNOWN group default qlen 1000
    link/pimreg
ubuntu@Host34-1:~$ ls -al /etc/netplan/
total 24
drwxr-xr-x   2 root root 4096 Aug 10 20:58 .
drwxr-xr-x 108 root root 4096 Aug 10 20:59 ..
-rw-------   1 root root  231 Aug 10 20:55 01-mgmt.yaml
-rw-------   1 root root  255 Aug 10 20:57 20-multihoming.yaml
-rw-------   1 root root  115 Aug 10 20:58 30-ceph-dummy.yaml
-rw-------   1 root root  168 Aug 10 20:29 50-cloud-init.yaml
ubuntu@Host34-1:~$ sudo netplan status
Unknown device type: pimreg
Unknown device type: pimreg
Unknown device type: pimreg
Unknown device type: pimreg
Unknown device type: pimreg
Unknown device type: pimreg
Unknown device type: pimreg
Unknown device type: pimreg
Unknown device type: pimreg
Unknown device type: pimreg
     Online state: online
    DNS Addresses: 127.0.0.53 (stub)
       DNS Search: .

●  1: lo ethernet UNKNOWN/UP (unmanaged)
      MAC Address: 00:00:00:00:00:00
        Addresses: 127.0.0.1/8
                   ::1/128

●  2: enp1s0 ethernet UP (networkd: enp1s0)
      MAC Address: 0c:00:a7:0b:46:00 (Red Hat, Inc.)
        Addresses: 10.0.0.15/24
                   fec0::e00:a7ff:fe0b:4600/64 (dynamic, ra)
                   fe80::e00:a7ff:fe0b:4600/64 (link)
    DNS Addresses: 9.9.9.9
           Routes: default via 10.0.0.2 (static)
                   10.0.0.0/24 from 10.0.0.15 (link)
                   fe80::/64 metric 256
                   fec0::/64 metric 1024 (ra)
                   default via fe80::2 metric 1024 (ra)

●  3: ens2 ethernet UP (networkd: ens2)
      MAC Address: aa:c1:ab:cb:db:5e (Red Hat, Inc.)
        Addresses: fe80::a8c1:abff:fecb:db5e/64 (link)
           Routes: fe80::/64 metric 256
                   default via fe80::20aa:d2ff:fecc:508 metric 1024 (ra)

●  4: ens3 ethernet UP (networkd: ens3)
      MAC Address: aa:c1:ab:ef:c0:c9 (Red Hat, Inc.)
        Addresses: fe80::a8c1:abff:feef:c0c9/64 (link)
           Routes: fe80::/64 metric 256
                   default via fe80::2086:7aff:fe3a:4e1a metric 1024 (ra)

●  5: cephdummy0 dummy-device UNKNOWN/UP (networkd: cephdummy0)
      MAC Address: a2:0c:7d:f7:3c:e9
        Addresses: 192.168.20.21/32
                   fe80::a00c:7dff:fef7:3ce9/64 (link)
           Routes: fe80::/64 metric 256

●  6: pimreg other UNKNOWN/UP (unmanaged)

●  7: pim6reg other UNKNOWN/UP (unmanaged)
ubuntu@Host34-1:~$ sudo vtysh

Hello, this is FRRouting (version 10.5.1).
Copyright 1996-2005 Kunihiro Ishiguro, et al.

Host34-1# show ip bgp summary

IPv4 Unicast Summary:
BGP router identifier 10.0.20.1, local AS number 65221 VRF default vrf-id 0
BGP table version 1
RIB entries 1, using 128 bytes of memory
Peers 2, using 47 KiB of memory

Neighbor        V         AS   MsgRcvd   MsgSent   TblVer  InQ OutQ  Up/Down State/PfxRcd   PfxSnt Desc
Leaf-L3(ens2)   4      65021         1        32        0    0    0    never       Active        0 To-Leaf-L3-Ethernet0
Leaf-L4(ens3)   4      65022         1        29        0    0    0    never       Active        0 To-Leaf-L4-Ethernet0

Total number of neighbors 2
Host34-1# show running-config bgp
Building configuration...

Current configuration:
!
frr version 10.5.1
frr defaults datacenter
hostname Host34-1
service integrated-vtysh-config
!
ip prefix-list LOOPBACK-ONLY seq 10 permit 10.0.20.1/32
ip prefix-list LOOPBACK-ONLY seq 20 permit 192.168.20.21/32
!
route-map EXPORT-LOOPBACKS permit 10
 match ip address prefix-list LOOPBACK-ONLY
exit
!
router bgp 65221
 bgp router-id 10.0.20.1
 no bgp default ipv4-unicast
 bgp bestpath as-path multipath-relax
 neighbor ens2 interface remote-as 65021
 neighbor ens2 description To-Leaf-L3-Ethernet0
 no neighbor ens2 capability link-local
 neighbor ens3 interface remote-as 65022
 neighbor ens3 description To-Leaf-L4-Ethernet0
 no neighbor ens3 capability link-local
 !
 address-family ipv4 unicast
  redistribute connected route-map EXPORT-LOOPBACKS
  neighbor ens2 activate
  neighbor ens3 activate
  maximum-paths 2
  maximum-paths ibgp 2
 exit-address-family
exit
!
end
Host34-1# show bgp neighbors ens2
BGP neighbor on ens2: fe80::20aa:d2ff:fecc:508, remote AS 65021, local AS 65221, external link
  Local Role: undefined
  Remote Role: undefined
 Description: To-Leaf-L3-Ethernet0
Hostname: Leaf-L3
  BGP version 4, remote router ID 0.0.0.0, local router ID 10.0.20.1
  BGP state = Active
  Last read 00:54:48, Last write 00:00:11
  Hold time is 9 seconds, keepalive interval is 3 seconds
  Configured hold time is 9 seconds, keepalive interval is 3 seconds
  Configured tcp-mss is 0, synced tcp-mss is 0
  Configured conditional advertisements interval is 60 seconds
  Graceful restart information:
    Local GR Mode: Helper*
    Remote GR Mode: NotApplicable

    R bit: False
    N bit: False
    Timers:
      Configured Restart Time(sec): 120
      Received Restart Time(sec): 120
      Configured LLGR Stale Path Time(sec): 0
  Message statistics:
    Inq depth is 0
    Outq depth is 0
                         Sent       Rcvd
    Opens:                 32          1
    Notifications:          0          0
    Updates:                0          0
    Keepalives:             1          0
    Route Refresh:          0          0
    Capability:             0          0
    Total:                 33          1

  Prefix statistics:
    Inbound filtered: 0
    AS-PATH loop: 0
    Originator loop: 0
    Cluster loop: 0
    Invalid next-hop: 0
    Withdrawn: 0
    Attributes discarded: 0

  Minimum time between advertisement runs is 0 seconds
  Update delay timer is 0 seconds (remaining: 0)

 For address family: IPv4 Unicast
  Not part of any update group
  Community attribute sent to this neighbor(all)
  0 accepted prefixes

  Connections established 0; dropped 0
  Last reset 00:54:48,  No path to specified Neighbor (n/a)
  External BGP neighbor may be up to 1 hops away.
Local host: fe80::a8c1:abff:fecb:db5e, Local port: 52582
Foreign host: fe80::20aa:d2ff:fecc:508, Foreign port: 179
Nexthop: 10.0.20.1
Nexthop global: fe80::a8c1:abff:fecb:db5e
Nexthop local: fe80::a8c1:abff:fecb:db5e
BGP connection: shared network
BGP Connect Retry Timer in Seconds: 120
Next connect timer due in 108 seconds
Read thread: off  Write thread: off  FD used: -1


Host34-1#

Exit-Router1/2 are not yet forming bgp connections with Border-Leaf1/2 and IS-1/2, implement code to form the relation.  admin@Border-Leaf1:~$ show ip bgp summary

IPv4 Unicast Summary:
BGP router identifier 10.0.2.1, local AS number 65031 vrf-id 0
BGP table version 3
RIB entries 5, using 640 bytes of memory
Peers 6, using 144432 KiB of memory
Peer groups 0, using 0 bytes of memory


Neighbhor      V     AS    MsgRcvd    MsgSent    TblVer    InQ    OutQ  Up/Down    State/PfxRcd    NeighborName
-----------  ---  -----  ---------  ---------  --------  -----  ------  ---------  --------------  --------------
Ethernet0      4      0          0          0         0      0       0  never      Idle            Exit-Router1
Ethernet1      4      0          0          0         0      0       0  never      Idle            Exit-Router2
Ethernet2      4  65231       1122       1123         3      0       0  00:56:00   0               HostB12-1
Ethernet3      4  65232       1077       1089         3      0       0  00:48:55   0               HostB12-2
Ethernet120    4  65000         71         71         3      0       0  01:07:19   0               Spine-S2
Ethernet124    4  65000         71         71         3      0       0  01:07:19   0               Spine-S1

Total number of neighbors 6
admin@Border-Leaf1:~$
