TASK [sonic_provision : Wait for SONiC DB metadata file to be available] ***********************************************************************************
[ERROR]: Task failed: Failed to connect to the host via ssh: Connection timed out during banner exchange
Connection to UNKNOWN port 65535 timed out

Task failed.
Origin: /mnt/c/Users/nh1221/dc_lab/clab/sonic-clab/roles/sonic_provision/tasks/main.yml:11:3

 9     - access_ports is defined
10
11 - name: Wait for SONiC DB metadata file to be available
     ^ column 3

<<< caused by >>>

Failed to connect to the host via ssh: Connection timed out during banner exchange
Connection to UNKNOWN port 65535 timed out

fatal: [Spine-S2]: UNREACHABLE! => {"changed": false, "msg": "Task failed: Failed to connect to the host via ssh: Connection timed out during banner exchange\r\nConnection to UNKNOWN port 65535 timed out", "unreachable": true}
fatal: [Leaf-L2]: UNREACHABLE! => {"changed": false, "msg": "Task failed: Failed to connect to the host via ssh: Connection timed out during banner exchange\r\nConnection to UNKNOWN port 65535 timed out", "unreachable": true}
fatal: [Leaf-L3]: UNREACHABLE! => {"changed": false, "msg": "Task failed: Failed to connect to the host via ssh: Connection timed out during banner exchange\r\nConnection to UNKNOWN port 65535 timed out", "unreachable": true}
fatal: [Leaf-L1]: UNREACHABLE! => {"changed": false, "msg": "Task failed: Failed to connect to the host via ssh: Connection timed out during banner exchange\r\nConnection to UNKNOWN port 65535 timed out", "unreachable": true}
fatal: [Spine-S1]: UNREACHABLE! => {"changed": false, "msg": "Task failed: Failed to connect to the host via ssh: Connection timed out during banner exchange\r\nConnection to UNKNOWN port 65535 timed out", "unreachable": true}
fatal: [Leaf-L4]: UNREACHABLE! => {"changed": false, "msg": "Task failed: Failed to connect to the host via ssh: Connection timed out during banner exchange\r\nConnection to UNKNOWN port 65535 timed out", "unreachable": true}
fatal: [Border-Leaf1]: UNREACHABLE! => {"changed": false, "msg": "Task failed: Failed to connect to the host via ssh: Connection timed out during banner exchange\r\nConnection to UNKNOWN port 65535 timed out", "unreachable": true}
fatal: [Border-Leaf2]: UNREACHABLE! => {"changed": false, "msg": "Task failed: Failed to connect to the host via ssh: Connection timed out during banner exchange\r\nConnection to UNKNOWN port 65535 timed out", "unreachable": true}

PLAY RECAP *************************************************************************************************************************************************
Border-Leaf1               : ok=1    changed=0    unreachable=1    failed=0    skipped=0    rescued=0    ignored=0
Border-Leaf2               : ok=1    changed=0    unreachable=1    failed=0    skipped=0    rescued=0    ignored=0
Leaf-L1                    : ok=1    changed=0    unreachable=1    failed=0    skipped=0    rescued=0    ignored=0
Leaf-L2                    : ok=1    changed=0    unreachable=1    failed=0    skipped=0    rescued=0    ignored=0
Leaf-L3                    : ok=1    changed=0    unreachable=1    failed=0    skipped=0    rescued=0    ignored=0
Leaf-L4                    : ok=1    changed=0    unreachable=1    failed=0    skipped=0    rescued=0    ignored=0
Spine-S1                   : ok=0    changed=0    unreachable=1    failed=0    skipped=1    rescued=0    ignored=0
Spine-S2                   : ok=0    changed=0    unreachable=1    failed=0    skipped=1    rescued=0    ignored=0

(venv) nh1221@Lab-ControlNode:/mnt/c/Users/nh1221/dc_lab/clab/sonic-clab$ ansible-playbook playbooks/lab/deploy.yml

PLAY [Deploy containerlab topology on R810] ****************************************************************************************************************

TASK [Gathering Facts] *************************************************************************************************************************************
[WARNING]: Host 'poweredge_r810' is using the discovered Python interpreter at '/usr/bin/python3.14', but future installation of another Python interpreter could cause a different interpreter to be discovered. See https://docs.ansible.com/ansible-core/2.20/reference_appendices/interpreter_discovery.html for more information.
ok: [poweredge_r810]

TASK [Ensure containerlab is installed] ********************************************************************************************************************
ok: [poweredge_r810]

TASK [Ensure remote lab directory exists] ******************************************************************************************************************
ok: [poweredge_r810]

TASK [Sync project tree to R810] ***************************************************************************************************************************
changed: [poweredge_r810]

TASK [Destroy existing topology if present] ****************************************************************************************************************
changed: [poweredge_r810]

TASK [Remove stale containerlab state directories] *********************************************************************************************************
changed: [poweredge_r810]

TASK [Deploy topology on R810] *****************************************************************************************************************************
changed: [poweredge_r810]

TASK [Wait for SONiC management SSH from R810 side] ********************************************************************************************************
ok: [poweredge_r810] => (item=Spine-S1 -> 172.16.2.11)
ok: [poweredge_r810] => (item=Spine-S2 -> 172.16.2.12)
ok: [poweredge_r810] => (item=Leaf-L1 -> 172.16.2.21)
ok: [poweredge_r810] => (item=Leaf-L2 -> 172.16.2.22)
ok: [poweredge_r810] => (item=Leaf-L3 -> 172.16.2.23)
ok: [poweredge_r810] => (item=Leaf-L4 -> 172.16.2.24)
ok: [poweredge_r810] => (item=Border-Leaf1 -> 172.16.2.31)
ok: [poweredge_r810] => (item=Border-Leaf2 -> 172.16.2.32)

TASK [Wait for generic_vm Linux SSH from R810 side] ********************************************************************************************************
ok: [poweredge_r810] => (item=Host12-1 -> 172.16.2.51)
ok: [poweredge_r810] => (item=Host12-2 -> 172.16.2.52)
ok: [poweredge_r810] => (item=Host12-3 -> 172.16.2.53)
ok: [poweredge_r810] => (item=Host34-1 -> 172.16.2.54)
ok: [poweredge_r810] => (item=Host34-2 -> 172.16.2.55)
ok: [poweredge_r810] => (item=MonSrv -> 172.16.2.56)
ok: [poweredge_r810] => (item=HostB12-1 -> 172.16.2.57)
ok: [poweredge_r810] => (item=HostB12-2 -> 172.16.2.58)
[ERROR]: Task failed: Module failed: Timeout when waiting for 172.16.2.41:22
Origin: /mnt/c/Users/nh1221/dc_lab/clab/sonic-clab/playbooks/lab/deploy.yml:50:7

48         label: "{{ item }} -> {{ hostvars[item].ansible_host }}"
49
50     - name: Wait for generic_vm Linux SSH from R810 side
         ^ column 7

failed: [poweredge_r810] (item=Exit-Router1 -> 172.16.2.41) => {"ansible_loop_var": "item", "changed": false, "elapsed": 150, "item": "Exit-Router1", "msg": "Timeout when waiting for 172.16.2.41:22"}
ok: [poweredge_r810] => (item=Exit-Router2 -> 172.16.2.42)

PLAY RECAP *************************************************************************************************************************************************
poweredge_r810             : ok=8    changed=4    unreachable=0    failed=1    skipped=0    rescued=0    ignored=0

(venv) nh1221@Lab-ControlNode:/mnt/c/Users/nh1221/dc_lab/clab/sonic-clab$ ansible-playbook playbooks/preflight.yml

PLAY [Preflight - wait for SONiC nodes to be ready] ********************************************************************************************************

TASK [Wait for SSH transport] ******************************************************************************************************************************
[WARNING]: Host 'Spine-S1' is using the discovered Python interpreter at '/usr/bin/python3.13', but future installation of another Python interpreter could cause a different interpreter to be discovered. See https://docs.ansible.com/ansible-core/2.20/reference_appendices/interpreter_discovery.html for more information.
ok: [Spine-S1]
[WARNING]: Host 'Leaf-L1' is using the discovered Python interpreter at '/usr/bin/python3.13', but future installation of another Python interpreter could cause a different interpreter to be discovered. See https://docs.ansible.com/ansible-core/2.20/reference_appendices/interpreter_discovery.html for more information.
ok: [Leaf-L1]
[WARNING]: Host 'Leaf-L2' is using the discovered Python interpreter at '/usr/bin/python3.13', but future installation of another Python interpreter could cause a different interpreter to be discovered. See https://docs.ansible.com/ansible-core/2.20/reference_appendices/interpreter_discovery.html for more information.
ok: [Leaf-L2]
[WARNING]: Host 'Leaf-L3' is using the discovered Python interpreter at '/usr/bin/python3.13', but future installation of another Python interpreter could cause a different interpreter to be discovered. See https://docs.ansible.com/ansible-core/2.20/reference_appendices/interpreter_discovery.html for more information.
ok: [Leaf-L3]
[WARNING]: Host 'Spine-S2' is using the discovered Python interpreter at '/usr/bin/python3.13', but future installation of another Python interpreter could cause a different interpreter to be discovered. See https://docs.ansible.com/ansible-core/2.20/reference_appendices/interpreter_discovery.html for more information.
ok: [Spine-S2]
[WARNING]: Host 'Leaf-L4' is using the discovered Python interpreter at '/usr/bin/python3.13', but future installation of another Python interpreter could cause a different interpreter to be discovered. See https://docs.ansible.com/ansible-core/2.20/reference_appendices/interpreter_discovery.html for more information.
ok: [Leaf-L4]
[WARNING]: Host 'Border-Leaf1' is using the discovered Python interpreter at '/usr/bin/python3.13', but future installation of another Python interpreter could cause a different interpreter to be discovered. See https://docs.ansible.com/ansible-core/2.20/reference_appendices/interpreter_discovery.html for more information.
ok: [Border-Leaf1]
[WARNING]: Host 'Border-Leaf2' is using the discovered Python interpreter at '/usr/bin/python3.13', but future installation of another Python interpreter could cause a different interpreter to be discovered. See https://docs.ansible.com/ansible-core/2.20/reference_appendices/interpreter_discovery.html for more information.
ok: [Border-Leaf2]

TASK [Wait for base config_db.json to be present] **********************************************************************************************************
ok: [Spine-S2]
ok: [Leaf-L1]
ok: [Spine-S1]
ok: [Leaf-L3]
ok: [Leaf-L2]
ok: [Leaf-L4]
ok: [Border-Leaf1]
ok: [Border-Leaf2]

TASK [Wait for SONiC DB metadata file to be created] *******************************************************************************************************
ok: [Leaf-L1]
ok: [Spine-S1]
ok: [Spine-S2]
ok: [Leaf-L3]
ok: [Leaf-L2]
ok: [Leaf-L4]
ok: [Border-Leaf1]
ok: [Border-Leaf2]

TASK [Wait for CONFIG_DB access to become available] *******************************************************************************************************
ok: [Spine-S1]
ok: [Spine-S2]
ok: [Leaf-L1]
ok: [Leaf-L2]
ok: [Leaf-L3]
ok: [Leaf-L4]
ok: [Border-Leaf1]
ok: [Border-Leaf2]

PLAY RECAP *************************************************************************************************************************************************
Border-Leaf1               : ok=4    changed=0    unreachable=0    failed=0    skipped=0    rescued=0    ignored=0
Border-Leaf2               : ok=4    changed=0    unreachable=0    failed=0    skipped=0    rescued=0    ignored=0
Leaf-L1                    : ok=4    changed=0    unreachable=0    failed=0    skipped=0    rescued=0    ignored=0
Leaf-L2                    : ok=4    changed=0    unreachable=0    failed=0    skipped=0    rescued=0    ignored=0
Leaf-L3                    : ok=4    changed=0    unreachable=0    failed=0    skipped=0    rescued=0    ignored=0
Leaf-L4                    : ok=4    changed=0    unreachable=0    failed=0    skipped=0    rescued=0    ignored=0
Spine-S1                   : ok=4    changed=0    unreachable=0    failed=0    skipped=0    rescued=0    ignored=0
Spine-S2                   : ok=4    changed=0    unreachable=0    failed=0    skipped=0    rescued=0    ignored=0

(venv) nh1221@Lab-ControlNode:/mnt/c/Users/nh1221/dc_lab/clab/sonic-clab$ ansible-playbook playbooks/provision.yml

PLAY [Provision SONiC leaf-spine fabric] *******************************************************************************************************************

TASK [sonic_provision : Assert access_ports do not overlap fabric switch_ports] ****************************************************************************
skipping: [Spine-S2]
skipping: [Spine-S1]
ok: [Leaf-L3] => {
    "changed": false,
    "msg": "All assertions passed"
}
ok: [Leaf-L4] => {
    "changed": false,
    "msg": "All assertions passed"
}
ok: [Leaf-L1] => {
    "changed": false,
    "msg": "All assertions passed"
}
ok: [Leaf-L2] => {
    "changed": false,
    "msg": "All assertions passed"
}
ok: [Border-Leaf1] => {
    "changed": false,
    "msg": "All assertions passed"
}
ok: [Border-Leaf2] => {
    "changed": false,
    "msg": "All assertions passed"
}

TASK [sonic_provision : Wait for SONiC DB metadata file to be available] ***********************************************************************************
[WARNING]: Host 'Spine-S1' is using the discovered Python interpreter at '/usr/bin/python3.13', but future installation of another Python interpreter could cause a different interpreter to be discovered. See https://docs.ansible.com/ansible-core/2.20/reference_appendices/interpreter_discovery.html for more information.
ok: [Spine-S1]
[WARNING]: Host 'Spine-S2' is using the discovered Python interpreter at '/usr/bin/python3.13', but future installation of another Python interpreter could cause a different interpreter to be discovered. See https://docs.ansible.com/ansible-core/2.20/reference_appendices/interpreter_discovery.html for more information.
ok: [Spine-S2]
[WARNING]: Host 'Leaf-L2' is using the discovered Python interpreter at '/usr/bin/python3.13', but future installation of another Python interpreter could cause a different interpreter to be discovered. See https://docs.ansible.com/ansible-core/2.20/reference_appendices/interpreter_discovery.html for more information.
ok: [Leaf-L2]
[WARNING]: Host 'Leaf-L1' is using the discovered Python interpreter at '/usr/bin/python3.13', but future installation of another Python interpreter could cause a different interpreter to be discovered. See https://docs.ansible.com/ansible-core/2.20/reference_appendices/interpreter_discovery.html for more information.
ok: [Leaf-L1]
[WARNING]: Host 'Leaf-L3' is using the discovered Python interpreter at '/usr/bin/python3.13', but future installation of another Python interpreter could cause a different interpreter to be discovered. See https://docs.ansible.com/ansible-core/2.20/reference_appendices/interpreter_discovery.html for more information.
ok: [Leaf-L3]
[WARNING]: Host 'Leaf-L4' is using the discovered Python interpreter at '/usr/bin/python3.13', but future installation of another Python interpreter could cause a different interpreter to be discovered. See https://docs.ansible.com/ansible-core/2.20/reference_appendices/interpreter_discovery.html for more information.
ok: [Leaf-L4]
[WARNING]: Host 'Border-Leaf1' is using the discovered Python interpreter at '/usr/bin/python3.13', but future installation of another Python interpreter could cause a different interpreter to be discovered. See https://docs.ansible.com/ansible-core/2.20/reference_appendices/interpreter_discovery.html for more information.
ok: [Border-Leaf1]
[WARNING]: Host 'Border-Leaf2' is using the discovered Python interpreter at '/usr/bin/python3.13', but future installation of another Python interpreter could cause a different interpreter to be discovered. See https://docs.ansible.com/ansible-core/2.20/reference_appendices/interpreter_discovery.html for more information.
ok: [Border-Leaf2]

TASK [sonic_provision : Wait for CONFIG_DB access to become available] *************************************************************************************
ok: [Spine-S1]
ok: [Spine-S2]
ok: [Leaf-L2]
ok: [Leaf-L3]
ok: [Leaf-L1]
ok: [Leaf-L4]
ok: [Border-Leaf1]
ok: [Border-Leaf2]

TASK [sonic_provision : Write port data for config generation] *********************************************************************************************
changed: [Spine-S1]
changed: [Leaf-L3]
changed: [Spine-S2]
changed: [Leaf-L1]
changed: [Leaf-L2]
changed: [Border-Leaf1]
changed: [Leaf-L4]
changed: [Border-Leaf2]

TASK [sonic_provision : Generate raw config_db from platform port_config.ini] ******************************************************************************
changed: [Spine-S2]
changed: [Spine-S1]
changed: [Leaf-L3]
changed: [Leaf-L1]
changed: [Leaf-L2]
changed: [Leaf-L4]
changed: [Border-Leaf2]
changed: [Border-Leaf1]

TASK [sonic_provision : Copy customization script to target] ***********************************************************************************************
changed: [Leaf-L2]
changed: [Leaf-L1]
changed: [Spine-S2]
changed: [Spine-S1]
changed: [Leaf-L3]
changed: [Border-Leaf2]
changed: [Border-Leaf1]
changed: [Leaf-L4]

TASK [sonic_provision : Customize raw_config_db.json for this node] ****************************************************************************************
changed: [Spine-S1]
changed: [Spine-S2]
changed: [Leaf-L2]
changed: [Leaf-L1]
changed: [Leaf-L3]
changed: [Leaf-L4]
changed: [Border-Leaf1]
changed: [Border-Leaf2]

TASK [sonic_provision : Safely merge init configuration structures with custom breakout maps] **************************************************************
changed: [Spine-S2]
changed: [Leaf-L2]
changed: [Spine-S1]
changed: [Leaf-L1]
changed: [Leaf-L3]
changed: [Leaf-L4]
changed: [Border-Leaf1]
changed: [Border-Leaf2]

TASK [sonic_provision : Load consolidated config into Redis CONFIG_DB] *************************************************************************************
changed: [Spine-S1]
changed: [Spine-S2]
changed: [Leaf-L2]
changed: [Leaf-L1]
changed: [Leaf-L3]
changed: [Leaf-L4]
changed: [Border-Leaf1]
changed: [Border-Leaf2]

TASK [sonic_provision : Render configuration overlay] ******************************************************************************************************
[WARNING]: Host 'Leaf-L1' is using the discovered Python interpreter at '/mnt/c/Users/nh1221/data-center/venv/bin/python3.12', but future installation of another Python interpreter could cause a different interpreter to be discovered. See https://docs.ansible.com/ansible-core/2.20/reference_appendices/interpreter_discovery.html for more information.
ok: [Leaf-L1 -> localhost]
[WARNING]: Host 'Spine-S1' is using the discovered Python interpreter at '/mnt/c/Users/nh1221/data-center/venv/bin/python3.12', but future installation of another Python interpreter could cause a different interpreter to be discovered. See https://docs.ansible.com/ansible-core/2.20/reference_appendices/interpreter_discovery.html for more information.
ok: [Spine-S1 -> localhost]
[WARNING]: Host 'Spine-S2' is using the discovered Python interpreter at '/mnt/c/Users/nh1221/data-center/venv/bin/python3.12', but future installation of another Python interpreter could cause a different interpreter to be discovered. See https://docs.ansible.com/ansible-core/2.20/reference_appendices/interpreter_discovery.html for more information.
ok: [Spine-S2 -> localhost]
[WARNING]: Host 'Leaf-L3' is using the discovered Python interpreter at '/mnt/c/Users/nh1221/data-center/venv/bin/python3.12', but future installation of another Python interpreter could cause a different interpreter to be discovered. See https://docs.ansible.com/ansible-core/2.20/reference_appendices/interpreter_discovery.html for more information.
ok: [Leaf-L3 -> localhost]
[WARNING]: Host 'Leaf-L2' is using the discovered Python interpreter at '/mnt/c/Users/nh1221/data-center/venv/bin/python3.12', but future installation of another Python interpreter could cause a different interpreter to be discovered. See https://docs.ansible.com/ansible-core/2.20/reference_appendices/interpreter_discovery.html for more information.
ok: [Leaf-L2 -> localhost]
[WARNING]: Host 'Border-Leaf1' is using the discovered Python interpreter at '/mnt/c/Users/nh1221/data-center/venv/bin/python3.12', but future installation of another Python interpreter could cause a different interpreter to be discovered. See https://docs.ansible.com/ansible-core/2.20/reference_appendices/interpreter_discovery.html for more information.
ok: [Border-Leaf1 -> localhost]
[WARNING]: Host 'Leaf-L4' is using the discovered Python interpreter at '/mnt/c/Users/nh1221/data-center/venv/bin/python3.12', but future installation of another Python interpreter could cause a different interpreter to be discovered. See https://docs.ansible.com/ansible-core/2.20/reference_appendices/interpreter_discovery.html for more information.
ok: [Leaf-L4 -> localhost]
[WARNING]: Host 'Border-Leaf2' is using the discovered Python interpreter at '/mnt/c/Users/nh1221/data-center/venv/bin/python3.12', but future installation of another Python interpreter could cause a different interpreter to be discovered. See https://docs.ansible.com/ansible-core/2.20/reference_appendices/interpreter_discovery.html for more information.
ok: [Border-Leaf2 -> localhost]

TASK [sonic_provision : Copy rendered overlay to target SONiC node] ****************************************************************************************
changed: [Leaf-L1]
changed: [Spine-S1]
changed: [Leaf-L2]
changed: [Spine-S2]
changed: [Leaf-L3]
changed: [Border-Leaf1]
changed: [Leaf-L4]
changed: [Border-Leaf2]

TASK [sonic_provision : Apply configuration overlay to CONFIG_DB] ******************************************************************************************
changed: [Spine-S1]
changed: [Leaf-L1]
changed: [Spine-S2]
changed: [Leaf-L2]
changed: [Leaf-L3]
changed: [Border-Leaf2]
changed: [Border-Leaf1]
changed: [Leaf-L4]

TASK [sonic_provision : Save running configuration to startup config] **************************************************************************************
[ERROR]: Task failed: Data could not be sent to remote host "172.16.2.11". Make sure this host can be reached over ssh: Connection timed out during banner exchange
Connection to UNKNOWN port 65535 timed out
Origin: /mnt/c/Users/nh1221/dc_lab/clab/sonic-clab/roles/sonic_provision/tasks/main.yml:91:3

89   when: switch_ports is defined
90
91 - name: Save running configuration to startup config
     ^ column 3

fatal: [Spine-S1]: UNREACHABLE! => {"changed": false, "msg": "Task failed: Data could not be sent to remote host \"172.16.2.11\". Make sure this host can be reached over ssh: Connection timed out during banner exchange\r\nConnection to UNKNOWN port 65535 timed out", "unreachable": true}
[ERROR]: Task failed: Data could not be sent to remote host "172.16.2.12". Make sure this host can be reached over ssh: Connection timed out during banner exchange
Connection to UNKNOWN port 65535 timed out
Origin: /mnt/c/Users/nh1221/dc_lab/clab/sonic-clab/roles/sonic_provision/tasks/main.yml:91:3

89   when: switch_ports is defined
90
91 - name: Save running configuration to startup config
     ^ column 3

fatal: [Spine-S2]: UNREACHABLE! => {"changed": false, "msg": "Task failed: Data could not be sent to remote host \"172.16.2.12\". Make sure this host can be reached over ssh: Connection timed out during banner exchange\r\nConnection to UNKNOWN port 65535 timed out", "unreachable": true}
[ERROR]: Task failed: Data could not be sent to remote host "172.16.2.21". Make sure this host can be reached over ssh: Connection timed out during banner exchange
Connection to UNKNOWN port 65535 timed out
Origin: /mnt/c/Users/nh1221/dc_lab/clab/sonic-clab/roles/sonic_provision/tasks/main.yml:91:3

89   when: switch_ports is defined
90
91 - name: Save running configuration to startup config
     ^ column 3

fatal: [Leaf-L1]: UNREACHABLE! => {"changed": false, "msg": "Task failed: Data could not be sent to remote host \"172.16.2.21\". Make sure this host can be reached over ssh: Connection timed out during banner exchange\r\nConnection to UNKNOWN port 65535 timed out", "unreachable": true}
[ERROR]: Task failed: Data could not be sent to remote host "172.16.2.22". Make sure this host can be reached over ssh: Connection timed out during banner exchange
Connection to UNKNOWN port 65535 timed out
Origin: /mnt/c/Users/nh1221/dc_lab/clab/sonic-clab/roles/sonic_provision/tasks/main.yml:91:3

89   when: switch_ports is defined
90
91 - name: Save running configuration to startup config
     ^ column 3

fatal: [Leaf-L2]: UNREACHABLE! => {"changed": false, "msg": "Task failed: Data could not be sent to remote host \"172.16.2.22\". Make sure this host can be reached over ssh: Connection timed out during banner exchange\r\nConnection to UNKNOWN port 65535 timed out", "unreachable": true}
[ERROR]: Task failed: Data could not be sent to remote host "172.16.2.23". Make sure this host can be reached over ssh: Connection timed out during banner exchange
Connection to UNKNOWN port 65535 timed out
Origin: /mnt/c/Users/nh1221/dc_lab/clab/sonic-clab/roles/sonic_provision/tasks/main.yml:91:3

89   when: switch_ports is defined
90
91 - name: Save running configuration to startup config
     ^ column 3

fatal: [Leaf-L3]: UNREACHABLE! => {"changed": false, "msg": "Task failed: Data could not be sent to remote host \"172.16.2.23\". Make sure this host can be reached over ssh: Connection timed out during banner exchange\r\nConnection to UNKNOWN port 65535 timed out", "unreachable": true}
[ERROR]: Task failed: Data could not be sent to remote host "172.16.2.24". Make sure this host can be reached over ssh: Connection timed out during banner exchange
Connection to UNKNOWN port 65535 timed out
Origin: /mnt/c/Users/nh1221/dc_lab/clab/sonic-clab/roles/sonic_provision/tasks/main.yml:91:3

89   when: switch_ports is defined
90
91 - name: Save running configuration to startup config
     ^ column 3

fatal: [Leaf-L4]: UNREACHABLE! => {"changed": false, "msg": "Task failed: Data could not be sent to remote host \"172.16.2.24\". Make sure this host can be reached over ssh: Connection timed out during banner exchange\r\nConnection to UNKNOWN port 65535 timed out", "unreachable": true}
[ERROR]: Task failed: Data could not be sent to remote host "172.16.2.31". Make sure this host can be reached over ssh: Connection timed out during banner exchange
Connection to UNKNOWN port 65535 timed out
Origin: /mnt/c/Users/nh1221/dc_lab/clab/sonic-clab/roles/sonic_provision/tasks/main.yml:91:3

89   when: switch_ports is defined
90
91 - name: Save running configuration to startup config
     ^ column 3

fatal: [Border-Leaf1]: UNREACHABLE! => {"changed": false, "msg": "Task failed: Data could not be sent to remote host \"172.16.2.31\". Make sure this host can be reached over ssh: Connection timed out during banner exchange\r\nConnection to UNKNOWN port 65535 timed out", "unreachable": true}
[ERROR]: Task failed: Data could not be sent to remote host "172.16.2.32". Make sure this host can be reached over ssh: Connection timed out during banner exchange
Connection to UNKNOWN port 65535 timed out
Origin: /mnt/c/Users/nh1221/dc_lab/clab/sonic-clab/roles/sonic_provision/tasks/main.yml:91:3

89   when: switch_ports is defined
90
91 - name: Save running configuration to startup config
     ^ column 3

fatal: [Border-Leaf2]: UNREACHABLE! => {"changed": false, "msg": "Task failed: Data could not be sent to remote host \"172.16.2.32\". Make sure this host can be reached over ssh: Connection timed out during banner exchange\r\nConnection to UNKNOWN port 65535 timed out", "unreachable": true}

PLAY RECAP *************************************************************************************************************************************************
Border-Leaf1               : ok=12   changed=8    unreachable=1    failed=0    skipped=0    rescued=0    ignored=0
Border-Leaf2               : ok=12   changed=8    unreachable=1    failed=0    skipped=0    rescued=0    ignored=0
Leaf-L1                    : ok=12   changed=8    unreachable=1    failed=0    skipped=0    rescued=0    ignored=0
Leaf-L2                    : ok=12   changed=8    unreachable=1    failed=0    skipped=0    rescued=0    ignored=0
Leaf-L3                    : ok=12   changed=8    unreachable=1    failed=0    skipped=0    rescued=0    ignored=0
Leaf-L4                    : ok=12   changed=8    unreachable=1    failed=0    skipped=0    rescued=0    ignored=0
Spine-S1                   : ok=11   changed=8    unreachable=1    failed=0    skipped=1    rescued=0    ignored=0
Spine-S2                   : ok=11   changed=8    unreachable=1    failed=0    skipped=1    rescued=0    ignored=0

(venv) nh1221@Lab-ControlNode:/mnt/c/Users/nh1221/dc_lab/clab/sonic-clab$ ssh R810
Welcome to Ubuntu 26.04 LTS (GNU/Linux 7.0.0-27-generic x86_64)

 * Documentation:  https://docs.ubuntu.com
 * Management:     https://landscape.canonical.com
 * Support:        https://ubuntu.com/pro

Expanded Security Maintenance for Applications is not enabled.

128 updates can be applied immediately.
To see these additional updates run: apt list --upgradable

2 additional security updates can be applied with ESM Apps.
Learn more about enabling ESM Apps service at https://ubuntu.com/esm

*** System restart required ***
Last login: Fri Aug  7 21:52:17 2026 from 192.168.9.194
nh1221@PowerEdge-R810:~$
