Looks like we didn't install FRR in Exit-Roters and since we connect this with Border-Leaf1/2 & ISP-1/2, we will need to install that. In you working memory, 
you have that in our host var files, we have 'alias' field value forthe switch_ports/access_ports and we will place them for configuration which did not happen last time..
We need to correct that. Again, we want to keep all ports oper/admin down other than connected ports from clab, so, we need to update that.


This time around, fabric bgp's are up, however no Host server's bgp unnumbered connectivity is alive. We need to know, why it is not working and remedy that. 

In the Host var files, server_interface has ports name as device and value mostly enp2s0/enp3s0, however, when I run 'ip a sh', I find the below:
ubuntu@Host12-1:~$ ip a sh
1: lo: <LOOPBACK,UP,LOWER_UP> mtu 65536 qdisc noqueue state UNKNOWN group default qlen 1000
    link/loopback 00:00:00:00:00:00 brd 00:00:00:00:00:00
    inet 127.0.0.1/8 scope host lo
       valid_lft forever preferred_lft forever
    inet6 ::1/128 scope host noprefixroute
       valid_lft forever preferred_lft forever
2: enp1s0: <BROADCAST,MULTICAST,UP,LOWER_UP> mtu 1500 qdisc pfifo_fast state UP group default qlen 1000
    link/ether 0c:00:6a:72:7e:00 brd ff:ff:ff:ff:ff:ff
    altname enx0c006a727e00
    inet 10.0.0.15/24 brd 10.0.0.255 scope global enp1s0
       valid_lft forever preferred_lft forever
    inet6 fec0::e00:6aff:fe72:7e00/64 scope site dynamic mngtmpaddr noprefixroute
       valid_lft 86176sec preferred_lft 14176sec
    inet6 fe80::e00:6aff:fe72:7e00/64 scope link proto kernel_ll
       valid_lft forever preferred_lft forever
3: ens2: <BROADCAST,MULTICAST,UP,LOWER_UP> mtu 1500 qdisc pfifo_fast state UP group default qlen 1000
    link/ether aa:c1:ab:bc:7d:63 brd ff:ff:ff:ff:ff:ff
    altname enp1s2
    altname enxaac1abbc7d63
    inet6 fe80::a8c1:abff:febc:7d63/64 scope link proto kernel_ll
       valid_lft forever preferred_lft forever
4: ens3: <BROADCAST,MULTICAST,UP,LOWER_UP> mtu 1500 qdisc pfifo_fast state UP group default qlen 1000
    link/ether aa:c1:ab:4b:44:a5 brd ff:ff:ff:ff:ff:ff
    altname enp1s3
    altname enxaac1ab4b44a5
    inet6 fe80::a8c1:abff:fe4b:44a5/64 scope link proto kernel_ll
       valid_lft forever preferred_lft forever
ubuntu@Host12-1:~$ sudo vtysh
sudo: 'vtysh': command not found
ubuntu@Host12-1:~$ ip a sh
1: lo: <LOOPBACK,UP,LOWER_UP> mtu 65536 qdisc noqueue state UNKNOWN group default qlen 1000
    link/loopback 00:00:00:00:00:00 brd 00:00:00:00:00:00
    inet 127.0.0.1/8 scope host lo
       valid_lft forever preferred_lft forever
    inet6 ::1/128 scope host noprefixroute
       valid_lft forever preferred_lft forever
2: enp1s0: <BROADCAST,MULTICAST,UP,LOWER_UP> mtu 1500 qdisc pfifo_fast state UP group default qlen 1000
    link/ether 0c:00:6a:72:7e:00 brd ff:ff:ff:ff:ff:ff
    altname enx0c006a727e00
    inet 10.0.0.15/24 brd 10.0.0.255 scope global enp1s0
       valid_lft forever preferred_lft forever
    inet6 fec0::e00:6aff:fe72:7e00/64 scope site dynamic mngtmpaddr noprefixroute
       valid_lft 86108sec preferred_lft 14108sec
    inet6 fe80::e00:6aff:fe72:7e00/64 scope link proto kernel_ll
       valid_lft forever preferred_lft forever
3: ens2: <BROADCAST,MULTICAST,UP,LOWER_UP> mtu 1500 qdisc pfifo_fast state UP group default qlen 1000
    link/ether aa:c1:ab:bc:7d:63 brd ff:ff:ff:ff:ff:ff
    altname enp1s2
    altname enxaac1abbc7d63
    inet6 fe80::a8c1:abff:febc:7d63/64 scope link proto kernel_ll
       valid_lft forever preferred_lft forever
4: ens3: <BROADCAST,MULTICAST,UP,LOWER_UP> mtu 1500 qdisc pfifo_fast state UP group default qlen 1000
    link/ether aa:c1:ab:4b:44:a5 brd ff:ff:ff:ff:ff:ff
    altname enp1s3
    altname enxaac1ab4b44a5
    inet6 fe80::a8c1:abff:fe4b:44a5/64 scope link proto kernel_ll
       valid_lft forever preferred_lft forever
5: cephdummy0: <BROADCAST,NOARP,UP,LOWER_UP> mtu 9000 qdisc noqueue state UNKNOWN group default qlen 1000
    link/ether e2:1b:82:64:ad:b6 brd ff:ff:ff:ff:ff:ff
    inet 192.168.20.11/32 scope global cephdummy0
       valid_lft forever preferred_lft forever
    inet6 fe80::e01b:82ff:fe64:adb6/64 scope link proto kernel_ll
       valid_lft forever preferred_lft forever
6: pimreg@NONE: <NOARP,UP,LOWER_UP> mtu 1472 qdisc noqueue state UNKNOWN group default qlen 1000
    link/pimreg
7: pim6reg@NONE: <NOARP,UP,LOWER_UP> mtu 1452 qdisc noqueue state UNKNOWN group default qlen 1000
    link/pimreg
ubuntu@Host12-1:~$ sudo vtysh

Hello, this is FRRouting (version 10.5.1).
Copyright 1996-2005 Kunihiro Ishiguro, et al.

Host12-1# show ip bgp summary

IPv4 Unicast Summary:
BGP router identifier 10.0.10.1, local AS number 65211 VRF default vrf-id 0
BGP table version 1
RIB entries 1, using 128 bytes of memory
Peers 2, using 47 KiB of memory

Neighbor        V         AS   MsgRcvd   MsgSent   TblVer  InQ OutQ  Up/Down State/PfxRcd   PfxSnt Desc
enp2s0          4      65011         0         0        0    0    0    never         Idle        0 To-Leaf-L1-Ethernet0
enp3s0          4      65012         0         0        0    0    0    never         Idle        0 To-Leaf-L2-Ethernet0

Total number of neighbors 2
Host12-1#

The port name needs either changed or mapped. Please update so, it has ipv6 values from netplan apply 'up' and running and ebgp from frr starts 
connecting to leaves ports for multi-homing.

this should be correctd and bgp connected for all server/exit-router/isp router etc.

Following are few status files:
admin@Spine-S1:~$ show ip bgp summary

IPv4 Unicast Summary:
BGP router identifier 10.0.0.1, local AS number 65000 vrf-id 0
BGP table version 3
RIB entries 4, using 512 bytes of memory
Peers 6, using 144432 KiB of memory
Peer groups 0, using 0 bytes of memory


Neighbhor      V     AS    MsgRcvd    MsgSent    TblVer    InQ    OutQ  Up/Down      State/PfxRcd  NeighborName
-----------  ---  -----  ---------  ---------  --------  -----  ------  ---------  --------------  --------------
Ethernet0      4  65011          5          6         3      0       0  00:01:42                0  Leaf-L1
Ethernet4      4  65012          5          6         3      0       0  00:01:42                0  Leaf-L2
Ethernet8      4  65021          5          5         3      0       0  00:01:43                0  Leaf-L3
Ethernet12     4  65022          5          5         3      0       0  00:01:28                0  Leaf-L4
Ethernet16     4  65031          5          5         3      0       0  00:01:28                0  Border-Leaf1
Ethernet20     4  65032          5          5         3      0       0  00:01:28                0  Border-Leaf2

Total number of neighbors 6
admin@Spine-S1:~$

admin@Spine-S2:~$ show ip bgp summary

IPv4 Unicast Summary:
BGP router identifier 10.0.0.2, local AS number 65000 vrf-id 0
BGP table version 3
RIB entries 4, using 512 bytes of memory
Peers 6, using 144432 KiB of memory
Peer groups 0, using 0 bytes of memory


Neighbhor      V     AS    MsgRcvd    MsgSent    TblVer    InQ    OutQ  Up/Down      State/PfxRcd  NeighborName
-----------  ---  -----  ---------  ---------  --------  -----  ------  ---------  --------------  --------------
Ethernet0      4  65011          9         10         3      0       0  00:05:09                0  Leaf-L1
Ethernet4      4  65012          9         10         3      0       0  00:05:09                0  Leaf-L2
Ethernet8      4  65021          9         10         3      0       0  00:05:11                0  Leaf-L3
Ethernet12     4  65022          8          8         3      0       0  00:04:57                0  Leaf-L4
Ethernet16     4  65031         12         12         3      0       0  00:04:57                0  Border-Leaf1
Ethernet20     4  65032         12         12         3      0       0  00:04:57                0  Border-Leaf2

Total number of neighbors 6
admin@Spine-S2:~$ 

admin@Leaf-L1:~$ show interfaces status
  Interface            Lanes    Speed    MTU    FEC       Alias    Vlan    Oper    Admin    Type    Asym PFC
-----------  ---------------  -------  -----  -----  ----------  ------  ------  -------  ------  ----------
  Ethernet0               13      10G   9100    N/A    tenGigE0  routed      up       up     N/A         N/A
  Ethernet1               14      10G   9100    N/A    tenGigE1  routed      up       up     N/A         N/A
  Ethernet2               15      10G   9100    N/A    tenGigE2  routed      up       up     N/A         N/A
  Ethernet3               16      10G   9100    N/A    tenGigE3  routed      up       up     N/A         N/A
  Ethernet4               21      10G   9100    N/A    tenGigE4  routed      up       up     N/A         N/A
  Ethernet5               22      10G   9100    N/A    tenGigE5  routed      up       up     N/A         N/A
  Ethernet6               23      10G   9100    N/A    tenGigE6  routed      up       up     N/A         N/A
  Ethernet7               24      10G   9100    N/A    tenGigE7  routed      up       up     N/A         N/A
  Ethernet8               25      10G   9100    N/A    tenGigE8  routed      up       up     N/A         N/A
  Ethernet9               26      10G   9100    N/A    tenGigE9  routed      up       up     N/A         N/A
 Ethernet10               27      10G   9100    N/A   tenGigE10  routed      up       up     N/A         N/A
 Ethernet11               28      10G   9100    N/A   tenGigE11  routed      up       up     N/A         N/A
 Ethernet12               29      10G   9100    N/A   tenGigE12  routed      up       up     N/A         N/A
 Ethernet13               30      10G   9100    N/A   tenGigE13  routed      up       up     N/A         N/A
 Ethernet14               31      10G   9100    N/A   tenGigE14  routed      up       up     N/A         N/A
 Ethernet15               32      10G   9100    N/A   tenGigE15  routed      up       up     N/A         N/A
 Ethernet16               45      10G   9100    N/A   tenGigE16  routed      up       up     N/A         N/A
 Ethernet17               46      10G   9100    N/A   tenGigE17  routed      up       up     N/A         N/A
 Ethernet18               47      10G   9100    N/A   tenGigE18  routed      up       up     N/A         N/A
 Ethernet19               48      10G   9100    N/A   tenGigE19  routed      up       up     N/A         N/A
 Ethernet20               49      10G   9100    N/A   tenGigE20  routed      up       up     N/A         N/A
 Ethernet21               50      10G   9100    N/A   tenGigE21  routed      up       up     N/A         N/A
 Ethernet22               51      10G   9100    N/A   tenGigE22  routed      up       up     N/A         N/A
 Ethernet23               52      10G   9100    N/A   tenGigE23  routed      up       up     N/A         N/A
 Ethernet24               53      10G   9100    N/A   tenGigE24  routed      up       up     N/A         N/A
 Ethernet25               54      10G   9100    N/A   tenGigE25  routed      up       up     N/A         N/A
 Ethernet26               55      10G   9100    N/A   tenGigE26  routed      up       up     N/A         N/A
 Ethernet27               56      10G   9100    N/A   tenGigE27  routed      up       up     N/A         N/A
 Ethernet28               57      10G   9100    N/A   tenGigE28  routed      up       up     N/A         N/A
 Ethernet29               58      10G   9100    N/A   tenGigE29  routed      up       up     N/A         N/A
 Ethernet30               59      10G   9100    N/A   tenGigE30  routed      up       up     N/A         N/A
 Ethernet31               60      10G   9100    N/A   tenGigE31  routed      up       up     N/A         N/A
 Ethernet32               61      10G   9100    N/A   tenGigE32  routed      up       up     N/A         N/A
 Ethernet33               62      10G   9100    N/A   tenGigE33  routed      up       up     N/A         N/A
 Ethernet34               63      10G   9100    N/A   tenGigE34  routed      up       up     N/A         N/A
 Ethernet35               64      10G   9100    N/A   tenGigE35  routed      up       up     N/A         N/A
 Ethernet36               65      10G   9100    N/A   tenGigE36  routed      up       up     N/A         N/A
 Ethernet37               66      10G   9100    N/A   tenGigE37  routed      up       up     N/A         N/A
 Ethernet38               67      10G   9100    N/A   tenGigE38  routed      up       up     N/A         N/A
 Ethernet39               68      10G   9100    N/A   tenGigE39  routed      up       up     N/A         N/A
 Ethernet40               69      10G   9100    N/A   tenGigE40  routed      up       up     N/A         N/A
 Ethernet41               70      10G   9100    N/A   tenGigE41  routed      up       up     N/A         N/A
 Ethernet42               71      10G   9100    N/A   tenGigE42  routed      up       up     N/A         N/A
 Ethernet43               72      10G   9100    N/A   tenGigE43  routed      up       up     N/A         N/A
 Ethernet44               73      10G   9100    N/A   tenGigE44  routed      up       up     N/A         N/A
 Ethernet45               74      10G   9100    N/A   tenGigE45  routed      up       up     N/A         N/A
 Ethernet46               75      10G   9100    N/A   tenGigE46  routed      up       up     N/A         N/A
 Ethernet47               76      10G   9100    N/A   tenGigE47  routed      up       up     N/A         N/A
 Ethernet48               97      10G   9100    N/A   tenGigE48  routed      up       up     N/A         N/A
 Ethernet49               98      10G   9100    N/A   tenGigE49  routed      up       up     N/A         N/A
 Ethernet50               99      10G   9100    N/A   tenGigE50  routed      up       up     N/A         N/A
 Ethernet51              100      10G   9100    N/A   tenGigE51  routed      up       up     N/A         N/A
 Ethernet52              101      10G   9100    N/A   tenGigE52  routed      up       up     N/A         N/A
 Ethernet53              102      10G   9100    N/A   tenGigE53  routed      up       up     N/A         N/A
 Ethernet54              103      10G   9100    N/A   tenGigE54  routed      up       up     N/A         N/A
 Ethernet55              104      10G   9100    N/A   tenGigE55  routed      up       up     N/A         N/A
 Ethernet56               81      10G   9100    N/A   tenGigE56  routed      up       up     N/A         N/A
 Ethernet57               82      10G   9100    N/A   tenGigE57  routed      up       up     N/A         N/A
 Ethernet58               83      10G   9100    N/A   tenGigE58  routed      up       up     N/A         N/A
 Ethernet59               84      10G   9100    N/A   tenGigE59  routed      up       up     N/A         N/A
 Ethernet60              105      10G   9100    N/A   tenGigE60  routed      up       up     N/A         N/A
 Ethernet61              106      10G   9100    N/A   tenGigE61  routed      up       up     N/A         N/A
 Ethernet62              107      10G   9100    N/A   tenGigE62  routed      up       up     N/A         N/A
 Ethernet63              108      10G   9100    N/A   tenGigE63  routed      up       up     N/A         N/A
 Ethernet64  109,110,111,112      40G   9100    N/A  Ethernet64  routed      up       up     N/A         N/A
 Ethernet68      77,78,79,80      40G   9100    N/A  Ethernet68  routed      up       up     N/A         N/A
admin@Leaf-L1:~$ show ip bgp summary

IPv4 Unicast Summary:
BGP router identifier 10.0.1.1, local AS number 65011 vrf-id 0
BGP table version 3
RIB entries 5, using 640 bytes of memory
Peers 5, using 120360 KiB of memory
Peer groups 0, using 0 bytes of memory


Neighbhor      V     AS    MsgRcvd    MsgSent    TblVer    InQ    OutQ  Up/Down    State/PfxRcd    NeighborName
-----------  ---  -----  ---------  ---------  --------  -----  ------  ---------  --------------  --------------
Ethernet0      4      0          0          0         0      0       0  never      Idle            Host12-1
Ethernet1      4      0          0          0         0      0       0  never      Idle            Host12-2
Ethernet2      4      0          0          0         0      0       0  never      Idle            Host12-3
Ethernet64     4  65000         26         26         3      0       0  00:22:53   0               Spine-S2
Ethernet68     4  65000         26         26         3      0       0  00:22:53   0               Spine-S1

Total number of neighbors 5
admin@Leaf-L1:~$

admin@Leaf-L2:~$ show interfaces status
  Interface            Lanes    Speed    MTU    FEC       Alias    Vlan    Oper    Admin    Type    Asym PFC
-----------  ---------------  -------  -----  -----  ----------  ------  ------  -------  ------  ----------
  Ethernet0               13      10G   9100    N/A    tenGigE0  routed      up       up     N/A         N/A
  Ethernet1               14      10G   9100    N/A    tenGigE1  routed      up       up     N/A         N/A
  Ethernet2               15      10G   9100    N/A    tenGigE2  routed      up       up     N/A         N/A
  Ethernet3               16      10G   9100    N/A    tenGigE3  routed      up       up     N/A         N/A
  Ethernet4               21      10G   9100    N/A    tenGigE4  routed      up       up     N/A         N/A
  Ethernet5               22      10G   9100    N/A    tenGigE5  routed      up       up     N/A         N/A
  Ethernet6               23      10G   9100    N/A    tenGigE6  routed      up       up     N/A         N/A
  Ethernet7               24      10G   9100    N/A    tenGigE7  routed      up       up     N/A         N/A
  Ethernet8               25      10G   9100    N/A    tenGigE8  routed      up       up     N/A         N/A
  Ethernet9               26      10G   9100    N/A    tenGigE9  routed      up       up     N/A         N/A
 Ethernet10               27      10G   9100    N/A   tenGigE10  routed      up       up     N/A         N/A
 Ethernet11               28      10G   9100    N/A   tenGigE11  routed      up       up     N/A         N/A
 Ethernet12               29      10G   9100    N/A   tenGigE12  routed      up       up     N/A         N/A
 Ethernet13               30      10G   9100    N/A   tenGigE13  routed      up       up     N/A         N/A
 Ethernet14               31      10G   9100    N/A   tenGigE14  routed      up       up     N/A         N/A
 Ethernet15               32      10G   9100    N/A   tenGigE15  routed      up       up     N/A         N/A
 Ethernet16               45      10G   9100    N/A   tenGigE16  routed      up       up     N/A         N/A
 Ethernet17               46      10G   9100    N/A   tenGigE17  routed      up       up     N/A         N/A
 Ethernet18               47      10G   9100    N/A   tenGigE18  routed      up       up     N/A         N/A
 Ethernet19               48      10G   9100    N/A   tenGigE19  routed      up       up     N/A         N/A
 Ethernet20               49      10G   9100    N/A   tenGigE20  routed      up       up     N/A         N/A
 Ethernet21               50      10G   9100    N/A   tenGigE21  routed      up       up     N/A         N/A
 Ethernet22               51      10G   9100    N/A   tenGigE22  routed      up       up     N/A         N/A
 Ethernet23               52      10G   9100    N/A   tenGigE23  routed      up       up     N/A         N/A
 Ethernet24               53      10G   9100    N/A   tenGigE24  routed      up       up     N/A         N/A
 Ethernet25               54      10G   9100    N/A   tenGigE25  routed      up       up     N/A         N/A
 Ethernet26               55      10G   9100    N/A   tenGigE26  routed      up       up     N/A         N/A
 Ethernet27               56      10G   9100    N/A   tenGigE27  routed      up       up     N/A         N/A
 Ethernet28               57      10G   9100    N/A   tenGigE28  routed      up       up     N/A         N/A
 Ethernet29               58      10G   9100    N/A   tenGigE29  routed      up       up     N/A         N/A
 Ethernet30               59      10G   9100    N/A   tenGigE30  routed      up       up     N/A         N/A
 Ethernet31               60      10G   9100    N/A   tenGigE31  routed      up       up     N/A         N/A
 Ethernet32               61      10G   9100    N/A   tenGigE32  routed      up       up     N/A         N/A
 Ethernet33               62      10G   9100    N/A   tenGigE33  routed      up       up     N/A         N/A
 Ethernet34               63      10G   9100    N/A   tenGigE34  routed      up       up     N/A         N/A
 Ethernet35               64      10G   9100    N/A   tenGigE35  routed      up       up     N/A         N/A
 Ethernet36               65      10G   9100    N/A   tenGigE36  routed      up       up     N/A         N/A
 Ethernet37               66      10G   9100    N/A   tenGigE37  routed      up       up     N/A         N/A
 Ethernet38               67      10G   9100    N/A   tenGigE38  routed      up       up     N/A         N/A
 Ethernet39               68      10G   9100    N/A   tenGigE39  routed      up       up     N/A         N/A
 Ethernet40               69      10G   9100    N/A   tenGigE40  routed      up       up     N/A         N/A
 Ethernet41               70      10G   9100    N/A   tenGigE41  routed      up       up     N/A         N/A
 Ethernet42               71      10G   9100    N/A   tenGigE42  routed      up       up     N/A         N/A
 Ethernet43               72      10G   9100    N/A   tenGigE43  routed      up       up     N/A         N/A
 Ethernet44               73      10G   9100    N/A   tenGigE44  routed      up       up     N/A         N/A
 Ethernet45               74      10G   9100    N/A   tenGigE45  routed      up       up     N/A         N/A
 Ethernet46               75      10G   9100    N/A   tenGigE46  routed      up       up     N/A         N/A
 Ethernet47               76      10G   9100    N/A   tenGigE47  routed      up       up     N/A         N/A
 Ethernet48               97      10G   9100    N/A   tenGigE48  routed      up       up     N/A         N/A
 Ethernet49               98      10G   9100    N/A   tenGigE49  routed      up       up     N/A         N/A
 Ethernet50               99      10G   9100    N/A   tenGigE50  routed      up       up     N/A         N/A
 Ethernet51              100      10G   9100    N/A   tenGigE51  routed      up       up     N/A         N/A
 Ethernet52              101      10G   9100    N/A   tenGigE52  routed      up       up     N/A         N/A
 Ethernet53              102      10G   9100    N/A   tenGigE53  routed      up       up     N/A         N/A
 Ethernet54              103      10G   9100    N/A   tenGigE54  routed      up       up     N/A         N/A
 Ethernet55              104      10G   9100    N/A   tenGigE55  routed      up       up     N/A         N/A
 Ethernet56               81      10G   9100    N/A   tenGigE56  routed      up       up     N/A         N/A
 Ethernet57               82      10G   9100    N/A   tenGigE57  routed      up       up     N/A         N/A
 Ethernet58               83      10G   9100    N/A   tenGigE58  routed      up       up     N/A         N/A
 Ethernet59               84      10G   9100    N/A   tenGigE59  routed      up       up     N/A         N/A
 Ethernet60              105      10G   9100    N/A   tenGigE60  routed      up       up     N/A         N/A
 Ethernet61              106      10G   9100    N/A   tenGigE61  routed      up       up     N/A         N/A
 Ethernet62              107      10G   9100    N/A   tenGigE62  routed      up       up     N/A         N/A
 Ethernet63              108      10G   9100    N/A   tenGigE63  routed      up       up     N/A         N/A
 Ethernet64  109,110,111,112      40G   9100    N/A  Ethernet64  routed      up       up     N/A         N/A
 Ethernet68      77,78,79,80      40G   9100    N/A  Ethernet68  routed      up       up     N/A         N/A
admin@Leaf-L2:~$ show ip bgp summary

IPv4 Unicast Summary:
BGP router identifier 10.0.1.2, local AS number 65012 vrf-id 0
BGP table version 3
RIB entries 5, using 640 bytes of memory
Peers 5, using 120360 KiB of memory
Peer groups 0, using 0 bytes of memory


Neighbhor      V     AS    MsgRcvd    MsgSent    TblVer    InQ    OutQ  Up/Down    State/PfxRcd    NeighborName
-----------  ---  -----  ---------  ---------  --------  -----  ------  ---------  --------------  --------------
Ethernet0      4      0          0          0         0      0       0  never      Idle            Host12-1
Ethernet1      4      0          0          0         0      0       0  never      Idle            Host12-2
Ethernet2      4      0          0          0         0      0       0  never      Idle            Host12-3
Ethernet64     4  65000         11         11         3      0       0  00:07:54   0               Spine-S2
Ethernet68     4  65000         11         11         3      0       0  00:07:54   0               Spine-S1

Total number of neighbors 5
admin@Leaf-L2:~$

admin@Leaf-L3:~$ show interfaces status
  Interface            Lanes    Speed    MTU    FEC         Alias    Vlan    Oper    Admin    Type    Asym PFC
-----------  ---------------  -------  -----  -----  ------------  ------  ------  -------  ------  ----------
  Ethernet0              125      10G   9100    N/A     Ethernet0  routed    down       up     N/A         N/A
  Ethernet1              126      10G   9100    N/A     Ethernet1  routed    down       up     N/A         N/A
  Ethernet2              127      10G   9100    N/A     Ethernet2  routed    down       up     N/A         N/A
  Ethernet3              128      10G   9100    N/A     Ethernet3  routed      up       up     N/A         N/A
  Ethernet4  121,122,123,124      40G   9100    N/A   Ethernet2/1  routed      up       up     N/A         N/A
  Ethernet8      13,14,15,16      40G   9100    N/A   Ethernet3/1  routed      up       up     N/A         N/A
 Ethernet12       9,10,11,12      40G   9100    N/A   Ethernet4/1  routed      up       up     N/A         N/A
 Ethernet16      17,18,19,20      40G   9100    N/A   Ethernet5/1  routed      up       up     N/A         N/A
 Ethernet20      21,22,23,24      40G   9100    N/A   Ethernet6/1  routed      up       up     N/A         N/A
 Ethernet24      25,26,27,28      40G   9100    N/A   Ethernet7/1  routed      up       up     N/A         N/A
 Ethernet28      29,30,31,32      40G   9100    N/A   Ethernet8/1  routed      up       up     N/A         N/A
 Ethernet32      37,38,39,40      40G   9100    N/A   Ethernet9/1  routed      up       up     N/A         N/A
 Ethernet36      33,34,35,36      40G   9100    N/A  Ethernet10/1  routed      up       up     N/A         N/A
 Ethernet40      45,46,47,48      40G   9100    N/A  Ethernet11/1  routed      up       up     N/A         N/A
 Ethernet44      41,42,43,44      40G   9100    N/A  Ethernet12/1  routed      up       up     N/A         N/A
 Ethernet48      53,54,55,56      40G   9100    N/A  Ethernet13/1  routed      up       up     N/A         N/A
 Ethernet52      49,50,51,52      40G   9100    N/A  Ethernet14/1  routed      up       up     N/A         N/A
 Ethernet56      69,70,71,72      40G   9100    N/A  Ethernet15/1  routed      up       up     N/A         N/A
 Ethernet60      65,66,67,68      40G   9100    N/A  Ethernet16/1  routed      up       up     N/A         N/A
 Ethernet64      77,78,79,80      40G   9100    N/A  Ethernet17/1  routed      up       up     N/A         N/A
 Ethernet68      73,74,75,76      40G   9100    N/A  Ethernet18/1  routed      up       up     N/A         N/A
 Ethernet72      93,94,95,96      40G   9100    N/A  Ethernet19/1  routed      up       up     N/A         N/A
 Ethernet76      89,90,91,92      40G   9100    N/A  Ethernet20/1  routed      up       up     N/A         N/A
 Ethernet80  101,102,103,104      40G   9100    N/A  Ethernet21/1  routed      up       up     N/A         N/A
 Ethernet84     97,98,99,100      40G   9100    N/A  Ethernet22/1  routed      up       up     N/A         N/A
 Ethernet88  109,110,111,112      40G   9100    N/A  Ethernet23/1  routed      up       up     N/A         N/A
 Ethernet92  105,106,107,108      40G   9100    N/A  Ethernet24/1  routed      up       up     N/A         N/A
 Ethernet96      61,62,63,64      40G   9100    N/A    Ethernet25  routed      up       up     N/A         N/A
Ethernet100      57,58,59,60      40G   9100    N/A    Ethernet26  routed      up       up     N/A         N/A
Ethernet104      81,82,83,84      40G   9100    N/A    Ethernet27  routed      up       up     N/A         N/A
Ethernet108      85,86,87,88      40G   9100    N/A    Ethernet28  routed      up       up     N/A         N/A
Ethernet112  117,118,119,120      40G   9100    N/A    Ethernet29  routed      up       up     N/A         N/A
Ethernet116  113,114,115,116      40G   9100    N/A    Ethernet30  routed      up       up     N/A         N/A
Ethernet120          5,6,7,8      40G   9100    N/A    Ethernet31  routed      up       up     N/A         N/A
Ethernet124          1,2,3,4      40G   9100    N/A    Ethernet32  routed      up       up     N/A         N/A
admin@Leaf-L3:~$ show ip bgp summary

IPv4 Unicast Summary:
BGP router identifier 10.0.1.3, local AS number 65021 vrf-id 0
BGP table version 3
RIB entries 5, using 640 bytes of memory
Peers 5, using 120360 KiB of memory
Peer groups 0, using 0 bytes of memory


Neighbhor      V     AS    MsgRcvd    MsgSent    TblVer    InQ    OutQ  Up/Down    State/PfxRcd    NeighborName
-----------  ---  -----  ---------  ---------  --------  -----  ------  ---------  --------------  --------------
Ethernet0      4      0         17         31         0      0       0  never      Idle            Host34-1
Ethernet1      4      0         10         20         0      0       0  never      Idle            Host34-2
Ethernet2      4      0         10         20         0      0       0  never      Idle            MonSrv
Ethernet120    4  65000         13         13         3      0       0  00:09:23   0               Spine-S2
Ethernet124    4  65000         13         14         3      0       0  00:09:22   0               Spine-S1

Total number of neighbors 5
admin@Leaf-L3:~$

admin@Leaf-L4:~$ show interfaces status
  Interface            Lanes    Speed    MTU    FEC         Alias    Vlan    Oper    Admin    Type    Asym PFC
-----------  ---------------  -------  -----  -----  ------------  ------  ------  -------  ------  ----------
  Ethernet0              125      10G   9100    N/A     Ethernet0  routed    down       up     N/A         N/A
  Ethernet1              126      10G   9100    N/A     Ethernet1  routed    down       up     N/A         N/A
  Ethernet2              127      10G   9100    N/A     Ethernet2  routed    down       up     N/A         N/A
  Ethernet3              128      10G   9100    N/A     Ethernet3  routed      up       up     N/A         N/A
  Ethernet4  121,122,123,124      40G   9100    N/A   Ethernet2/1  routed      up       up     N/A         N/A
  Ethernet8      13,14,15,16      40G   9100    N/A   Ethernet3/1  routed      up       up     N/A         N/A
 Ethernet12       9,10,11,12      40G   9100    N/A   Ethernet4/1  routed      up       up     N/A         N/A
 Ethernet16      17,18,19,20      40G   9100    N/A   Ethernet5/1  routed      up       up     N/A         N/A
 Ethernet20      21,22,23,24      40G   9100    N/A   Ethernet6/1  routed      up       up     N/A         N/A
 Ethernet24      25,26,27,28      40G   9100    N/A   Ethernet7/1  routed      up       up     N/A         N/A
 Ethernet28      29,30,31,32      40G   9100    N/A   Ethernet8/1  routed      up       up     N/A         N/A
 Ethernet32      37,38,39,40      40G   9100    N/A   Ethernet9/1  routed      up       up     N/A         N/A
 Ethernet36      33,34,35,36      40G   9100    N/A  Ethernet10/1  routed      up       up     N/A         N/A
 Ethernet40      45,46,47,48      40G   9100    N/A  Ethernet11/1  routed      up       up     N/A         N/A
 Ethernet44      41,42,43,44      40G   9100    N/A  Ethernet12/1  routed      up       up     N/A         N/A
 Ethernet48      53,54,55,56      40G   9100    N/A  Ethernet13/1  routed      up       up     N/A         N/A
 Ethernet52      49,50,51,52      40G   9100    N/A  Ethernet14/1  routed      up       up     N/A         N/A
 Ethernet56      69,70,71,72      40G   9100    N/A  Ethernet15/1  routed      up       up     N/A         N/A
 Ethernet60      65,66,67,68      40G   9100    N/A  Ethernet16/1  routed      up       up     N/A         N/A
 Ethernet64      77,78,79,80      40G   9100    N/A  Ethernet17/1  routed      up       up     N/A         N/A
 Ethernet68      73,74,75,76      40G   9100    N/A  Ethernet18/1  routed      up       up     N/A         N/A
 Ethernet72      93,94,95,96      40G   9100    N/A  Ethernet19/1  routed      up       up     N/A         N/A
 Ethernet76      89,90,91,92      40G   9100    N/A  Ethernet20/1  routed      up       up     N/A         N/A
 Ethernet80  101,102,103,104      40G   9100    N/A  Ethernet21/1  routed      up       up     N/A         N/A
 Ethernet84     97,98,99,100      40G   9100    N/A  Ethernet22/1  routed      up       up     N/A         N/A
 Ethernet88  109,110,111,112      40G   9100    N/A  Ethernet23/1  routed      up       up     N/A         N/A
 Ethernet92  105,106,107,108      40G   9100    N/A  Ethernet24/1  routed      up       up     N/A         N/A
 Ethernet96      61,62,63,64      40G   9100    N/A    Ethernet25  routed      up       up     N/A         N/A
Ethernet100      57,58,59,60      40G   9100    N/A    Ethernet26  routed      up       up     N/A         N/A
Ethernet104      81,82,83,84      40G   9100    N/A    Ethernet27  routed      up       up     N/A         N/A
Ethernet108      85,86,87,88      40G   9100    N/A    Ethernet28  routed      up       up     N/A         N/A
Ethernet112  117,118,119,120      40G   9100    N/A    Ethernet29  routed      up       up     N/A         N/A
Ethernet116  113,114,115,116      40G   9100    N/A    Ethernet30  routed      up       up     N/A         N/A
Ethernet120          5,6,7,8      40G   9100    N/A    Ethernet31  routed      up       up     N/A         N/A
Ethernet124          1,2,3,4      40G   9100    N/A    Ethernet32  routed      up       up     N/A         N/A
admin@Leaf-L4:~$ show ip bgp summary

IPv4 Unicast Summary:
BGP router identifier 10.0.1.4, local AS number 65022 vrf-id 0
BGP table version 3
RIB entries 5, using 640 bytes of memory
Peers 5, using 120360 KiB of memory
Peer groups 0, using 0 bytes of memory


Neighbhor      V     AS    MsgRcvd    MsgSent    TblVer    InQ    OutQ  Up/Down    State/PfxRcd    NeighborName
-----------  ---  -----  ---------  ---------  --------  -----  ------  ---------  --------------  --------------
Ethernet0      4      0         11         22         0      0       0  never      Idle            Host34-1
Ethernet1      4      0         11         22         0      0       0  never      Idle            Host34-2
Ethernet2      4      0         11         19         0      0       0  never      Idle            MonSrv
Ethernet120    4  65000         14         14         3      0       0  00:10:07   0               Spine-S2
Ethernet124    4  65000         14         14         3      0       0  00:10:06   0               Spine-S1

Total number of neighbors 5
admin@Leaf-L4:~$

admin@Border-Leaf1:~$ show interfaces status
  Interface            Lanes    Speed    MTU    FEC         Alias    Vlan    Oper    Admin    Type    Asym PFC
-----------  ---------------  -------  -----  -----  ------------  ------  ------  -------  ------  ----------
  Ethernet0                9      10G   9100    N/A     Ethernet0  routed      up       up     N/A         N/A
  Ethernet1               10      10G   9100    N/A     Ethernet1  routed      up       up     N/A         N/A
  Ethernet2               11      10G   9100    N/A     Ethernet2  routed      up       up     N/A         N/A
  Ethernet3               12      10G   9100    N/A     Ethernet3  routed      up       up     N/A         N/A
  Ethernet4      13,14,15,16      40G   9100    N/A   Ethernet6/1  routed      up       up     N/A         N/A
  Ethernet8      17,18,19,20      40G   9100    N/A   Ethernet7/1  routed      up       up     N/A         N/A
 Ethernet12      21,22,23,24      40G   9100    N/A   Ethernet8/1  routed      up       up     N/A         N/A
 Ethernet16      29,30,31,32      40G   9100    N/A   Ethernet9/1  routed      up       up     N/A         N/A
 Ethernet20      25,26,27,28      40G   9100    N/A  Ethernet10/1  routed      up       up     N/A         N/A
 Ethernet24      33,34,35,36      40G   9100    N/A  Ethernet11/1  routed      up       up     N/A         N/A
 Ethernet28      37,38,39,40      40G   9100    N/A  Ethernet12/1  routed      up       up     N/A         N/A
 Ethernet32      45,46,47,48      40G   9100    N/A  Ethernet13/1  routed      up       up     N/A         N/A
 Ethernet36      41,42,43,44      40G   9100    N/A  Ethernet14/1  routed      up       up     N/A         N/A
 Ethernet40      49,50,51,52      40G   9100    N/A  Ethernet15/1  routed      up       up     N/A         N/A
 Ethernet44      53,54,55,56      40G   9100    N/A  Ethernet16/1  routed      up       up     N/A         N/A
 Ethernet48      69,70,71,72      40G   9100    N/A  Ethernet17/1  routed      up       up     N/A         N/A
 Ethernet52      65,66,67,68      40G   9100    N/A  Ethernet18/1  routed      up       up     N/A         N/A
 Ethernet56      73,74,75,76      40G   9100    N/A  Ethernet19/1  routed      up       up     N/A         N/A
 Ethernet60      77,78,79,80      40G   9100    N/A  Ethernet20/1  routed      up       up     N/A         N/A
 Ethernet64      93,94,95,96      40G   9100    N/A  Ethernet21/1  routed      up       up     N/A         N/A
 Ethernet68      89,90,91,92      40G   9100    N/A  Ethernet22/1  routed      up       up     N/A         N/A
 Ethernet72     97,98,99,100      40G   9100    N/A  Ethernet23/1  routed      up       up     N/A         N/A
 Ethernet76  101,102,103,104      40G   9100    N/A  Ethernet24/1  routed      up       up     N/A         N/A
 Ethernet80  109,110,111,112      40G   9100    N/A  Ethernet25/1  routed      up       up     N/A         N/A
 Ethernet84  105,106,107,108      40G   9100    N/A  Ethernet26/1  routed      up       up     N/A         N/A
 Ethernet88  121,122,123,124      40G   9100    N/A  Ethernet27/1  routed      up       up     N/A         N/A
 Ethernet92  125,126,127,128      40G   9100    N/A  Ethernet28/1  routed      up       up     N/A         N/A
 Ethernet96      61,62,63,64      40G   9100    N/A    Ethernet29  routed      up       up     N/A         N/A
Ethernet100      57,58,59,60      40G   9100    N/A    Ethernet30  routed      up       up     N/A         N/A
Ethernet104      81,82,83,84      40G   9100    N/A    Ethernet31  routed      up       up     N/A         N/A
Ethernet108      85,86,87,88      40G   9100    N/A    Ethernet32  routed      up       up     N/A         N/A
Ethernet112  117,118,119,120      40G   9100    N/A    Ethernet33  routed      up       up     N/A         N/A
Ethernet116  113,114,115,116      40G   9100    N/A    Ethernet34  routed      up       up     N/A         N/A
Ethernet120          1,2,3,4      40G   9100    N/A    Ethernet35  routed      up       up     N/A         N/A
Ethernet124          5,6,7,8      40G   9100    N/A    Ethernet36  routed      up       up     N/A         N/A
admin@Border-Leaf1:~$ show ip bgp summary

IPv4 Unicast Summary:
BGP router identifier 10.0.2.1, local AS number 65031 vrf-id 0
BGP table version 3
RIB entries 5, using 640 bytes of memory
Peers 6, using 144432 KiB of memory
Peer groups 0, using 0 bytes of memory


Neighbhor      V     AS    MsgRcvd    MsgSent    TblVer    InQ    OutQ  Up/Down    State/PfxRcd    NeighborName
-----------  ---  -----  ---------  ---------  --------  -----  ------  ---------  --------------  --------------
Ethernet0      4      0          0          0         0      0       0  never      Idle            Exit-Router1
Ethernet1      4      0          0          0         0      0       0  never      Idle            Exit-Router2
Ethernet2      4      0          0          0         0      0       0  never      Idle            HostB12-1
Ethernet3      4      0          0          0         0      0       0  never      Idle            HostB12-2
Ethernet120    4  65000         15         15         3      0       0  00:11:37   0               Spine-S2
Ethernet124    4  65000         15         15         3      0       0  00:11:36   0               Spine-S1

Total number of neighbors 6
admin@Border-Leaf1:~$

admin@Border-Leaf2:~$ show interfaces status
  Interface            Lanes    Speed    MTU    FEC         Alias    Vlan    Oper    Admin    Type    Asym PFC
-----------  ---------------  -------  -----  -----  ------------  ------  ------  -------  ------  ----------
  Ethernet0                9      10G   9100    N/A     Ethernet0  routed      up       up     N/A         N/A
  Ethernet1               10      10G   9100    N/A     Ethernet1  routed      up       up     N/A         N/A
  Ethernet2               11      10G   9100    N/A     Ethernet2  routed      up       up     N/A         N/A
  Ethernet3               12      10G   9100    N/A     Ethernet3  routed      up       up     N/A         N/A
  Ethernet4      13,14,15,16      40G   9100    N/A   Ethernet6/1  routed      up       up     N/A         N/A
  Ethernet8      17,18,19,20      40G   9100    N/A   Ethernet7/1  routed      up       up     N/A         N/A
 Ethernet12      21,22,23,24      40G   9100    N/A   Ethernet8/1  routed      up       up     N/A         N/A
 Ethernet16      29,30,31,32      40G   9100    N/A   Ethernet9/1  routed      up       up     N/A         N/A
 Ethernet20      25,26,27,28      40G   9100    N/A  Ethernet10/1  routed      up       up     N/A         N/A
 Ethernet24      33,34,35,36      40G   9100    N/A  Ethernet11/1  routed      up       up     N/A         N/A
 Ethernet28      37,38,39,40      40G   9100    N/A  Ethernet12/1  routed      up       up     N/A         N/A
 Ethernet32      45,46,47,48      40G   9100    N/A  Ethernet13/1  routed      up       up     N/A         N/A
 Ethernet36      41,42,43,44      40G   9100    N/A  Ethernet14/1  routed      up       up     N/A         N/A
 Ethernet40      49,50,51,52      40G   9100    N/A  Ethernet15/1  routed      up       up     N/A         N/A
 Ethernet44      53,54,55,56      40G   9100    N/A  Ethernet16/1  routed      up       up     N/A         N/A
 Ethernet48      69,70,71,72      40G   9100    N/A  Ethernet17/1  routed      up       up     N/A         N/A
 Ethernet52      65,66,67,68      40G   9100    N/A  Ethernet18/1  routed      up       up     N/A         N/A
 Ethernet56      73,74,75,76      40G   9100    N/A  Ethernet19/1  routed      up       up     N/A         N/A
 Ethernet60      77,78,79,80      40G   9100    N/A  Ethernet20/1  routed      up       up     N/A         N/A
 Ethernet64      93,94,95,96      40G   9100    N/A  Ethernet21/1  routed      up       up     N/A         N/A
 Ethernet68      89,90,91,92      40G   9100    N/A  Ethernet22/1  routed      up       up     N/A         N/A
 Ethernet72     97,98,99,100      40G   9100    N/A  Ethernet23/1  routed      up       up     N/A         N/A
 Ethernet76  101,102,103,104      40G   9100    N/A  Ethernet24/1  routed      up       up     N/A         N/A
 Ethernet80  109,110,111,112      40G   9100    N/A  Ethernet25/1  routed      up       up     N/A         N/A
 Ethernet84  105,106,107,108      40G   9100    N/A  Ethernet26/1  routed      up       up     N/A         N/A
 Ethernet88  121,122,123,124      40G   9100    N/A  Ethernet27/1  routed      up       up     N/A         N/A
 Ethernet92  125,126,127,128      40G   9100    N/A  Ethernet28/1  routed      up       up     N/A         N/A
 Ethernet96      61,62,63,64      40G   9100    N/A    Ethernet29  routed      up       up     N/A         N/A
Ethernet100      57,58,59,60      40G   9100    N/A    Ethernet30  routed      up       up     N/A         N/A
Ethernet104      81,82,83,84      40G   9100    N/A    Ethernet31  routed      up       up     N/A         N/A
Ethernet108      85,86,87,88      40G   9100    N/A    Ethernet32  routed      up       up     N/A         N/A
Ethernet112  117,118,119,120      40G   9100    N/A    Ethernet33  routed      up       up     N/A         N/A
Ethernet116  113,114,115,116      40G   9100    N/A    Ethernet34  routed      up       up     N/A         N/A
Ethernet120          1,2,3,4      40G   9100    N/A    Ethernet35  routed      up       up     N/A         N/A
Ethernet124          5,6,7,8      40G   9100    N/A    Ethernet36  routed      up       up     N/A         N/A
admin@Border-Leaf2:~$ show ip bgp summary

IPv4 Unicast Summary:
BGP router identifier 10.0.2.2, local AS number 65032 vrf-id 0
BGP table version 3
RIB entries 5, using 640 bytes of memory
Peers 6, using 144432 KiB of memory
Peer groups 0, using 0 bytes of memory


Neighbhor      V     AS    MsgRcvd    MsgSent    TblVer    InQ    OutQ  Up/Down    State/PfxRcd    NeighborName
-----------  ---  -----  ---------  ---------  --------  -----  ------  ---------  --------------  --------------
Ethernet0      4      0          0          0         0      0       0  never      Idle            Exit-Router2
Ethernet1      4      0          0          0         0      0       0  never      Idle            Exit-Router1
Ethernet2      4      0          0          0         0      0       0  never      Idle            HostB12-1
Ethernet3      4      0          0          0         0      0       0  never      Idle            HostB12-2
Ethernet120    4  65000         16         16         3      0       0  00:12:32   0               Spine-S2
Ethernet124    4  65000         16         16         3      0       0  00:12:31   0               Spine-S1

Total number of neighbors 6
admin@Border-Leaf2:~$

ubuntu@Exit-Router1:~$ ip a sh
1: lo: <LOOPBACK,UP,LOWER_UP> mtu 65536 qdisc noqueue state UNKNOWN group default qlen 1000
    link/loopback 00:00:00:00:00:00 brd 00:00:00:00:00:00
    inet 127.0.0.1/8 scope host lo
       valid_lft forever preferred_lft forever
    inet6 ::1/128 scope host noprefixroute
       valid_lft forever preferred_lft forever
2: enp1s0: <BROADCAST,MULTICAST,UP,LOWER_UP> mtu 1500 qdisc pfifo_fast state UP group default qlen 1000
    link/ether 0c:00:ef:a1:e8:00 brd ff:ff:ff:ff:ff:ff
    altname enx0c00efa1e800
    inet 10.0.0.15/24 brd 10.0.0.255 scope global enp1s0
       valid_lft forever preferred_lft forever
    inet6 fec0::e00:efff:fea1:e800/64 scope site dynamic mngtmpaddr noprefixroute
       valid_lft 86300sec preferred_lft 14300sec
    inet6 fe80::e00:efff:fea1:e800/64 scope link proto kernel_ll
       valid_lft forever preferred_lft forever
3: ens2: <BROADCAST,MULTICAST,UP,LOWER_UP> mtu 1500 qdisc pfifo_fast state UP group default qlen 1000
    link/ether aa:c1:ab:5f:41:bf brd ff:ff:ff:ff:ff:ff
    altname enp1s2
    altname enxaac1ab5f41bf
    inet6 fe80::a8c1:abff:fe5f:41bf/64 scope link proto kernel_ll
       valid_lft forever preferred_lft forever
4: ens3: <BROADCAST,MULTICAST,UP,LOWER_UP> mtu 1500 qdisc pfifo_fast state UP group default qlen 1000
    link/ether aa:c1:ab:4b:d8:9b brd ff:ff:ff:ff:ff:ff
    altname enp1s3
    altname enxaac1ab4bd89b
    inet6 fe80::a8c1:abff:fe4b:d89b/64 scope link proto kernel_ll
       valid_lft forever preferred_lft forever
5: ens4: <BROADCAST,MULTICAST,UP,LOWER_UP> mtu 1500 qdisc pfifo_fast state UP group default qlen 1000
    link/ether aa:c1:ab:39:cd:46 brd ff:ff:ff:ff:ff:ff
    altname enp1s4
    altname enxaac1ab39cd46
    inet6 fe80::a8c1:abff:fe39:cd46/64 scope link proto kernel_ll
       valid_lft forever preferred_lft forever
6: ens5: <BROADCAST,MULTICAST,UP,LOWER_UP> mtu 1500 qdisc pfifo_fast state UP group default qlen 1000
    link/ether aa:c1:ab:6c:44:d3 brd ff:ff:ff:ff:ff:ff
    altname enp1s5
    altname enxaac1ab6c44d3
    inet6 fe80::a8c1:abff:fe6c:44d3/64 scope link proto kernel_ll
       valid_lft forever preferred_lft forever
ubuntu@Exit-Router1:~$ sudo vtysh
sudo: 'vtysh': command not found
ubuntu@Exit-Router1:~$

Let us remedy all tof the issues found above once and for all, update the documentation into the wiki/ folder according to the changes, 
write any documentation needed and verify from each/switch/server/router/gw that we can ping successfully to bbc.com and we are able to keep seperate route for air-gapped tenant vs. Ops Mgmt groups's mgmt subnet 172.16.2.0/24 network.
