admin@Leaf-L1:~$ show interfaces status
  Interface            Lanes    Speed    MTU    FEC           Alias    Vlan    Oper    Admin    Type    Asym PFC
-----------  ---------------  -------  -----  -----  --------------  ------  ------  -------  ------  ----------
  Ethernet0      25,26,27,28      40G   9100    N/A    fortyGigE0/0  routed      up       up     N/A         N/A
  Ethernet4      29,30,31,32      40G   9100    N/A    fortyGigE0/4  routed      up       up     N/A         N/A
  Ethernet8      33,34,35,36      40G   9100    N/A    fortyGigE0/8  routed      up       up     N/A         N/A
 Ethernet12      37,38,39,40      40G   9100    N/A   fortyGigE0/12  routed      up       up     N/A         N/A
 Ethernet16      45,46,47,48      40G   9100    N/A   fortyGigE0/16  routed      up       up     N/A         N/A
 Ethernet20      41,42,43,44      40G   9100    N/A   fortyGigE0/20  routed      up       up     N/A         N/A
 Ethernet24          1,2,3,4      40G   9100    N/A   fortyGigE0/24  routed      up       up     N/A         N/A
 Ethernet28          5,6,7,8      40G   9100    N/A   fortyGigE0/28  routed      up       up     N/A         N/A
 Ethernet32      13,14,15,16      40G   9100    N/A   fortyGigE0/32  routed      up       up     N/A         N/A
 Ethernet36       9,10,11,12      40G   9100    N/A   fortyGigE0/36  routed      up       up     N/A         N/A
 Ethernet40      17,18,19,20      40G   9100    N/A   fortyGigE0/40  routed      up       up     N/A         N/A
 Ethernet44      21,22,23,24      40G   9100    N/A   fortyGigE0/44  routed      up       up     N/A         N/A
 Ethernet48      53,54,55,56      40G   9100    N/A   fortyGigE0/48  routed      up       up     N/A         N/A
 Ethernet52      49,50,51,52      40G   9100    N/A   fortyGigE0/52  routed      up       up     N/A         N/A
 Ethernet56      57,58,59,60      40G   9100    N/A   fortyGigE0/56  routed      up       up     N/A         N/A
 Ethernet60      61,62,63,64      40G   9100    N/A   fortyGigE0/60  routed      up       up     N/A         N/A
 Ethernet64      69,70,71,72      40G   9100    N/A   fortyGigE0/64  routed      up       up     N/A         N/A
 Ethernet68      65,66,67,68      40G   9100    N/A   fortyGigE0/68  routed      up       up     N/A         N/A
 Ethernet72      73,74,75,76      40G   9100    N/A   fortyGigE0/72  routed      up       up     N/A         N/A
 Ethernet76      77,78,79,80      40G   9100    N/A   fortyGigE0/76  routed      up       up     N/A         N/A
 Ethernet80  109,110,111,112      40G   9100    N/A   fortyGigE0/80  routed      up       up     N/A         N/A
 Ethernet84  105,106,107,108      40G   9100    N/A   fortyGigE0/84  routed      up       up     N/A         N/A
 Ethernet88  113,114,115,116      40G   9100    N/A   fortyGigE0/88  routed      up       up     N/A         N/A
 Ethernet92  117,118,119,120      40G   9100    N/A   fortyGigE0/92  routed      up       up     N/A         N/A
 Ethernet96  125,126,127,128      40G   9100    N/A   fortyGigE0/96  routed      up       up     N/A         N/A
Ethernet100  121,122,123,124      40G   9100    N/A  fortyGigE0/100  routed      up       up     N/A         N/A
Ethernet104      81,82,83,84      40G   9100    N/A  fortyGigE0/104  routed      up       up     N/A         N/A
Ethernet108      85,86,87,88      40G   9100    N/A  fortyGigE0/108  routed      up       up     N/A         N/A
Ethernet112      93,94,95,96      40G   9100    N/A  fortyGigE0/112  routed      up       up     N/A         N/A
Ethernet116      89,90,91,92      40G   9100    N/A  fortyGigE0/116  routed      up       up     N/A         N/A
Ethernet120  101,102,103,104      40G   9100    N/A  fortyGigE0/120  routed      up       up     N/A         N/A
Ethernet124     97,98,99,100      40G   9100    N/A  fortyGigE0/124  routed      up       up     N/A         N/A
admin@Leaf-L1:~$ show ip bgp summary

IPv4 Unicast Summary:
BGP router identifier 10.0.1.1, local AS number 65011 vrf-id 0
BGP table version 2
RIB entries 3, using 384 bytes of memory
Peers 5, using 120360 KiB of memory
Peer groups 0, using 0 bytes of memory


Neighbhor      V    AS    MsgRcvd    MsgSent    TblVer    InQ    OutQ  Up/Down    State/PfxRcd    NeighborName
-----------  ---  ----  ---------  ---------  --------  -----  ------  ---------  --------------  --------------
Ethernet0      4     0          0          0         0      0       0  never      Idle            Host12-1
Ethernet1      4     0          0          0         0      0       0  never      Idle            Host12-2
Ethernet2      4     0          0          0         0      0       0  never      Idle            Host12-3
Ethernet64     4     0          0          0         0      0       0  never      Idle            Spine-S2
Ethernet68     4     0          0          0         0      0       0  never      Idle            Spine-S1

Total number of neighbors 5
admin@Leaf-L1:~$

admin@Border-Leaf1:~$ show interfaces status
  Interface            Lanes    Speed    MTU    FEC           Alias    Vlan    Oper    Admin    Type    Asym PFC
-----------  ---------------  -------  -----  -----  --------------  ------  ------  -------  ------  ----------
  Ethernet0      25,26,27,28      40G   9100    N/A    fortyGigE0/0  routed      up       up     N/A         N/A
  Ethernet4      29,30,31,32      40G   9100    N/A    fortyGigE0/4  routed      up       up     N/A         N/A
  Ethernet8      33,34,35,36      40G   9100    N/A    fortyGigE0/8  routed      up       up     N/A         N/A
 Ethernet12      37,38,39,40      40G   9100    N/A   fortyGigE0/12  routed      up       up     N/A         N/A
 Ethernet16      45,46,47,48      40G   9100    N/A   fortyGigE0/16  routed      up       up     N/A         N/A
 Ethernet20      41,42,43,44      40G   9100    N/A   fortyGigE0/20  routed      up       up     N/A         N/A
 Ethernet24          1,2,3,4      40G   9100    N/A   fortyGigE0/24  routed      up       up     N/A         N/A
 Ethernet28          5,6,7,8      40G   9100    N/A   fortyGigE0/28  routed      up       up     N/A         N/A
 Ethernet32      13,14,15,16      40G   9100    N/A   fortyGigE0/32  routed      up       up     N/A         N/A
 Ethernet36       9,10,11,12      40G   9100    N/A   fortyGigE0/36  routed      up       up     N/A         N/A
 Ethernet40      17,18,19,20      40G   9100    N/A   fortyGigE0/40  routed      up       up     N/A         N/A
 Ethernet44      21,22,23,24      40G   9100    N/A   fortyGigE0/44  routed      up       up     N/A         N/A
 Ethernet48      53,54,55,56      40G   9100    N/A   fortyGigE0/48  routed      up       up     N/A         N/A
 Ethernet52      49,50,51,52      40G   9100    N/A   fortyGigE0/52  routed      up       up     N/A         N/A
 Ethernet56      57,58,59,60      40G   9100    N/A   fortyGigE0/56  routed      up       up     N/A         N/A
 Ethernet60      61,62,63,64      40G   9100    N/A   fortyGigE0/60  routed      up       up     N/A         N/A
 Ethernet64      69,70,71,72      40G   9100    N/A   fortyGigE0/64  routed      up       up     N/A         N/A
 Ethernet68      65,66,67,68      40G   9100    N/A   fortyGigE0/68  routed      up       up     N/A         N/A
 Ethernet72      73,74,75,76      40G   9100    N/A   fortyGigE0/72  routed      up       up     N/A         N/A
 Ethernet76      77,78,79,80      40G   9100    N/A   fortyGigE0/76  routed      up       up     N/A         N/A
 Ethernet80  109,110,111,112      40G   9100    N/A   fortyGigE0/80  routed      up       up     N/A         N/A
 Ethernet84  105,106,107,108      40G   9100    N/A   fortyGigE0/84  routed      up       up     N/A         N/A
 Ethernet88  113,114,115,116      40G   9100    N/A   fortyGigE0/88  routed      up       up     N/A         N/A
 Ethernet92  117,118,119,120      40G   9100    N/A   fortyGigE0/92  routed      up       up     N/A         N/A
 Ethernet96  125,126,127,128      40G   9100    N/A   fortyGigE0/96  routed      up       up     N/A         N/A
Ethernet100  121,122,123,124      40G   9100    N/A  fortyGigE0/100  routed      up       up     N/A         N/A
Ethernet104      81,82,83,84      40G   9100    N/A  fortyGigE0/104  routed      up       up     N/A         N/A
Ethernet108      85,86,87,88      40G   9100    N/A  fortyGigE0/108  routed      up       up     N/A         N/A
Ethernet112      93,94,95,96      40G   9100    N/A  fortyGigE0/112  routed      up       up     N/A         N/A
Ethernet116      89,90,91,92      40G   9100    N/A  fortyGigE0/116  routed      up       up     N/A         N/A
Ethernet120  101,102,103,104      40G   9100    N/A  fortyGigE0/120  routed      up       up     N/A         N/A
Ethernet124     97,98,99,100      40G   9100    N/A  fortyGigE0/124  routed      up       up     N/A         N/A
admin@Border-Leaf1:~$ show ip bgp summary

IPv4 Unicast Summary:
BGP router identifier 10.0.2.1, local AS number 65031 vrf-id 0
BGP table version 2
RIB entries 3, using 384 bytes of memory
Peers 6, using 144432 KiB of memory
Peer groups 0, using 0 bytes of memory


Neighbhor      V    AS    MsgRcvd    MsgSent    TblVer    InQ    OutQ  Up/Down    State/PfxRcd    NeighborName
-----------  ---  ----  ---------  ---------  --------  -----  ------  ---------  --------------  --------------
Ethernet0      4     0          0          0         0      0       0  never      Idle            Exit-Router1
Ethernet1      4     0          0          0         0      0       0  never      Idle            Exit-Router2
Ethernet2      4     0          0          0         0      0       0  never      Idle            HostB12-1
Ethernet3      4     0          0          0         0      0       0  never      Idle            HostB12-2
Ethernet120    4     0          0          0         0      0       0  never      Idle            Spine-S2
Ethernet124    4     0          0          0         0      0       0  never      Idle            Spine-S1

Total number of neighbors 6
admin@Border-Leaf1:~$

ubuntu@Host12-1:~$ ip a sh
1: lo: <LOOPBACK,UP,LOWER_UP> mtu 65536 qdisc noqueue state UNKNOWN group default qlen 1000
    link/loopback 00:00:00:00:00:00 brd 00:00:00:00:00:00
    inet 127.0.0.1/8 scope host lo
       valid_lft forever preferred_lft forever
    inet6 ::1/128 scope host noprefixroute
       valid_lft forever preferred_lft forever
2: enp1s0: <BROADCAST,MULTICAST,UP,LOWER_UP> mtu 1500 qdisc pfifo_fast state UP group default qlen 1000
    link/ether 0c:00:01:4d:11:00 brd ff:ff:ff:ff:ff:ff
    altname enx0c00014d1100
    inet 10.0.0.15/24 brd 10.0.0.255 scope global enp1s0
       valid_lft forever preferred_lft forever
    inet6 fec0::e00:1ff:fe4d:1100/64 scope site dynamic mngtmpaddr noprefixroute
       valid_lft 86117sec preferred_lft 14117sec
    inet6 fe80::e00:1ff:fe4d:1100/64 scope link proto kernel_ll
       valid_lft forever preferred_lft forever
3: ens2: <BROADCAST,MULTICAST,UP,LOWER_UP> mtu 1500 qdisc pfifo_fast state UP group default qlen 1000
    link/ether aa:c1:ab:36:5e:76 brd ff:ff:ff:ff:ff:ff
    altname enp1s2
    altname enxaac1ab365e76
    inet6 fe80::a8c1:abff:fe36:5e76/64 scope link proto kernel_ll
       valid_lft forever preferred_lft forever
4: ens3: <BROADCAST,MULTICAST,UP,LOWER_UP> mtu 1500 qdisc pfifo_fast state UP group default qlen 1000
    link/ether aa:c1:ab:e2:aa:3f brd ff:ff:ff:ff:ff:ff
    altname enp1s3
    altname enxaac1abe2aa3f
    inet6 fe80::a8c1:abff:fee2:aa3f/64 scope link proto kernel_ll
       valid_lft forever preferred_lft forever
5: cephdummy0: <BROADCAST,NOARP,UP,LOWER_UP> mtu 9000 qdisc noqueue state UNKNOWN group default qlen 1000
    link/ether aa:62:52:e2:d6:53 brd ff:ff:ff:ff:ff:ff
    inet 192.168.20.11/32 scope global cephdummy0
       valid_lft forever preferred_lft forever
    inet6 fe80::a862:52ff:fee2:d653/64 scope link proto kernel_ll
       valid_lft forever preferred_lft forever
6: pimreg@NONE: <NOARP,UP,LOWER_UP> mtu 1472 qdisc noqueue state UNKNOWN group default qlen 1000
    link/pimreg
7: pim6reg@NONE: <NOARP,UP,LOWER_UP> mtu 1452 qdisc noqueue state UNKNOWN group default qlen 1000
    link/pimreg
ubuntu@Host12-1:~$ sudo vtysh

Hello, this is FRRouting (version 10.5.1).
Copyright 1996-2005 Kunihiro Ishiguro, et al.

Host12-1# show running-config
Building configuration...

Current configuration:
!
frr version 10.5.1
frr defaults datacenter
hostname Host12-1
log syslog informational
service integrated-vtysh-config
!
ip prefix-list LOOPBACK-ONLY seq 10 permit 10.0.10.1/32
ip prefix-list LOOPBACK-ONLY seq 20 permit 192.168.20.11/32
!
route-map EXPORT-LOOPBACKS permit 10
 match ip address prefix-list LOOPBACK-ONLY
exit
!
router bgp 65211
 bgp router-id 10.0.10.1
 no bgp default ipv4-unicast
 bgp bestpath as-path multipath-relax
 neighbor enp2s0 interface remote-as 65011
 neighbor enp2s0 description To-Leaf-L1-Ethernet0
 no neighbor enp2s0 capability link-local
 neighbor enp3s0 interface remote-as 65012
 neighbor enp3s0 description To-Leaf-L2-Ethernet0
 no neighbor enp3s0 capability link-local
 !
 address-family ipv4 unicast
  redistribute connected route-map EXPORT-LOOPBACKS
  neighbor enp2s0 activate
  neighbor enp3s0 activate
  maximum-paths 2
  maximum-paths ibgp 2
 exit-address-family
exit
!
segment-routing
 traffic-eng
 exit
exit
!
end
Host12-1# show ip bgp summary

IPv4 Unicast Summary:
BGP router identifier 10.0.10.1, local AS number 65211 VRF default vrf-id 0
BGP table version 1
RIB entries 1, using 128 bytes of memory
Peers 2, using 47 KiB of memory

Neighbor        V         AS   MsgRcvd   MsgSent   TblVer  InQ OutQ  Up/Down State/PfxRcd   PfxSnt Desc
enp2s0          4      65011         0         0        0    0    0    never         Idle        0 To-Leaf-L1-Ethernet0
enp3s0          4      65012         0         0        0    0    0    never         Idle        0 To-Leaf-L2-Ethernet0

Total number of neighbors 2
Host12-1#
