Spine's are connected to 6 leaf switches. Leaf-L3/L4 is not connecting successfully to Spines or even opened messaging communication to Leaf-L3/4 though 
Ethernet120/124 port is showed up in the interface status. See log beow. 
admin@Spine-S2:~$ show ip bgp summary

IPv4 Unicast Summary:
BGP router identifier 10.0.0.2, local AS number 65000 vrf-id 0
BGP table version 3
RIB entries 4, using 512 bytes of memory
Peers 6, using 144432 KiB of memory
Peer groups 0, using 0 bytes of memory


Neighbhor      V     AS    MsgRcvd    MsgSent    TblVer    InQ    OutQ  Up/Down    State/PfxRcd    NeighborName
-----------  ---  -----  ---------  ---------  --------  -----  ------  ---------  --------------  --------------
Ethernet0      4  65011         91         92         3      0       0  01:27:41   0               Leaf-L1
Ethernet4      4  65012         91         91         3      0       0  01:27:42   0               Leaf-L2
Ethernet8      4      0          0          0         0      0       0  never      Idle            Leaf-L3
Ethernet12     4      0          0          0         0      0       0  never      Idle            Leaf-L4
Ethernet16     4  65031         95         95         3      0       0  01:27:28   0               Border-Leaf1
Ethernet20     4  65032         91         91         3      0       0  01:27:28   0               Border-Leaf2

Total number of neighbors 6
admin@Spine-S2:~$
admin@Leaf-L3:~$ show interfaces status
  Interface            Lanes    Speed    MTU    FEC         Alias    Vlan    Oper    Admin    Type    Asym PFC
-----------  ---------------  -------  -----  -----  ------------  ------  ------  -------  ------  ----------
  Ethernet0              125      10G   9100    N/A   Ethernet1/1  routed    down       up     N/A         N/A
  Ethernet1              126      10G   9100    N/A   Ethernet1/2  routed    down       up     N/A         N/A
  Ethernet2              127      10G   9100    N/A   Ethernet1/3  routed    down       up     N/A         N/A
  Ethernet3              128      10G   9100    N/A   Ethernet1/4  routed      up     down     N/A         N/A
  :
  :
  Ethernet116  113,114,115,116      40G   9100    N/A    Ethernet30  routed    down     down     N/A         N/A
  Ethernet120          5,6,7,8      40G   9100    N/A    Ethernet31  routed      up       up     N/A         N/A
  Ethernet124          1,2,3,4      40G   9100    N/A    Ethernet32  routed      up       up     N/A         N/A
admin@Leaf-L3:~$ show ip bgp summary

IPv4 Unicast Summary:
BGP router identifier 10.0.1.3, local AS number 65021 vrf-id 0
BGP table version 3
RIB entries 5, using 640 bytes of memory
Peers 5, using 120360 KiB of memory
Peer groups 0, using 0 bytes of memory


Neighbhor      V    AS    MsgRcvd    MsgSent    TblVer    InQ    OutQ  Up/Down    State/PfxRcd    NeighborName
-----------  ---  ----  ---------  ---------  --------  -----  ------  ---------  --------------  --------------
Ethernet0      4     0         40         78         0      0       0  never      Idle            Host34-1
Ethernet1      4     0         52         99         0      0       0  never      Idle            Host34-2
Ethernet2      4     0         42         81         0      0       0  never      Idle            MonSrv
Ethernet120    4     0          0          0         0      0       0  never      Idle            Spine-S2
Ethernet124    4     0          0          0         0      0       0  never      Idle            Spine-S1

Total number of neighbors 5
admin@Leaf-L3:~$
admin@Leaf-L3:~$ show ip bgp neighbors
BGP neighbor on Ethernet0: fe80::207d:c0ff:fefc:6282, remote AS 0, local AS 65021, external link
  Local Role: undefined
  Remote Role: undefined
 Description: Host34-1
  BGP version 4, remote router ID 0.0.0.0, local router ID 10.0.1.3
  BGP state = Idle
  Last read 01:15:42, Last write 00:01:35
  Hold time is 180 seconds, keepalive interval is 60 seconds
  Configured hold time is 180 seconds, keepalive interval is 60 seconds
  Configured tcp-mss is 0, synced tcp-mss is 0
  Configured conditional advertisements interval is 60 seconds
  Graceful restart information:
    Local GR Mode: Helper*
    Remote GR Mode: NotApplicable

    R bit: False
    N bit: False
    Timers:
      Configured Restart Time(sec): 120
      Received Restart Time(sec): 0
      Configured LLGR Stale Path Time(sec): 0
  Message statistics:
    Inq depth is 0
    Outq depth is 0
                         Sent       Rcvd
    Opens:                 41         43
    Notifications:         43          0
    Updates:                0          0
    Keepalives:             0          0
    Route Refresh:          0          0
    Capability:             0          0
    Total:                 84         43

  Prefix statistics:
    Inbound filtered: 0
    AS-PATH loop: 0
    Originator loop: 0
    Cluster loop: 0
    Invalid next-hop: 0
    Withdrawn: 0
    Attributes discarded: 0

  Minimum time between advertisement runs is 0 seconds
  Update delay timer is 0 seconds (remaining: 0)

 For address family: IPv4 Unicast
  Not part of any update group
  Community attribute sent to this neighbor(all)
  Inbound updates discarded due to missing policy
  Outbound updates discarded due to missing policy
  0 accepted prefixes

 For address family: IPv6 Unicast
  Not part of any update group
  Community attribute sent to this neighbor(all)
  Inbound updates discarded due to missing policy
  Outbound updates discarded due to missing policy
  0 accepted prefixes

  Connections established 0; dropped 0
  Last reset 01:15:42,  Notification sent (OPEN Message Error/Bad Peer AS)
  Message received that caused BGP to send a NOTIFICATION:
    FFFFFFFF FFFFFFFF FFFFFFFF FFFFFFFF
    008A0104 FDFD00B4 0A000103 6D020601
    04000100 01020805 06000100 01000202
    06010400 02000102 02020002 02460002
    06410400 00FDFD02 02060002 0A450800
    01010100 02010102 0C4C0A00 01010000
    00020100 00020B49 09074C65 61662D4C
    33000204 40024078 0210470E 00010180
    00000000 02018000 0000
  External BGP neighbor may be up to 1 hops away.
Local host: fe80::207d:c0ff:fefc:6282, Local port: 40152
Foreign host: fe80::207d:c0ff:fefc:6282, Foreign port: 179
Nexthop: 10.0.1.3
Nexthop global: fe80::207d:c0ff:fefc:6282
Nexthop local: fe80::207d:c0ff:fefc:6282
BGP connection: shared network
BGP Connect Retry Timer in Seconds: 30
Next start timer due in 25 seconds
Read thread: off  Write thread: off  FD used: -1

BGP neighbor on Ethernet1: fe80::207d:c0ff:fefc:6282, remote AS 0, local AS 65021, external link
  Local Role: undefined
  Remote Role: undefined
 Description: Host34-2
  BGP version 4, remote router ID 0.0.0.0, local router ID 10.0.1.3
  BGP state = Idle
  Last read 01:15:42, Last write 00:01:13
  Hold time is 180 seconds, keepalive interval is 60 seconds
  Configured hold time is 180 seconds, keepalive interval is 60 seconds
  Configured tcp-mss is 0, synced tcp-mss is 0
  Configured conditional advertisements interval is 60 seconds
  Graceful restart information:
    Local GR Mode: Helper*
    Remote GR Mode: NotApplicable

    R bit: False
    N bit: False
    Timers:
      Configured Restart Time(sec): 120
      Received Restart Time(sec): 0
      Configured LLGR Stale Path Time(sec): 0
  Message statistics:
    Inq depth is 0
    Outq depth is 0
                         Sent       Rcvd
    Opens:                 52         51
    Notifications:         53          4
    Updates:                0          0
    Keepalives:             0          0
    Route Refresh:          0          0
    Capability:             0          0
    Total:                105         55

  Prefix statistics:
    Inbound filtered: 0
    AS-PATH loop: 0
    Originator loop: 0
    Cluster loop: 0
    Invalid next-hop: 0
    Withdrawn: 0
    Attributes discarded: 0

  Minimum time between advertisement runs is 0 seconds
  Update delay timer is 0 seconds (remaining: 0)

 For address family: IPv4 Unicast
  Not part of any update group
  Community attribute sent to this neighbor(all)
  Inbound updates discarded due to missing policy
  Outbound updates discarded due to missing policy
  0 accepted prefixes

 For address family: IPv6 Unicast
  Not part of any update group
  Community attribute sent to this neighbor(all)
  Inbound updates discarded due to missing policy
  Outbound updates discarded due to missing policy
  0 accepted prefixes

  Connections established 0; dropped 0
  Last reset 01:15:42,  Notification sent (OPEN Message Error/Bad Peer AS)
  Message received that caused BGP to send a NOTIFICATION:
    FFFFFFFF FFFFFFFF FFFFFFFF FFFFFFFF
    008A0104 FDFD00B4 0A000103 6D020601
    04000100 01020805 06000100 01000202
    06010400 02000102 02020002 02460002
    06410400 00FDFD02 02060002 0A450800
    01010100 02010102 0C4C0A00 01010000
    00020100 00020B49 09074C65 61662D4C
    33000204 40024078 0210470E 00010180
    00000000 02018000 0000
  External BGP neighbor may be up to 1 hops away.
Local host: fe80::207d:c0ff:fefc:6282, Local port: 38276
Foreign host: fe80::207d:c0ff:fefc:6282, Foreign port: 179
Nexthop: 10.0.1.3
Nexthop global: fe80::207d:c0ff:fefc:6282
Nexthop local: fe80::207d:c0ff:fefc:6282
BGP connection: shared network
BGP Connect Retry Timer in Seconds: 30
Next start timer due in 47 seconds
Read thread: off  Write thread: off  FD used: -1

BGP neighbor on Ethernet2: fe80::207d:c0ff:fefc:6282, remote AS 0, local AS 65021, external link
  Local Role: undefined
  Remote Role: undefined
 Description: MonSrv
  BGP version 4, remote router ID 0.0.0.0, local router ID 10.0.1.3
  BGP state = Idle
  Last read 01:15:42, Last write 00:01:34
  Hold time is 180 seconds, keepalive interval is 60 seconds
  Configured hold time is 180 seconds, keepalive interval is 60 seconds
  Configured tcp-mss is 0, synced tcp-mss is 0
  Configured conditional advertisements interval is 60 seconds
  Graceful restart information:
    Local GR Mode: Helper*
    Remote GR Mode: NotApplicable

    R bit: False
    N bit: False
    Timers:
      Configured Restart Time(sec): 120
      Received Restart Time(sec): 0
      Configured LLGR Stale Path Time(sec): 0
  Message statistics:
    Inq depth is 0
    Outq depth is 0
                         Sent       Rcvd
    Opens:                 43         43
    Notifications:         44          2
    Updates:                0          0
    Keepalives:             0          0
    Route Refresh:          0          0
    Capability:             0          0
    Total:                 87         45

  Prefix statistics:
    Inbound filtered: 0
    AS-PATH loop: 0
    Originator loop: 0
    Cluster loop: 0
    Invalid next-hop: 0
    Withdrawn: 0
    Attributes discarded: 0

  Minimum time between advertisement runs is 0 seconds
  Update delay timer is 0 seconds (remaining: 0)

 For address family: IPv4 Unicast
  Not part of any update group
  Community attribute sent to this neighbor(all)
  Inbound updates discarded due to missing policy
  Outbound updates discarded due to missing policy
  0 accepted prefixes

 For address family: IPv6 Unicast
  Not part of any update group
  Community attribute sent to this neighbor(all)
  Inbound updates discarded due to missing policy
  Outbound updates discarded due to missing policy
  0 accepted prefixes

  Connections established 0; dropped 0
  Last reset 01:15:42,  Notification sent (OPEN Message Error/Bad Peer AS)
  Message received that caused BGP to send a NOTIFICATION:
    FFFFFFFF FFFFFFFF FFFFFFFF FFFFFFFF
    008A0104 FDFD00B4 0A000103 6D020601
    04000100 01020805 06000100 01000202
    06010400 02000102 02020002 02460002
    06410400 00FDFD02 02060002 0A450800
    01010100 02010102 0C4C0A00 01010000
    00020100 00020B49 09074C65 61662D4C
    33000204 40024078 0210470E 00010180
    00000000 02018000 0000
  External BGP neighbor may be up to 1 hops away.
Local host: fe80::207d:c0ff:fefc:6282, Local port: 40164
Foreign host: fe80::207d:c0ff:fefc:6282, Foreign port: 179
Nexthop: 10.0.1.3
Nexthop global: fe80::207d:c0ff:fefc:6282
Nexthop local: fe80::207d:c0ff:fefc:6282
BGP connection: shared network
BGP Connect Retry Timer in Seconds: 30
Next start timer due in 26 seconds
Read thread: off  Write thread: off  FD used: -1

BGP neighbor on Ethernet120: (unspec), remote AS 0, local AS 65021, external link
  Local Role: undefined
  Remote Role: undefined
 Description: Spine-S2
  BGP version 4, remote router ID 0.0.0.0, local router ID 10.0.1.3
  BGP state = Idle
  Last read 01:15:42, Last write never
  Hold time is 180 seconds, keepalive interval is 60 seconds
  Configured hold time is 180 seconds, keepalive interval is 60 seconds
  Configured tcp-mss is 0, synced tcp-mss is 0
  Configured conditional advertisements interval is 60 seconds
  Graceful restart information:
    Local GR Mode: Helper*
    Remote GR Mode: NotApplicable

    R bit: False
    N bit: False
    Timers:
      Configured Restart Time(sec): 120
      Received Restart Time(sec): 0
      Configured LLGR Stale Path Time(sec): 0
  Message statistics:
    Inq depth is 0
    Outq depth is 0
                         Sent       Rcvd
    Opens:                  0          0
    Notifications:          0          0
    Updates:                0          0
    Keepalives:             0          0
    Route Refresh:          0          0
    Capability:             0          0
    Total:                  0          0

  Prefix statistics:
    Inbound filtered: 0
    AS-PATH loop: 0
    Originator loop: 0
    Cluster loop: 0
    Invalid next-hop: 0
    Withdrawn: 0
    Attributes discarded: 0

  Minimum time between advertisement runs is 0 seconds
  Update delay timer is 0 seconds (remaining: 0)

 For address family: IPv4 Unicast
  Not part of any update group
  Community attribute sent to this neighbor(all)
  Inbound updates discarded due to missing policy
  Outbound updates discarded due to missing policy
  0 accepted prefixes

 For address family: IPv6 Unicast
  Not part of any update group
  Community attribute sent to this neighbor(all)
  Inbound updates discarded due to missing policy
  Outbound updates discarded due to missing policy
  0 accepted prefixes

  Connections established 0; dropped 0
  Last reset 01:15:42,  Address family activated (n/a)
  External BGP neighbor may be up to 1 hops away.
BGP Connect Retry Timer in Seconds: 30
Read thread: off  Write thread: off  FD used: -1

BGP neighbor on Ethernet124: (unspec), remote AS 0, local AS 65021, external link
  Local Role: undefined
  Remote Role: undefined
 Description: Spine-S1
  BGP version 4, remote router ID 0.0.0.0, local router ID 10.0.1.3
  BGP state = Idle
  Last read 01:15:42, Last write never
  Hold time is 180 seconds, keepalive interval is 60 seconds
  Configured hold time is 180 seconds, keepalive interval is 60 seconds
  Configured tcp-mss is 0, synced tcp-mss is 0
  Configured conditional advertisements interval is 60 seconds
  Graceful restart information:
    Local GR Mode: Helper*
    Remote GR Mode: NotApplicable

    R bit: False
    N bit: False
    Timers:
      Configured Restart Time(sec): 120
      Received Restart Time(sec): 0
      Configured LLGR Stale Path Time(sec): 0
  Message statistics:
    Inq depth is 0
    Outq depth is 0
                         Sent       Rcvd
    Opens:                  0          0
    Notifications:          0          0
    Updates:                0          0
    Keepalives:             0          0
    Route Refresh:          0          0
    Capability:             0          0
    Total:                  0          0

  Prefix statistics:
    Inbound filtered: 0
    AS-PATH loop: 0
    Originator loop: 0
    Cluster loop: 0
    Invalid next-hop: 0
    Withdrawn: 0
    Attributes discarded: 0

  Minimum time between advertisement runs is 0 seconds
  Update delay timer is 0 seconds (remaining: 0)

 For address family: IPv4 Unicast
  Not part of any update group
  Community attribute sent to this neighbor(all)
  Inbound updates discarded due to missing policy
  Outbound updates discarded due to missing policy
  0 accepted prefixes

 For address family: IPv6 Unicast
  Not part of any update group
  Community attribute sent to this neighbor(all)
  Inbound updates discarded due to missing policy
  Outbound updates discarded due to missing policy
  0 accepted prefixes

  Connections established 0; dropped 0
  Last reset 01:15:42,  Address family activated (n/a)
  External BGP neighbor may be up to 1 hops away.
BGP Connect Retry Timer in Seconds: 30
Read thread: off  Write thread: off  FD used: -1
admin@Leaf-L3:~$

The others are the ubunt uservers where again and again failing to logging in. Neither 'ubuntu' nor 'nh1221' as user for password 'ubuntu/Welcome01!' worked.
nh1221@PowerEdge-R810:~$ ssh nh1221@Host12-1
Warning: Permanently added 'host12-1' (ED25519) to the list of known hosts.
nh1221@host12-1's password:
Permission denied, please try again.
nh1221@host12-1's password:
Permission denied, please try again.
nh1221@host12-1's password:
nh1221@host12-1: Permission denied (publickey,password).
nh1221@PowerEdge-R810:~$ ssh ubuntu@Host12-1
Warning: Permanently added 'host12-1' (ED25519) to the list of known hosts.
ubuntu@host12-1's password:
Permission denied, please try again.
ubuntu@host12-1's password:
Permission denied, please try again.
ubuntu@host12-1's password:
ubuntu@host12-1: Permission denied (publickey,password).
nh1221@PowerEdge-R810:~$ ssh root@Host12-1
Warning: Permanently added 'host12-1' (ED25519) to the list of known hosts.
root@host12-1's password:
Permission denied, please try again.
root@host12-1's password:
Permission denied, please try again.
root@host12-1's password:
root@host12-1: Permission denied (publickey,password).
nh1221@PowerEdge-R810:~$

And the logs for running the playbook is given below to resolve the issue:
(venv) nh1221@Lab-ControlNode:/mnt/c/Users/nh1221/dc_lab/clab/sonic-clab$ ansible-playbook playbooks/linux-netplan-stages.yml

PLAY [Stage 1 - Linux management subnet netplan] ***********************************************************************************************************

TASK [Gathering Facts] *************************************************************************************************************************************
[ERROR]: Task failed: Failed to connect to the host via ssh: Warning: Permanently added '172.16.2.53' (ED25519) to the list of known hosts.
nh1221@172.16.2.53: Permission denied (publickey,password).

Task failed.

<<< caused by >>>

Failed to connect to the host via ssh: Warning: Permanently added '172.16.2.53' (ED25519) to the list of known hosts.
nh1221@172.16.2.53: Permission denied (publickey,password).

fatal: [Host12-3]: UNREACHABLE! => {"changed": false, "msg": "Task failed: Failed to connect to the host via ssh: Warning: Permanently added '172.16.2.53' (ED25519) to the list of known hosts.\r\nnh1221@172.16.2.53: Permission denied (publickey,password).", "unreachable": true}
[ERROR]: Task failed: Failed to connect to the host via ssh: Warning: Permanently added '172.16.2.54' (ED25519) to the list of known hosts.
nh1221@172.16.2.54: Permission denied (publickey,password).

Task failed.

<<< caused by >>>

Failed to connect to the host via ssh: Warning: Permanently added '172.16.2.54' (ED25519) to the list of known hosts.
nh1221@172.16.2.54: Permission denied (publickey,password).

fatal: [Host34-1]: UNREACHABLE! => {"changed": false, "msg": "Task failed: Failed to connect to the host via ssh: Warning: Permanently added '172.16.2.54' (ED25519) to the list of known hosts.\r\nnh1221@172.16.2.54: Permission denied (publickey,password).", "unreachable": true}
[ERROR]: Task failed: Failed to connect to the host via ssh: Warning: Permanently added '172.16.2.52' (ED25519) to the list of known hosts.
nh1221@172.16.2.52: Permission denied (publickey,password).

Task failed.

<<< caused by >>>

Failed to connect to the host via ssh: Warning: Permanently added '172.16.2.52' (ED25519) to the list of known hosts.
nh1221@172.16.2.52: Permission denied (publickey,password).

fatal: [Host12-2]: UNREACHABLE! => {"changed": false, "msg": "Task failed: Failed to connect to the host via ssh: Warning: Permanently added '172.16.2.52' (ED25519) to the list of known hosts.\r\nnh1221@172.16.2.52: Permission denied (publickey,password).", "unreachable": true}
[ERROR]: Task failed: Failed to connect to the host via ssh: Warning: Permanently added '172.16.2.51' (ED25519) to the list of known hosts.
nh1221@172.16.2.51: Permission denied (publickey,password).

Task failed.

<<< caused by >>>

Failed to connect to the host via ssh: Warning: Permanently added '172.16.2.51' (ED25519) to the list of known hosts.
nh1221@172.16.2.51: Permission denied (publickey,password).

fatal: [Host12-1]: UNREACHABLE! => {"changed": false, "msg": "Task failed: Failed to connect to the host via ssh: Warning: Permanently added '172.16.2.51' (ED25519) to the list of known hosts.\r\nnh1221@172.16.2.51: Permission denied (publickey,password).", "unreachable": true}
[ERROR]: Task failed: Failed to connect to the host via ssh: Warning: Permanently added '172.16.2.55' (ED25519) to the list of known hosts.
nh1221@172.16.2.55: Permission denied (publickey,password).

Task failed.

<<< caused by >>>

Failed to connect to the host via ssh: Warning: Permanently added '172.16.2.55' (ED25519) to the list of known hosts.
nh1221@172.16.2.55: Permission denied (publickey,password).

fatal: [Host34-2]: UNREACHABLE! => {"changed": false, "msg": "Task failed: Failed to connect to the host via ssh: Warning: Permanently added '172.16.2.55' (ED25519) to the list of known hosts.\r\nnh1221@172.16.2.55: Permission denied (publickey,password).", "unreachable": true}
[ERROR]: Task failed: Failed to connect to the host via ssh: Warning: Permanently added '172.16.2.57' (ED25519) to the list of known hosts.
nh1221@172.16.2.57: Permission denied (publickey,password).

Task failed.

<<< caused by >>>

Failed to connect to the host via ssh: Warning: Permanently added '172.16.2.57' (ED25519) to the list of known hosts.
nh1221@172.16.2.57: Permission denied (publickey,password).

fatal: [HostB12-1]: UNREACHABLE! => {"changed": false, "msg": "Task failed: Failed to connect to the host via ssh: Warning: Permanently added '172.16.2.57' (ED25519) to the list of known hosts.\r\nnh1221@172.16.2.57: Permission denied (publickey,password).", "unreachable": true}
[ERROR]: Task failed: Failed to connect to the host via ssh: Warning: Permanently added '172.16.2.56' (ED25519) to the list of known hosts.
nh1221@172.16.2.56: Permission denied (publickey,password).

Task failed.

<<< caused by >>>

Failed to connect to the host via ssh: Warning: Permanently added '172.16.2.56' (ED25519) to the list of known hosts.
nh1221@172.16.2.56: Permission denied (publickey,password).

fatal: [MonSrv]: UNREACHABLE! => {"changed": false, "msg": "Task failed: Failed to connect to the host via ssh: Warning: Permanently added '172.16.2.56' (ED25519) to the list of known hosts.\r\nnh1221@172.16.2.56: Permission denied (publickey,password).", "unreachable": true}
[ERROR]: Task failed: Failed to connect to the host via ssh: Warning: Permanently added '172.16.2.58' (ED25519) to the list of known hosts.
nh1221@172.16.2.58: Permission denied (publickey,password).

Task failed.

<<< caused by >>>

Failed to connect to the host via ssh: Warning: Permanently added '172.16.2.58' (ED25519) to the list of known hosts.
nh1221@172.16.2.58: Permission denied (publickey,password).

fatal: [HostB12-2]: UNREACHABLE! => {"changed": false, "msg": "Task failed: Failed to connect to the host via ssh: Warning: Permanently added '172.16.2.58' (ED25519) to the list of known hosts.\r\nnh1221@172.16.2.58: Permission denied (publickey,password).", "unreachable": true}

PLAY RECAP *************************************************************************************************************************************************
Host12-1                   : ok=0    changed=0    unreachable=1    failed=0    skipped=0    rescued=0    ignored=0
Host12-2                   : ok=0    changed=0    unreachable=1    failed=0    skipped=0    rescued=0    ignored=0
Host12-3                   : ok=0    changed=0    unreachable=1    failed=0    skipped=0    rescued=0    ignored=0
Host34-1                   : ok=0    changed=0    unreachable=1    failed=0    skipped=0    rescued=0    ignored=0
Host34-2                   : ok=0    changed=0    unreachable=1    failed=0    skipped=0    rescued=0    ignored=0
HostB12-1                  : ok=0    changed=0    unreachable=1    failed=0    skipped=0    rescued=0    ignored=0
HostB12-2                  : ok=0    changed=0    unreachable=1    failed=0    skipped=0    rescued=0    ignored=0
MonSrv                     : ok=0    changed=0    unreachable=1    failed=0    skipped=0    rescued=0    ignored=0

(venv) nh1221@Lab-ControlNode:/mnt/c/Users/nh1221/dc_lab/clab/sonic-clab$ ansible-playbook playbooks/linux-bgp.yml

PLAY [Configure eBGP unnumbered on Linux endpoint servers via FRR] *****************************************************************************************

TASK [linux_frr_bgp : Assert BGP vars are present] *********************************************************************************************************
ok: [Host12-1] => {
    "changed": false,
    "msg": "All assertions passed"
}
ok: [Host12-2] => {
    "changed": false,
    "msg": "All assertions passed"
}
ok: [Host12-3] => {
    "changed": false,
    "msg": "All assertions passed"
}
ok: [Host34-1] => {
    "changed": false,
    "msg": "All assertions passed"
}
ok: [Host34-2] => {
    "changed": false,
    "msg": "All assertions passed"
}
ok: [MonSrv] => {
    "changed": false,
    "msg": "All assertions passed"
}
ok: [HostB12-1] => {
    "changed": false,
    "msg": "All assertions passed"
}
ok: [HostB12-2] => {
    "changed": false,
    "msg": "All assertions passed"
}

TASK [linux_frr_bgp : Install FRR] *************************************************************************************************************************
[ERROR]: Task failed: Failed to connect to the host via ssh: Warning: Permanently added '172.16.2.53' (ED25519) to the list of known hosts.
nh1221@172.16.2.53: Permission denied (publickey,password).

Task failed.
Origin: /mnt/c/Users/nh1221/dc_lab/clab/sonic-clab/roles/linux_frr_bgp/tasks/main.yml:10:3

 8     fail_msg: "bgp_local_asn, loopback_ip, and server_interfaces must all be defined"
 9
10 - name: Install FRR
     ^ column 3

<<< caused by >>>

Failed to connect to the host via ssh: Warning: Permanently added '172.16.2.53' (ED25519) to the list of known hosts.
nh1221@172.16.2.53: Permission denied (publickey,password).

fatal: [Host12-3]: UNREACHABLE! => {"changed": false, "msg": "Task failed: Failed to connect to the host via ssh: Warning: Permanently added '172.16.2.53' (ED25519) to the list of known hosts.\r\nnh1221@172.16.2.53: Permission denied (publickey,password).", "unreachable": true}
[ERROR]: Task failed: Failed to connect to the host via ssh: Warning: Permanently added '172.16.2.51' (ED25519) to the list of known hosts.
nh1221@172.16.2.51: Permission denied (publickey,password).

Task failed.
Origin: /mnt/c/Users/nh1221/dc_lab/clab/sonic-clab/roles/linux_frr_bgp/tasks/main.yml:10:3

 8     fail_msg: "bgp_local_asn, loopback_ip, and server_interfaces must all be defined"
 9
10 - name: Install FRR
     ^ column 3

<<< caused by >>>

Failed to connect to the host via ssh: Warning: Permanently added '172.16.2.51' (ED25519) to the list of known hosts.
nh1221@172.16.2.51: Permission denied (publickey,password).

fatal: [Host12-1]: UNREACHABLE! => {"changed": false, "msg": "Task failed: Failed to connect to the host via ssh: Warning: Permanently added '172.16.2.51' (ED25519) to the list of known hosts.\r\nnh1221@172.16.2.51: Permission denied (publickey,password).", "unreachable": true}
[ERROR]: Task failed: Failed to connect to the host via ssh: Warning: Permanently added '172.16.2.52' (ED25519) to the list of known hosts.
nh1221@172.16.2.52: Permission denied (publickey,password).

Task failed.
Origin: /mnt/c/Users/nh1221/dc_lab/clab/sonic-clab/roles/linux_frr_bgp/tasks/main.yml:10:3

 8     fail_msg: "bgp_local_asn, loopback_ip, and server_interfaces must all be defined"
 9
10 - name: Install FRR
     ^ column 3

<<< caused by >>>

Failed to connect to the host via ssh: Warning: Permanently added '172.16.2.52' (ED25519) to the list of known hosts.
nh1221@172.16.2.52: Permission denied (publickey,password).

fatal: [Host12-2]: UNREACHABLE! => {"changed": false, "msg": "Task failed: Failed to connect to the host via ssh: Warning: Permanently added '172.16.2.52' (ED25519) to the list of known hosts.\r\nnh1221@172.16.2.52: Permission denied (publickey,password).", "unreachable": true}
[ERROR]: Task failed: Failed to connect to the host via ssh: Warning: Permanently added '172.16.2.55' (ED25519) to the list of known hosts.
nh1221@172.16.2.55: Permission denied (publickey,password).

Task failed.
Origin: /mnt/c/Users/nh1221/dc_lab/clab/sonic-clab/roles/linux_frr_bgp/tasks/main.yml:10:3

 8     fail_msg: "bgp_local_asn, loopback_ip, and server_interfaces must all be defined"
 9
10 - name: Install FRR
     ^ column 3

<<< caused by >>>

Failed to connect to the host via ssh: Warning: Permanently added '172.16.2.55' (ED25519) to the list of known hosts.
nh1221@172.16.2.55: Permission denied (publickey,password).

fatal: [Host34-2]: UNREACHABLE! => {"changed": false, "msg": "Task failed: Failed to connect to the host via ssh: Warning: Permanently added '172.16.2.55' (ED25519) to the list of known hosts.\r\nnh1221@172.16.2.55: Permission denied (publickey,password).", "unreachable": true}
[ERROR]: Task failed: Failed to connect to the host via ssh: Warning: Permanently added '172.16.2.54' (ED25519) to the list of known hosts.
nh1221@172.16.2.54: Permission denied (publickey,password).

Task failed.
Origin: /mnt/c/Users/nh1221/dc_lab/clab/sonic-clab/roles/linux_frr_bgp/tasks/main.yml:10:3

 8     fail_msg: "bgp_local_asn, loopback_ip, and server_interfaces must all be defined"
 9
10 - name: Install FRR
     ^ column 3

<<< caused by >>>

Failed to connect to the host via ssh: Warning: Permanently added '172.16.2.54' (ED25519) to the list of known hosts.
nh1221@172.16.2.54: Permission denied (publickey,password).

fatal: [Host34-1]: UNREACHABLE! => {"changed": false, "msg": "Task failed: Failed to connect to the host via ssh: Warning: Permanently added '172.16.2.54' (ED25519) to the list of known hosts.\r\nnh1221@172.16.2.54: Permission denied (publickey,password).", "unreachable": true}
[ERROR]: Task failed: Failed to connect to the host via ssh: Warning: Permanently added '172.16.2.56' (ED25519) to the list of known hosts.
nh1221@172.16.2.56: Permission denied (publickey,password).

Task failed.
Origin: /mnt/c/Users/nh1221/dc_lab/clab/sonic-clab/roles/linux_frr_bgp/tasks/main.yml:10:3

 8     fail_msg: "bgp_local_asn, loopback_ip, and server_interfaces must all be defined"
 9
10 - name: Install FRR
     ^ column 3

<<< caused by >>>

Failed to connect to the host via ssh: Warning: Permanently added '172.16.2.56' (ED25519) to the list of known hosts.
nh1221@172.16.2.56: Permission denied (publickey,password).

fatal: [MonSrv]: UNREACHABLE! => {"changed": false, "msg": "Task failed: Failed to connect to the host via ssh: Warning: Permanently added '172.16.2.56' (ED25519) to the list of known hosts.\r\nnh1221@172.16.2.56: Permission denied (publickey,password).", "unreachable": true}
[ERROR]: Task failed: Failed to connect to the host via ssh: Warning: Permanently added '172.16.2.57' (ED25519) to the list of known hosts.
nh1221@172.16.2.57: Permission denied (publickey,password).

Task failed.
Origin: /mnt/c/Users/nh1221/dc_lab/clab/sonic-clab/roles/linux_frr_bgp/tasks/main.yml:10:3

 8     fail_msg: "bgp_local_asn, loopback_ip, and server_interfaces must all be defined"
 9
10 - name: Install FRR
     ^ column 3

<<< caused by >>>

Failed to connect to the host via ssh: Warning: Permanently added '172.16.2.57' (ED25519) to the list of known hosts.
nh1221@172.16.2.57: Permission denied (publickey,password).

fatal: [HostB12-1]: UNREACHABLE! => {"changed": false, "msg": "Task failed: Failed to connect to the host via ssh: Warning: Permanently added '172.16.2.57' (ED25519) to the list of known hosts.\r\nnh1221@172.16.2.57: Permission denied (publickey,password).", "unreachable": true}
[ERROR]: Task failed: Failed to connect to the host via ssh: Warning: Permanently added '172.16.2.58' (ED25519) to the list of known hosts.
nh1221@172.16.2.58: Permission denied (publickey,password).

Task failed.
Origin: /mnt/c/Users/nh1221/dc_lab/clab/sonic-clab/roles/linux_frr_bgp/tasks/main.yml:10:3

 8     fail_msg: "bgp_local_asn, loopback_ip, and server_interfaces must all be defined"
 9
10 - name: Install FRR
     ^ column 3

<<< caused by >>>

Failed to connect to the host via ssh: Warning: Permanently added '172.16.2.58' (ED25519) to the list of known hosts.
nh1221@172.16.2.58: Permission denied (publickey,password).

fatal: [HostB12-2]: UNREACHABLE! => {"changed": false, "msg": "Task failed: Failed to connect to the host via ssh: Warning: Permanently added '172.16.2.58' (ED25519) to the list of known hosts.\r\nnh1221@172.16.2.58: Permission denied (publickey,password).", "unreachable": true}

PLAY RECAP *************************************************************************************************************************************************
Host12-1                   : ok=1    changed=0    unreachable=1    failed=0    skipped=0    rescued=0    ignored=0
Host12-2                   : ok=1    changed=0    unreachable=1    failed=0    skipped=0    rescued=0    ignored=0
Host12-3                   : ok=1    changed=0    unreachable=1    failed=0    skipped=0    rescued=0    ignored=0
Host34-1                   : ok=1    changed=0    unreachable=1    failed=0    skipped=0    rescued=0    ignored=0
Host34-2                   : ok=1    changed=0    unreachable=1    failed=0    skipped=0    rescued=0    ignored=0
HostB12-1                  : ok=1    changed=0    unreachable=1    failed=0    skipped=0    rescued=0    ignored=0
HostB12-2                  : ok=1    changed=0    unreachable=1    failed=0    skipped=0    rescued=0    ignored=0
MonSrv                     : ok=1    changed=0    unreachable=1    failed=0    skipped=0    rescued=0    ignored=0

(venv) nh1221@Lab-ControlNode:/mnt/c/Users/nh1221/dc_lab/clab/sonic-clab$
