TASK [sonic_vrf_storage : Report storage VRF BGP summary] ******************************************************************************************************************************************************
ok: [Spine-S1] => {
    "storage_bgp_summary.stdout_lines": [
        "BGP router identifier 10.0.1.1, local AS number 65000 VRF Vrf-storage vrf-id 51",
        "BGP table version 0",
        "RIB entries 0, using 0 bytes of memory",
        "Peers 4, using 94 KiB of memory",
        "",
        "Neighbor        V         AS   MsgRcvd   MsgSent   TblVer  InQ OutQ  Up/Down State/PfxRcd   PfxSnt Desc",
        "Ethernet8.100   4          0         0         0        0    0    0    never         Idle        0 Leaf-L3",
        "Ethernet12.100  4          0         0         0        0    0    0    never         Idle        0 Leaf-L4",
        "Ethernet16.100  4          0         0         0        0    0    0    never         Idle        0 Border-Leaf1",
        "Ethernet20.100  4          0         0         0        0    0    0    never         Idle        0 Border-Leaf2",
        "",
        "Total number of neighbors 4"
    ]
}
ok: [Spine-S2] => {
    "storage_bgp_summary.stdout_lines": [
        "BGP router identifier 10.0.1.2, local AS number 65000 VRF Vrf-storage vrf-id 51",
        "BGP table version 0",
        "RIB entries 0, using 0 bytes of memory",
        "Peers 4, using 94 KiB of memory",
        "",
        "Neighbor        V         AS   MsgRcvd   MsgSent   TblVer  InQ OutQ  Up/Down State/PfxRcd   PfxSnt Desc",
        "Ethernet8.100   4          0         0         0        0    0    0    never         Idle        0 Leaf-L3",
        "Ethernet12.100  4          0         0         0        0    0    0    never         Idle        0 Leaf-L4",
        "Ethernet16.100  4          0         0         0        0    0    0    never         Idle        0 Border-Leaf1",
        "Ethernet20.100  4          0         0         0        0    0    0    never         Idle        0 Border-Leaf2",
        "",
        "Total number of neighbors 4"
    ]
}
ok: [Leaf-L3] => {
    "storage_bgp_summary.stdout_lines": [
        "BGP router identifier 10.0.2.3, local AS number 65021 VRF Vrf-storage vrf-id 83",
        "BGP table version 0",
        "RIB entries 0, using 0 bytes of memory",
        "Peers 5, using 118 KiB of memory",
        "",
        "Neighbor        V         AS   MsgRcvd   MsgSent   TblVer  InQ OutQ  Up/Down State/PfxRcd   PfxSnt Desc",
        "Ethernet8.100   4          0         0         0        0    0    0    never         Idle        0 osh-ctrl-02",
        "Ethernet12.100  4          0         0         0        0    0    0    never         Idle        0 osh-net-02",
        "Ethernet16.100  4          0         0         0        0    0    0    never         Idle        0 osh-comp-02",
        "Ethernet120.100 4          0         0         0        0    0    0    never         Idle        0 Spine-S2",
        "Ethernet124.100 4          0         0         0        0    0    0    never         Idle        0 Spine-S1",
        "",
        "Total number of neighbors 5"
    ]
}
ok: [Leaf-L4] => {
    "storage_bgp_summary.stdout_lines": [
        "BGP router identifier 10.0.2.4, local AS number 65022 VRF Vrf-storage vrf-id 83",
        "BGP table version 0",
        "RIB entries 0, using 0 bytes of memory",
        "Peers 5, using 118 KiB of memory",
        "",
        "Neighbor        V         AS   MsgRcvd   MsgSent   TblVer  InQ OutQ  Up/Down State/PfxRcd   PfxSnt Desc",
        "Ethernet8.100   4          0         0         0        0    0    0    never         Idle        0 osh-ctrl-02",
        "Ethernet12.100  4          0         0         0        0    0    0    never         Idle        0 osh-net-02",
        "Ethernet16.100  4          0         0         0        0    0    0    never         Idle        0 osh-comp-02",
        "Ethernet120.100 4          0         0         0        0    0    0    never         Idle        0 Spine-S2",
        "Ethernet124.100 4          0         0         0        0    0    0    never         Idle        0 Spine-S1",
        "",
        "Total number of neighbors 5"
    ]
}
ok: [Border-Leaf1] => {
    "storage_bgp_summary.stdout_lines": [
        "BGP router identifier 10.0.2.5, local AS number 65031 VRF Vrf-storage vrf-id 124",
        "BGP table version 0",
        "RIB entries 0, using 0 bytes of memory",
        "Peers 7, using 165 KiB of memory",
        "",
        "Neighbor        V         AS   MsgRcvd   MsgSent   TblVer  InQ OutQ  Up/Down State/PfxRcd   PfxSnt Desc",
        "Ethernet2.100   4          0         0         0        0    0    0    never         Idle        0 k8s-master-03",
        "Ethernet3.100   4          0         0         0        0    0    0    never         Idle        0 k8s-db-03",
        "Ethernet4.100   4          0         0         0        0    0    0    never         Idle        0 osh-ctrl-03",
        "Ethernet5.100   4          0         0         0        0    0    0    never         Idle        0 MonSrv",
        "Ethernet6.100   4          0         0         0        0    0    0    never         Idle        0 osh-comp-03",
        "Ethernet120.100 4          0         0         0        0    0    0    never         Idle        0 Spine-S2",
        "Ethernet124.100 4          0         0         0        0    0    0    never         Idle        0 Spine-S1",
        "",
        "Total number of neighbors 7"
    ]
}
ok: [Border-Leaf2] => {
    "storage_bgp_summary.stdout_lines": [
        "BGP router identifier 10.0.2.6, local AS number 65032 VRF Vrf-storage vrf-id 86",
        "BGP table version 0",
        "RIB entries 0, using 0 bytes of memory",
        "Peers 7, using 165 KiB of memory",
        "",
        "Neighbor        V         AS   MsgRcvd   MsgSent   TblVer  InQ OutQ  Up/Down State/PfxRcd   PfxSnt Desc",
        "Ethernet2.100   4          0         0         0        0    0    0    never         Idle        0 k8s-master-03",
        "Ethernet3.100   4          0         0         0        0    0    0    never         Idle        0 k8s-db-03",
        "Ethernet4.100   4          0         0         0        0    0    0    never         Idle        0 osh-ctrl-03",
        "Ethernet5.100   4          0         0         0        0    0    0    never         Idle        0 MonSrv",
        "Ethernet6.100   4          0         0         0        0    0    0    never         Idle        0 osh-comp-03",
        "Ethernet120.100 4          0         0         0        0    0    0    never         Idle        0 Spine-S2",
        "Ethernet124.100 4          0         0         0        0    0    0    never         Idle        0 Spine-S1",
        "",
        "Total number of neighbors 7"
    ]
}

TASK [sonic_vrf_storage : Define storage export prefix-list and route-map in FRR] ******************************************************************************************************************************
fatal: [Spine-S1]: FAILED! => {"msg": "The task includes an option with an undefined variable.. 'ceph_data_replication_ip' is undefined\n\nThe error appears to be in '/mnt/c/Users/nh1221/dc_lab/clab/sonic-clab/roles/sonic_vrf_storage/tasks/main.yml': line 187, column 3, but may\nbe elsewhere in the file depending on the exact syntax problem.\n\nThe offending line appears to be:\n\n\n- name: Define storage export prefix-list and route-map in FRR\n  ^ here\n"}
fatal: [Spine-S2]: FAILED! => {"msg": "The task includes an option with an undefined variable.. 'ceph_data_replication_ip' is undefined\n\nThe error appears to be in '/mnt/c/Users/nh1221/dc_lab/clab/sonic-clab/roles/sonic_vrf_storage/tasks/main.yml': line 187, column 3, but may\nbe elsewhere in the file depending on the exact syntax problem.\n\nThe offending line appears to be:\n\n\n- name: Define storage export prefix-list and route-map in FRR\n  ^ here\n"}
fatal: [Leaf-L3]: FAILED! => {"msg": "The task includes an option with an undefined variable.. 'ceph_data_replication_ip' is undefined\n\nThe error appears to be in '/mnt/c/Users/nh1221/dc_lab/clab/sonic-clab/roles/sonic_vrf_storage/tasks/main.yml': line 187, column 3, but may\nbe elsewhere in the file depending on the exact syntax problem.\n\nThe offending line appears to be:\n\n\n- name: Define storage export prefix-list and route-map in FRR\n  ^ here\n"}
fatal: [Leaf-L4]: FAILED! => {"msg": "The task includes an option with an undefined variable.. 'ceph_data_replication_ip' is undefined\n\nThe error appears to be in '/mnt/c/Users/nh1221/dc_lab/clab/sonic-clab/roles/sonic_vrf_storage/tasks/main.yml': line 187, column 3, but may\nbe elsewhere in the file depending on the exact syntax problem.\n\nThe offending line appears to be:\n\n\n- name: Define storage export prefix-list and route-map in FRR\n  ^ here\n"}
fatal: [Border-Leaf1]: FAILED! => {"msg": "The task includes an option with an undefined variable.. 'ceph_data_replication_ip' is undefined\n\nThe error appears to be in '/mnt/c/Users/nh1221/dc_lab/clab/sonic-clab/roles/sonic_vrf_storage/tasks/main.yml': line 187, column 3, but may\nbe elsewhere in the file depending on the exact syntax problem.\n\nThe offending line appears to be:\n\n\n- name: Define storage export prefix-list and route-map in FRR\n  ^ here\n"}
fatal: [Border-Leaf2]: FAILED! => {"msg": "The task includes an option with an undefined variable.. 'ceph_data_replication_ip' is undefined\n\nThe error appears to be in '/mnt/c/Users/nh1221/dc_lab/clab/sonic-clab/roles/sonic_vrf_storage/tasks/main.yml': line 187, column 3, but may\nbe elsewhere in the file depending on the exact syntax problem.\n\nThe offending line appears to be:\n\n\n- name: Define storage export prefix-list and route-map in FRR\n  ^ here\n"}
