nh1221@PowerEdge-R810:~$ sudo docker logs -f Spine-S1
2026-07-30 02:45:59,674: vrnetlab       DEBUG Creating overlay disk image: /sonic-vs-202605-overlay.qcow2
2026-07-30 02:45:59,723: vrnetlab       DEBUG Starting vrnetlab SONiC
2026-07-30 02:45:59,724: vrnetlab       DEBUG VMs: [<__main__.SONiC_vm object at 0x7345dee04440>]
2026-07-30 02:45:59,724: vrnetlab       DEBUG VM not started; starting!
2026-07-30 02:45:59,724: vrnetlab       INFO ----------------START ENVIRONMENT VARIABLES-----------------
2026-07-30 02:45:59,724: vrnetlab       INFO CLAB_INTFS: 6
2026-07-30 02:45:59,724: vrnetlab       INFO CLAB_LABEL_CLAB_NODE_GROUP:
2026-07-30 02:45:59,724: vrnetlab       INFO CLAB_LABEL_CLAB_NODE_KIND: sonic-vm
2026-07-30 02:45:59,724: vrnetlab       INFO CLAB_LABEL_CLAB_NODE_LAB_DIR: /home/nh1221/clab-sheba/Spine-S1
2026-07-30 02:45:59,724: vrnetlab       INFO CLAB_LABEL_CLAB_NODE_NAME: Spine-S1
2026-07-30 02:45:59,724: vrnetlab       INFO CLAB_LABEL_CLAB_NODE_TYPE:
2026-07-30 02:45:59,724: vrnetlab       INFO CLAB_LABEL_CLAB_TOPO_FILE: /opt/containerlab/sheba/topology.clab.yml
2026-07-30 02:45:59,724: vrnetlab       INFO CLAB_LABEL_CONTAINERLAB: sheba
2026-07-30 02:45:59,724: vrnetlab       INFO CONNECTION_MODE: tc
2026-07-30 02:45:59,724: vrnetlab       INFO DOCKER_NET_V4_ADDR: 172.16.2.0/24
2026-07-30 02:45:59,724: vrnetlab       INFO DOCKER_NET_V6_ADDR:
2026-07-30 02:45:59,724: vrnetlab       INFO HOME: /root
2026-07-30 02:45:59,725: vrnetlab       INFO HOSTNAME: Spine-S1
2026-07-30 02:45:59,725: vrnetlab       INFO LC_CTYPE: C.UTF-8
2026-07-30 02:45:59,725: vrnetlab       INFO PASSWORD: admin
2026-07-30 02:45:59,725: vrnetlab       INFO PATH: /.venv/bin:/usr/local/sbin:/usr/local/bin:/usr/sbin:/usr/bin:/sbin:/bin
2026-07-30 02:45:59,725: vrnetlab       INFO RAM: 8192
2026-07-30 02:45:59,725: vrnetlab       INFO SONIC_CONFIG_MODE: unified
2026-07-30 02:45:59,725: vrnetlab       INFO SONIC_PLATFORM: x86_64-cel_seastone-r0
2026-07-30 02:45:59,725: vrnetlab       INFO TERM: xterm
2026-07-30 02:45:59,725: vrnetlab       INFO USERNAME: admin
2026-07-30 02:45:59,725: vrnetlab       INFO UV: /usr/bin/uv
2026-07-30 02:45:59,725: vrnetlab       INFO UV_RUN_RECURSION_DEPTH: 1
2026-07-30 02:45:59,725: vrnetlab       INFO VIRSH_CPUS: 4
2026-07-30 02:45:59,725: vrnetlab       INFO VIRSH_MEM: 8192
2026-07-30 02:45:59,725: vrnetlab       INFO VIRTUAL_ENV: /.venv
2026-07-30 02:45:59,725: vrnetlab       INFO -----------------END ENVIRONMENT VARIABLES------------------
2026-07-30 02:45:59,725: vrneGNU GRUB  version 2.02ing SONiC_vm arch x86_64 with 1 SMP/VCPU and 4096 M of RAM
2026-07-30 02:45:59,726: vrnetlab       INFO Transparent mgmt interface: Disabled
+----------------------------------------------------------------------------+|||terfaces is 6
2026-07-30 02:45:59,726: vrnetlab       DEBUG waiting for provisioned interfa ONIE                                                                          
2026-07-30 02:46:04,729: vrnetlab       DEBUG interfaces provisioned, continuing...
2026-07-30 02:46:04,740: vrnetlab       DEBUG Found MAC address aa:c1:ab:6d:19:a2 for interface eth1
20                                                                                                                                                          
2026-07-30 02:46:04,748: vrnetlab       INFO Using container interface MAC aa:c1:ab:5d:21:46 for VM NIC eth2
2||||07-30 02:46:04,753: vrnetlab       DEBUG Found MAC address aa:c1:ab:67:28:a1 for interface eth3
20                                                                            c1:ab:67:28:a1 for VM NIC eth3
2|
2026-07-30 02:46:04,760: vrnetlab       INFO Using container interface MAC aa:|||ab:23:ef:c0 for VM NIC eth4
20                                                                            : 8 for interface eth5
2+----------------------------------------------------------------------------+     Use the ^ and v keys to select which entry is highlighted.
      Press enter to boot the selected OS, `e' to edit the commands       a:74:a6 for interface eth6
      before booting or `c' for a command-line.                            *SONiC-OS-202605.1159526-9c84048a4
2026-07-30 02:46:04,779: vrnetlab       DEBUG qemu cmd: qemu-system-x86_64 -enable-kvm -display none -machine pc -chardev socket,id=monitor0,host=::,port=4000,server=on,wait=off -monitor chardev:monitor0 -chardev socket,id=serial0,host=::,port=5000,server=on,wait=off,telnet=on -serial chardev:serial0 -m 4096 -c   The highlighted entry will be executed automatically in 0s.                   Booting `SONiC-OS-202605.1159526-9c84048a4'y in 4s.                    The
ighted entry will be executed automatically in 2s.                    The highlighted entry will be executed automatically in 1s.                 026-07-30
Loading SONiC-OS OS kernel ...    OUTPUT: ighted entry will be executed automatically in 2s.                    The highlighted entry will be executed autom
error: file `/grub/i386-pc/efi_gop.mod' not found.:443,hostfwd=tcp:0.0.0.0:830-10.0.0.15:830,hostfwd=tcp:0.0.0.0:6030-10.0.0.15:6030,hostfwd=tcp:0.0.0.0:808
Lo2026-07-30 02:46:22,095: launch     TRACE    OUTPUT: [22;1H   The highlighted entry will be executed automatically in 0s.                   Booting `SONiC-OS-202605.1159526-9c84048a4'tp=/tftpboot -device virtio-net-pci,netdev=p01,mac=aa:c1:ab:6d:19:a2,bus=pci.1,addr=0x2 -netdev tap,id=p01,ifname=tap1,script=/
etc/tc-tap-ifup,downscript=no -device virtio-net-pci,netdev=p02,mac=aa:c1:ab:5d:21:46,bus=pci.1,addr=0x3 -netdev tap,id=p02,ifname=tap2,script=/etc/tc-tap-i
Loading SONiC-OS OS kernel ...io-net-pci,netdev=p03,mac=aa:c1:ab:67:28:a1,bus=pci.1,addr=0x4 -netdev tap,id=p03,ifname=tap3,script=/etc/tc-tap-ifup,downscri
error: file `/grub/i386-pc/efi_gop.mod' not found.ab:23:ef:c0,bus=pci.1,addr=0x5 -netdev tap,id=p04,ifname=tap4,script=/etc/tc-tap-ifup,downscript=no -devic
Lovirtio-net-pci,netdev=p05,mac=aa:c1:ab:18:b2:68,bus=pci.1,addr=0x6 -netdev tap,id=p05,ifname=tap5,script=/etc/tc-tap-ifup,downscript=no -device virtio-net
ading SONiC-OS OS initial ramdisk ...,bus=pci.1,addr=0x7 -netdev tap,id=p06,ifname=tap6,script=/etc/tc-tap-ifup,downscript=no
2026-07-30 02:46:06,783: base_driver    INFO closing connection to '127.0.0.1' on port '4000'
2026-07-30 02:46:42,265: launch     TRACE    OUTPUT: ading SONiC-OS OS initial ramdisk ...ed successfully
2026-07-30 02:46:06,784: base_driver    INFO opening connection to '127.0.0.1' on port '4000'
2026-07-30 02:46:06,789: base_driver    INFO connection to '127.0.0.1' on port '4000' opened successfully
Press any key to continue...e_driver    INFO closing connection to '127.0.0.1' on port '5000'
2026-07-30 02:46:52,282: launch     TRACE    OUTPUT: Press any key to continue...000' closed successfully
2026-07-30 02:46:06,789: base_driver    INFO opening connection to '127.0.0.1' on port '5000'
t2026-07-30 02:47:00,038: launch     TRACE    OUTPUT: t to '127.0.0.1' on port '5000' opened successfully
une2fs 1.47.2 (1-Jan-2025)
Setting reserved blocks percentage to 0% (0 blocks)
Setting reserved blocks count to 0
[2026-07-30 02:47:07,069: launch     TRACE    OUTPUT: une2fs 1.47.2 (1-Jan-2025)
Setting reserved blocks percentage to 0% (0 blocks)
Setting reserved blocks count to 0
[
   14.493993] kdump_mem_estimator[675]: Couldn't find systemctl
[   14.602083] kdump-tools[677]: Starting kdump-tools:
[   14.604133] kdump-tools[682]: no crashkernel= parameter in the kernel cmdline ... failed!
[   14.754706] rc.local[709]: + cat /etc/sonic/sonic_version.yml
[   14.765881] rc.local[712]: + grep build_version
[   14.793634] rc.local[713]: + sed -e s/build_version: //g;s/'//g
[   14.848337] rc.local[701]: + SONIC_VERSION=202605.1159526-9c84048a4
[   14.885749] rc.local[701]: + FIRST_BOOT_FILE=/host/image-202605.1159526-9c84048a4/platform/firsttime
[   14.924619] rc.local[701]: + SONIC_CONFIG_DIR=/host/image-202605.1159526-9c84048a4/sonic-config
[   14.926857] rc.local[701]: + SONIC_ENV_FILE=/host/image-202605.1159526-9c84048a4/sonic-config/sonic-environment
[   14.960386] rc.local[701]: + [ -d /host/image-202605.1159526-9c84048a4/sonic-config -a -f /host/image-202605.1159526-9c84048a4/sonic-config/sonic-environment ]
[   14.968439] rc.local[701]: + logger SONiC version 202605.1159526-9c84048a4 starting up...
[   14.970541] rc.local[701]: + grub_installation_needed=
[   14.971941] rc.local[701]: + [ ! -e /host/machine.conf ]
[   14.988771] rc.local[701]: + . /host/machine.conf
[   14.998710] rc.local[701]: + onie_arch=x86_64
[   15.005510] rc.local[701]: + onie_bin=
[   15.006596] rc.local[701]: + onie_boot_reason=install
[   15.016854] rc.local[701]: + onie_build_date=2018-11-17T04:18+00:00
[   15.031889] rc.local[701]: + onie_build_machine=kvm_x86_64
[   15.040298] rc.local[701]: + onie_build_platform=x86_64-kvm_x86_64-r0
[   15.045673] rc.local[701]: + onie_config_version=1
[   15.050089] rc.local[701]: + onie_dev=/dev/vda2
[   15.059937] rc.local[701]: + onie_disco_boot_reason=install
[   15.064150] rc.local[701]: + onie_disco_dns=10.0.2.3
[   15.065068] rc.local[701]: + onie_disco_interface=eth0
[   15.066352] rc.local[701]: + onie_disco_ip=10.0.2.15
[   15.067476] rc.local[701]: + onie_disco_lease=86400
[   15.080058] rc.local[701]: + onie_disco_mask=24
[   15.084163] rc.local[701]: + onie_disco_opt53=05
[   15.085451] rc.local[701]: + onie_disco_router=10.0.2.2
[   15.086758] rc.local[701]: + onie_disco_serverid=10.0.2.2
[   15.088847] rc.local[701]: + onie_disco_siaddr=10.0.2.2
[   15.092265] rc.local[701]: + onie_disco_subnet=255.255.255.0
[   15.096172] rc.local[701]: + onie_exec_url=file://dev/vdb/onie-installer.bin
[   15.098018] rc.local[701]: + onie_firmware=auto
[   15.100119] rc.local[701]: + onie_grub_image_name=shimx64.efi
[   15.104104] rc.local[701]: + onie_initrd_tmp=/
[   15.105479] rc.local[701]: + onie_installer=/var/tmp/installer
[   15.108169] rc.local[701]: + onie_kernel_version=4.9.95
[   15.112098] rc.local[701]: + onie_local_parts=
[   15.113355] rc.local[701]: + onie_machine=kvm_x86_64
[   15.114616] rc.local[701]: + onie_machine_rev=0
[   15.120149] rc.local[701]: + onie_neighs=[fe80::2-eth0],
[   15.121550] rc.local[701]: + onie_partition_type=gpt
[   15.122868] rc.local[701]: + onie_platform=x86_64-kvm_x86_64-r0
[   15.124452] rc.local[701]: + onie_root_dir=/mnt/onie-boot/onie
[   15.128128] rc.local[701]: + onie_secure_boot=yes
[   15.129476] rc.local[701]: + onie_skip_ethmgmt_macs=yes
[   15.132137] rc.local[701]: + onie_switch_asic=qemu
[   15.136124] rc.local[701]: + onie_uefi_arch=x64
[   15.137425] rc.local[701]: + onie_uefi_boot_loader=shimx64.efi
[   15.138901] rc.local[701]: + onie_vendor_id=42623
[   15.144115] rc.local[701]: + onie_version=master-201811170418
[   15.145842] rc.local[701]: + program_console_speed
[   15.153344] rc.local[730]: + cat /proc/cmdline
[   15.155369] rc.local[732]: + grep -Eo console=tty(S|AMA)[0-9]+,[0-9]+
[   15.157867] rc.local[733]: + cut -d , -f2
[   15.163946] rc.local[701]: + speed=115200
[   15.165424] rc.local[701]: + [ -z 115200 ]
[   15.166923] rc.local[701]: + CONSOLE_SPEED=115200
[   15.171362] rc.local[737]: + grep agetty /lib/systemd/system/serial-getty@.service
[   15.176855] rc.local[738]: + grep keep-baud
[   15.177995] rc.local[738]: ExecStart=-/sbin/agetty -o '-- \\u' --noreset --noclear --keep-baud 115200,57600,38400,9600 - ${TERM}
[   15.181007] rc.local[701]: + [ 0 = 0 ]
[   15.182806] rc.local[701]: + sed -i s|\-\-keep\-baud .* -| 115200 -|g /lib/systemd/system/serial-getty@.service
[   16.360646] rc.local[701]: + systemctl daemon-reload
[ 2026-07-30 02:47:09,594: launch     TRACE    OUTPUT:    14.493993] kdump_mem_estimator[675]: Couldn't find systemctl
[   14.602083] kdump-tools[677]: Starting kdump-tools:
[   14.604133] kdump-tools[682]: no crashkernel= parameter in the kernel cmdline ... failed!
[   14.754706] rc.local[709]: + cat /etc/sonic/sonic_version.yml
[   14.765881] rc.local[712]: + grep build_version
[   14.793634] rc.local[713]: + sed -e s/build_version: //g;s/'//g
[   14.848337] rc.local[701]: + SONIC_VERSION=202605.1159526-9c84048a4
[   14.885749] rc.local[701]: + FIRST_BOOT_FILE=/host/image-202605.1159526-9c84048a4/platform/firsttime
[   14.924619] rc.local[701]: + SONIC_CONFIG_DIR=/host/image-202605.1159526-9c84048a4/sonic-config
[   14.926857] rc.local[701]: + SONIC_ENV_FILE=/host/image-202605.1159526-9c84048a4/sonic-config/sonic-environment
[   14.960386] rc.local[701]: + [ -d /host/image-202605.1159526-9c84048a4/sonic-config -a -f /host/image-202605.1159526-9c84048a4/sonic-config/sonic-environment ]
[   14.968439] rc.local[701]: + logger SONiC version 202605.1159526-9c84048a4 starting up...
[   14.970541] rc.local[701]: + grub_installation_needed=
[   14.971941] rc.local[701]: + [ ! -e /host/machine.conf ]
[   14.988771] rc.local[701]: + . /host/machine.conf
[   14.998710] rc.local[701]: + onie_arch=x86_64
[   15.005510] rc.local[701]: + onie_bin=
[   15.006596] rc.local[701]: + onie_boot_reason=install
[   15.016854] rc.local[701]: + onie_build_date=2018-11-17T04:18+00:00
[   15.031889] rc.local[701]: + onie_build_machine=kvm_x86_64
[   15.040298] rc.local[701]: + onie_build_platform=x86_64-kvm_x86_64-r0
[   15.045673] rc.local[701]: + onie_config_version=1
[   15.050089] rc.local[701]: + onie_dev=/dev/vda2
[   15.059937] rc.local[701]: + onie_disco_boot_reason=install
[   15.064150] rc.local[701]: + onie_disco_dns=10.0.2.3
[   15.065068] rc.local[701]: + onie_disco_interface=eth0
[   15.066352] rc.local[701]: + onie_disco_ip=10.0.2.15
[   15.067476] rc.local[701]: + onie_disco_lease=86400
[   15.080058] rc.local[701]: + onie_disco_mask=24
[   15.084163] rc.local[701]: + onie_disco_opt53=05
[   15.085451] rc.local[701]: + onie_disco_router=10.0.2.2
[   15.086758] rc.local[701]: + onie_disco_serverid=10.0.2.2
[   15.088847] rc.local[701]: + onie_disco_siaddr=10.0.2.2
[   15.092265] rc.local[701]: + onie_disco_subnet=255.255.255.0
[   15.096172] rc.local[701]: + onie_exec_url=file://dev/vdb/onie-installer.bin
[   15.098018] rc.local[701]: + onie_firmware=auto
[   15.100119] rc.local[701]: + onie_grub_image_name=shimx64.efi
[   15.104104] rc.local[701]: + onie_initrd_tmp=/
[   15.105479] rc.local[701]: + onie_installer=/var/tmp/installer
[   15.108169] rc.local[701]: + onie_kernel_version=4.9.95
[   15.112098] rc.local[701]: + onie_local_parts=
[   15.113355] rc.local[701]: + onie_machine=kvm_x86_64
[   15.114616] rc.local[701]: + onie_machine_rev=0
[   15.120149] rc.local[701]: + onie_neighs=[fe80::2-eth0],
[   15.121550] rc.local[701]: + onie_partition_type=gpt
[   15.122868] rc.local[701]: + onie_platform=x86_64-kvm_x86_64-r0
[   15.124452] rc.local[701]: + onie_root_dir=/mnt/onie-boot/onie
[   15.128128] rc.local[701]: + onie_secure_boot=yes
[   15.129476] rc.local[701]: + onie_skip_ethmgmt_macs=yes
[   15.132137] rc.local[701]: + onie_switch_asic=qemu
[   15.136124] rc.local[701]: + onie_uefi_arch=x64
[   15.137425] rc.local[701]: + onie_uefi_boot_loader=shimx64.efi
[   15.138901] rc.local[701]: + onie_vendor_id=42623
[   15.144115] rc.local[701]: + onie_version=master-201811170418
[   15.145842] rc.local[701]: + program_console_speed
[   15.153344] rc.local[730]: + cat /proc/cmdline
[   15.155369] rc.local[732]: + grep -Eo console=tty(S|AMA)[0-9]+,[0-9]+
[   15.157867] rc.local[733]: + cut -d , -f2
[   15.163946] rc.local[701]: + speed=115200
[   15.165424] rc.local[701]: + [ -z 115200 ]
[   15.166923] rc.local[701]: + CONSOLE_SPEED=115200
[   15.171362] rc.local[737]: + grep agetty /lib/systemd/system/serial-getty@.service
[   15.176855] rc.local[738]: + grep keep-baud
[   15.177995] rc.local[738]: ExecStart=-/sbin/agetty -o '-- \\u' --noreset --noclear --keep-baud 115200,57600,38400,9600 - ${TERM}
[   15.181007] rc.local[701]: + [ 0 = 0 ]
[   15.182806] rc.local[701]: + sed -i s|\-\-keep\-baud .* -| 115200 -|g /lib/systemd/system/serial-getty@.service
[   16.360646] rc.local[701]: + systemctl daemon-reload
[
  17.018232] rc.local[701]: + platform=
[   17.021837] rc.local[701]: + [ -n  ]
[   17.024741] rc.local[701]: + [ -n x86_64-kvm_x86_64-r0 ]
[   17.029360] rc.local[701]: + platform=x86_64-kvm_x86_64-r0
[   17.031289] rc.local[701]: + /usr/bin/jq -e has("DPU") /usr/share/sonic/device/x86_64-kvm_x86_64-r0/platform.json
[   17.041075] rc.local[701]: + [ -f /host/image-202605.1159526-9c84048a4/platform/firsttime ]
[   17.045358] rc.local[701]: + echo First boot detected. Performing first boot tasks...
[   17.048295] rc.local[701]: First boot detected. Performing first boot tasks...
[   17.050722] rc.local[701]: + [ -z x86_64-kvm_x86_64-r0 ]
[   17.052571] rc.local[701]: + [ -d /host/old_config ]
[   17.055356] rc.local[701]: + [ -f /host/minigraph.xml ]
[   17.059433] rc.local[701]: + [ -n  ]
[   17.062573] rc.local[701]: + NUM_ASIC=
[   17.064687] rc.local[701]: + ASIC_CONF=/usr/share/sonic/device/x86_64-kvm_x86_64-r0/asic.conf
[   17.067278] rc.local[701]: + [ -f /usr/share/sonic/device/x86_64-kvm_x86_64-r0/asic.conf ]
[   17.070083] rc.local[701]: + . /usr/share/sonic/device/x86_64-kvm_x86_64-r0/asic.conf
[   17.073008] rc.local[701]: + NUM_ASIC=1
[   17.075937] rc.local[701]: + [ 1 -gt 1 ]
[   17.077459] rc.local[701]: + touch /etc/sonic/pending_config_initialization
[   17.081830] rc.local[701]: + touch /tmp/notify_firstboot_to_platform
[   17.084099] rc.local[701]: + [ ! -d /host/reboot-cause/platform ]
[   17.086433] rc.local[701]: + mkdir -p /host/reboot-cause/platform
[   17.088379] rc.local[701]: + [ -d /host/image-202605.1159526-9c84048a4/platform/x86_64-kvm_x86_64-r0 ]
[   17.090815] rc.local[701]: + [ -f /host/image-202605.1159526-9c84048a4/platform/common/Packages.gz ]
[   17.095782] rc.local[701]: + dpkg -i /host/image-202605.1159526-9c84048a4/platform/x86_64-kvm_x86_64-r0/sonic-platform-vs_1.0_amd64.deb
[   18.976591] rc.local[785]: Selecting previously unselected package sonic-platform-vs.
[ 2026-07-30 02:47:13,172: launch     TRACE    OUTPUT:   17.018232] rc.local[701]: + platform=
[   17.021837] rc.local[701]: + [ -n  ]
[   17.024741] rc.local[701]: + [ -n x86_64-kvm_x86_64-r0 ]
[   17.029360] rc.local[701]: + platform=x86_64-kvm_x86_64-r0
[   17.031289] rc.local[701]: + /usr/bin/jq -e has("DPU") /usr/share/sonic/device/x86_64-kvm_x86_64-r0/platform.json
[   17.041075] rc.local[701]: + [ -f /host/image-202605.1159526-9c84048a4/platform/firsttime ]
[   17.045358] rc.local[701]: + echo First boot detected. Performing first boot tasks...
[   17.048295] rc.local[701]: First boot detected. Performing first boot tasks...
[   17.050722] rc.local[701]: + [ -z x86_64-kvm_x86_64-r0 ]
[   17.052571] rc.local[701]: + [ -d /host/old_config ]
[   17.055356] rc.local[701]: + [ -f /host/minigraph.xml ]
[   17.059433] rc.local[701]: + [ -n  ]
[   17.062573] rc.local[701]: + NUM_ASIC=
[   17.064687] rc.local[701]: + ASIC_CONF=/usr/share/sonic/device/x86_64-kvm_x86_64-r0/asic.conf
[   17.067278] rc.local[701]: + [ -f /usr/share/sonic/device/x86_64-kvm_x86_64-r0/asic.conf ]
[   17.070083] rc.local[701]: + . /usr/share/sonic/device/x86_64-kvm_x86_64-r0/asic.conf
[   17.073008] rc.local[701]: + NUM_ASIC=1
[   17.075937] rc.local[701]: + [ 1 -gt 1 ]
[   17.077459] rc.local[701]: + touch /etc/sonic/pending_config_initialization
[   17.081830] rc.local[701]: + touch /tmp/notify_firstboot_to_platform
[   17.084099] rc.local[701]: + [ ! -d /host/reboot-cause/platform ]
[   17.086433] rc.local[701]: + mkdir -p /host/reboot-cause/platform
[   17.088379] rc.local[701]: + [ -d /host/image-202605.1159526-9c84048a4/platform/x86_64-kvm_x86_64-r0 ]
[   17.090815] rc.local[701]: + [ -f /host/image-202605.1159526-9c84048a4/platform/common/Packages.gz ]
[   17.095782] rc.local[701]: + dpkg -i /host/image-202605.1159526-9c84048a4/platform/x86_64-kvm_x86_64-r0/sonic-platform-vs_1.0_amd64.deb
[   18.976591] rc.local[785]: Selecting previously unselected package sonic-platform-vs.
[
  20.591902] rc.local[785]: (Reading database ... 52431 files and directories currently installed.)
[   20.601286] rc.local[785]: Preparing to unpack .../sonic-platform-vs_1.0_amd64.deb ...
[   20.738954] rc.local[785]: Unpacking sonic-platform-vs (1.0) ...
[   22.238687] rc.local[785]: Setting up sonic-platform-vs (1.0) ...
[ 2026-07-30 02:47:17,282: launch     TRACE    OUTPUT:   20.591902] rc.local[785]: (Reading database ... 52431 files and directories currently installed.)
[   20.601286] rc.local[785]: Preparing to unpack .../sonic-platform-vs_1.0_amd64.deb ...
[   20.738954] rc.local[785]: Unpacking sonic-platform-vs (1.0) ...
[   22.238687] rc.local[785]: Setting up sonic-platform-vs (1.0) ...
[
  24.705967] rc.local[701]: + sync
[   25.533763] rc.local[701]: + [ -n x86_64-kvm_x86_64-r0 ]
[   25.536267] rc.local[701]: + [ -n  ]
[   25.541073] rc.local[701]: + mkdir -p /var/platform
[   25.545409] rc.local[701]: + [ -f /etc/default/kdump-tools ]
[   25.549122] rc.local[701]: + sed -i -e s/__PLATFORM__/x86_64-kvm_x86_64-r0/g /etc/default/kdump-tools
[   25.582618] rc.local[701]: + firsttime_exit
[   25.584565] rc.local[701]: + rm -rf /host/image-202605.1159526-9c84048a4/platform/firsttime
[   25.587896] rc.local[701]: + exit 0
aunch     TRACE    OUTPUT:   24.705967] rc.local[701]: + sync
[   25.533763] rc.local[701]: + [ -n x86_64-kvm_x86_64-r0 ]
[   25.536267] rc.local[701]: + [ -n  ]
[   25.541073] rc.local[701]: + mkdir -p /var/platform
[   25.545409] rc.local[701]: + [ -f /etc/default/kdump-tools ]
[   25.549122] rc.local[701]: + sed -i -e s/__PLATFORM__/x86_64-kvm_x86_64-r0/g /etc/default/kdump-tools
[   25.582618] rc.local[701]: + firsttime_exit
[   25.584565] rc.local[701]: + rm -rf /host/image-202605.1159526-9c84048a4/platform/firsttime
[   25.587896] rc.local[701]: + exit 0

2026-07-30 02:47:25,314: launch     TRACE    OUTPUT: !p

Debian GNU/Linux 13 sonic ttyS0

sonic login: 2026-07-30 02:47:26,334: launch            INFO VM started
'026-07-30 02:47:26,335: vrnetlab       DEBUG writing to serial console: '
2026-07-30 02:47:26,335: vrnetlab       INFO waiting for 'login:' on serial console

sonic login:
sonic login: 2026-07-30 02:47:26,438: vrnetlab          INFO read from serial console: '
sonic login:
sonic login: '
2026-07-30 02:47:26,438: vrnetlab       DEBUG writing to serial console: 'admin'
2026-07-30 02:47:26,438: vrnetlab       INFO waiting for 'Password:' on serial console
admin
Password: 2026-07-30 02:47:26,751: vrnetlab     INFO read from serial console: 'admin
Password: '
2026-07-30 02:47:26,752: vrnetlab       DEBUG writing to serial console: 'YourPaSsWoRd'
2026-07-30 02:47:26,752: vrnetlab       INFO waiting for 'admin@' on serial console

Linux sonic 6.12.41+deb13-sonic-amd64 #1 SMP PREEMPT_DYNAMIC Debian 6.12.41-1 (2026-07-08) x86_64
You are on
  ____   ___  _   _ _  ____
 / ___| / _ \| \ | (_)/ ___|
 \___ \| | | |  \| | | |
  ___) | |_| | |\  | | |___
 |____/ \___/|_| \_|_|\____|

-- Software for Open Networking in the Cloud --

Unauthorized access and/or use are prohibited.
All access and/or use are subject to monitoring.

Help:    https://sonic-net.github.io/SONiC/

ERROR:Failed to get config for APPL_STATE_DB: Sonic database config file doesn't exist at /var/run/redis/sonic-db/database_config.json
ERROR:Failed to get config for LOGLEVEL_DB: Sonic database config file doesn't exist at /var/run/redis/sonic-db/database_config.json
ERROR:Failed to get config for ASIC_DB: Sonic database config file doesn't exist at /var/run/redis/sonic-db/database_config.json
ERROR:Failed to get config for FLEX_COUNTER_DB: Sonic database config file doesn't exist at /var/run/redis/sonic-db/database_config.json
ERROR:Failed to get config for CONFIG_DB: Sonic database config file doesn't exist at /var/run/redis/sonic-db/database_config.json
ERROR:Failed to get config for APPL_DB: Sonic database config file doesn't exist at /var/run/redis/sonic-db/database_config.json
ERROR:Failed to get config for COUNTERS_DB: Sonic database config file doesn't exist at /var/run/redis/sonic-db/database_config.json
ERROR:Failed to get config for STATE_DB: Sonic database config file doesn't exist at /var/run/redis/sonic-db/database_config.json
admin@sonic:~$ 2026-07-30 02:47:28,498: vrnetlab        INFO read from serial console: '
Linux sonic 6.12.41+deb13-sonic-amd64 #1 SMP PREEMPT_DYNAMIC Debian 6.12.41-1 (2026-07-08) x86_64
You are on
  ____   ___  _   _ _  ____
 / ___| / _ \| \ | (_)/ ___|
 \___ \| | | |  \| | | |
  ___) | |_| | |\  | | |___
 |____/ \___/|_| \_|_|\____|

-- Software for Open Networking in the Cloud --

Unauthorized access and/or use are prohibited.
All access and/or use are subject to monitoring.

Help:    https://sonic-net.github.io/SONiC/

ERROR:Failed to get config for APPL_STATE_DB: Sonic database config file doesn't exist at /var/run/redis/sonic-db/database_config.json
ERROR:Failed to get config for LOGLEVEL_DB: Sonic database config file doesn't exist at /var/run/redis/sonic-db/database_config.json
ERROR:Failed to get config for ASIC_DB: Sonic database config file doesn't exist at /var/run/redis/sonic-db/database_config.json
ERROR:Failed to get config for FLEX_COUNTER_DB: Sonic database config file doesn't exist at /var/run/redis/sonic-db/database_config.json
ERROR:Failed to get config for CONFIG_DB: Sonic database config file doesn't exist at /var/run/redis/sonic-db/database_config.json
ERROR:Failed to get config for APPL_DB: Sonic database config file doesn't exist at /var/run/redis/sonic-db/database_config.json
ERROR:Failed to get config for COUNTERS_DB: Sonic database config file doesn't exist at /var/run/redis/sonic-db/database_config.json
ERROR:Failed to get config for STATE_DB: Sonic database config file doesn't exist at /var/run/redis/sonic-db/database_config.json
admin@sonic:~$ '
2026-07-30 02:47:28,498: vrnetlab       DEBUG writing to serial console: ''
2026-07-30 02:47:28,498: launch         INFO Login completed
2026-07-30 02:47:28,498: launch         INFO applying bootstrap configuration
2026-07-30 02:47:28,498: vrnetlab       INFO waiting for '$' on serial console

admin@sonic:~$ 2026-07-30 02:47:28,601: vrnetlab        INFO read from serial console: '
admin@sonic:~$ '
2026-07-30 02:47:28,601: vrnetlab       DEBUG writing to serial console: 'sudo -i'
2026-07-30 02:47:28,601: vrnetlab       INFO waiting for '#' on serial console
sudo -i
ERROR:Failed to get config for APPL_STATE_DB: Sonic database config file doesn't exist at /var/run/redis/sonic-db/database_config.json
ERROR:Failed to get config for LOGLEVEL_DB: Sonic database config file doesn't exist at /var/run/redis/sonic-db/database_config.json
ERROR:Failed to get config for ASIC_DB: Sonic database config file doesn't exist at /var/run/redis/sonic-db/database_config.json
ERROR:Failed to get config for FLEX_COUNTER_DB: Sonic database config file doesn't exist at /var/run/redis/sonic-db/database_config.json
ERROR:Failed to get config for CONFIG_DB: Sonic database config file doesn't exist at /var/run/redis/sonic-db/database_config.json
ERROR:Failed to get config for APPL_DB: Sonic database config file doesn't exist at /var/run/redis/sonic-db/database_config.json
ERROR:Failed to get config for COUNTERS_DB: Sonic database config file doesn't exist at /var/run/redis/sonic-db/database_config.json
ERROR:Failed to get config for STATE_DB: Sonic database config file doesn't exist at /var/run/redis/sonic-db/database_config.json
root@sonic:~# 2026-07-30 02:47:29,877: vrnetlab         INFO read from serial console: 'sudo -i
ERROR:Failed to get config for APPL_STATE_DB: Sonic database config file doesn't exist at /var/run/redis/sonic-db/database_config.json
ERROR:Failed to get config for LOGLEVEL_DB: Sonic database config file doesn't exist at /var/run/redis/sonic-db/database_config.json
ERROR:Failed to get config for ASIC_DB: Sonic database config file doesn't exist at /var/run/redis/sonic-db/database_config.json
ERROR:Failed to get config for FLEX_COUNTER_DB: Sonic database config file doesn't exist at /var/run/redis/sonic-db/database_config.json
ERROR:Failed to get config for CONFIG_DB: Sonic database config file doesn't exist at /var/run/redis/sonic-db/database_config.json
ERROR:Failed to get config for APPL_DB: Sonic database config file doesn't exist at /var/run/redis/sonic-db/database_config.json
ERROR:Failed to get config for COUNTERS_DB: Sonic database config file doesn't exist at /var/run/redis/sonic-db/database_config.json
ERROR:Failed to get config for STATE_DB: Sonic database config file doesn't exist at /var/run/redis/sonic-db/database_config.json
root@sonic:~# '
2026-07-30 02:47:29,877: vrnetlab       DEBUG writing to serial console: '/usr/sbin/ip address add 10.0.0.15/24 dev eth0'
2026-07-30 02:47:29,878: vrnetlab       INFO waiting for '#' on serial console
/usr/sbin/ip address add 10.0.0.15/24 dev eth0
root@sonic:~# 2026-07-30 02:47:29,924: vrnetlab         INFO read from serial console: '/usr/sbin/ip address add 10.0.0.15/24 dev eth0
root@sonic:~# '
2026-07-30 02:47:29,924: vrnetlab       DEBUG writing to serial console: '/usr/sbin/ip -6 address add 2001:db8::2/64 dev eth0'
2026-07-30 02:47:29,925: vrnetlab       INFO waiting for '#' on serial console
/usr/sbin/ip -6 address add 2001:db8::2/64 dev eth0
root@sonic:~# 2026-07-30 02:47:29,972: vrnetlab         INFO read from serial console: '/usr/sbin/ip -6 address add 2001:db8::2/64 dev eth0
root@sonic:~# '
2026-07-30 02:47:29,972: vrnetlab       DEBUG writing to serial console: 'while ! /usr/sbin/ip link show eth0 | grep -q "state UP"; do sleep 1; done; /usr/sbin/ip route add default via 10.0.0.2 dev eth0'
2026-07-30 02:47:29,972: vrnetlab       INFO waiting for '#' on serial console
while ! /usr/sbin/ip link show eth0 | grep -q "state UP"; do sleep 1; done; /usr/sbin/ip route add default via 10.0.0.2 dev eth0
RTNETLINK answers: File exists
root@sonic:~# 2026-07-30 02:48:06,468: vrnetlab         INFO read from serial console: 'while ! /usr/sbin/ip link show eth0 | grep -q "state UP"; do sleep 1; done; /usr/sbin/ip route add default via 10.0.0.2 dev eth0
RTNETLINK answers: File exists
root@sonic:~# '
2026-07-30 02:48:06,469: vrnetlab       DEBUG writing to serial console: 'while ! /usr/sbin/ip link show eth0 | grep -q "state UP"; do sleep 1; done;/usr/sbin/ip -6 route add default via 2001:db8::1 dev eth0'
2026-07-30 02:48:06,469: vrnetlab       INFO waiting for '#' on serial console
while ! /usr/sbin/ip link show eth0 | grep -q "state UP"; do sleep 1; done;/usr/sbin/ip -6 route add default via 2001:db8::1 dev eth0
root@sonic:~# 2026-07-30 02:48:06,533: vrnetlab         INFO read from serial console: 'while ! /usr/sbin/ip link show eth0 | grep -q "state UP"; do sleep 1; done;/usr/sbin/ip -6 route add default via 2001:db8::1 dev eth0
root@sonic:~# '
2026-07-30 02:48:06,534: vrnetlab       DEBUG writing to serial console: 'passwd -q admin'
2026-07-30 02:48:06,534: vrnetlab       INFO waiting for 'New password:' on serial console
passwd -q admin
New password: 2026-07-30 02:48:06,678: vrnetlab         INFO read from serial console: 'passwd -q admin
New password: '
2026-07-30 02:48:06,679: vrnetlab       DEBUG writing to serial console: 'admin'
2026-07-30 02:48:06,679: vrnetlab       INFO waiting for 'password:' on serial console

BAD PASSWORD: The password is shorter than 8 characters
Retype new password: 2026-07-30 02:48:06,782: vrnetlab          INFO read from serial console: '
BAD PASSWORD: The password is shorter than 8 characters
Retype new password: '
2026-07-30 02:48:06,782: vrnetlab       DEBUG writing to serial console: 'admin'
2026-07-30 02:48:06,782: vrnetlab       INFO waiting for '#' on serial console

passwd: password updated successfully
root@sonic:~# 2026-07-30 02:48:06,890: vrnetlab         INFO read from serial console: '
passwd: password updated successfully
root@sonic:~# '
2026-07-30 02:48:06,891: vrnetlab       DEBUG writing to serial console: 'sleep 1'
2026-07-30 02:48:06,891: vrnetlab       INFO waiting for '#' on serial console
sleep 1
root@sonic:~# 2026-07-30 02:48:07,901: vrnetlab         INFO read from serial console: 'sleep 1
root@sonic:~# '
2026-07-30 02:48:07,901: vrnetlab       DEBUG writing to serial console: 'hostnamectl set-hostname Spine-S1'
2026-07-30 02:48:07,901: vrnetlab       INFO waiting for '#' on serial console
hostnamectl set-hostname Spine-S1
root@sonic:~# 2026-07-30 02:48:08,300: vrnetlab         INFO read from serial console: 'hostnamectl set-hostname Spine-S1
root@sonic:~# '
2026-07-30 02:48:08,300: vrnetlab       DEBUG writing to serial console: 'sleep 1'
2026-07-30 02:48:08,301: vrnetlab       INFO waiting for '#' on serial console
sleep 1
root@sonic:~# 2026-07-30 02:48:09,310: vrnetlab         INFO read from serial console: 'sleep 1
root@sonic:~# '
2026-07-30 02:48:09,310: vrnetlab       DEBUG writing to serial console: 'printf '127.0.0.1\tSpine-S1\n' >> /etc/hosts'
2026-07-30 02:48:09,310: vrnetlab       INFO waiting for '#' on serial console
printf '127.0.0.1\tSpine-S1\n' >> /etc/hosts
root@sonic:~# 2026-07-30 02:48:09,359: vrnetlab         INFO read from serial console: 'printf '127.0.0.1\tSpine-S1\n' >> /etc/hosts
root@sonic:~# '
2026-07-30 02:48:09,360: vrnetlab       DEBUG writing to serial console: 'sleep 1'
2026-07-30 02:48:09,360: launch         INFO completed bootstrap configuration
2026-07-30 02:48:09,360: launch     TRACE    Backup file /config/config_db.json exists
Copying startup config file to the VM...
Waiting for VM's SSH to become available... (Attempt 1/30)
SSH connection established.
Failed to replace config
Usage: config replace [OPTIONS] TARGET_FILE_PATH
Try 'config replace -h' for help.

Error: Given patch is not valid because it has changes to tables without YANG models
Config Replacer: Config replacement starting.
Config Replacer: Target config length: 546.
Config Replacer: Getting current config db.
Config Replacer: Generating patch between target config and current config db.
Config Replacer: Applying patch using 'Patch Applier'.
Patch Applier: localhost: Patch application starting.
Patch Applier: localhost: Patch: [{"op": "remove", "path": "/BANNER_MESSAGE"}, {"op": "remove", "path": "/LOOPBACK_INTERFACE"}, {"op": "remove", "path": "/SYSLOG_CONFIG"}, {"op": "remove", "path": "/AUTO_TECHSUPPORT"}, {"op": "remove", "path": "/KDUMP"}, {"op": "remove", "path": "/AUTO_TECHSUPPORT_FEATURE"}, {"op": "remove", "path": "/PASSW_HARDENING"}, {"op": "remove", "path": "/BGP_NEIGHBOR"}, {"op": "remove", "path": "/BGP_DEVICE_GLOBAL"}, {"op": "remove", "path": "/FLEX_COUNTER_TABLE"}, {"op": "remove", "path": "/NTP"}, {"op": "remove", "path": "/CRM"}, {"op": "remove", "path": "/VERSIONS"}, {"op": "remove", "path": "/INTERFACE"}, {"op": "remove", "path": "/SYSTEM_DEFAULTS"}, {"op": "remove", "path": "/FEATURE"}, {"op": "remove", "path": "/SYSLOG_CONFIG_FEATURE"}, {"op": "remove", "path": "/PORT"}, {"op": "add", "path": "/MGMT_PORT", "value": {"eth0": {"admin_status": "up", "autoneg": "true", "description": "Production Management Port", "mtu": "1500", "speed": "1000"}}}, {"op": "add", "path": "/USER", "value": {"admin": {"password": "$y$j9T$m6voLgs957x3r2XDmAtcv1$1RcWEPSCbxziwA1UNj8Cy89atMRF05JxzncC5.bQgX9", "status": "enabled"}}}, {"op": "add", "path": "/MGMT_INTERFACE", "value": {"eth0|172.16.2.11/24": {"gwaddr": "172.16.2.254"}}}, {"op": "remove", "path": "/DEVICE_METADATA/localhost/mac"}, {"op": "remove", "path": "/DEVICE_METADATA/localhost/timezone"}, {"op": "remove", "path": "/DEVICE_METADATA/localhost/default_bgp_status"}, {"op": "remove", "path": "/DEVICE_METADATA/localhost/buffer_model"}, {"op": "remove", "path": "/DEVICE_METADATA/localhost/default_pfcwd_status"}, {"op": "remove", "path": "/DEVICE_METADATA/localhost/type"}, {"op": "remove", "path": "/DEVICE_METADATA/localhost/bgp_asn"}, {"op": "add", "path": "/DEVICE_METADATA/localhost/docker_routing_config_mode", "value": "unified"}, {"op": "add", "path": "/DEVICE_METADATA/localhost/frr_mgmt_framework_config", "value": "true"}, {"op": "replace", "path": "/DEVICE_METADATA/localhost/hostname", "value": "Spine-S1"}, {"op": "replace", "path": "/DEVICE_METADATA/localhost/hwsku", "value": "Seastone-DX010"}]
Patch Applier: localhost getting current config db.
Patch Applier: localhost: simulating the target full config after applying the patch.
Patch Applier: localhost: validating all JsonPatch operations are permitted on the specified fields
Patch Applier: localhost: validating target config does not have empty tables,
                            since they do not show up in ConfigDb.
Patch Applier: localhost: sorting patch updates.
Traceback (most recent call last):
  File "/launch.py", line 192, in <module>
    vr.start()
    ~~~~~~~~^^
  File "/vrnetlab.py", line 1417, in start
    vm.work()
    ~~~~~~~^^
  File "/vrnetlab.py", line 1244, in work
    self.bootstrap_spin()
    ~~~~~~~~~~~~~~~~~~~^^
  File "/launch.py", line 81, in bootstrap_spin
    self.startup_config()
    ~~~~~~~~~~~~~~~~~~~^^
  File "/launch.py", line 150, in startup_config
    subprocess.run(
    ~~~~~~~~~~~~~~^
        f"/backup.sh -u {self.username} -p {self.password} restore",
        ^^^^^^^^^^^^^^^^^^^^^^^^^^^^^^^^^^^^^^^^^^^^^^^^^^^^^^^^^^^^
        check=True,
        ^^^^^^^^^^^
        shell=True,
        ^^^^^^^^^^^
    )
    ^
  File "/usr/lib/python3.13/subprocess.py", line 577, in run
    raise CalledProcessError(retcode, process.args,
                             output=stdout, stderr=stderr)
subprocess.CalledProcessError: Command '/backup.sh -u admin -p admin restore' returned non-zero exit status 2.
nh1221@PowerEdge-R810:~$
