nh1221@PowerEdge-R810:~$ sudo docker logs Spine-S1
2026-07-31 23:50:42,502: vrnetlab       DEBUG Creating overlay disk image: /sonic-vs-202605-overlay.qcow2
2026-07-31 23:50:42,527: vrnetlab       DEBUG Starting vrnetlab SONiC
2026-07-31 23:50:42,527: vrnetlab       DEBUG VMs: [<__main__.SONiC_vm object at 0x7ddcc0704440>]
2026-07-31 23:50:42,527: vrnetlab       DEBUG VM not started; starting!
2026-07-31 23:50:42,527: vrnetlab       INFO ----------------START ENVIRONMENT VARIABLES-----------------
2026-07-31 23:50:42,527: vrnetlab       INFO CLAB_INTFS: 6
2026-07-31 23:50:42,527: vrnetlab       INFO CLAB_LABEL_CLAB_NODE_GROUP:
2026-07-31 23:50:42,527: vrnetlab       INFO CLAB_LABEL_CLAB_NODE_KIND: sonic-vm
2026-07-31 23:50:42,527: vrnetlab       INFO CLAB_LABEL_CLAB_NODE_LAB_DIR: /home/nh1221/clab-fabric/Spine-S1
2026-07-31 23:50:42,527: vrnetlab       INFO CLAB_LABEL_CLAB_NODE_NAME: Spine-S1
2026-07-31 23:50:42,527: vrnetlab       INFO CLAB_LABEL_CLAB_NODE_TYPE:
2026-07-31 23:50:42,527: vrnetlab       INFO CLAB_LABEL_CLAB_TOPO_FILE: /opt/containerlab/sheba/topology.clab.yml
2026-07-31 23:50:42,527: vrnetlab       INFO CLAB_LABEL_CONTAINERLAB: fabric
2026-07-31 23:50:42,528: vrnetlab       INFO CONNECTION_MODE: tc
2026-07-31 23:50:42,528: vrnetlab       INFO DOCKER_NET_V4_ADDR: 172.16.2.0/24
2026-07-31 23:50:42,528: vrnetlab       INFO DOCKER_NET_V6_ADDR:
2026-07-31 23:50:42,528: vrnetlab       INFO HOME: /root
2026-07-31 23:50:42,528: vrnetlab       INFO HOSTNAME: Spine-S1
2026-07-31 23:50:42,528: vrnetlab       INFO LC_CTYPE: C.UTF-8
2026-07-31 23:50:42,528: vrnetlab       INFO PASSWORD: YourPaSsWoRd
2026-07-31 23:50:42,528: vrnetlab       INFO PATH: /.venv/bin:/usr/local/sbin:/usr/local/bin:/usr/sbin:/usr/bin:/sbin:/bin
2026-07-31 23:50:42,528: vrnetlab       INFO QEMU_CPU: qemu64
2026-07-31 23:50:42,528: vrnetlab       INFO QEMU_SMP: 4
2026-07-31 23:50:42,528: vrnetlab       INFO SONIC_CONFIG_MODE: unified
2026-07-31 23:50:42,528: vrnetlab       INFO TERM: xterm
2026-07-31 23:50:42,528: vrnetlab       INFO USERNAME: admin
2026-07-31 23:50:42,528: vrnetlab       INFO UV: /usr/bin/uv
2026-07-31 23:50:42,528: vrnetlab       INFO UV_RUN_RECURSION_DEPTH: 1
2026-07-31 23:50:42,528: vrnetlab       INFO VIRTUAL_ENV: /.venv
2026-07-31 23:50:42,529: vrnetlab       INFO -----------------END ENVIRONMENT VARIABLES------------------
2026-07-31 23:50:42,529: vrnetlab       INFO Launching SONiC_vm arch x86_64 with 4 SMP/VCPU and 4096 M of RAM
2026-07-31 23:50:42,529: vrnetlab       INFO Transparent mgmt interface: Disabled
2026-07-31 23:50:42,529: vrnetlab       DEBUG number of provisioned data plane interfaces is 6
2026-07-31 23:50:42,529: vrnetlab       DEBUG waiting for provisioned interfaces to appear...
2026-07-31 23:50:47,532: vrnetlab       DEBUG highest allocated interface id determined to be: 6...
2026-07-31 23:50:47,532: vrnetlab       DEBUG interfaces provisioned, continuing...
2026-07-31 23:50:47,912: vrnetlab       DEBUG Found MAC address aa:c1:ab:d8:92:e2 for interface eth1
2026-07-31 23:50:47,912: vrnetlab       INFO Using container interface MAC aa:c1:ab:d8:92:e2 for VM NIC eth1
2026-07-31 23:50:47,917: vrnetlab       DEBUG Found MAC address aa:c1:ab:ab:ec:13 for interface eth2
2026-07-31 23:50:47,917: vrnetlab       INFO Using container interface MAC aa:c1:ab:ab:ec:13 for VM NIC eth2
2026-07-31 23:50:47,920: vrnetlab       DEBUG Found MAC address aa:c1:ab:bb:39:4a for interface eth3
2026-07-31 23:50:47,920: vrnetlab       INFO Using container interface MAC aa:c1:ab:bb:39:4a for VM NIC eth3
2026-07-31 23:50:47,924: vrnetlab       DEBUG Found MAC address aa:c1:ab:6e:bc:e1 for interface eth4
2026-07-31 23:50:47,924: vrnetlab       INFO Using container interface MAC aa:c1:ab:6e:bc:e1 for VM NIC eth4
2026-07-31 23:50:47,928: vrnetlab       DEBUG Found MAC address aa:c1:ab:b2:24:b0 for interface eth5
2026-07-31 23:50:47,928: vrnetlab       INFO Using container interface MAC aaaunch     TRACE    OUTPUT: 22;1H   The highlighted entry will be executed autom
atically in 2s.                    The highlighted entry will be executed automatically in 1s.
2026-07-31 23:50:47,932: vrnetlab       INFO Using container interface MAC aa:c1:ab:2d:24:50 for VM NIC eth6
2026-07-31 23:50:47,933: vrnetlab       DEBUG qemu cmd: qemu-system-x86_64 -enable-kvm -display none -machine pc -chardev socket,id=monitor0,host=::,port=4000,server=on,wait=off -monitor chardev:monitor0 -chardev socket,id=serial0,host=::,port=5000,server=on,wait=off,telnet=on -serial chardev:serial0 -m 4096 -cpu qemu64 -smp 4 -drive if=ide,file=/sonic-vs-202605-overlay.qcow2 -smp 2 -device pci-bridge,chassis_nr=1,id=pci.1 -device pci-bridge,chassis_nr=2,id=pci.2 -device pci-bridge,chassis_nr=3,id=pci.3 -device pci-bridge,chassis_nr=4,id=pci.4 -device virtio-net-pci,netdev=p00,mac=0C:00:49:7c:c3:00 -netdev user,id=p00,net=10.0.0.0/24,host=10.0.0.2,dns=10.0.0.3,dhcpstart=10.0.0.15,hostfwd=tcp:0.0.0.0:22-10.0.0.15:22,hostfwd=udp:0.0.0.0:161-10.0.0.15:161,hostfwd=tcp:0.0.0.0:80-10.0.0.15:80,hostfwd=tcp:0.0.0.0:443-10.0.0.15:443,hostfwd=tcp:0.0.0.0:830-10.0.0.15:830,hostfwd=tcp:0.0.0.0:6030-10.0.0.15:6030,hostfwd=tcp:0.0.0.0:8080-10.0.0.15:8080,hostfwd=tcp:0.0.0.0:9339-10.0.0.15:9339,hostfwd=tcp:0.0.0.0:32767-10.0.0.15:32767,hostfwd=tcp:0.0.0.0:50051-10.0.0.15:50051,hostfwd=tcp:0.0.0.0:57400-10.0.0.15:57400,tftp=/tftpboot -device virtio-net-pci,netdev=p01,mac=aa:c1:ab:d8:92:e2,bus=pci.1,addr=0x2 -netdev tap,id=p01,ifname=tap1,script=/etc/tc-tap-ifup,downscript=no -device virtio-net-pci,netdev=p02,mac=aa:c1:ab:ab:ec:13,bus=pci.1,addr=0x3 -netdev tap,id=p02,ifname=tap2,script=/etc/tc-tap-ifup,downscript=no -device virtio-net-pci,netdev=p03,mac=aa:c1:ab:bb:39:4a,bus=pci.1,addr=0x4 -netdev tap,id=p03,ifname=tap3,script=/etc/tc-tap-ifup,downscript=no -device virtio-net-pci,netdev=p04,mac=aa:c1:ab:6e:bc:e1,bus=pci.1,addr=0x5 -netdev tap,id=p04,ifname=tap4,script=/etc/tc-tap-ifup,downscript=no -device virtio-net-pci,netdev=p05,mac=aa:c1:ab:b2:24:b0,bus=pci.1,addr=0x6 -netdev tap,id=p05,ifname=tap5,script=/etc/tc-tap-ifup,downscript=no -device virtio-net-pci,netdev=p06,mac=aa:c1:ab:2d:24:50,bus=pci.1,addr=0x7 -netdev tap,id=p06,ifname=tap6,script=/etc/tc-tap-ifup,downscript=no
2026-07-31 23:50:49,937: base_driver    INFO closing connection to '127.0.0.1' on port '4000'
   The highlighted entry will be executed automatically in 0s.                   Booting `SONiC-OS-202605.1159526-9c84048a4'omatically in 1s.
  26-07-31 23:50:49,938: base_driver    INFO opening connection to '127.0.0.1' on port '4000'
Loading SONiC-OS OS kernel ...-----------------------------------------------+||||||||||||||||||||||||+-----------------------------------------------------
error: file `/grub/i386-pc/efi_gop.mod' not found.to select which entry is highlighted.
L2026-07-31 23:51:03,144: launch     TRACE    OUTPUT: 22;1H   The highlighted entry will be executed automatically in 0s.                   Booting `SONiC-OS-202605.1159526-9c84048a4' for a command-line.                            *SONiC-OS-202605.1159526-9c84048a4                                           ONIE

Loading SONiC-OS OS kernel ...
error: file `/grub/i386-pc/efi_gop.mod' not found.
L
oading SONiC-OS OS initial ramdisk ...
                                                       The highlighted entry will be executed automatically in 5s.                    The highlighted entry
2026-07-31 23:51:23,483: launch     TRACE    OUTPUT: oading SONiC-OS OS initial ramdisk ....1159526-9c84048a4                                           ONIE


Press any key to continue...
2026-07-31 23:51:33,494: launch     TRACE    OUTPUT: Press any key to continue...

tun2026-07-31 23:51:42,682: launch     TRACE    OUTPUT: tunhighlighted entry will be executed automatically in 5s.                    The highlighted entry
e2fs 1.47.2 (1-Jan-2025)ically in 4s.
Setting reserved blocks percentage to 0% (0 blocks)
Setting reserved blocks count to 0
[ 2026-07-31 23:51:52,780: launch     TRACE    OUTPUT: e2fs 1.47.2 (1-Jan-2025)
Setting reserved blocks percentage to 0% (0 blocks)
Setting reserved blocks count to 0
[
  19.015861] kdump_mem_estimator[669]: Couldn't find systemctl
[   19.117597] kdump-tools[671]: Starting kdump-tools:
[   19.119278] kdump-tools[676]: no crashkernel= parameter in the kernel cmdline ... failed!
[   19.240702] rc.local[703]: + cat /etc/sonic/sonic_version.yml
[   19.245606] rc.local[705]: + sed -e s/build_version: //g;s/'//g
[   19.256465] rc.local[704]: + grep build_version
[   19.264991] rc.local[695]: + SONIC_VERSION=202605.1159526-9c84048a4
[   19.281753] rc.local[695]: + FIRST_BOOT_FILE=/host/image-202605.1159526-9c84048a4/platform/firsttime
[   19.284210] rc.local[695]: + SONIC_CONFIG_DIR=/host/image-202605.1159526-9c84048a4/sonic-config
[   19.286334] rc.local[695]: + SONIC_ENV_FILE=/host/image-202605.1159526-9c84048a4/sonic-config/sonic-environment
[   19.288888] rc.local[695]: + [ -d /host/image-202605.1159526-9c84048a4/sonic-config -a -f /host/image-202605.1159526-9c84048a4/sonic-config/sonic-environment ]
[   19.292180] rc.local[695]: + logger SONiC version 202605.1159526-9c84048a4 starting up...
[   19.325090] rc.local[695]: + grub_installation_needed=
[   19.335641] rc.local[695]: + [ ! -e /host/machine.conf ]
[   19.339339] rc.local[695]: + . /host/machine.conf
[   19.345411] rc.local[695]: + onie_arch=x86_64
[   19.346561] rc.local[695]: + onie_bin=
[   19.347590] rc.local[695]: + onie_boot_reason=install
[   19.350562] rc.local[695]: + onie_build_date=2018-11-17T04:18+00:00
[   19.353338] rc.local[695]: + onie_build_machine=kvm_x86_64
[   19.355675] rc.local[695]: + onie_build_platform=x86_64-kvm_x86_64-r0
[   19.358657] rc.local[695]: + onie_config_version=1
[   19.359966] rc.local[695]: + onie_dev=/dev/vda2
[   19.373994] rc.local[695]: + onie_disco_boot_reason=install
[   19.376618] rc.local[695]: + onie_disco_dns=10.0.2.3
[   19.378050] rc.local[695]: + onie_disco_interface=eth0
[   19.380479] rc.local[695]: + onie_disco_ip=10.0.2.15
[   19.383221] rc.local[695]: + onie_disco_lease=86400
[   19.389253] rc.local[695]: + onie_disco_mask=24
[   19.392222] rc.local[695]: + onie_disco_opt53=05
[   19.396149] rc.local[695]: + onie_disco_router=10.0.2.2
[   19.398989] rc.local[695]: + onie_disco_serverid=10.0.2.2
[   19.406057] rc.local[695]: + onie_disco_siaddr=10.0.2.2
[   19.407562] rc.local[695]: + onie_disco_subnet=255.255.255.0
[   19.409137] rc.local[695]: + onie_exec_url=file://dev/vdb/onie-installer.bin
[   19.410958] rc.local[695]: + onie_firmware=auto
[   19.412223] rc.local[695]: + onie_grub_image_name=shimx64.efi
[   19.416068] rc.local[695]: + onie_initrd_tmp=/
[   19.417354] rc.local[695]: + onie_installer=/var/tmp/installer
[   19.421779] rc.local[695]: + onie_kernel_version=4.9.95
[   19.423187] rc.local[695]: + onie_local_parts=
[   19.424447] rc.local[695]: + onie_machine=kvm_x86_64
[   19.425840] rc.local[695]: + onie_machine_rev=0
[   19.427041] rc.local[695]: + onie_neighs=[fe80::2-eth0],
[   19.428444] rc.local[695]: + onie_partition_type=gpt
[   19.429794] rc.local[695]: + onie_platform=x86_64-kvm_x86_64-r0
[   19.431382] rc.local[695]: + onie_root_dir=/mnt/onie-boot/onie
[   19.432890] rc.local[695]: + onie_secure_boot=yes
[   19.434201] rc.local[695]: + onie_skip_ethmgmt_macs=yes
[   19.451954] rc.local[695]: + onie_switch_asic=qemu
[   19.472568] rc.local[695]: + onie_uefi_arch=x64
[   19.473913] rc.local[695]: + onie_uefi_boot_loader=shimx64.efi
[   19.494190] rc.local[695]: + onie_vendor_id=42623
[   19.495609] rc.local[695]: + onie_version=master-201811170418
[   19.509238] rc.local[695]: + program_console_speed
[   19.511601] rc.local[715]: + cat /proc/cmdline
[   19.513985] rc.local[716]: + grep -Eo console=tty(S|AMA)[0-9]+,[0-9]+
[   19.516994] rc.local[719]: + cut -d , -f2
[   19.520250] rc.local[695]: + speed=115200
[   19.521420] rc.local[695]: + [ -z 115200 ]
[   19.522537] rc.local[695]: + CONSOLE_SPEED=115200
[   19.528105] rc.local[724]: + grep agetty /lib/systemd/system/serial-getty@.service
[   19.530232] rc.local[725]: + grep keep-baud
[   19.531323] rc.local[725]: ExecStart=-/sbin/agetty -o '-- \\u' --noreset --noclear --keep-baud 115200,57600,38400,9600 - ${TERM}
[   19.534102] rc.local[695]: + [ 0 = 0 ]
[   19.535126] rc.local[695]: + sed -i s|\-\-keep\-baud .* -| 115200 -|g /lib/systemd/system/serial-getty@.service
[   20.268815] rc.local[695]: + systemctl daemon-reload
[   20.965076] rc.local[695]: + platform=
[   20.967451] rc.local[695]: + [ -n  ]
[   20.970658] rc.local[695]: + [ -n x86_64-kvm_x86_64-r0 ]
[   20.972193] rc.local[695]: + platform=x86_64-kvm_x86_64-r0
[   20.973811] rc.local[695]: + /usr/bin/jq -e has("DPU") /usr/share/sonic/device/x86_64-kvm_x86_64-r0/platform.json
[   20.983931] rc.local[695]: + [ -f /host/image-202605.1159526-9c84048a4/platform/firsttime ]
[   21.006130] rc.local[695]: + echo First boot detected. Performing first boot tasks...
[   21.008857] rc.local[695]: First boot detected. Performing first boot tasks...
[   21.011259] rc.local[695]: + [ -z x86_64-kvm_x86_64-r0 ]
[   21.013467] rc.local[695]: + [ -d /host/old_config ]
[2026-07-31 23:51:54,782: launch     TRACE    OUTPUT:   19.015861] kdump_mem_estimator[669]: Couldn't find systemctl
[   19.117597] kdump-tools[671]: Starting kdump-tools:
[   19.119278] kdump-tools[676]: no crashkernel= parameter in the kernel cmdline ... failed!
[   19.240702] rc.local[703]: + cat /etc/sonic/sonic_version.yml
[   19.245606] rc.local[705]: + sed -e s/build_version: //g;s/'//g
[   19.256465] rc.local[704]: + grep build_version
[   19.264991] rc.local[695]: + SONIC_VERSION=202605.1159526-9c84048a4
[   19.281753] rc.local[695]: + FIRST_BOOT_FILE=/host/image-202605.1159526-9c84048a4/platform/firsttime
[   19.284210] rc.local[695]: + SONIC_CONFIG_DIR=/host/image-202605.1159526-9c84048a4/sonic-config
[   19.286334] rc.local[695]: + SONIC_ENV_FILE=/host/image-202605.1159526-9c84048a4/sonic-config/sonic-environment
[   19.288888] rc.local[695]: + [ -d /host/image-202605.1159526-9c84048a4/sonic-config -a -f /host/image-202605.1159526-9c84048a4/sonic-config/sonic-environment ]
[   19.292180] rc.local[695]: + logger SONiC version 202605.1159526-9c84048a4 starting up...
[   19.325090] rc.local[695]: + grub_installation_needed=
[   19.335641] rc.local[695]: + [ ! -e /host/machine.conf ]
[   19.339339] rc.local[695]: + . /host/machine.conf
[   19.345411] rc.local[695]: + onie_arch=x86_64
[   19.346561] rc.local[695]: + onie_bin=
[   19.347590] rc.local[695]: + onie_boot_reason=install
[   19.350562] rc.local[695]: + onie_build_date=2018-11-17T04:18+00:00
[   19.353338] rc.local[695]: + onie_build_machine=kvm_x86_64
[   19.355675] rc.local[695]: + onie_build_platform=x86_64-kvm_x86_64-r0
[   19.358657] rc.local[695]: + onie_config_version=1
[   19.359966] rc.local[695]: + onie_dev=/dev/vda2
[   19.373994] rc.local[695]: + onie_disco_boot_reason=install
[   19.376618] rc.local[695]: + onie_disco_dns=10.0.2.3
[   19.378050] rc.local[695]: + onie_disco_interface=eth0
[   19.380479] rc.local[695]: + onie_disco_ip=10.0.2.15
[   19.383221] rc.local[695]: + onie_disco_lease=86400
[   19.389253] rc.local[695]: + onie_disco_mask=24
[   19.392222] rc.local[695]: + onie_disco_opt53=05
[   19.396149] rc.local[695]: + onie_disco_router=10.0.2.2
[   19.398989] rc.local[695]: + onie_disco_serverid=10.0.2.2
[   19.406057] rc.local[695]: + onie_disco_siaddr=10.0.2.2
[   19.407562] rc.local[695]: + onie_disco_subnet=255.255.255.0
[   19.409137] rc.local[695]: + onie_exec_url=file://dev/vdb/onie-installer.bin
[   19.410958] rc.local[695]: + onie_firmware=auto
[   19.412223] rc.local[695]: + onie_grub_image_name=shimx64.efi
[   19.416068] rc.local[695]: + onie_initrd_tmp=/
[   19.417354] rc.local[695]: + onie_installer=/var/tmp/installer
[   19.421779] rc.local[695]: + onie_kernel_version=4.9.95
[   19.423187] rc.local[695]: + onie_local_parts=
[   19.424447] rc.local[695]: + onie_machine=kvm_x86_64
[   19.425840] rc.local[695]: + onie_machine_rev=0
[   19.427041] rc.local[695]: + onie_neighs=[fe80::2-eth0],
[   19.428444] rc.local[695]: + onie_partition_type=gpt
[   19.429794] rc.local[695]: + onie_platform=x86_64-kvm_x86_64-r0
[   19.431382] rc.local[695]: + onie_root_dir=/mnt/onie-boot/onie
[   19.432890] rc.local[695]: + onie_secure_boot=yes
[   19.434201] rc.local[695]: + onie_skip_ethmgmt_macs=yes
[   19.451954] rc.local[695]: + onie_switch_asic=qemu
[   19.472568] rc.local[695]: + onie_uefi_arch=x64
[   19.473913] rc.local[695]: + onie_uefi_boot_loader=shimx64.efi
[   19.494190] rc.local[695]: + onie_vendor_id=42623
[   19.495609] rc.local[695]: + onie_version=master-201811170418
[   19.509238] rc.local[695]: + program_console_speed
[   19.511601] rc.local[715]: + cat /proc/cmdline
[   19.513985] rc.local[716]: + grep -Eo console=tty(S|AMA)[0-9]+,[0-9]+
[   19.516994] rc.local[719]: + cut -d , -f2
[   19.520250] rc.local[695]: + speed=115200
[   19.521420] rc.local[695]: + [ -z 115200 ]
[   19.522537] rc.local[695]: + CONSOLE_SPEED=115200
[   19.528105] rc.local[724]: + grep agetty /lib/systemd/system/serial-getty@.service
[   19.530232] rc.local[725]: + grep keep-baud
[   19.531323] rc.local[725]: ExecStart=-/sbin/agetty -o '-- \\u' --noreset --noclear --keep-baud 115200,57600,38400,9600 - ${TERM}
[   19.534102] rc.local[695]: + [ 0 = 0 ]
[   19.535126] rc.local[695]: + sed -i s|\-\-keep\-baud .* -| 115200 -|g /lib/systemd/system/serial-getty@.service
[   20.268815] rc.local[695]: + systemctl daemon-reload
[   20.965076] rc.local[695]: + platform=
[   20.967451] rc.local[695]: + [ -n  ]
[   20.970658] rc.local[695]: + [ -n x86_64-kvm_x86_64-r0 ]
[   20.972193] rc.local[695]: + platform=x86_64-kvm_x86_64-r0
[   20.973811] rc.local[695]: + /usr/bin/jq -e has("DPU") /usr/share/sonic/device/x86_64-kvm_x86_64-r0/platform.json
[   20.983931] rc.local[695]: + [ -f /host/image-202605.1159526-9c84048a4/platform/firsttime ]
[   21.006130] rc.local[695]: + echo First boot detected. Performing first boot tasks...
[   21.008857] rc.local[695]: First boot detected. Performing first boot tasks...
[   21.011259] rc.local[695]: + [ -z x86_64-kvm_x86_64-r0 ]
[   21.013467] rc.local[695]: + [ -d /host/old_config ]
[
   21.019084] rc.local[695]: + [ -f /host/minigraph.xml ]
[   21.020793] rc.local[695]: + [ -n  ]
[   21.022001] rc.local[695]: + NUM_ASIC=
[   21.024658] rc.local[695]: + ASIC_CONF=/usr/share/sonic/device/x86_64-kvm_x86_64-r0/asic.conf
[   21.027057] rc.local[695]: + [ -f /usr/share/sonic/device/x86_64-kvm_x86_64-r0/asic.conf ]
[   21.034358] rc.local[695]: + . /usr/share/sonic/device/x86_64-kvm_x86_64-r0/asic.conf
[   21.038220] rc.local[695]: + NUM_ASIC=1
[   21.039471] rc.local[695]: + [ 1 -gt 1 ]
[   21.043758] rc.local[695]: + touch /etc/sonic/pending_config_initialization
[   21.051101] rc.local[695]: + touch /tmp/notify_firstboot_to_platform
[   21.060069] rc.local[695]: + [ ! -d /host/reboot-cause/platform ]
[   21.062022] rc.local[695]: + mkdir -p /host/reboot-cause/platform
[   21.069766] rc.local[695]: + [ -d /host/image-202605.1159526-9c84048a4/platform/x86_64-kvm_x86_64-r0 ]
[   21.072407] rc.local[695]: + [ -f /host/image-202605.1159526-9c84048a4/platform/common/Packages.gz ]
[   21.167783] rc.local[695]: + dpkg -i /host/image-202605.1159526-9c84048a4/platform/x86_64-kvm_x86_64-r0/sonic-platform-vs_1.0_amd64.deb
[   21.957734] rc.local[779]: Selecting previously unselected package sonic-platform-vs.
[ 2026-07-31 23:51:57,873: launch     TRACE    OUTPUT:    21.019084] rc.local[695]: + [ -f /host/minigraph.xml ]
[   21.020793] rc.local[695]: + [ -n  ]
[   21.022001] rc.local[695]: + NUM_ASIC=
[   21.024658] rc.local[695]: + ASIC_CONF=/usr/share/sonic/device/x86_64-kvm_x86_64-r0/asic.conf
[   21.027057] rc.local[695]: + [ -f /usr/share/sonic/device/x86_64-kvm_x86_64-r0/asic.conf ]
[   21.034358] rc.local[695]: + . /usr/share/sonic/device/x86_64-kvm_x86_64-r0/asic.conf
[   21.038220] rc.local[695]: + NUM_ASIC=1
[   21.039471] rc.local[695]: + [ 1 -gt 1 ]
[   21.043758] rc.local[695]: + touch /etc/sonic/pending_config_initialization
[   21.051101] rc.local[695]: + touch /tmp/notify_firstboot_to_platform
[   21.060069] rc.local[695]: + [ ! -d /host/reboot-cause/platform ]
[   21.062022] rc.local[695]: + mkdir -p /host/reboot-cause/platform
[   21.069766] rc.local[695]: + [ -d /host/image-202605.1159526-9c84048a4/platform/x86_64-kvm_x86_64-r0 ]
[   21.072407] rc.local[695]: + [ -f /host/image-202605.1159526-9c84048a4/platform/common/Packages.gz ]
[   21.167783] rc.local[695]: + dpkg -i /host/image-202605.1159526-9c84048a4/platform/x86_64-kvm_x86_64-r0/sonic-platform-vs_1.0_amd64.deb
[   21.957734] rc.local[779]: Selecting previously unselected package sonic-platform-vs.
[
  24.109383] rc.local[779]: (Reading database ... 52431 files and directories currently installed.)
[   24.116758] rc.local[779]: Preparing to unpack .../sonic-platform-vs_1.0_amd64.deb ...
[   24.941187] rc.local[779]: Unpacking sonic-platform-vs (1.0) ...
[2026-07-31 23:52:00,622: launch     TRACE    OUTPUT:   24.109383] rc.local[779]: (Reading database ... 52431 files and directories currently installed.)
[   24.116758] rc.local[779]: Preparing to unpack .../sonic-platform-vs_1.0_amd64.deb ...
[   24.941187] rc.local[779]: Unpacking sonic-platform-vs (1.0) ...
[
   26.858335] rc.local[779]: Setting up sonic-platform-vs (1.0) ...
[   28.805401] rc.local[695]: + sync
[ 2026-07-31 23:52:04,830: launch     TRACE    OUTPUT:    26.858335] rc.local[779]: Setting up sonic-platform-vs (1.0) ...
[   28.805401] rc.local[695]: + sync
[
  31.066698] rc.local[695]: + [ -n x86_64-kvm_x86_64-r0 ]
[   31.069461] rc.local[695]: + [ -n  ]
[   31.070780] rc.local[695]: + mkdir -p /var/platform
[   31.072992] rc.local[695]: + [ -f /etc/default/kdump-tools ]
[   31.074533] rc.local[695]: + sed -i -e s/__PLATFORM__/x86_64-kvm_x86_64-r0/g /etc/default/kdump-tools
[   31.411440] rc.local[695]: + firsttime_exit
[   31.414415] rc.local[695]: + rm -rf /host/image-202605.1159526-9c84048a4/platform/firsttime
[   31.416954] rc.local[695]: + exit 0
aunch     TRACE    OUTPUT:   31.066698] rc.local[695]: + [ -n x86_64-kvm_x86_64-r0 ]
[   31.069461] rc.local[695]: + [ -n  ]
[   31.070780] rc.local[695]: + mkdir -p /var/platform
[   31.072992] rc.local[695]: + [ -f /etc/default/kdump-tools ]
[   31.074533] rc.local[695]: + sed -i -e s/__PLATFORM__/x86_64-kvm_x86_64-r0/g /etc/default/kdump-tools
[   31.411440] rc.local[695]: + firsttime_exit
[   31.414415] rc.local[695]: + rm -rf /host/image-202605.1159526-9c84048a4/platform/firsttime
[   31.416954] rc.local[695]: + exit 0


Debian GNU/Linux 13 sonic ttyS0

sonic login: 2026-07-31 23:52:12,049: launch            INFO VM started
'026-07-31 23:52:12,049: vrnetlab       DEBUG writing to serial console: '
2026-07-31 23:52:12,050: vrnetlab       INFO waiting for 'login:' on serial console

sonic login:
sonic login: 2026-07-31 23:52:12,152: vrnetlab          INFO read from serial console: '
sonic login:
sonic login: '
2026-07-31 23:52:12,152: vrnetlab       DEBUG writing to serial console: 'admin'
2026-07-31 23:52:12,152: vrnetlab       INFO waiting for 'Password:' on serial console
admin
Password: 2026-07-31 23:52:12,381: vrnetlab     INFO read from serial console: 'admin
Password: '
2026-07-31 23:52:12,381: vrnetlab       DEBUG writing to serial console: 'YourPaSsWoRd'
2026-07-31 23:52:12,381: vrnetlab       INFO waiting for 'admin@' on serial console

Linux sonic 6.12.41+deb13-sonic-amd64 #1 SMP PREEMPT_DYNAMIC Debian 6.12.41-1 (2026-07-08) x86_64
You are on
  ____   ___  _   _ _  ____
 / ___| / _ \| \ | (_)/ ___|
 \___ \| | | |  \| | | |
  ___) | |_| | |\  | | |___
 |____/ \___/|_| \_|_|\____|

-- Software for Open Networking in the Cloud --

Unauthorized access and/or use are prohibited.
All access and/or use are subject to monitoring.

Help:    https://sonic-net.github.io/SONiC/

ERROR:Failed to get config for APPL_STATE_DB: Sonic database config file doesn't exist at /var/run/redis/sonic-db/database_config.json
ERROR:Failed to get config for LOGLEVEL_DB: Sonic database config file doesn't exist at /var/run/redis/sonic-db/database_config.json
ERROR:Failed to get config for ASIC_DB: Sonic database config file doesn't exist at /var/run/redis/sonic-db/database_config.json
ERROR:Failed to get config for FLEX_COUNTER_DB: Sonic database config file doesn't exist at /var/run/redis/sonic-db/database_config.json
ERROR:Failed to get config for CONFIG_DB: Sonic database config file doesn't exist at /var/run/redis/sonic-db/database_config.json
ERROR:Failed to get config for APPL_DB: Sonic database config file doesn't exist at /var/run/redis/sonic-db/database_config.json
ERROR:Failed to get config for COUNTERS_DB: Sonic database config file doesn't exist at /var/run/redis/sonic-db/database_config.json
ERROR:Failed to get config for STATE_DB: Sonic database config file doesn't exist at /var/run/redis/sonic-db/database_config.json
admin@sonic:~$ 2026-07-31 23:52:13,893: vrnetlab        INFO read from serial console: '
Linux sonic 6.12.41+deb13-sonic-amd64 #1 SMP PREEMPT_DYNAMIC Debian 6.12.41-1 (2026-07-08) x86_64
You are on
  ____   ___  _   _ _  ____
 / ___| / _ \| \ | (_)/ ___|
 \___ \| | | |  \| | | |
  ___) | |_| | |\  | | |___
 |____/ \___/|_| \_|_|\____|

-- Software for Open Networking in the Cloud --

Unauthorized access and/or use are prohibited.
All access and/or use are subject to monitoring.

Help:    https://sonic-net.github.io/SONiC/

ERROR:Failed to get config for APPL_STATE_DB: Sonic database config file doesn't exist at /var/run/redis/sonic-db/database_config.json
ERROR:Failed to get config for LOGLEVEL_DB: Sonic database config file doesn't exist at /var/run/redis/sonic-db/database_config.json
ERROR:Failed to get config for ASIC_DB: Sonic database config file doesn't exist at /var/run/redis/sonic-db/database_config.json
ERROR:Failed to get config for FLEX_COUNTER_DB: Sonic database config file doesn't exist at /var/run/redis/sonic-db/database_config.json
ERROR:Failed to get config for CONFIG_DB: Sonic database config file doesn't exist at /var/run/redis/sonic-db/database_config.json
ERROR:Failed to get config for APPL_DB: Sonic database config file doesn't exist at /var/run/redis/sonic-db/database_config.json
ERROR:Failed to get config for COUNTERS_DB: Sonic database config file doesn't exist at /var/run/redis/sonic-db/database_config.json
ERROR:Failed to get config for STATE_DB: Sonic database config file doesn't exist at /var/run/redis/sonic-db/database_config.json
admin@sonic:~$ '
2026-07-31 23:52:13,893: vrnetlab       DEBUG writing to serial console: ''
2026-07-31 23:52:13,893: launch         INFO Login completed
2026-07-31 23:52:13,893: launch         INFO applying bootstrap configuration
2026-07-31 23:52:13,893: vrnetlab       INFO waiting for '$' on serial console

admin@sonic:~$ 2026-07-31 23:52:13,995: vrnetlab        INFO read from serial console: '
admin@sonic:~$ '
2026-07-31 23:52:13,996: vrnetlab       DEBUG writing to serial console: 'sudo -i'
2026-07-31 23:52:13,996: vrnetlab       INFO waiting for '#' on serial console
sudo -i
ERROR:Failed to get config for APPL_STATE_DB: Sonic database config file doesn't exist at /var/run/redis/sonic-db/database_config.json
ERROR:Failed to get config for LOGLEVEL_DB: Sonic database config file doesn't exist at /var/run/redis/sonic-db/database_config.json
ERROR:Failed to get config for ASIC_DB: Sonic database config file doesn't exist at /var/run/redis/sonic-db/database_config.json
ERROR:Failed to get config for FLEX_COUNTER_DB: Sonic database config file doesn't exist at /var/run/redis/sonic-db/database_config.json
ERROR:Failed to get config for CONFIG_DB: Sonic database config file doesn't exist at /var/run/redis/sonic-db/database_config.json
ERROR:Failed to get config for APPL_DB: Sonic database config file doesn't exist at /var/run/redis/sonic-db/database_config.json
ERROR:Failed to get config for COUNTERS_DB: Sonic database config file doesn't exist at /var/run/redis/sonic-db/database_config.json
ERROR:Failed to get config for STATE_DB: Sonic database config file doesn't exist at /var/run/redis/sonic-db/database_config.json
root@sonic:~# 2026-07-31 23:52:14,635: vrnetlab         INFO read from serial console: 'sudo -i
ERROR:Failed to get config for APPL_STATE_DB: Sonic database config file doesn't exist at /var/run/redis/sonic-db/database_config.json
ERROR:Failed to get config for LOGLEVEL_DB: Sonic database config file doesn't exist at /var/run/redis/sonic-db/database_config.json
ERROR:Failed to get config for ASIC_DB: Sonic database config file doesn't exist at /var/run/redis/sonic-db/database_config.json
ERROR:Failed to get config for FLEX_COUNTER_DB: Sonic database config file doesn't exist at /var/run/redis/sonic-db/database_config.json
ERROR:Failed to get config for CONFIG_DB: Sonic database config file doesn't exist at /var/run/redis/sonic-db/database_config.json
ERROR:Failed to get config for APPL_DB: Sonic database config file doesn't exist at /var/run/redis/sonic-db/database_config.json
ERROR:Failed to get config for COUNTERS_DB: Sonic database config file doesn't exist at /var/run/redis/sonic-db/database_config.json
ERROR:Failed to get config for STATE_DB: Sonic database config file doesn't exist at /var/run/redis/sonic-db/database_config.json
root@sonic:~# '
2026-07-31 23:52:14,635: vrnetlab       DEBUG writing to serial console: '/usr/sbin/ip address add 10.0.0.15/24 dev eth0'
2026-07-31 23:52:14,635: vrnetlab       INFO waiting for '#' on serial console
/usr/sbin/ip address add 10.0.0.15/24 dev eth0
root@sonic:~# 2026-07-31 23:52:14,681: vrnetlab         INFO read from serial console: '/usr/sbin/ip address add 10.0.0.15/24 dev eth0
root@sonic:~# '
2026-07-31 23:52:14,681: vrnetlab       DEBUG writing to serial console: '/usr/sbin/ip -6 address add 2001:db8::2/64 dev eth0'
2026-07-31 23:52:14,681: vrnetlab       INFO waiting for '#' on serial console
/usr/sbin/ip -6 address add 2001:db8::2/64 dev eth0
root@sonic:~# 2026-07-31 23:52:14,728: vrnetlab         INFO read from serial console: '/usr/sbin/ip -6 address add 2001:db8::2/64 dev eth0
root@sonic:~# '
2026-07-31 23:52:14,728: vrnetlab       DEBUG writing to serial console: 'while ! /usr/sbin/ip link show eth0 | grep -q "state UP"; do sleep 1; done; /usr/sbin/ip route add default via 10.0.0.2 dev eth0'
2026-07-31 23:52:14,728: vrnetlab       INFO waiting for '#' on serial console
while ! /usr/sbin/ip link show eth0 | grep -q "state UP"; do sleep 1; done; /usr/sbin/ip route add default via 10.0.0.2 dev eth0
root@sonic:~# 2026-07-31 23:52:52,193: vrnetlab         INFO read from serial console: 'while ! /usr/sbin/ip link show eth0 | grep -q "state UP"; do sleep 1; done; /usr/sbin/ip route add default via 10.0.0.2 dev eth0
root@sonic:~# '
2026-07-31 23:52:52,193: vrnetlab       DEBUG writing to serial console: 'while ! /usr/sbin/ip link show eth0 | grep -q "state UP"; do sleep 1; done;/usr/sbin/ip -6 route add default via 2001:db8::1 dev eth0'
2026-07-31 23:52:52,193: vrnetlab       INFO waiting for '#' on serial console
while ! /usr/sbin/ip link show eth0 | grep -q "state UP"; do sleep 1; done;/usr/sbin/ip -6 route add default via 2001:db8::1 dev eth0
root@sonic:~# 2026-07-31 23:52:52,257: vrnetlab         INFO read from serial console: 'while ! /usr/sbin/ip link show eth0 | grep -q "state UP"; do sleep 1; done;/usr/sbin/ip -6 route add default via 2001:db8::1 dev eth0
root@sonic:~# '
2026-07-31 23:52:52,258: vrnetlab       DEBUG writing to serial console: 'passwd -q admin'
2026-07-31 23:52:52,258: vrnetlab       INFO waiting for 'New password:' on serial console
passwd -q admin
New password: 2026-07-31 23:52:52,379: vrnetlab         INFO read from serial console: 'passwd -q admin
New password: '
2026-07-31 23:52:52,379: vrnetlab       DEBUG writing to serial console: 'YourPaSsWoRd'
2026-07-31 23:52:52,379: vrnetlab       INFO waiting for 'password:' on serial console

Retype new password: 2026-07-31 23:52:52,482: vrnetlab          INFO read from serial console: '
Retype new password: '
2026-07-31 23:52:52,482: vrnetlab       DEBUG writing to serial console: 'YourPaSsWoRd'
2026-07-31 23:52:52,483: vrnetlab       INFO waiting for '#' on serial console

passwd: password updated successfully
root@sonic:~# 2026-07-31 23:52:53,029: vrnetlab         INFO read from serial console: '
passwd: password updated successfully
root@sonic:~# '
2026-07-31 23:52:53,029: vrnetlab       DEBUG writing to serial console: 'sleep 1'
2026-07-31 23:52:53,030: vrnetlab       INFO waiting for '#' on serial console
sleep 1
root@sonic:~# 2026-07-31 23:52:54,037: vrnetlab         INFO read from serial console: 'sleep 1
root@sonic:~# '
2026-07-31 23:52:54,037: vrnetlab       DEBUG writing to serial console: 'hostnamectl set-hostname Spine-S1'
2026-07-31 23:52:54,037: vrnetlab       INFO waiting for '#' on serial console
hostnamectl set-hostname Spine-S1
root@sonic:~# 2026-07-31 23:52:54,293: vrnetlab         INFO read from serial console: 'hostnamectl set-hostname Spine-S1
root@sonic:~# '
2026-07-31 23:52:54,293: vrnetlab       DEBUG writing to serial console: 'sleep 1'
2026-07-31 23:52:54,294: vrnetlab       INFO waiting for '#' on serial console
sleep 1
root@sonic:~# 2026-07-31 23:52:55,300: vrnetlab         INFO read from serial console: 'sleep 1
root@sonic:~# '
2026-07-31 23:52:55,301: vrnetlab       DEBUG writing to serial console: 'printf '127.0.0.1\tSpine-S1\n' >> /etc/hosts'
2026-07-31 23:52:55,301: vrnetlab       INFO waiting for '#' on serial console
printf '127.0.0.1\tSpine-S1\n' >> /etc/hosts
root@sonic:~# 2026-07-31 23:52:55,640: vrnetlab         INFO read from serial console: 'printf '127.0.0.1\tSpine-S1\n' >> /etc/hosts
root@sonic:~# '
2026-07-31 23:52:55,640: vrnetlab       DEBUG writing to serial console: 'sleep 1'
2026-07-31 23:52:55,641: launch         INFO completed bootstrap configuration
2026-07-31 23:52:55,641: launch     TRACE    Backup file /config/config_db.json not found
2026-07-31 23:52:55,641: base_driver    INFO closing connection to '127.0.0.1' on port '5000'
2026-07-31 23:52:55,641: base_driver    INFO connection to '127.0.0.1' on port '5000' closed successfully
2026-07-31 23:52:55,641: launch         INFO Startup complete in: 0:02:13.112392
nh1221@PowerEdge-R810:~$ ssh Spine-S1
Warning: Permanently added 'spine-s1' (RSA) to the list of known hosts.
Debian GNU/Linux 13 \n \l

admin@spine-s1's password:
Linux Spine-S1 6.12.41+deb13-sonic-amd64 #1 SMP PREEMPT_DYNAMIC Debian 6.12.41-1 (2026-07-08) x86_64
You are on
  ____   ___  _   _ _  ____
 / ___| / _ \| \ | (_)/ ___|
 \___ \| | | |  \| | | |
  ___) | |_| | |\  | | |___
 |____/ \___/|_| \_|_|\____|

-- Software for Open Networking in the Cloud --

Unauthorized access and/or use are prohibited.
All access and/or use are subject to monitoring.

Help:    https://sonic-net.github.io/SONiC/

admin@Spine-S1:~$ docker ps -a
CONTAINER ID   IMAGE                             COMMAND                  CREATED              STATUS              PORTS     NAMES
d5307ff26882   docker-lldp:latest                "/usr/bin/docker-lld…"   4 seconds ago        Up 1 second                   lldp
da396a83c4e8   docker-sonic-gnmi:latest          "/usr/local/bin/supe…"   About a minute ago   Up 28 seconds                 gnmi
45f2bb64bd31   docker-router-advertiser:latest   "/usr/bin/docker-ini…"   About a minute ago   Up 28 seconds                 radv
fe77c7badbbb   docker-gbsyncd-vs:latest          "/usr/local/bin/supe…"   2 minutes ago        Up About a minute             gbsyncd
c6aeae6e3b96   docker-syncd-vs:latest            "/usr/local/bin/supe…"   2 minutes ago        Up About a minute             syncd
2a27420d9a87   docker-teamd:latest               "/usr/local/bin/supe…"   2 minutes ago        Up About a minute             teamd
1e221b25a1f6   docker-fpm-frr:latest             "/usr/bin/docker_ini…"   2 minutes ago        Up About a minute             bgp
27d584637f0a   docker-sysmgr:latest              "/usr/local/bin/supe…"   2 minutes ago        Up About a minute             sysmgr
7085e4586ade   docker-eventd:latest              "/usr/local/bin/supe…"   2 minutes ago        Up About a minute             eventd
b422f71a8348   docker-orchagent:latest           "/usr/bin/docker-ini…"   2 minutes ago        Up 2 minutes                  swss
fb4380560050   docker-platform-monitor:latest    "/usr/bin/docker_ini…"   2 minutes ago        Up 2 minutes                  pmon
febe1b87c95d   docker-database:latest            "/usr/local/bin/dock…"   2 minutes ago        Up 2 minutes                  database
admin@Spine-S1:~$ show interfaces status
  Interface            Lanes    Speed    MTU    FEC           Alias    Vlan    Oper    Admin    Type    Asym PFC
-----------  ---------------  -------  -----  -----  --------------  ------  ------  -------  ------  ----------
  Ethernet0      25,26,27,28      40G   9100    N/A    fortyGigE0/0  routed      up       up     N/A         N/A
  Ethernet4      29,30,31,32      40G   9100    N/A    fortyGigE0/4  routed      up       up     N/A         N/A
  Ethernet8      33,34,35,36      40G   9100    N/A    fortyGigE0/8  routed      up       up     N/A         N/A
 Ethernet12      37,38,39,40      40G   9100    N/A   fortyGigE0/12  routed      up       up     N/A         N/A
 Ethernet16      45,46,47,48      40G   9100    N/A   fortyGigE0/16  routed      up       up     N/A         N/A
 Ethernet20      41,42,43,44      40G   9100    N/A   fortyGigE0/20  routed      up       up     N/A         N/A
 Ethernet24          1,2,3,4      40G   9100    N/A   fortyGigE0/24  routed    down       up     N/A         N/A
 Ethernet28          5,6,7,8      40G   9100    N/A   fortyGigE0/28  routed    down       up     N/A         N/A
 Ethernet32      13,14,15,16      40G   9100    N/A   fortyGigE0/32  routed    down       up     N/A         N/A
 Ethernet36       9,10,11,12      40G   9100    N/A   fortyGigE0/36  routed    down       up     N/A         N/A
 Ethernet40      17,18,19,20      40G   9100    N/A   fortyGigE0/40  routed    down       up     N/A         N/A
 Ethernet44      21,22,23,24      40G   9100    N/A   fortyGigE0/44  routed    down       up     N/A         N/A
 Ethernet48      53,54,55,56      40G   9100    N/A   fortyGigE0/48  routed    down       up     N/A         N/A
 Ethernet52      49,50,51,52      40G   9100    N/A   fortyGigE0/52  routed    down       up     N/A         N/A
 Ethernet56      57,58,59,60      40G   9100    N/A   fortyGigE0/56  routed    down       up     N/A         N/A
 Ethernet60      61,62,63,64      40G   9100    N/A   fortyGigE0/60  routed    down       up     N/A         N/A
 Ethernet64      69,70,71,72      40G   9100    N/A   fortyGigE0/64  routed    down       up     N/A         N/A
 Ethernet68      65,66,67,68      40G   9100    N/A   fortyGigE0/68  routed    down       up     N/A         N/A
 Ethernet72      73,74,75,76      40G   9100    N/A   fortyGigE0/72  routed    down       up     N/A         N/A
 Ethernet76      77,78,79,80      40G   9100    N/A   fortyGigE0/76  routed    down       up     N/A         N/A
 Ethernet80  109,110,111,112      40G   9100    N/A   fortyGigE0/80  routed    down       up     N/A         N/A
 Ethernet84  105,106,107,108      40G   9100    N/A   fortyGigE0/84  routed    down       up     N/A         N/A
 Ethernet88  113,114,115,116      40G   9100    N/A   fortyGigE0/88  routed    down       up     N/A         N/A
 Ethernet92  117,118,119,120      40G   9100    N/A   fortyGigE0/92  routed    down       up     N/A         N/A
 Ethernet96  125,126,127,128      40G   9100    N/A   fortyGigE0/96  routed    down       up     N/A         N/A
Ethernet100  121,122,123,124      40G   9100    N/A  fortyGigE0/100  routed    down       up     N/A         N/A
Ethernet104      81,82,83,84      40G   9100    N/A  fortyGigE0/104  routed    down       up     N/A         N/A
Ethernet108      85,86,87,88      40G   9100    N/A  fortyGigE0/108  routed    down       up     N/A         N/A
Ethernet112      93,94,95,96      40G   9100    N/A  fortyGigE0/112  routed    down       up     N/A         N/A
Ethernet116      89,90,91,92      40G   9100    N/A  fortyGigE0/116  routed    down       up     N/A         N/A
Ethernet120  101,102,103,104      40G   9100    N/A  fortyGigE0/120  routed    down       up     N/A         N/A
Ethernet124     97,98,99,100      40G   9100    N/A  fortyGigE0/124  routed    down       up     N/A         N/A
admin@Spine-S1:~$
admin@Spine-S1:~$ ls -al /etc/sonic
total 80
drwxr-xr-x 1 root root    4096 Jul 31 23:52 .
drwxr-xr-x 1 root root    4096 Jul 31 23:54 ..
-rw-r--r-- 1 root root      41 Jul  8 15:08 asic_config_checksum
-rw-r--r-- 1 root root      92 Jul  8 15:08 bmc_config.json
-rw-r--r-- 1 root root   17956 Jul 31 23:52 config_db.json
-rw-r--r-- 1 root root    2253 Jul  8 15:11 constants.yml
-rw-r--r-- 1 root root    3068 Jul 31 23:52 copp_cfg.json
-rw------- 1 root root     403 Jul  8 15:11 core_analyzer.rc.json
-rw------- 1 root shadow   147 Jul  8 15:08 default_users.json
-rw-r--r-- 1 root root       0 Jul  8 15:15 dhcp_relay_reconcile
-rw-r--r-- 1 root root      52 Jul  8 15:15 fast-reboot_order
drwxr-x--- 1  300    300  4096 Jul 31 23:54 frr
-rw------- 1 root root     862 Jul  8 15:15 generated_services.conf
-rw-r--r-- 1 root root   18806 Jul  8 15:15 init_cfg.json
-rw-r--r-- 1 root root       0 Jul  8 15:15 macsec_reconcile
-rw-r--r-- 1 root root     569 Jul  8 15:11 otel_config.yml
-rwxr-xr-x 1 root root       0 Jul 31 23:52 reload.lock
-rw-r--r-- 1 root root      22 Jul  8 15:11 snmp.yml
-rw-r--r-- 1 root root     125 Jul 31 23:52 sonic-environment
-rw-r--r-- 1 root root     442 Jul  8 15:09 sonic_version.yml
-rw-r--r-- 1 root root      10 Jul  8 15:15 swss_dependent
-rw-r--r-- 1 root root      52 Jul  8 15:15 warm-reboot_order
admin@Spine-S1:~$ cat /etc/sonic/config_db.json
{
    "DEVICE_METADATA": {
        "localhost": {
            "hwsku": "Force10-S6000",
            "platform": "x86_64-kvm_x86_64-r0",
            "mac": "22:61:fa:5e:b8:3a",
            "hostname": "sonic",
            "type": "LeafRouter",
            "bgp_asn": "65100"
        }
    },
    "PORT": {
        "Ethernet0": {
            "lanes": "25,26,27,28",
            "alias": "fortyGigE0/0",
            "index": "0",
            "speed": "40000",
            "admin_status": "up",
            "mtu": "9100"
        },
        "Ethernet4": {
            "lanes": "29,30,31,32",
            "alias": "fortyGigE0/4",
            "index": "1",
            "speed": "40000",
            "admin_status": "up",
            "mtu": "9100"
        },
        "Ethernet8": {
            "lanes": "33,34,35,36",
            "alias": "fortyGigE0/8",
            "index": "2",
            "speed": "40000",
            "admin_status": "up",
            "mtu": "9100"
        },
        "Ethernet12": {
            "lanes": "37,38,39,40",
            "alias": "fortyGigE0/12",
            "index": "3",
            "speed": "40000",
            "admin_status": "up",
            "mtu": "9100"
        },
        "Ethernet16": {
            "lanes": "45,46,47,48",
            "alias": "fortyGigE0/16",
            "index": "4",
            "speed": "40000",
            "admin_status": "up",
            "mtu": "9100"
        },
        "Ethernet20": {
            "lanes": "41,42,43,44",
            "alias": "fortyGigE0/20",
            "index": "5",
            "speed": "40000",
            "admin_status": "up",
            "mtu": "9100"
        },
        "Ethernet24": {
            "lanes": "1,2,3,4",
            "alias": "fortyGigE0/24",
            "index": "6",
            "speed": "40000",
            "admin_status": "up",
            "mtu": "9100"
        },
        "Ethernet28": {
            "lanes": "5,6,7,8",
            "alias": "fortyGigE0/28",
            "index": "7",
            "speed": "40000",
            "admin_status": "up",
            "mtu": "9100"
        },
        "Ethernet32": {
            "lanes": "13,14,15,16",
            "alias": "fortyGigE0/32",
            "index": "8",
            "speed": "40000",
            "admin_status": "up",
            "mtu": "9100"
        },
        "Ethernet36": {
            "lanes": "9,10,11,12",
            "alias": "fortyGigE0/36",
            "index": "9",
            "speed": "40000",
            "admin_status": "up",
            "mtu": "9100"
        },
        "Ethernet40": {
            "lanes": "17,18,19,20",
            "alias": "fortyGigE0/40",
            "index": "10",
            "speed": "40000",
            "admin_status": "up",
            "mtu": "9100"
        },
        "Ethernet44": {
            "lanes": "21,22,23,24",
            "alias": "fortyGigE0/44",
            "index": "11",
            "speed": "40000",
            "admin_status": "up",
            "mtu": "9100"
        },
        "Ethernet48": {
            "lanes": "53,54,55,56",
            "alias": "fortyGigE0/48",
            "index": "12",
            "speed": "40000",
            "admin_status": "up",
            "mtu": "9100"
        },
        "Ethernet52": {
            "lanes": "49,50,51,52",
            "alias": "fortyGigE0/52",
            "index": "13",
            "speed": "40000",
            "admin_status": "up",
            "mtu": "9100"
        },
        "Ethernet56": {
            "lanes": "57,58,59,60",
            "alias": "fortyGigE0/56",
            "index": "14",
            "speed": "40000",
            "admin_status": "up",
            "mtu": "9100"
        },
        "Ethernet60": {
            "lanes": "61,62,63,64",
            "alias": "fortyGigE0/60",
            "index": "15",
            "speed": "40000",
            "admin_status": "up",
            "mtu": "9100"
        },
        "Ethernet64": {
            "lanes": "69,70,71,72",
            "alias": "fortyGigE0/64",
            "index": "16",
            "speed": "40000",
            "admin_status": "up",
            "mtu": "9100"
        },
        "Ethernet68": {
            "lanes": "65,66,67,68",
            "alias": "fortyGigE0/68",
            "index": "17",
            "speed": "40000",
            "admin_status": "up",
            "mtu": "9100"
        },
        "Ethernet72": {
            "lanes": "73,74,75,76",
            "alias": "fortyGigE0/72",
            "index": "18",
            "speed": "40000",
            "admin_status": "up",
            "mtu": "9100"
        },
        "Ethernet76": {
            "lanes": "77,78,79,80",
            "alias": "fortyGigE0/76",
            "index": "19",
            "speed": "40000",
            "admin_status": "up",
            "mtu": "9100"
        },
        "Ethernet80": {
            "lanes": "109,110,111,112",
            "alias": "fortyGigE0/80",
            "index": "20",
            "speed": "40000",
            "admin_status": "up",
            "mtu": "9100"
        },
        "Ethernet84": {
            "lanes": "105,106,107,108",
            "alias": "fortyGigE0/84",
            "index": "21",
            "speed": "40000",
            "admin_status": "up",
            "mtu": "9100"
        },
        "Ethernet88": {
            "lanes": "113,114,115,116",
            "alias": "fortyGigE0/88",
            "index": "22",
            "speed": "40000",
            "admin_status": "up",
            "mtu": "9100"
        },
        "Ethernet92": {
            "lanes": "117,118,119,120",
            "alias": "fortyGigE0/92",
            "index": "23",
            "speed": "40000",
            "admin_status": "up",
            "mtu": "9100"
        },
        "Ethernet96": {
            "lanes": "125,126,127,128",
            "alias": "fortyGigE0/96",
            "index": "24",
            "speed": "40000",
            "admin_status": "up",
            "mtu": "9100"
        },
        "Ethernet100": {
            "lanes": "121,122,123,124",
            "alias": "fortyGigE0/100",
            "index": "25",
            "speed": "40000",
            "admin_status": "up",
            "mtu": "9100"
        },
        "Ethernet104": {
            "lanes": "81,82,83,84",
            "alias": "fortyGigE0/104",
            "index": "26",
            "speed": "40000",
            "admin_status": "up",
            "mtu": "9100"
        },
        "Ethernet108": {
            "lanes": "85,86,87,88",
            "alias": "fortyGigE0/108",
            "index": "27",
            "speed": "40000",
            "admin_status": "up",
            "mtu": "9100"
        },
        "Ethernet112": {
            "lanes": "93,94,95,96",
            "alias": "fortyGigE0/112",
            "index": "28",
            "speed": "40000",
            "admin_status": "up",
            "mtu": "9100"
        },
        "Ethernet116": {
            "lanes": "89,90,91,92",
            "alias": "fortyGigE0/116",
            "index": "29",
            "speed": "40000",
            "admin_status": "up",
            "mtu": "9100"
        },
        "Ethernet120": {
            "lanes": "101,102,103,104",
            "alias": "fortyGigE0/120",
            "index": "30",
            "speed": "40000",
            "admin_status": "up",
            "mtu": "9100"
        },
        "Ethernet124": {
            "lanes": "97,98,99,100",
            "alias": "fortyGigE0/124",
            "index": "31",
            "speed": "40000",
            "admin_status": "up",
            "mtu": "9100"
        }
    },
    "FLEX_COUNTER_TABLE": {
        "ACL": {
            "FLEX_COUNTER_STATUS": "disable",
            "POLL_INTERVAL": "10000"
        }
    },
    "LOOPBACK_INTERFACE": {
        "Loopback0": {},
        "Loopback0|10.1.0.1/32": {}
    },
    "BGP_NEIGHBOR": {
        "10.0.0.1": {
            "rrclient": 0,
            "name": "ARISTA01T2",
            "local_addr": "10.0.0.0",
            "nhopself": 0,
            "holdtime": "180",
            "asn": "65200",
            "keepalive": "60"
        },
        "10.0.0.3": {
            "rrclient": 0,
            "name": "ARISTA02T2",
            "local_addr": "10.0.0.2",
            "nhopself": 0,
            "holdtime": "180",
            "asn": "65200",
            "keepalive": "60"
        },
        "10.0.0.5": {
            "rrclient": 0,
            "name": "ARISTA03T2",
            "local_addr": "10.0.0.4",
            "nhopself": 0,
            "holdtime": "180",
            "asn": "65200",
            "keepalive": "60"
        },
        "10.0.0.7": {
            "rrclient": 0,
            "name": "ARISTA04T2",
            "local_addr": "10.0.0.6",
            "nhopself": 0,
            "holdtime": "180",
            "asn": "65200",
            "keepalive": "60"
        },
        "10.0.0.9": {
            "rrclient": 0,
            "name": "ARISTA05T2",
            "local_addr": "10.0.0.8",
            "nhopself": 0,
            "holdtime": "180",
            "asn": "65200",
            "keepalive": "60"
        },
        "10.0.0.11": {
            "rrclient": 0,
            "name": "ARISTA06T2",
            "local_addr": "10.0.0.10",
            "nhopself": 0,
            "holdtime": "180",
            "asn": "65200",
            "keepalive": "60"
        },
        "10.0.0.13": {
            "rrclient": 0,
            "name": "ARISTA07T2",
            "local_addr": "10.0.0.12",
            "nhopself": 0,
            "holdtime": "180",
            "asn": "65200",
            "keepalive": "60"
        },
        "10.0.0.15": {
            "rrclient": 0,
            "name": "ARISTA08T2",
            "local_addr": "10.0.0.14",
            "nhopself": 0,
            "holdtime": "180",
            "asn": "65200",
            "keepalive": "60"
        },
        "10.0.0.17": {
            "rrclient": 0,
            "name": "ARISTA09T2",
            "local_addr": "10.0.0.16",
            "nhopself": 0,
            "holdtime": "180",
            "asn": "65200",
            "keepalive": "60"
        },
        "10.0.0.19": {
            "rrclient": 0,
            "name": "ARISTA10T2",
            "local_addr": "10.0.0.18",
            "nhopself": 0,
            "holdtime": "180",
            "asn": "65200",
            "keepalive": "60"
        },
        "10.0.0.21": {
            "rrclient": 0,
            "name": "ARISTA11T2",
            "local_addr": "10.0.0.20",
            "nhopself": 0,
            "holdtime": "180",
            "asn": "65200",
            "keepalive": "60"
        },
        "10.0.0.23": {
            "rrclient": 0,
            "name": "ARISTA12T2",
            "local_addr": "10.0.0.22",
            "nhopself": 0,
            "holdtime": "180",
            "asn": "65200",
            "keepalive": "60"
        },
        "10.0.0.25": {
            "rrclient": 0,
            "name": "ARISTA13T2",
            "local_addr": "10.0.0.24",
            "nhopself": 0,
            "holdtime": "180",
            "asn": "65200",
            "keepalive": "60"
        },
        "10.0.0.27": {
            "rrclient": 0,
            "name": "ARISTA14T2",
            "local_addr": "10.0.0.26",
            "nhopself": 0,
            "holdtime": "180",
            "asn": "65200",
            "keepalive": "60"
        },
        "10.0.0.29": {
            "rrclient": 0,
            "name": "ARISTA15T2",
            "local_addr": "10.0.0.28",
            "nhopself": 0,
            "holdtime": "180",
            "asn": "65200",
            "keepalive": "60"
        },
        "10.0.0.31": {
            "rrclient": 0,
            "name": "ARISTA16T2",
            "local_addr": "10.0.0.30",
            "nhopself": 0,
            "holdtime": "180",
            "asn": "65200",
            "keepalive": "60"
        },
        "10.0.0.33": {
            "rrclient": 0,
            "name": "ARISTA01T0",
            "local_addr": "10.0.0.32",
            "nhopself": 0,
            "holdtime": "180",
            "asn": "64001",
            "keepalive": "60"
        },
        "10.0.0.35": {
            "rrclient": 0,
            "name": "ARISTA02T0",
            "local_addr": "10.0.0.34",
            "nhopself": 0,
            "holdtime": "180",
            "asn": "64002",
            "keepalive": "60"
        },
        "10.0.0.37": {
            "rrclient": 0,
            "name": "ARISTA03T0",
            "local_addr": "10.0.0.36",
            "nhopself": 0,
            "holdtime": "180",
            "asn": "64003",
            "keepalive": "60"
        },
        "10.0.0.39": {
            "rrclient": 0,
            "name": "ARISTA04T0",
            "local_addr": "10.0.0.38",
            "nhopself": 0,
            "holdtime": "180",
            "asn": "64004",
            "keepalive": "60"
        },
        "10.0.0.41": {
            "rrclient": 0,
            "name": "ARISTA05T0",
            "local_addr": "10.0.0.40",
            "nhopself": 0,
            "holdtime": "180",
            "asn": "64005",
            "keepalive": "60"
        },
        "10.0.0.43": {
            "rrclient": 0,
            "name": "ARISTA06T0",
            "local_addr": "10.0.0.42",
            "nhopself": 0,
            "holdtime": "180",
            "asn": "64006",
            "keepalive": "60"
        },
        "10.0.0.45": {
            "rrclient": 0,
            "name": "ARISTA07T0",
            "local_addr": "10.0.0.44",
            "nhopself": 0,
            "holdtime": "180",
            "asn": "64007",
            "keepalive": "60"
        },
        "10.0.0.47": {
            "rrclient": 0,
            "name": "ARISTA08T0",
            "local_addr": "10.0.0.46",
            "nhopself": 0,
            "holdtime": "180",
            "asn": "64008",
            "keepalive": "60"
        },
        "10.0.0.49": {
            "rrclient": 0,
            "name": "ARISTA09T0",
            "local_addr": "10.0.0.48",
            "nhopself": 0,
            "holdtime": "180",
            "asn": "64009",
            "keepalive": "60"
        },
        "10.0.0.51": {
            "rrclient": 0,
            "name": "ARISTA10T0",
            "local_addr": "10.0.0.50",
            "nhopself": 0,
            "holdtime": "180",
            "asn": "64010",
            "keepalive": "60"
        },
        "10.0.0.53": {
            "rrclient": 0,
            "name": "ARISTA11T0",
            "local_addr": "10.0.0.52",
            "nhopself": 0,
            "holdtime": "180",
            "asn": "64011",
            "keepalive": "60"
        },
        "10.0.0.55": {
            "rrclient": 0,
            "name": "ARISTA12T0",
            "local_addr": "10.0.0.54",
            "nhopself": 0,
            "holdtime": "180",
            "asn": "64012",
            "keepalive": "60"
        },
        "10.0.0.57": {
            "rrclient": 0,
            "name": "ARISTA13T0",
            "local_addr": "10.0.0.56",
            "nhopself": 0,
            "holdtime": "180",
            "asn": "64013",
            "keepalive": "60"
        },
        "10.0.0.59": {
            "rrclient": 0,
            "name": "ARISTA14T0",
            "local_addr": "10.0.0.58",
            "nhopself": 0,
            "holdtime": "180",
            "asn": "64014",
            "keepalive": "60"
        },
        "10.0.0.61": {
            "rrclient": 0,
            "name": "ARISTA15T0",
            "local_addr": "10.0.0.60",
            "nhopself": 0,
            "holdtime": "180",
            "asn": "64015",
            "keepalive": "60"
        },
        "10.0.0.63": {
            "rrclient": 0,
            "name": "ARISTA16T0",
            "local_addr": "10.0.0.62",
            "nhopself": 0,
            "holdtime": "180",
            "asn": "64016",
            "keepalive": "60"
        }
    },
    "DEVICE_NEIGHBOR": {},
    "INTERFACE": {
        "Ethernet0": {},
        "Ethernet0|10.0.0.0/31": {},
        "Ethernet4": {},
        "Ethernet4|10.0.0.2/31": {},
        "Ethernet8": {},
        "Ethernet8|10.0.0.4/31": {},
        "Ethernet12": {},
        "Ethernet12|10.0.0.6/31": {},
        "Ethernet16": {},
        "Ethernet16|10.0.0.8/31": {},
        "Ethernet20": {},
        "Ethernet20|10.0.0.10/31": {},
        "Ethernet24": {},
        "Ethernet24|10.0.0.12/31": {},
        "Ethernet28": {},
        "Ethernet28|10.0.0.14/31": {},
        "Ethernet32": {},
        "Ethernet32|10.0.0.16/31": {},
        "Ethernet36": {},
        "Ethernet36|10.0.0.18/31": {},
        "Ethernet40": {},
        "Ethernet40|10.0.0.20/31": {},
        "Ethernet44": {},
        "Ethernet44|10.0.0.22/31": {},
        "Ethernet48": {},
        "Ethernet48|10.0.0.24/31": {},
        "Ethernet52": {},
        "Ethernet52|10.0.0.26/31": {},
        "Ethernet56": {},
        "Ethernet56|10.0.0.28/31": {},
        "Ethernet60": {},
        "Ethernet60|10.0.0.30/31": {},
        "Ethernet64": {},
        "Ethernet64|10.0.0.32/31": {},
        "Ethernet68": {},
        "Ethernet68|10.0.0.34/31": {},
        "Ethernet72": {},
        "Ethernet72|10.0.0.36/31": {},
        "Ethernet76": {},
        "Ethernet76|10.0.0.38/31": {},
        "Ethernet80": {},
        "Ethernet80|10.0.0.40/31": {},
        "Ethernet84": {},
        "Ethernet84|10.0.0.42/31": {},
        "Ethernet88": {},
        "Ethernet88|10.0.0.44/31": {},
        "Ethernet92": {},
        "Ethernet92|10.0.0.46/31": {},
        "Ethernet96": {},
        "Ethernet96|10.0.0.48/31": {},
        "Ethernet100": {},
        "Ethernet100|10.0.0.50/31": {},
        "Ethernet104": {},
        "Ethernet104|10.0.0.52/31": {},
        "Ethernet108": {},
        "Ethernet108|10.0.0.54/31": {},
        "Ethernet112": {},
        "Ethernet112|10.0.0.56/31": {},
        "Ethernet116": {},
        "Ethernet116|10.0.0.58/31": {},
        "Ethernet120": {},
        "Ethernet120|10.0.0.60/31": {},
        "Ethernet124": {},
        "Ethernet124|10.0.0.62/31": {}
    }
}
admin@Spine-S1:~$ Connection to spine-s1 closed by remote host.
Connection to spine-s1 closed.
nh1221@PowerEdge-R810:~$
