
TASK [etcd : Install etcd] *****************************************************
included: /opt/fabric-cache/repos/kubespray/roles/etcd/tasks/install_host.yml for k8s-db-01, k8s-db-02, k8s-db-03
Sunday 13 September 2026  18:43:56 -0500 (0:00:00.534)       1:32:38.383 ******

TASK [etcd : Get currently-deployed etcd version] ******************************
fatal: [k8s-db-01]: FAILED! => {"changed": false, "cmd": "/usr/local/bin/etcd --version", "msg": "[Errno 2] No such file or directory: b'/usr/local/bin/etcd'", "rc": 2, "stderr": "", "stderr_lines": [], "stdout": "", "stdout_lines": []}
...ignoring
fatal: [k8s-db-03]: FAILED! => {"changed": false, "cmd": "/usr/local/bin/etcd --version", "msg": "[Errno 2] No such file or directory: b'/usr/local/bin/etcd'", "rc": 2, "stderr": "", "stderr_lines": [], "stdout": "", "stdout_lines": []}
...ignoring
fatal: [k8s-db-02]: FAILED! => {"changed": false, "cmd": "/usr/local/bin/etcd --version", "msg": "[Errno 2] No such file or directory: b'/usr/local/bin/etcd'", "rc": 2, "stderr": "", "stderr_lines": [], "stdout": "", "stdout_lines": []}
...ignoring
Sunday 13 September 2026  18:44:00 -0500 (0:00:03.603)       1:32:41.986 ******

TASK [etcd : Restart etcd if necessary] ****************************************
changed: [k8s-db-02]
changed: [k8s-db-01]
changed: [k8s-db-03]
Sunday 13 September 2026  18:44:02 -0500 (0:00:02.139)       1:32:44.125 ******
Sunday 13 September 2026  18:44:02 -0500 (0:00:00.132)       1:32:44.257 ******

TASK [etcd : Get currently-deployed etcd version as x.y.z format] **************
ok: [k8s-db-01]
ok: [k8s-db-02]
ok: [k8s-db-03]
Sunday 13 September 2026  18:44:03 -0500 (0:00:00.697)       1:32:44.955 ******
Sunday 13 September 2026  18:44:03 -0500 (0:00:00.225)       1:32:45.180 ******
Sunday 13 September 2026  18:44:04 -0500 (0:00:00.286)       1:32:45.467 ******
Sunday 13 September 2026  18:44:04 -0500 (0:00:00.206)       1:32:45.674 ******
Sunday 13 September 2026  18:44:04 -0500 (0:00:00.190)       1:32:45.864 ******

TASK [etcd : Install | Copy etcd binary from download dir] *********************
changed: [k8s-db-01] => (item=etcd)
changed: [k8s-db-02] => (item=etcd)
changed: [k8s-db-03] => (item=etcd)
Sunday 13 September 2026  18:44:10 -0500 (0:00:05.938)       1:32:51.802 ******
Sunday 13 September 2026  18:44:10 -0500 (0:00:00.363)       1:32:52.166 ******

TASK [etcdctl_etcdutl : Download etcd binary] **********************************
included: /opt/fabric-cache/repos/kubespray/roles/etcdctl_etcdutl/tasks/../../download/tasks/download_file.yml for k8s-db-01, k8s-db-02, k8s-db-03
Sunday 13 September 2026  18:44:11 -0500 (0:00:00.735)       1:32:52.901 ******

TASK [etcdctl_etcdutl : Prep_download | Set a few facts] ***********************
ok: [k8s-db-01]
ok: [k8s-db-02]
ok: [k8s-db-03]
Sunday 13 September 2026  18:44:14 -0500 (0:00:02.771)       1:32:55.673 ******

TASK [etcdctl_etcdutl : Download_file | Show url of file to download] **********
ok: [k8s-db-01] => {
    "msg": "http://172.16.2.1:8080/etcd-v3.5.17-linux-amd64.tar.gz"
}
ok: [k8s-db-02] => {
    "msg": "http://172.16.2.1:8080/etcd-v3.5.17-linux-amd64.tar.gz"
}
ok: [k8s-db-03] => {
    "msg": "http://172.16.2.1:8080/etcd-v3.5.17-linux-amd64.tar.gz"
}
Sunday 13 September 2026  18:44:17 -0500 (0:00:03.735)       1:32:59.409 ******

TASK [etcdctl_etcdutl : Download_file | Set pathname of cached file] ***********
ok: [k8s-db-02]
ok: [k8s-db-01]
ok: [k8s-db-03]
Sunday 13 September 2026  18:44:21 -0500 (0:00:03.507)       1:33:02.916 ******

TASK [etcdctl_etcdutl : Download_file | Create dest directory on node] *********
ok: [k8s-db-02]
ok: [k8s-db-03]
ok: [k8s-db-01]
Sunday 13 September 2026  18:44:28 -0500 (0:00:07.082)       1:33:09.999 ******
Sunday 13 September 2026  18:44:28 -0500 (0:00:00.058)       1:33:10.058 ******
Sunday 13 September 2026  18:44:28 -0500 (0:00:00.068)       1:33:10.126 ******

TASK [etcdctl_etcdutl : Download_file | Download item] *************************
ok: [k8s-db-01]
ok: [k8s-db-03]
ok: [k8s-db-02]
Sunday 13 September 2026  18:44:41 -0500 (0:00:13.194)       1:33:23.321 ******
Sunday 13 September 2026  18:44:42 -0500 (0:00:00.182)       1:33:23.503 ******
Sunday 13 September 2026  18:44:42 -0500 (0:00:00.152)       1:33:23.656 ******
Sunday 13 September 2026  18:44:42 -0500 (0:00:00.173)       1:33:23.829 ******

TASK [etcdctl_etcdutl : Download_file | Extract file archives] *****************
included: /opt/fabric-cache/repos/kubespray/roles/download/tasks/extract_file.yml for k8s-db-01, k8s-db-02, k8s-db-03
Sunday 13 September 2026  18:44:42 -0500 (0:00:00.276)       1:33:24.105 ******

TASK [etcdctl_etcdutl : Extract_file | Unpacking archive] **********************
ok: [k8s-db-01]
ok: [k8s-db-03]
ok: [k8s-db-02]
Sunday 13 September 2026  18:44:57 -0500 (0:00:14.878)       1:33:38.984 ******

TASK [etcdctl_etcdutl : Copy etcd binary] **************************************
changed: [k8s-db-01]
changed: [k8s-db-03]
changed: [k8s-db-02]
Sunday 13 September 2026  18:45:10 -0500 (0:00:13.413)       1:33:52.398 ******

TASK [etcdctl_etcdutl : Copy etcdctl and etcdutl binary from download dir] *****
changed: [k8s-db-03] => (item=etcdctl)
changed: [k8s-db-02] => (item=etcdctl)
changed: [k8s-db-01] => (item=etcdctl)
changed: [k8s-db-03] => (item=etcdutl)
changed: [k8s-db-02] => (item=etcdutl)
changed: [k8s-db-01] => (item=etcdutl)
Sunday 13 September 2026  18:45:24 -0500 (0:00:13.977)       1:34:06.376 ******

TASK [etcdctl_etcdutl : Create etcdctl wrapper script] *************************
changed: [k8s-db-02]
changed: [k8s-db-01]
changed: [k8s-db-03]
Sunday 13 September 2026  18:45:36 -0500 (0:00:11.055)       1:34:17.431 ******

TASK [etcd : Configure etcd] ***************************************************
included: /opt/fabric-cache/repos/kubespray/roles/etcd/tasks/configure.yml for k8s-db-01, k8s-db-02, k8s-db-03
Sunday 13 September 2026  18:45:36 -0500 (0:00:00.479)       1:34:17.911 ******

TASK [etcd : Configure | Check if etcd cluster is healthy] *********************
ok: [k8s-db-01]
Sunday 13 September 2026  18:45:46 -0500 (0:00:09.980)       1:34:27.892 ******
Sunday 13 September 2026  18:45:46 -0500 (0:00:00.049)       1:34:27.941 ******

TASK [etcd : Configure | Refresh etcd config] **********************************
included: /opt/fabric-cache/repos/kubespray/roles/etcd/tasks/refresh_config.yml for k8s-db-01, k8s-db-02, k8s-db-03
Sunday 13 September 2026  18:45:46 -0500 (0:00:00.196)       1:34:28.138 ******

TASK [etcd : Refresh config | Create etcd config file] *************************
changed: [k8s-db-03]
changed: [k8s-db-01]
changed: [k8s-db-02]
Sunday 13 September 2026  18:46:00 -0500 (0:00:13.523)       1:34:41.661 ******
Sunday 13 September 2026  18:46:00 -0500 (0:00:00.188)       1:34:41.850 ******

TASK [etcd : Configure | Copy etcd.service systemd file] ***********************
changed: [k8s-db-03]
changed: [k8s-db-01]
changed: [k8s-db-02]
Sunday 13 September 2026  18:46:11 -0500 (0:00:10.907)       1:34:52.758 ******
Sunday 13 September 2026  18:46:11 -0500 (0:00:00.219)       1:34:52.978 ******

TASK [etcd : Configure | reload systemd] ***************************************
ok: [k8s-db-02]
ok: [k8s-db-01]
ok: [k8s-db-03]
Sunday 13 September 2026  18:46:15 -0500 (0:00:03.849)       1:34:56.828 ******

TASK [etcd : Configure | Ensure etcd is running] *******************************
changed: [k8s-db-03]
changed: [k8s-db-01]
fatal: [k8s-db-02]: FAILED! => {"changed": false, "msg": "Unable to start service etcd: Job for etcd.service failed because a timeout was exceeded.\nSee \"systemctl status etcd.service\" and \"journalctl -xeu etcd.service\" for details.\n"}
Sunday 13 September 2026  18:48:01 -0500 (0:01:46.539)       1:36:43.368 ******
Sunday 13 September 2026  18:48:02 -0500 (0:00:00.086)       1:36:43.454 ******

TASK [etcd : Configure | Wait for etcd cluster to be healthy] ******************
ok: [k8s-db-01]
Sunday 13 September 2026  18:48:06 -0500 (0:00:04.621)       1:36:48.076 ******
Sunday 13 September 2026  18:48:06 -0500 (0:00:00.049)       1:36:48.126 ******

TASK [etcd : Configure | Check if member is in etcd cluster] *******************
ok: [k8s-db-01]
ok: [k8s-db-03]
Sunday 13 September 2026  18:48:09 -0500 (0:00:02.886)       1:36:51.013 ******
Sunday 13 September 2026  18:48:09 -0500 (0:00:00.082)       1:36:51.095 ******
Sunday 13 September 2026  18:48:09 -0500 (0:00:00.277)       1:36:51.373 ******
Sunday 13 September 2026  18:48:10 -0500 (0:00:00.116)       1:36:51.489 ******

TASK [etcd : Refresh etcd config] **********************************************
included: /opt/fabric-cache/repos/kubespray/roles/etcd/tasks/refresh_config.yml for k8s-db-01, k8s-db-03
Sunday 13 September 2026  18:48:10 -0500 (0:00:00.250)       1:36:51.740 ******

TASK [etcd : Refresh config | Create etcd config file] *************************
changed: [k8s-db-01]
changed: [k8s-db-03]
Sunday 13 September 2026  18:48:21 -0500 (0:00:11.403)       1:37:03.143 ******
Sunday 13 September 2026  18:48:21 -0500 (0:00:00.089)       1:37:03.233 ******
Sunday 13 September 2026  18:48:22 -0500 (0:00:00.286)       1:37:03.520 ******
Sunday 13 September 2026  18:48:22 -0500 (0:00:00.278)       1:37:03.799 ******

TASK [etcd : Refresh etcd config again for idempotency] ************************
included: /opt/fabric-cache/repos/kubespray/roles/etcd/tasks/refresh_config.yml for k8s-db-01, k8s-db-03
Sunday 13 September 2026  18:48:22 -0500 (0:00:00.413)       1:37:04.212 ******

TASK [etcd : Refresh config | Create etcd config file] *************************
ok: [k8s-db-03]
ok: [k8s-db-01]
Sunday 13 September 2026  18:48:31 -0500 (0:00:08.650)       1:37:12.863 ******
Sunday 13 September 2026  18:48:31 -0500 (0:00:00.242)       1:37:13.106 ******

RUNNING HANDLER [etcd : Refresh Time Fact] *************************************
ok: [k8s-db-03]
ok: [k8s-db-01]
Sunday 13 September 2026  18:48:36 -0500 (0:00:05.252)       1:37:18.359 ******

RUNNING HANDLER [etcd : Set Backup Directory] **********************************
ok: [k8s-db-01]
ok: [k8s-db-03]
Sunday 13 September 2026  18:48:37 -0500 (0:00:00.340)       1:37:18.700 ******

RUNNING HANDLER [etcd : Create Backup Directory] *******************************
changed: [k8s-db-01]
changed: [k8s-db-03]
Sunday 13 September 2026  18:48:39 -0500 (0:00:01.823)       1:37:20.523 ******

RUNNING HANDLER [etcd : Stat etcd v2 data directory] ***************************
ok: [k8s-db-01]
ok: [k8s-db-03]
Sunday 13 September 2026  18:48:41 -0500 (0:00:01.982)       1:37:22.506 ******

RUNNING HANDLER [etcd : Backup etcd v2 data] ***********************************
changed: [k8s-db-01]
changed: [k8s-db-03]
Sunday 13 September 2026  18:48:43 -0500 (0:00:02.156)       1:37:24.662 ******

RUNNING HANDLER [etcd : Backup etcd v3 data] ***********************************
changed: [k8s-db-01]
changed: [k8s-db-03]
Sunday 13 September 2026  18:48:46 -0500 (0:00:02.790)       1:37:27.452 ******

RUNNING HANDLER [etcd : Restart etcd] ******************************************
changed: [k8s-db-01]
changed: [k8s-db-03]
Sunday 13 September 2026  18:48:59 -0500 (0:00:12.976)       1:37:40.428 ******

RUNNING HANDLER [etcd : Wait for etcd up] **************************************
ok: [k8s-db-01]
ok: [k8s-db-03]
Sunday 13 September 2026  18:49:10 -0500 (0:00:11.973)       1:37:52.402 ******
Sunday 13 September 2026  18:49:11 -0500 (0:00:00.213)       1:37:52.616 ******
Sunday 13 September 2026  18:49:11 -0500 (0:00:00.340)       1:37:52.957 ******

RUNNING HANDLER [etcd : Set etcd_secret_changed] *******************************
ok: [k8s-db-01]

PLAY [Install Kubernetes nodes] ************************************************
Sunday 13 September 2026  18:49:12 -0500 (0:00:01.186)       1:37:54.143 ******
Sunday 13 September 2026  18:49:13 -0500 (0:00:00.798)       1:37:54.941 ******
Sunday 13 September 2026  18:49:14 -0500 (0:00:00.966)       1:37:55.908 ******
Sunday 13 September 2026  18:49:15 -0500 (0:00:00.894)       1:37:56.802 ******
Sunday 13 September 2026  18:49:16 -0500 (0:00:00.815)       1:37:57.617 ******

TASK [kubernetes/node : Set kubelet_cgroup_driver_detected fact for containerd] ***
ok: [k8s-master-01]
ok: [k8s-master-02]
ok: [k8s-master-03]
ok: [k8s-db-01]
ok: [k8s-db-03]
ok: [osh-ctrl-01]
ok: [osh-ctrl-02]
ok: [osh-ctrl-03]
ok: [osh-net-01]
ok: [osh-net-02]
ok: [MonSrv]
ok: [osh-comp-01]
ok: [osh-comp-02]
ok: [osh-comp-03]
ok: [osh-comp-04]
Sunday 13 September 2026  18:49:19 -0500 (0:00:03.344)       1:38:00.962 ******

TASK [kubernetes/node : Set kubelet_cgroup_driver] *****************************
ok: [k8s-master-01]
ok: [k8s-master-02]
ok: [k8s-master-03]
ok: [k8s-db-01]
ok: [k8s-db-03]
ok: [osh-ctrl-01]
ok: [osh-ctrl-02]
ok: [osh-ctrl-03]
ok: [osh-net-01]
ok: [osh-net-02]
ok: [MonSrv]
ok: [osh-comp-01]
ok: [osh-comp-02]
ok: [osh-comp-03]
ok: [osh-comp-04]
Sunday 13 September 2026  18:49:23 -0500 (0:00:03.683)       1:38:04.645 ******
Sunday 13 September 2026  18:49:24 -0500 (0:00:00.906)       1:38:05.552 ******
Sunday 13 September 2026  18:49:25 -0500 (0:00:01.002)       1:38:06.554 ******
Sunday 13 September 2026  18:49:27 -0500 (0:00:01.904)       1:38:08.459 ******

TASK [kubernetes/node : Ensure /var/lib/cni exists] ****************************
changed: [k8s-db-03]
changed: [k8s-db-01]
changed: [k8s-master-01]
changed: [k8s-master-02]
changed: [k8s-master-03]
changed: [osh-ctrl-03]
changed: [osh-net-01]
changed: [osh-ctrl-01]
changed: [osh-ctrl-02]
changed: [osh-net-02]
changed: [osh-comp-01]
changed: [osh-comp-02]
changed: [MonSrv]
changed: [osh-comp-03]
changed: [osh-comp-04]
Sunday 13 September 2026  18:49:38 -0500 (0:00:11.095)       1:38:19.555 ******

TASK [kubernetes/node : Install | Copy kubeadm binary from download dir] *******
changed: [osh-ctrl-01]
changed: [k8s-db-03]
changed: [k8s-db-01]
changed: [osh-ctrl-02]
changed: [osh-ctrl-03]
changed: [osh-net-01]
changed: [MonSrv]
changed: [osh-comp-01]
changed: [osh-comp-02]
changed: [osh-net-02]
changed: [osh-comp-03]
changed: [osh-comp-04]
Sunday 13 September 2026  18:50:22 -0500 (0:00:44.718)       1:39:04.273 ******

TASK [kubernetes/node : Install | Copy kubelet binary from download dir] *******
changed: [k8s-master-01]
changed: [k8s-master-02]
changed: [k8s-db-03]
changed: [k8s-master-03]
changed: [k8s-db-01]
changed: [osh-net-01]
changed: [osh-ctrl-01]
changed: [osh-ctrl-02]
changed: [osh-ctrl-03]
changed: [osh-net-02]
changed: [MonSrv]
changed: [osh-comp-01]
changed: [osh-comp-02]
changed: [osh-comp-03]
changed: [osh-comp-04]
Sunday 13 September 2026  18:51:09 -0500 (0:00:46.347)       1:39:50.621 ******
Sunday 13 September 2026  18:51:09 -0500 (0:00:00.745)       1:39:51.367 ******
Sunday 13 September 2026  18:51:10 -0500 (0:00:00.695)       1:39:52.063 ******
Sunday 13 September 2026  18:51:11 -0500 (0:00:00.929)       1:39:52.992 ******
Sunday 13 September 2026  18:51:12 -0500 (0:00:01.050)       1:39:54.043 ******
Sunday 13 September 2026  18:51:13 -0500 (0:00:00.764)       1:39:54.807 ******
Sunday 13 September 2026  18:51:14 -0500 (0:00:00.848)       1:39:55.656 ******
Sunday 13 September 2026  18:51:15 -0500 (0:00:00.780)       1:39:56.436 ******

TASK [kubernetes/node : Haproxy | Cleanup potentially deployed haproxy] ********
ok: [k8s-db-03]
ok: [osh-ctrl-03]
ok: [k8s-db-01]
ok: [osh-ctrl-01]
ok: [osh-ctrl-02]
ok: [osh-net-01]
ok: [MonSrv]
ok: [osh-comp-01]
ok: [osh-comp-02]
ok: [osh-net-02]
ok: [osh-comp-03]
ok: [osh-comp-04]
Sunday 13 September 2026  18:51:23 -0500 (0:00:08.913)       1:40:05.350 ******

TASK [kubernetes/node : Nginx-proxy | Make nginx directory] ********************
changed: [k8s-db-01]
changed: [k8s-db-03]
changed: [osh-ctrl-01]
changed: [osh-ctrl-02]
changed: [osh-ctrl-03]
changed: [osh-net-02]
changed: [osh-net-01]
changed: [MonSrv]
changed: [osh-comp-01]
changed: [osh-comp-02]
changed: [osh-comp-03]
changed: [osh-comp-04]
Sunday 13 September 2026  18:51:32 -0500 (0:00:08.243)       1:40:13.594 ******

TASK [kubernetes/node : Nginx-proxy | Write nginx-proxy configuration] *********
changed: [k8s-db-03]
changed: [osh-ctrl-01]
changed: [osh-ctrl-03]
changed: [osh-ctrl-02]
changed: [k8s-db-01]
changed: [MonSrv]
changed: [osh-net-01]
changed: [osh-net-02]
changed: [osh-comp-01]
changed: [osh-comp-02]
changed: [osh-comp-03]
changed: [osh-comp-04]
Sunday 13 September 2026  18:52:14 -0500 (0:00:41.907)       1:40:55.501 ******

TASK [kubernetes/node : Nginx-proxy | Write static pod] ************************
changed: [k8s-db-03]
changed: [osh-ctrl-02]
changed: [osh-ctrl-03]
changed: [k8s-db-01]
changed: [osh-ctrl-01]
changed: [osh-net-01]
changed: [osh-net-02]
changed: [MonSrv]
changed: [osh-comp-02]
changed: [osh-comp-01]
changed: [osh-comp-03]
changed: [osh-comp-04]
Sunday 13 September 2026  18:52:50 -0500 (0:00:36.369)       1:41:31.871 ******
Sunday 13 September 2026  18:52:52 -0500 (0:00:01.811)       1:41:33.682 ******
Sunday 13 September 2026  18:52:54 -0500 (0:00:02.486)       1:41:36.169 ******
Sunday 13 September 2026  18:52:57 -0500 (0:00:02.306)       1:41:38.475 ******
Sunday 13 September 2026  18:52:59 -0500 (0:00:02.596)       1:41:41.072 ******

TASK [kubernetes/node : Ensure nodePort range is reserved] *********************
changed: [k8s-master-02]
changed: [k8s-master-01]
changed: [k8s-db-03]
changed: [k8s-db-01]
changed: [k8s-master-03]
changed: [osh-ctrl-01]
changed: [osh-ctrl-02]
changed: [osh-ctrl-03]
changed: [osh-net-01]
changed: [osh-net-02]
changed: [MonSrv]
changed: [osh-comp-01]
changed: [osh-comp-03]
changed: [osh-comp-02]
changed: [osh-comp-04]
Sunday 13 September 2026  18:53:13 -0500 (0:00:13.954)       1:41:55.026 ******

TASK [kubernetes/node : Verify if br_netfilter module exists] ******************
ok: [k8s-master-01]
ok: [k8s-master-02]
ok: [k8s-master-03]
ok: [k8s-db-01]
ok: [k8s-db-03]
ok: [osh-ctrl-01]
ok: [osh-ctrl-02]
ok: [osh-ctrl-03]
ok: [osh-net-01]
ok: [osh-net-02]
ok: [MonSrv]
ok: [osh-comp-01]
ok: [osh-comp-02]
ok: [osh-comp-03]
ok: [osh-comp-04]
Sunday 13 September 2026  18:53:22 -0500 (0:00:08.952)       1:42:03.978 ******

TASK [kubernetes/node : Verify br_netfilter module path exists] ****************
ok: [k8s-master-01] => (item=/etc/modules-load.d)
ok: [k8s-master-02] => (item=/etc/modules-load.d)
ok: [k8s-master-03] => (item=/etc/modules-load.d)
ok: [k8s-db-01] => (item=/etc/modules-load.d)
ok: [k8s-db-03] => (item=/etc/modules-load.d)
ok: [k8s-master-01] => (item=/etc/modprobe.d)
ok: [k8s-master-02] => (item=/etc/modprobe.d)
ok: [k8s-master-03] => (item=/etc/modprobe.d)
ok: [k8s-db-01] => (item=/etc/modprobe.d)
ok: [k8s-db-03] => (item=/etc/modprobe.d)
ok: [osh-ctrl-03] => (item=/etc/modules-load.d)
ok: [osh-ctrl-02] => (item=/etc/modules-load.d)
ok: [osh-ctrl-01] => (item=/etc/modules-load.d)
ok: [osh-net-01] => (item=/etc/modules-load.d)
ok: [osh-ctrl-03] => (item=/etc/modprobe.d)
ok: [osh-ctrl-02] => (item=/etc/modprobe.d)
ok: [osh-ctrl-01] => (item=/etc/modprobe.d)
ok: [osh-net-02] => (item=/etc/modules-load.d)
ok: [osh-net-01] => (item=/etc/modprobe.d)
ok: [osh-comp-01] => (item=/etc/modules-load.d)
ok: [MonSrv] => (item=/etc/modules-load.d)
ok: [osh-comp-02] => (item=/etc/modules-load.d)
ok: [osh-net-02] => (item=/etc/modprobe.d)
ok: [osh-comp-03] => (item=/etc/modules-load.d)
ok: [MonSrv] => (item=/etc/modprobe.d)
ok: [osh-comp-02] => (item=/etc/modprobe.d)
ok: [osh-comp-01] => (item=/etc/modprobe.d)
ok: [osh-comp-04] => (item=/etc/modules-load.d)
ok: [osh-comp-03] => (item=/etc/modprobe.d)
ok: [osh-comp-04] => (item=/etc/modprobe.d)
Sunday 13 September 2026  18:53:40 -0500 (0:00:17.744)       1:42:21.722 ******

TASK [kubernetes/node : Enable br_netfilter module] ****************************
ok: [k8s-master-01]
ok: [k8s-master-02]
ok: [k8s-db-03]
ok: [k8s-master-03]
ok: [k8s-db-01]
ok: [osh-ctrl-03]
ok: [osh-net-01]
ok: [osh-ctrl-01]
ok: [osh-net-02]
ok: [osh-ctrl-02]
ok: [osh-comp-02]
ok: [MonSrv]
ok: [osh-comp-03]
ok: [osh-comp-01]
ok: [osh-comp-04]
Sunday 13 September 2026  18:53:50 -0500 (0:00:10.340)       1:42:32.063 ******

TASK [kubernetes/node : Persist br_netfilter module] ***************************
changed: [k8s-master-02]
changed: [k8s-master-03]
changed: [k8s-master-01]
changed: [k8s-db-01]
changed: [k8s-db-03]
changed: [osh-net-01]
changed: [osh-ctrl-03]
changed: [osh-ctrl-02]
changed: [osh-net-02]
changed: [osh-ctrl-01]
changed: [MonSrv]
changed: [osh-comp-02]
changed: [osh-comp-01]
changed: [osh-comp-03]
changed: [osh-comp-04]
Sunday 13 September 2026  18:54:31 -0500 (0:00:40.400)       1:43:12.464 ******

TASK [kubernetes/node : Check if bridge-nf-call-iptables key exists] ***********
ok: [k8s-master-02]
ok: [k8s-db-03]
ok: [k8s-master-03]
ok: [k8s-db-01]
ok: [k8s-master-01]
ok: [osh-ctrl-01]
ok: [osh-ctrl-02]
ok: [osh-ctrl-03]
ok: [osh-net-01]
ok: [MonSrv]
ok: [osh-net-02]
ok: [osh-comp-01]
ok: [osh-comp-02]
ok: [osh-comp-03]
ok: [osh-comp-04]
Sunday 13 September 2026  18:54:41 -0500 (0:00:10.601)       1:43:23.065 ******

TASK [kubernetes/node : Enable bridge-nf-call tables] **************************
changed: [k8s-master-02] => (item=net.bridge.bridge-nf-call-iptables)
changed: [k8s-master-01] => (item=net.bridge.bridge-nf-call-iptables)
changed: [k8s-master-03] => (item=net.bridge.bridge-nf-call-iptables)
changed: [k8s-db-01] => (item=net.bridge.bridge-nf-call-iptables)
changed: [k8s-db-03] => (item=net.bridge.bridge-nf-call-iptables)
changed: [k8s-master-02] => (item=net.bridge.bridge-nf-call-arptables)
changed: [k8s-master-03] => (item=net.bridge.bridge-nf-call-arptables)
changed: [k8s-master-01] => (item=net.bridge.bridge-nf-call-arptables)
changed: [k8s-db-01] => (item=net.bridge.bridge-nf-call-arptables)
changed: [k8s-db-03] => (item=net.bridge.bridge-nf-call-arptables)
changed: [k8s-master-02] => (item=net.bridge.bridge-nf-call-ip6tables)
changed: [k8s-master-03] => (item=net.bridge.bridge-nf-call-ip6tables)
changed: [k8s-master-01] => (item=net.bridge.bridge-nf-call-ip6tables)
changed: [k8s-db-01] => (item=net.bridge.bridge-nf-call-ip6tables)
changed: [k8s-db-03] => (item=net.bridge.bridge-nf-call-ip6tables)
changed: [osh-ctrl-03] => (item=net.bridge.bridge-nf-call-iptables)
changed: [osh-ctrl-01] => (item=net.bridge.bridge-nf-call-iptables)
changed: [osh-ctrl-02] => (item=net.bridge.bridge-nf-call-iptables)
changed: [osh-net-01] => (item=net.bridge.bridge-nf-call-iptables)
changed: [osh-net-02] => (item=net.bridge.bridge-nf-call-iptables)
changed: [osh-ctrl-03] => (item=net.bridge.bridge-nf-call-arptables)
changed: [osh-ctrl-01] => (item=net.bridge.bridge-nf-call-arptables)
changed: [osh-ctrl-02] => (item=net.bridge.bridge-nf-call-arptables)
changed: [osh-net-01] => (item=net.bridge.bridge-nf-call-arptables)
changed: [osh-net-02] => (item=net.bridge.bridge-nf-call-arptables)
changed: [osh-ctrl-01] => (item=net.bridge.bridge-nf-call-ip6tables)
changed: [osh-ctrl-03] => (item=net.bridge.bridge-nf-call-ip6tables)
changed: [osh-ctrl-02] => (item=net.bridge.bridge-nf-call-ip6tables)
changed: [osh-net-01] => (item=net.bridge.bridge-nf-call-ip6tables)
changed: [osh-net-02] => (item=net.bridge.bridge-nf-call-ip6tables)
changed: [MonSrv] => (item=net.bridge.bridge-nf-call-iptables)
changed: [osh-comp-01] => (item=net.bridge.bridge-nf-call-iptables)
changed: [osh-comp-02] => (item=net.bridge.bridge-nf-call-iptables)
changed: [osh-comp-03] => (item=net.bridge.bridge-nf-call-iptables)
changed: [osh-comp-04] => (item=net.bridge.bridge-nf-call-iptables)
changed: [MonSrv] => (item=net.bridge.bridge-nf-call-arptables)
changed: [osh-comp-01] => (item=net.bridge.bridge-nf-call-arptables)
changed: [osh-comp-02] => (item=net.bridge.bridge-nf-call-arptables)
changed: [osh-comp-03] => (item=net.bridge.bridge-nf-call-arptables)
changed: [osh-comp-04] => (item=net.bridge.bridge-nf-call-arptables)
changed: [MonSrv] => (item=net.bridge.bridge-nf-call-ip6tables)
changed: [osh-comp-01] => (item=net.bridge.bridge-nf-call-ip6tables)
changed: [osh-comp-02] => (item=net.bridge.bridge-nf-call-ip6tables)
changed: [osh-comp-03] => (item=net.bridge.bridge-nf-call-ip6tables)
changed: [osh-comp-04] => (item=net.bridge.bridge-nf-call-ip6tables)
Sunday 13 September 2026  18:55:06 -0500 (0:00:24.387)       1:43:47.453 ******

TASK [kubernetes/node : Modprobe Kernel Module for IPVS] ***********************
changed: [k8s-master-01] => (item=ip_vs)
changed: [k8s-db-03] => (item=ip_vs)
changed: [k8s-master-03] => (item=ip_vs)
changed: [k8s-db-01] => (item=ip_vs)
changed: [k8s-master-02] => (item=ip_vs)
changed: [k8s-master-01] => (item=ip_vs_rr)
changed: [k8s-db-03] => (item=ip_vs_rr)
changed: [k8s-master-03] => (item=ip_vs_rr)
changed: [k8s-master-02] => (item=ip_vs_rr)
changed: [k8s-db-01] => (item=ip_vs_rr)
changed: [k8s-master-01] => (item=ip_vs_wrr)
changed: [k8s-db-03] => (item=ip_vs_wrr)
changed: [k8s-master-03] => (item=ip_vs_wrr)
changed: [k8s-master-02] => (item=ip_vs_wrr)
changed: [k8s-db-01] => (item=ip_vs_wrr)
changed: [k8s-master-01] => (item=ip_vs_sh)
changed: [k8s-master-03] => (item=ip_vs_sh)
changed: [k8s-db-03] => (item=ip_vs_sh)
changed: [k8s-master-02] => (item=ip_vs_sh)
changed: [k8s-db-01] => (item=ip_vs_sh)
changed: [k8s-master-03] => (item=ip_vs_wlc)
changed: [k8s-master-01] => (item=ip_vs_wlc)
changed: [k8s-db-03] => (item=ip_vs_wlc)
changed: [k8s-master-02] => (item=ip_vs_wlc)
changed: [k8s-db-01] => (item=ip_vs_wlc)
changed: [k8s-master-01] => (item=ip_vs_lc)
changed: [k8s-master-03] => (item=ip_vs_lc)
changed: [k8s-db-03] => (item=ip_vs_lc)
changed: [k8s-master-02] => (item=ip_vs_lc)
changed: [k8s-db-01] => (item=ip_vs_lc)
changed: [osh-ctrl-01] => (item=ip_vs)
changed: [osh-ctrl-02] => (item=ip_vs)
changed: [osh-ctrl-03] => (item=ip_vs)
changed: [osh-net-01] => (item=ip_vs)
changed: [osh-ctrl-03] => (item=ip_vs_rr)
changed: [osh-ctrl-02] => (item=ip_vs_rr)
changed: [osh-ctrl-01] => (item=ip_vs_rr)
changed: [osh-net-02] => (item=ip_vs)
changed: [osh-net-01] => (item=ip_vs_rr)
changed: [osh-ctrl-03] => (item=ip_vs_wrr)
changed: [osh-ctrl-02] => (item=ip_vs_wrr)
changed: [osh-net-01] => (item=ip_vs_wrr)
changed: [osh-ctrl-01] => (item=ip_vs_wrr)
changed: [osh-net-02] => (item=ip_vs_rr)
changed: [osh-ctrl-03] => (item=ip_vs_sh)
changed: [osh-ctrl-02] => (item=ip_vs_sh)
changed: [osh-net-01] => (item=ip_vs_sh)
changed: [osh-ctrl-01] => (item=ip_vs_sh)
changed: [osh-net-02] => (item=ip_vs_wrr)
changed: [osh-ctrl-03] => (item=ip_vs_wlc)
changed: [osh-ctrl-02] => (item=ip_vs_wlc)
changed: [osh-net-01] => (item=ip_vs_wlc)
changed: [osh-ctrl-01] => (item=ip_vs_wlc)
changed: [osh-ctrl-02] => (item=ip_vs_lc)
changed: [osh-net-02] => (item=ip_vs_sh)
changed: [osh-ctrl-03] => (item=ip_vs_lc)
changed: [osh-net-01] => (item=ip_vs_lc)
changed: [osh-ctrl-01] => (item=ip_vs_lc)
changed: [osh-net-02] => (item=ip_vs_wlc)
changed: [osh-comp-01] => (item=ip_vs)
changed: [osh-net-02] => (item=ip_vs_lc)
changed: [osh-comp-02] => (item=ip_vs)
changed: [osh-comp-03] => (item=ip_vs)
changed: [MonSrv] => (item=ip_vs)
changed: [osh-comp-01] => (item=ip_vs_rr)
changed: [osh-comp-03] => (item=ip_vs_rr)
changed: [osh-comp-02] => (item=ip_vs_rr)
changed: [MonSrv] => (item=ip_vs_rr)
changed: [osh-comp-01] => (item=ip_vs_wrr)
changed: [osh-comp-04] => (item=ip_vs)
changed: [osh-comp-03] => (item=ip_vs_wrr)
changed: [osh-comp-02] => (item=ip_vs_wrr)
changed: [MonSrv] => (item=ip_vs_wrr)
changed: [osh-comp-03] => (item=ip_vs_sh)
changed: [osh-comp-04] => (item=ip_vs_rr)
changed: [osh-comp-01] => (item=ip_vs_sh)
changed: [osh-comp-02] => (item=ip_vs_sh)
changed: [osh-comp-01] => (item=ip_vs_wlc)
changed: [osh-comp-04] => (item=ip_vs_wrr)
changed: [MonSrv] => (item=ip_vs_sh)
changed: [osh-comp-03] => (item=ip_vs_wlc)
changed: [osh-comp-02] => (item=ip_vs_wlc)
changed: [osh-comp-01] => (item=ip_vs_lc)
changed: [osh-comp-04] => (item=ip_vs_sh)
changed: [MonSrv] => (item=ip_vs_wlc)
changed: [osh-comp-03] => (item=ip_vs_lc)
changed: [osh-comp-02] => (item=ip_vs_lc)
changed: [osh-comp-04] => (item=ip_vs_wlc)
changed: [MonSrv] => (item=ip_vs_lc)
changed: [osh-comp-04] => (item=ip_vs_lc)
Sunday 13 September 2026  18:55:54 -0500 (0:00:48.741)       1:44:36.194 ******

TASK [kubernetes/node : Modprobe conntrack module] *****************************
changed: [k8s-master-01] => (item=nf_conntrack)
changed: [k8s-master-02] => (item=nf_conntrack)
changed: [k8s-db-03] => (item=nf_conntrack)
changed: [k8s-master-03] => (item=nf_conntrack)
changed: [k8s-db-01] => (item=nf_conntrack)
changed: [osh-net-01] => (item=nf_conntrack)
changed: [osh-ctrl-02] => (item=nf_conntrack)
changed: [osh-ctrl-01] => (item=nf_conntrack)
changed: [osh-net-02] => (item=nf_conntrack)
changed: [osh-ctrl-03] => (item=nf_conntrack)
changed: [MonSrv] => (item=nf_conntrack)
changed: [osh-comp-03] => (item=nf_conntrack)
changed: [osh-comp-02] => (item=nf_conntrack)
changed: [osh-comp-01] => (item=nf_conntrack)
changed: [osh-comp-04] => (item=nf_conntrack)
Sunday 13 September 2026  18:56:05 -0500 (0:00:10.926)       1:44:47.121 ******
Sunday 13 September 2026  18:56:06 -0500 (0:00:00.942)       1:44:48.064 ******

TASK [kubernetes/node : Set kubelet api version to v1beta1] ********************
ok: [k8s-master-01]
ok: [k8s-master-02]
ok: [k8s-master-03]
ok: [k8s-db-01]
ok: [k8s-db-03]
ok: [osh-ctrl-01]
ok: [osh-ctrl-02]
ok: [osh-ctrl-03]
ok: [osh-net-01]
ok: [osh-net-02]
ok: [MonSrv]
ok: [osh-comp-01]
ok: [osh-comp-02]
ok: [osh-comp-03]
ok: [osh-comp-04]
Sunday 13 September 2026  18:56:09 -0500 (0:00:02.585)       1:44:50.649 ******

TASK [kubernetes/node : Write kubelet environment config file (kubeadm)] *******
changed: [k8s-master-02]
changed: [k8s-master-03]
changed: [k8s-master-01]
changed: [k8s-db-03]
changed: [k8s-db-01]
changed: [osh-ctrl-01]
changed: [osh-ctrl-03]
changed: [osh-ctrl-02]
changed: [osh-net-02]
changed: [osh-net-01]
changed: [MonSrv]
changed: [osh-comp-02]
changed: [osh-comp-01]
changed: [osh-comp-03]
changed: [osh-comp-04]
Sunday 13 September 2026  18:56:52 -0500 (0:00:42.819)       1:45:33.469 ******

TASK [kubernetes/node : Write kubelet config file] *****************************
changed: [k8s-db-01]
changed: [k8s-master-01]
changed: [k8s-master-03]
changed: [k8s-master-02]
changed: [k8s-db-03]
changed: [osh-ctrl-03]
changed: [osh-ctrl-02]
changed: [osh-ctrl-01]
changed: [osh-net-01]
changed: [osh-net-02]
changed: [MonSrv]
changed: [osh-comp-01]
changed: [osh-comp-03]
changed: [osh-comp-04]
changed: [osh-comp-02]
Sunday 13 September 2026  18:57:37 -0500 (0:00:45.771)       1:46:19.241 ******

TASK [kubernetes/node : Write kubelet systemd init file] ***********************
changed: [k8s-master-02]
changed: [k8s-master-01]
changed: [k8s-db-03]
changed: [k8s-db-01]
changed: [k8s-master-03]
changed: [osh-ctrl-01]
changed: [osh-ctrl-02]
changed: [osh-net-01]
changed: [osh-ctrl-03]
changed: [osh-net-02]
changed: [MonSrv]
changed: [osh-comp-03]
changed: [osh-comp-01]
changed: [osh-comp-02]
changed: [osh-comp-04]
Sunday 13 September 2026  18:58:23 -0500 (0:00:46.134)       1:47:05.375 ******
Sunday 13 September 2026  18:58:23 -0500 (0:00:00.018)       1:47:05.394 ******
Sunday 13 September 2026  18:58:24 -0500 (0:00:00.023)       1:47:05.417 ******
Sunday 13 September 2026  18:58:24 -0500 (0:00:00.022)       1:47:05.440 ******
Sunday 13 September 2026  18:58:24 -0500 (0:00:00.023)       1:47:05.463 ******
Sunday 13 September 2026  18:58:24 -0500 (0:00:00.023)       1:47:05.487 ******
Sunday 13 September 2026  18:58:24 -0500 (0:00:00.024)       1:47:05.511 ******
Sunday 13 September 2026  18:58:24 -0500 (0:00:00.023)       1:47:05.535 ******
Sunday 13 September 2026  18:58:24 -0500 (0:00:00.022)       1:47:05.558 ******
Sunday 13 September 2026  18:58:24 -0500 (0:00:00.028)       1:47:05.586 ******
Sunday 13 September 2026  18:58:24 -0500 (0:00:00.026)       1:47:05.613 ******
Sunday 13 September 2026  18:58:24 -0500 (0:00:00.024)       1:47:05.638 ******
Sunday 13 September 2026  18:58:24 -0500 (0:00:00.025)       1:47:05.663 ******
Sunday 13 September 2026  18:58:24 -0500 (0:00:00.025)       1:47:05.689 ******
Sunday 13 September 2026  18:58:24 -0500 (0:00:00.026)       1:47:05.715 ******
Sunday 13 September 2026  18:58:24 -0500 (0:00:00.018)       1:47:05.734 ******

RUNNING HANDLER [kubernetes/node : Kubelet | reload systemd] *******************
ok: [k8s-master-01]
ok: [k8s-db-03]
ok: [k8s-master-02]
ok: [k8s-master-03]
ok: [k8s-db-01]
ok: [osh-ctrl-01]
ok: [osh-ctrl-02]
ok: [osh-ctrl-03]
ok: [osh-net-02]
ok: [osh-net-01]
ok: [osh-comp-01]
ok: [MonSrv]
ok: [osh-comp-03]
ok: [osh-comp-02]
ok: [osh-comp-04]
Sunday 13 September 2026  18:58:39 -0500 (0:00:14.690)       1:47:20.424 ******

RUNNING HANDLER [kubernetes/node : Kubelet | restart kubelet] ******************
changed: [k8s-db-03]
changed: [k8s-master-02]
changed: [k8s-master-01]
changed: [k8s-master-03]
changed: [k8s-db-01]
changed: [osh-ctrl-03]
changed: [osh-ctrl-01]
changed: [osh-net-01]
changed: [osh-ctrl-02]
changed: [osh-net-02]
changed: [MonSrv]
changed: [osh-comp-01]
changed: [osh-comp-02]
changed: [osh-comp-03]
changed: [osh-comp-04]
Sunday 13 September 2026  18:58:50 -0500 (0:00:11.864)       1:47:32.288 ******

TASK [kubernetes/node : Enable kubelet] ****************************************
changed: [k8s-master-02]
changed: [k8s-db-03]
changed: [k8s-master-03]
changed: [k8s-db-01]
changed: [k8s-master-01]
changed: [osh-ctrl-02]
changed: [osh-net-01]
changed: [osh-ctrl-01]
changed: [osh-ctrl-03]
changed: [osh-net-02]
changed: [osh-comp-01]
changed: [MonSrv]
changed: [osh-comp-02]
changed: [osh-comp-03]
changed: [osh-comp-04]
Sunday 13 September 2026  18:59:12 -0500 (0:00:21.271)       1:47:53.559 ******

RUNNING HANDLER [kubernetes/node : Kubelet | restart kubelet] ******************
changed: [k8s-master-01]
changed: [k8s-master-02]
changed: [k8s-db-03]
changed: [k8s-master-03]
changed: [k8s-db-01]
changed: [osh-ctrl-03]
changed: [osh-net-01]
changed: [osh-ctrl-01]
changed: [osh-ctrl-02]
changed: [osh-net-02]
changed: [MonSrv]
changed: [osh-comp-02]
changed: [osh-comp-01]
changed: [osh-comp-03]
changed: [osh-comp-04]

PLAY [Install the control plane] ***********************************************
Sunday 13 September 2026  18:59:24 -0500 (0:00:12.112)       1:48:05.672 ******
Sunday 13 September 2026  18:59:24 -0500 (0:00:00.247)       1:48:05.919 ******
[WARNING]: Skipped '/etc/kubernetes/patches' path due to this access issue:
'/etc/kubernetes/patches' is not a directory

TASK [kubernetes/kubeadm_common : Kubeadm | List existing kubeadm patches] *****
ok: [k8s-master-02]
ok: [k8s-master-01]
ok: [k8s-master-03]
Sunday 13 September 2026  18:59:27 -0500 (0:00:02.822)       1:48:08.742 ******
Sunday 13 September 2026  18:59:27 -0500 (0:00:00.096)       1:48:08.838 ******
Sunday 13 September 2026  18:59:27 -0500 (0:00:00.305)       1:48:09.143 ******
Sunday 13 September 2026  18:59:27 -0500 (0:00:00.139)       1:48:09.282 ******
Sunday 13 September 2026  18:59:28 -0500 (0:00:00.358)       1:48:09.641 ******
Sunday 13 September 2026  18:59:28 -0500 (0:00:00.591)       1:48:10.233 ******
Sunday 13 September 2026  18:59:28 -0500 (0:00:00.185)       1:48:10.418 ******
Sunday 13 September 2026  18:59:29 -0500 (0:00:00.341)       1:48:10.760 ******
Sunday 13 September 2026  18:59:29 -0500 (0:00:00.443)       1:48:11.204 ******
Sunday 13 September 2026  18:59:29 -0500 (0:00:00.152)       1:48:11.356 ******
Sunday 13 September 2026  18:59:30 -0500 (0:00:00.160)       1:48:11.516 ******

TASK [kubernetes/control-plane : Create kube-scheduler config] *****************
changed: [k8s-master-03]
changed: [k8s-master-01]
changed: [k8s-master-02]
Sunday 13 September 2026  18:59:52 -0500 (0:00:21.946)       1:48:33.463 ******
Sunday 13 September 2026  18:59:52 -0500 (0:00:00.119)       1:48:33.583 ******
Sunday 13 September 2026  18:59:52 -0500 (0:00:00.100)       1:48:33.683 ******
Sunday 13 September 2026  18:59:52 -0500 (0:00:00.100)       1:48:33.784 ******
Sunday 13 September 2026  18:59:52 -0500 (0:00:00.093)       1:48:33.877 ******
Sunday 13 September 2026  18:59:52 -0500 (0:00:00.163)       1:48:34.040 ******
Sunday 13 September 2026  18:59:52 -0500 (0:00:00.091)       1:48:34.132 ******

TASK [kubernetes/control-plane : Install | Copy kubectl binary from download dir] ***
changed: [k8s-master-01]
changed: [k8s-master-02]
changed: [k8s-master-03]
Sunday 13 September 2026  19:00:01 -0500 (0:00:09.198)       1:48:43.331 ******

TASK [kubernetes/control-plane : Install kubectl bash completion] **************
changed: [k8s-master-03]
changed: [k8s-master-02]
changed: [k8s-master-01]
Sunday 13 September 2026  19:00:04 -0500 (0:00:02.629)       1:48:45.960 ******

TASK [kubernetes/control-plane : Set kubectl bash completion file permissions] ***
changed: [k8s-master-03]
changed: [k8s-master-01]
changed: [k8s-master-02]
Sunday 13 September 2026  19:00:07 -0500 (0:00:02.534)       1:48:48.495 ******
Sunday 13 September 2026  19:00:07 -0500 (0:00:00.359)       1:48:48.854 ******
Sunday 13 September 2026  19:00:07 -0500 (0:00:00.153)       1:48:49.008 ******

TASK [kubernetes/control-plane : Kubeadm | Check if kubeadm has already run] ***
ok: [k8s-master-03]
ok: [k8s-master-02]
ok: [k8s-master-01]
Sunday 13 September 2026  19:00:10 -0500 (0:00:02.841)       1:48:51.849 ******
Sunday 13 September 2026  19:00:10 -0500 (0:00:00.166)       1:48:52.016 ******
Sunday 13 September 2026  19:00:10 -0500 (0:00:00.156)       1:48:52.172 ******

TASK [kubernetes/control-plane : Kubeadm | aggregate all SANs] *****************
ok: [k8s-master-02]
ok: [k8s-master-01]
ok: [k8s-master-03]
Sunday 13 September 2026  19:00:15 -0500 (0:00:04.376)       1:48:56.549 ******

TASK [kubernetes/control-plane : Create audit-policy directory] ****************
changed: [k8s-master-01]
changed: [k8s-master-02]
changed: [k8s-master-03]
Sunday 13 September 2026  19:00:17 -0500 (0:00:02.607)       1:48:59.157 ******

TASK [kubernetes/control-plane : Write api audit policy yaml] ******************
changed: [k8s-master-01]
changed: [k8s-master-03]
changed: [k8s-master-02]
Sunday 13 September 2026  19:00:27 -0500 (0:00:09.442)       1:49:08.599 ******
Sunday 13 September 2026  19:00:27 -0500 (0:00:00.108)       1:49:08.708 ******
Sunday 13 September 2026  19:00:27 -0500 (0:00:00.236)       1:49:08.944 ******
Sunday 13 September 2026  19:00:27 -0500 (0:00:00.125)       1:49:09.070 ******
Sunday 13 September 2026  19:00:27 -0500 (0:00:00.327)       1:49:09.397 ******

TASK [kubernetes/control-plane : Kubeadm | Create kubeadm config] **************
changed: [k8s-master-02]
changed: [k8s-master-01]
changed: [k8s-master-03]
Sunday 13 September 2026  19:00:47 -0500 (0:00:19.952)       1:49:29.350 ******
Sunday 13 September 2026  19:00:48 -0500 (0:00:00.106)       1:49:29.456 ******
Sunday 13 September 2026  19:00:48 -0500 (0:00:00.099)       1:49:29.556 ******
Sunday 13 September 2026  19:00:48 -0500 (0:00:00.095)       1:49:29.652 ******
Sunday 13 September 2026  19:00:50 -0500 (0:00:02.492)       1:49:32.144 ******
Sunday 13 September 2026  19:00:53 -0500 (0:00:02.793)       1:49:34.938 ******
Sunday 13 September 2026  19:00:53 -0500 (0:00:00.162)       1:49:35.100 ******
Sunday 13 September 2026  19:00:53 -0500 (0:00:00.137)       1:49:35.238 ******

TASK [kubernetes/control-plane : Kubeadm | Initialize first control plane node (1st try)] ***
fatal: [k8s-master-01]: FAILED! => {"changed": true, "cmd": ["timeout", "-k", "300s", "300s", "/usr/local/bin/kubeadm", "init", "--config=/etc/kubernetes/kubeadm-config.yaml", "--ignore-preflight-errors=", "--skip-phases=addon/coredns", "--upload-certs"], "delta": "0:01:50.558363", "end": "2026-09-14 02:02:47.729037", "failed_when_result": true, "msg": "non-zero return code", "rc": 1, "start": "2026-09-14 02:00:57.170674", "stderr": "W0914 02:00:57.249457   69268 initconfiguration.go:361] [config] WARNING: Ignored configuration document with GroupVersionKind kubeadm.k8s.io/v1beta4, Kind=UpgradeConfiguration\nW0914 02:00:57.252310   69268 utils.go:69] The recommended value for \"clusterDNS\" in \"KubeletConfiguration\" is: [10.233.0.10]; the provided value is: [169.254.25.10]\n[preflight] Some fatal errors occurred:\n\t[ERROR ExternalEtcdVersion]: this version of kubeadm only supports external etcd version >= 3.5.24-0. Current version: 3.5.17\n\t[ERROR ExternalEtcdVersion]: Get \"https://10.0.20.2:2379/version\": context deadline exceeded (Client.Timeout exceeded while awaiting headers)\n\t[ERROR ExternalEtcdVersion]: Get \"https://10.0.30.2:2379/version\": context deadline exceeded (Client.Timeout exceeded while awaiting headers)\n[preflight] If you know what you are doing, you can make a check non-fatal with `--ignore-preflight-errors=...`\nerror: error execution phase preflight: preflight checks failed\nTo see the stack trace of this error execute with --v=5 or higher", "stderr_lines": ["W0914 02:00:57.249457   69268 initconfiguration.go:361] [config] WARNING: Ignored configuration document with GroupVersionKind kubeadm.k8s.io/v1beta4, Kind=UpgradeConfiguration", "W0914 02:00:57.252310   69268 utils.go:69] The recommended value for \"clusterDNS\" in \"KubeletConfiguration\" is: [10.233.0.10]; the provided value is: [169.254.25.10]", "[preflight] Some fatal errors occurred:", "\t[ERROR ExternalEtcdVersion]: this version of kubeadm only supports external etcd version >= 3.5.24-0. Current version: 3.5.17", "\t[ERROR ExternalEtcdVersion]: Get \"https://10.0.20.2:2379/version\": context deadline exceeded (Client.Timeout exceeded while awaiting headers)", "\t[ERROR ExternalEtcdVersion]: Get \"https://10.0.30.2:2379/version\": context deadline exceeded (Client.Timeout exceeded while awaiting headers)", "[preflight] If you know what you are doing, you can make a check non-fatal with `--ignore-preflight-errors=...`", "error: error execution phase preflight: preflight checks failed", "To see the stack trace of this error execute with --v=5 or higher"], "stdout": "[init] Using Kubernetes version: v1.35.4\n[preflight] Running pre-flight checks", "stdout_lines": ["[init] Using Kubernetes version: v1.35.4", "[preflight] Running pre-flight checks"]}
Sunday 13 September 2026  19:02:48 -0500 (0:01:54.319)       1:51:29.558 ******
Sunday 13 September 2026  19:02:48 -0500 (0:01:54.319)       1:51:29.558 ******
FAILED - RETRYING: [k8s-master-01]: Kubeadm | Initialize first control plane node (retry) (2 retries left).
FAILED - RETRYING: [k8s-master-01]: Kubeadm | Initialize first control plane node (retry) (1 retries left).

TASK [kubernetes/control-plane : Kubeadm | Initialize first control plane node (retry)] ***
fatal: [k8s-master-01]: FAILED! => {"attempts": 2, "changed": true, "cmd": ["timeout", "-k", "300s", "300s", "/usr/local/bin/kubeadm", "init", "--config=/etc/kubernetes/kubeadm-config.yaml", "--ignore-preflight-errors=FileAvailable--etc-kubernetes-manifests-kube-controller-manager.yaml,FileAvailable--etc-kubernetes-manifests-kube-scheduler.yaml,FileAvailable--etc-kubernetes-manifests-kube-apiserver.yaml,Port-10250", "--skip-phases=addon/coredns", "--upload-certs"], "delta": "0:01:50.436695", "end": "2026-09-14 02:08:37.675630", "failed_when_result": true, "msg": "non-zero return code", "rc": 1, "start": "2026-09-14 02:06:47.238935", "stderr": "W0914 02:06:47.316154   69767 initconfiguration.go:361] [config] WARNING: Ignored configuration document with GroupVersionKind kubeadm.k8s.io/v1beta4, Kind=UpgradeConfiguration\nW0914 02:06:47.319712   69767 utils.go:69] The recommended value for \"clusterDNS\" in \"KubeletConfiguration\" is: [10.233.0.10]; the provided value is: [169.254.25.10]\n[preflight] Some fatal errors occurred:\n\t[ERROR ExternalEtcdVersion]: this version of kubeadm only supports external etcd version >= 3.5.24-0. Current version: 3.5.17\n\t[ERROR ExternalEtcdVersion]: Get \"https://10.0.20.2:2379/version\": context deadline exceeded (Client.Timeout exceeded while awaiting headers)\n\t[ERROR ExternalEtcdVersion]: Get \"https://10.0.30.2:2379/version\": context deadline exceeded (Client.Timeout exceeded while awaiting headers)\n[preflight] If you know what you are doing, you can make a check non-fatal with `--ignore-preflight-errors=...`\nerror: error execution phase preflight: preflight checks failed\nTo see the stack trace of this error execute with --v=5 or higher", "stderr_lines": ["W0914 02:06:47.316154   69767 initconfiguration.go:361] [config] WARNING: Ignored configuration document with GroupVersionKind kubeadm.k8s.io/v1beta4, Kind=UpgradeConfiguration", "W0914 02:06:47.319712   69767 utils.go:69] The recommended value for \"clusterDNS\" in \"KubeletConfiguration\" is: [10.233.0.10]; the provided value is: [169.254.25.10]", "[preflight] Some fatal errors occurred:", "\t[ERROR ExternalEtcdVersion]: this version of kubeadm only supports external etcd version >= 3.5.24-0. Current version: 3.5.17", "\t[ERROR ExternalEtcdVersion]: Get \"https://10.0.20.2:2379/version\": context deadline exceeded (Client.Timeout exceeded while awaiting headers)", "\t[ERROR ExternalEtcdVersion]: Get \"https://10.0.30.2:2379/version\": context deadline exceeded (Client.Timeout exceeded while awaiting headers)", "[preflight] If you know what you are doing, you can make a check non-fatal with `--ignore-preflight-errors=...`", "error: error execution phase preflight: preflight checks failed", "To see the stack trace of this error execute with --v=5 or higher"], "stdout": "[init] Using Kubernetes version: v1.35.4\n[preflight] Running pre-flight checks", "stdout_lines": ["[init] Using Kubernetes version: v1.35.4", "[preflight] Running pre-flight checks"]}

PLAY RECAP *********************************************************************
MonSrv                     : ok=380  changed=28   unreachable=0    failed=0    skipped=346  rescued=0    ignored=0
k8s-db-01                  : ok=449  changed=53   unreachable=0    failed=0    skipped=392  rescued=0    ignored=1
k8s-db-02                  : ok=402  changed=27   unreachable=0    failed=1    skipped=352  rescued=0    ignored=1
k8s-db-03                  : ok=442  changed=50   unreachable=0    failed=0    skipped=381  rescued=0    ignored=1
k8s-master-01              : ok=472  changed=41   unreachable=0    failed=1    skipped=496  rescued=1    ignored=0
k8s-master-02              : ok=460  changed=40   unreachable=0    failed=0    skipped=440  rescued=0    ignored=0
k8s-master-03              : ok=460  changed=40   unreachable=0    failed=0    skipped=440  rescued=0    ignored=0
osh-comp-01                : ok=380  changed=28   unreachable=0    failed=0    skipped=346  rescued=0    ignored=0
osh-comp-02                : ok=380  changed=28   unreachable=0    failed=0    skipped=346  rescued=0    ignored=0
osh-comp-03                : ok=380  changed=28   unreachable=0    failed=0    skipped=346  rescued=0    ignored=0
osh-comp-04                : ok=380  changed=28   unreachable=0    failed=0    skipped=346  rescued=0    ignored=0
osh-ctrl-01                : ok=380  changed=28   unreachable=0    failed=0    skipped=346  rescued=0    ignored=0
osh-ctrl-02                : ok=380  changed=28   unreachable=0    failed=0    skipped=346  rescued=0    ignored=0
osh-ctrl-03                : ok=380  changed=28   unreachable=0    failed=0    skipped=346  rescued=0    ignored=0
osh-net-01                 : ok=380  changed=28   unreachable=0    failed=0    skipped=346  rescued=0    ignored=0
osh-net-02                 : ok=380  changed=28   unreachable=0    failed=0    skipped=346  rescued=0    ignored=0

Sunday 13 September 2026  19:08:38 -0500 (0:05:49.931)       1:57:19.489 ******
===============================================================================
kubernetes/control-plane : Kubeadm | Initialize first control plane node (retry) - 349.93s
container-engine/containerd : Containerd | Write hosts.toml file ------ 239.72s
etcd : Gen_certs | Write etcd member/admin and kube_control_plane client certs to other etcd nodes - 190.48s
download : Download | Download files / images ------------------------- 162.76s
kubernetes/control-plane : Kubeadm | Initialize first control plane node (1st try) - 114.32s
etcd : Configure | Ensure etcd is running ----------------------------- 106.54s
download : Download_container | Download image if required ------------- 95.22s
container-engine/crictl : Extract_file | Unpacking archive ------------- 72.08s
container-engine/runc : Download_file | Download item ------------------ 71.43s
container-engine/nerdctl : Extract_file | Unpacking archive ------------ 69.81s
kubernetes/preinstall : Ensure kubelet expected parameters are set ----- 68.37s
container-engine/containerd : Containerd | Create registry directories -- 67.90s
container-engine/containerd : Download_file | Download item ------------ 63.17s
container-engine/nerdctl : Download_file | Download item --------------- 59.82s
container-engine/crictl : Download_file | Download item ---------------- 59.57s
download : Download_container | Download image if required ------------- 56.90s
kubernetes/preinstall : Write Kubespray DNS settings to systemd-resolved -- 55.87s
kubernetes/preinstall : Create kubernetes directories ------------------ 55.59s
download : Download_container | Download image if required ------------- 53.40s
container-engine/containerd : Containerd | Unpack containerd archive --- 49.92s
