admin@Leaf-L1:~$ show interfaces status
  Interface            Lanes    Speed    MTU    FEC      Alias    Vlan    Oper    Admin    Type    Asym PFC
-----------  ---------------  -------  -----  -----  ---------  ------  ------  -------  ------  ----------
  Ethernet0               13      10G   9100    N/A   tenGigE0  routed      up       up     N/A         N/A
  Ethernet1               14      10G   9100    N/A   tenGigE1  routed      up       up     N/A         N/A
  Ethernet2               15      10G   9100    N/A   tenGigE2  routed      up       up     N/A         N/A
  Ethernet3               16      10G   9100    N/A   tenGigE3  routed      up       up     N/A         N/A
  Ethernet4               17      10G   9100    N/A   tenGigE4  routed    down       up     N/A         N/A
  Ethernet5               18      10G   9100    N/A   tenGigE5  routed    down       up     N/A         N/A
  Ethernet6               23      10G   9100    N/A   tenGigE6  routed    down     down     N/A         N/A
  Ethernet7               24      10G   9100    N/A   tenGigE7  routed    down     down     N/A         N/A
  Ethernet8               25      10G   9100    N/A   tenGigE8  routed    down     down     N/A         N/A
  Ethernet9               26      10G   9100    N/A   tenGigE9  routed    down     down     N/A         N/A
 Ethernet10               27      10G   9100    N/A  tenGigE10  routed    down     down     N/A         N/A
 Ethernet11               28      10G   9100    N/A  tenGigE11  routed    down     down     N/A         N/A
 Ethernet12               29      10G   9100    N/A  tenGigE12  routed    down     down     N/A         N/A
 Ethernet13               30      10G   9100    N/A  tenGigE13  routed    down     down     N/A         N/A
 Ethernet14               31      10G   9100    N/A  tenGigE14  routed    down     down     N/A         N/A
 Ethernet15               32      10G   9100    N/A  tenGigE15  routed    down     down     N/A         N/A
 Ethernet16               45      10G   9100    N/A  tenGigE16  routed    down     down     N/A         N/A
 Ethernet17               46      10G   9100    N/A  tenGigE17  routed    down     down     N/A         N/A
 Ethernet18               47      10G   9100    N/A  tenGigE18  routed    down     down     N/A         N/A
 Ethernet19               48      10G   9100    N/A  tenGigE19  routed    down     down     N/A         N/A
 Ethernet20               49      10G   9100    N/A  tenGigE20  routed    down     down     N/A         N/A
 Ethernet21               50      10G   9100    N/A  tenGigE21  routed    down     down     N/A         N/A
 Ethernet22               51      10G   9100    N/A  tenGigE22  routed    down     down     N/A         N/A
 Ethernet23               52      10G   9100    N/A  tenGigE23  routed    down     down     N/A         N/A
 Ethernet24               53      10G   9100    N/A  tenGigE24  routed    down     down     N/A         N/A
 Ethernet25               54      10G   9100    N/A  tenGigE25  routed    down     down     N/A         N/A
 Ethernet26               55      10G   9100    N/A  tenGigE26  routed    down     down     N/A         N/A
 Ethernet27               56      10G   9100    N/A  tenGigE27  routed    down     down     N/A         N/A
 Ethernet28               57      10G   9100    N/A  tenGigE28  routed    down     down     N/A         N/A
 Ethernet29               58      10G   9100    N/A  tenGigE29  routed    down     down     N/A         N/A
 Ethernet30               59      10G   9100    N/A  tenGigE30  routed    down     down     N/A         N/A
 Ethernet31               60      10G   9100    N/A  tenGigE31  routed    down     down     N/A         N/A
 Ethernet32               61      10G   9100    N/A  tenGigE32  routed    down     down     N/A         N/A
 Ethernet33               62      10G   9100    N/A  tenGigE33  routed    down     down     N/A         N/A
 Ethernet34               63      10G   9100    N/A  tenGigE34  routed    down     down     N/A         N/A
 Ethernet35               64      10G   9100    N/A  tenGigE35  routed    down     down     N/A         N/A
 Ethernet36               65      10G   9100    N/A  tenGigE36  routed    down     down     N/A         N/A
 Ethernet37               66      10G   9100    N/A  tenGigE37  routed    down     down     N/A         N/A
 Ethernet38               67      10G   9100    N/A  tenGigE38  routed    down     down     N/A         N/A
 Ethernet39               68      10G   9100    N/A  tenGigE39  routed    down     down     N/A         N/A
 Ethernet40               69      10G   9100    N/A  tenGigE40  routed    down     down     N/A         N/A
 Ethernet41               70      10G   9100    N/A  tenGigE41  routed    down     down     N/A         N/A
 Ethernet42               71      10G   9100    N/A  tenGigE42  routed    down     down     N/A         N/A
 Ethernet43               72      10G   9100    N/A  tenGigE43  routed    down     down     N/A         N/A
 Ethernet44               73      10G   9100    N/A  tenGigE44  routed    down     down     N/A         N/A
 Ethernet45               74      10G   9100    N/A  tenGigE45  routed    down     down     N/A         N/A
 Ethernet46               75      10G   9100    N/A  tenGigE46  routed    down     down     N/A         N/A
 Ethernet47               76      10G   9100    N/A  tenGigE47  routed    down     down     N/A         N/A
 Ethernet48               97      10G   9100    N/A  tenGigE48  routed    down     down     N/A         N/A
 Ethernet49               98      10G   9100    N/A  tenGigE49  routed    down     down     N/A         N/A
 Ethernet50               99      10G   9100    N/A  tenGigE50  routed    down     down     N/A         N/A
 Ethernet51              100      10G   9100    N/A  tenGigE51  routed    down     down     N/A         N/A
 Ethernet52              101      10G   9100    N/A  tenGigE52  routed    down     down     N/A         N/A
 Ethernet53              102      10G   9100    N/A  tenGigE53  routed    down     down     N/A         N/A
 Ethernet54              103      10G   9100    N/A  tenGigE54  routed    down     down     N/A         N/A
 Ethernet55              104      10G   9100    N/A  tenGigE55  routed    down     down     N/A         N/A
 Ethernet56               81      10G   9100    N/A  tenGigE56  routed    down     down     N/A         N/A
 Ethernet57               82      10G   9100    N/A  tenGigE57  routed    down     down     N/A         N/A
 Ethernet58               83      10G   9100    N/A  tenGigE58  routed    down     down     N/A         N/A
 Ethernet59               84      10G   9100    N/A  tenGigE59  routed    down     down     N/A         N/A
 Ethernet60              105      10G   9100    N/A  tenGigE60  routed    down     down     N/A         N/A
 Ethernet61              106      10G   9100    N/A  tenGigE61  routed    down     down     N/A         N/A
 Ethernet62              107      10G   9100    N/A  tenGigE62  routed    down     down     N/A         N/A
 Ethernet63              108      10G   9100    N/A  tenGigE63  routed    down     down     N/A         N/A
 Ethernet64  109,110,111,112      40G   9100    N/A  tenGigE64  routed      up       up     N/A         N/A
 Ethernet68      77,78,79,80      40G   9100    N/A  tenGigE68  routed      up       up     N/A         N/A
admin@Leaf-L1:~$ ip l sh
1: lo: <LOOPBACK,UP,LOWER_UP> mtu 65536 qdisc noqueue state UNKNOWN mode DEFAULT group default qlen 1000
    link/loopback 00:00:00:00:00:00 brd 00:00:00:00:00:00
2: eth0: <BROADCAST,MULTICAST,UP,LOWER_UP> mtu 1500 qdisc fq_codel state UP mode DEFAULT group default qlen 1000
    link/ether 0c:00:b0:25:23:00 brd ff:ff:ff:ff:ff:ff
3: eth1: <BROADCAST,MULTICAST,PROMISC,UP,LOWER_UP> mtu 9122 qdisc fq_codel state UP mode DEFAULT group default qlen 1000
    link/ether aa:c1:ab:49:8d:79 brd ff:ff:ff:ff:ff:ff
4: eth2: <BROADCAST,MULTICAST,PROMISC,UP,LOWER_UP> mtu 9122 qdisc fq_codel state UP mode DEFAULT group default qlen 1000
    link/ether aa:c1:ab:36:b4:b6 brd ff:ff:ff:ff:ff:ff
5: eth3: <BROADCAST,MULTICAST,PROMISC,UP,LOWER_UP> mtu 9122 qdisc fq_codel state UP mode DEFAULT group default qlen 1000
    link/ether aa:c1:ab:c5:0c:fb brd ff:ff:ff:ff:ff:ff
6: eth4: <BROADCAST,MULTICAST,PROMISC,UP,LOWER_UP> mtu 9122 qdisc fq_codel state UP mode DEFAULT group default qlen 1000
    link/ether aa:c1:ab:7b:2b:b7 brd ff:ff:ff:ff:ff:ff
7: eth5: <BROADCAST,MULTICAST> mtu 1500 qdisc noop state DOWN mode DEFAULT group default qlen 1000
    link/ether aa:c1:ab:b5:1e:13 brd ff:ff:ff:ff:ff:ff
8: eth6: <BROADCAST,MULTICAST> mtu 1500 qdisc noop state DOWN mode DEFAULT group default qlen 1000
    link/ether aa:c1:ab:20:56:17 brd ff:ff:ff:ff:ff:ff
9: eth7: <BROADCAST,MULTICAST,PROMISC> mtu 9122 qdisc noop state DOWN mode DEFAULT group default qlen 1000
    link/ether 52:54:00:12:34:56 brd ff:ff:ff:ff:ff:ff
10: eth8: <BROADCAST,MULTICAST,PROMISC> mtu 9122 qdisc noop state DOWN mode DEFAULT group default qlen 1000
    link/ether 52:54:00:12:34:57 brd ff:ff:ff:ff:ff:ff
11: eth9: <BROADCAST,MULTICAST,PROMISC> mtu 9122 qdisc noop state DOWN mode DEFAULT group default qlen 1000
    link/ether 52:54:00:12:34:58 brd ff:ff:ff:ff:ff:ff
12: eth10: <BROADCAST,MULTICAST,PROMISC> mtu 9122 qdisc noop state DOWN mode DEFAULT group default qlen 1000
    link/ether 52:54:00:12:34:59 brd ff:ff:ff:ff:ff:ff
13: eth11: <BROADCAST,MULTICAST,PROMISC> mtu 9122 qdisc noop state DOWN mode DEFAULT group default qlen 1000
    link/ether 52:54:00:12:34:5a brd ff:ff:ff:ff:ff:ff
14: eth12: <BROADCAST,MULTICAST,PROMISC> mtu 9122 qdisc noop state DOWN mode DEFAULT group default qlen 1000
    link/ether 52:54:00:12:34:5b brd ff:ff:ff:ff:ff:ff
15: eth13: <BROADCAST,MULTICAST,PROMISC> mtu 9122 qdisc noop state DOWN mode DEFAULT group default qlen 1000
    link/ether 52:54:00:12:34:5c brd ff:ff:ff:ff:ff:ff
16: eth14: <BROADCAST,MULTICAST,PROMISC> mtu 9122 qdisc noop state DOWN mode DEFAULT group default qlen 1000
    link/ether 52:54:00:12:34:5d brd ff:ff:ff:ff:ff:ff
17: eth15: <BROADCAST,MULTICAST,PROMISC> mtu 9122 qdisc noop state DOWN mode DEFAULT group default qlen 1000
    link/ether 52:54:00:12:34:5e brd ff:ff:ff:ff:ff:ff
18: eth16: <BROADCAST,MULTICAST,PROMISC> mtu 9122 qdisc noop state DOWN mode DEFAULT group default qlen 1000
    link/ether 52:54:00:12:34:5f brd ff:ff:ff:ff:ff:ff
19: eth17: <BROADCAST,MULTICAST,PROMISC> mtu 9122 qdisc noop state DOWN mode DEFAULT group default qlen 1000
    link/ether 52:54:00:12:34:60 brd ff:ff:ff:ff:ff:ff
20: eth18: <BROADCAST,MULTICAST,PROMISC> mtu 9122 qdisc noop state DOWN mode DEFAULT group default qlen 1000
    link/ether 52:54:00:12:34:61 brd ff:ff:ff:ff:ff:ff
21: eth19: <BROADCAST,MULTICAST,PROMISC> mtu 9122 qdisc noop state DOWN mode DEFAULT group default qlen 1000
    link/ether 52:54:00:12:34:62 brd ff:ff:ff:ff:ff:ff
22: eth20: <BROADCAST,MULTICAST,PROMISC> mtu 9122 qdisc noop state DOWN mode DEFAULT group default qlen 1000
    link/ether 52:54:00:12:34:63 brd ff:ff:ff:ff:ff:ff
23: eth21: <BROADCAST,MULTICAST,PROMISC> mtu 9122 qdisc noop state DOWN mode DEFAULT group default qlen 1000
    link/ether 52:54:00:12:34:64 brd ff:ff:ff:ff:ff:ff
24: eth22: <BROADCAST,MULTICAST,PROMISC> mtu 9122 qdisc noop state DOWN mode DEFAULT group default qlen 1000
    link/ether 52:54:00:12:34:65 brd ff:ff:ff:ff:ff:ff
25: eth23: <BROADCAST,MULTICAST,PROMISC> mtu 9122 qdisc noop state DOWN mode DEFAULT group default qlen 1000
    link/ether 52:54:00:12:34:66 brd ff:ff:ff:ff:ff:ff
26: eth24: <BROADCAST,MULTICAST,PROMISC> mtu 9122 qdisc noop state DOWN mode DEFAULT group default qlen 1000
    link/ether 52:54:00:12:34:67 brd ff:ff:ff:ff:ff:ff
27: eth25: <BROADCAST,MULTICAST,PROMISC> mtu 9122 qdisc noop state DOWN mode DEFAULT group default qlen 1000
    link/ether 52:54:00:12:34:68 brd ff:ff:ff:ff:ff:ff
28: eth26: <BROADCAST,MULTICAST,PROMISC> mtu 9122 qdisc noop state DOWN mode DEFAULT group default qlen 1000
    link/ether 52:54:00:12:34:69 brd ff:ff:ff:ff:ff:ff
29: eth27: <BROADCAST,MULTICAST,PROMISC> mtu 9122 qdisc noop state DOWN mode DEFAULT group default qlen 1000
    link/ether 52:54:00:12:34:6a brd ff:ff:ff:ff:ff:ff
30: eth28: <BROADCAST,MULTICAST,PROMISC> mtu 9122 qdisc noop state DOWN mode DEFAULT group default qlen 1000
    link/ether 52:54:00:12:34:6b brd ff:ff:ff:ff:ff:ff
31: eth29: <BROADCAST,MULTICAST,PROMISC> mtu 9122 qdisc noop state DOWN mode DEFAULT group default qlen 1000
    link/ether 52:54:00:12:34:6c brd ff:ff:ff:ff:ff:ff
32: eth30: <BROADCAST,MULTICAST,PROMISC> mtu 9122 qdisc noop state DOWN mode DEFAULT group default qlen 1000
    link/ether 52:54:00:12:34:6d brd ff:ff:ff:ff:ff:ff
33: eth31: <BROADCAST,MULTICAST,PROMISC> mtu 9122 qdisc noop state DOWN mode DEFAULT group default qlen 1000
    link/ether 52:54:00:12:34:6e brd ff:ff:ff:ff:ff:ff
34: eth32: <BROADCAST,MULTICAST,PROMISC> mtu 9122 qdisc noop state DOWN mode DEFAULT group default qlen 1000
    link/ether 52:54:00:12:34:6f brd ff:ff:ff:ff:ff:ff
35: eth33: <BROADCAST,MULTICAST,PROMISC> mtu 9122 qdisc noop state DOWN mode DEFAULT group default qlen 1000
    link/ether 52:54:00:12:34:70 brd ff:ff:ff:ff:ff:ff
36: eth34: <BROADCAST,MULTICAST,PROMISC> mtu 9122 qdisc noop state DOWN mode DEFAULT group default qlen 1000
    link/ether 52:54:00:12:34:71 brd ff:ff:ff:ff:ff:ff
37: eth35: <BROADCAST,MULTICAST,PROMISC> mtu 9122 qdisc noop state DOWN mode DEFAULT group default qlen 1000
    link/ether 52:54:00:12:34:72 brd ff:ff:ff:ff:ff:ff
38: eth36: <BROADCAST,MULTICAST,PROMISC> mtu 9122 qdisc noop state DOWN mode DEFAULT group default qlen 1000
    link/ether 52:54:00:12:34:73 brd ff:ff:ff:ff:ff:ff
39: eth37: <BROADCAST,MULTICAST,PROMISC> mtu 9122 qdisc noop state DOWN mode DEFAULT group default qlen 1000
    link/ether 52:54:00:12:34:74 brd ff:ff:ff:ff:ff:ff
40: eth38: <BROADCAST,MULTICAST,PROMISC> mtu 9122 qdisc noop state DOWN mode DEFAULT group default qlen 1000
    link/ether 52:54:00:12:34:75 brd ff:ff:ff:ff:ff:ff
41: eth39: <BROADCAST,MULTICAST,PROMISC> mtu 9122 qdisc noop state DOWN mode DEFAULT group default qlen 1000
    link/ether 52:54:00:12:34:76 brd ff:ff:ff:ff:ff:ff
42: eth40: <BROADCAST,MULTICAST,PROMISC> mtu 9122 qdisc noop state DOWN mode DEFAULT group default qlen 1000
    link/ether 52:54:00:12:34:77 brd ff:ff:ff:ff:ff:ff
43: eth41: <BROADCAST,MULTICAST,PROMISC> mtu 9122 qdisc noop state DOWN mode DEFAULT group default qlen 1000
    link/ether 52:54:00:12:34:78 brd ff:ff:ff:ff:ff:ff
44: eth42: <BROADCAST,MULTICAST,PROMISC> mtu 9122 qdisc noop state DOWN mode DEFAULT group default qlen 1000
    link/ether 52:54:00:12:34:79 brd ff:ff:ff:ff:ff:ff
45: eth43: <BROADCAST,MULTICAST,PROMISC> mtu 9122 qdisc noop state DOWN mode DEFAULT group default qlen 1000
    link/ether 52:54:00:12:34:7a brd ff:ff:ff:ff:ff:ff
46: eth44: <BROADCAST,MULTICAST,PROMISC> mtu 9122 qdisc noop state DOWN mode DEFAULT group default qlen 1000
    link/ether 52:54:00:12:34:7b brd ff:ff:ff:ff:ff:ff
47: eth45: <BROADCAST,MULTICAST,PROMISC> mtu 9122 qdisc noop state DOWN mode DEFAULT group default qlen 1000
    link/ether 52:54:00:12:34:7c brd ff:ff:ff:ff:ff:ff
48: eth46: <BROADCAST,MULTICAST,PROMISC> mtu 9122 qdisc noop state DOWN mode DEFAULT group default qlen 1000
    link/ether 52:54:00:12:34:7d brd ff:ff:ff:ff:ff:ff
49: eth47: <BROADCAST,MULTICAST,PROMISC> mtu 9122 qdisc noop state DOWN mode DEFAULT group default qlen 1000
    link/ether 52:54:00:12:34:7e brd ff:ff:ff:ff:ff:ff
50: eth48: <BROADCAST,MULTICAST,PROMISC> mtu 9122 qdisc noop state DOWN mode DEFAULT group default qlen 1000
    link/ether 52:54:00:12:34:7f brd ff:ff:ff:ff:ff:ff
51: eth49: <BROADCAST,MULTICAST,PROMISC> mtu 9122 qdisc noop state DOWN mode DEFAULT group default qlen 1000
    link/ether 52:54:00:12:34:80 brd ff:ff:ff:ff:ff:ff
52: eth50: <BROADCAST,MULTICAST,PROMISC> mtu 9122 qdisc noop state DOWN mode DEFAULT group default qlen 1000
    link/ether 52:54:00:12:34:81 brd ff:ff:ff:ff:ff:ff
53: eth51: <BROADCAST,MULTICAST,PROMISC> mtu 9122 qdisc noop state DOWN mode DEFAULT group default qlen 1000
    link/ether 52:54:00:12:34:82 brd ff:ff:ff:ff:ff:ff
54: eth52: <BROADCAST,MULTICAST,PROMISC> mtu 9122 qdisc noop state DOWN mode DEFAULT group default qlen 1000
    link/ether 52:54:00:12:34:83 brd ff:ff:ff:ff:ff:ff
55: eth53: <BROADCAST,MULTICAST,PROMISC> mtu 9122 qdisc noop state DOWN mode DEFAULT group default qlen 1000
    link/ether 52:54:00:12:34:84 brd ff:ff:ff:ff:ff:ff
56: eth54: <BROADCAST,MULTICAST,PROMISC> mtu 9122 qdisc noop state DOWN mode DEFAULT group default qlen 1000
    link/ether 52:54:00:12:34:85 brd ff:ff:ff:ff:ff:ff
57: eth55: <BROADCAST,MULTICAST,PROMISC> mtu 9122 qdisc noop state DOWN mode DEFAULT group default qlen 1000
    link/ether 52:54:00:12:34:86 brd ff:ff:ff:ff:ff:ff
58: eth56: <BROADCAST,MULTICAST,PROMISC> mtu 9122 qdisc noop state DOWN mode DEFAULT group default qlen 1000
    link/ether 52:54:00:12:34:87 brd ff:ff:ff:ff:ff:ff
59: eth57: <BROADCAST,MULTICAST,PROMISC> mtu 9122 qdisc noop state DOWN mode DEFAULT group default qlen 1000
    link/ether 52:54:00:12:34:88 brd ff:ff:ff:ff:ff:ff
60: eth58: <BROADCAST,MULTICAST,PROMISC> mtu 9122 qdisc noop state DOWN mode DEFAULT group default qlen 1000
    link/ether 52:54:00:12:34:89 brd ff:ff:ff:ff:ff:ff
61: eth59: <BROADCAST,MULTICAST,PROMISC> mtu 9122 qdisc noop state DOWN mode DEFAULT group default qlen 1000
    link/ether 52:54:00:12:34:8a brd ff:ff:ff:ff:ff:ff
62: eth60: <BROADCAST,MULTICAST,PROMISC> mtu 9122 qdisc noop state DOWN mode DEFAULT group default qlen 1000
    link/ether 52:54:00:12:34:8b brd ff:ff:ff:ff:ff:ff
63: eth61: <BROADCAST,MULTICAST,PROMISC> mtu 9122 qdisc noop state DOWN mode DEFAULT group default qlen 1000
    link/ether 52:54:00:12:34:8c brd ff:ff:ff:ff:ff:ff
64: eth62: <BROADCAST,MULTICAST,PROMISC> mtu 9122 qdisc noop state DOWN mode DEFAULT group default qlen 1000
    link/ether 52:54:00:12:34:8d brd ff:ff:ff:ff:ff:ff
65: eth63: <BROADCAST,MULTICAST,PROMISC> mtu 9122 qdisc noop state DOWN mode DEFAULT group default qlen 1000
    link/ether 52:54:00:12:34:8e brd ff:ff:ff:ff:ff:ff
66: eth64: <BROADCAST,MULTICAST,PROMISC> mtu 9122 qdisc noop state DOWN mode DEFAULT group default qlen 1000
    link/ether 52:54:00:12:34:8f brd ff:ff:ff:ff:ff:ff
67: eth65: <BROADCAST,MULTICAST,PROMISC,UP,LOWER_UP> mtu 9122 qdisc fq_codel state UP mode DEFAULT group default qlen 1000
    link/ether aa:c1:ab:ce:d5:d5 brd ff:ff:ff:ff:ff:ff
68: eth66: <BROADCAST,MULTICAST> mtu 1500 qdisc noop state DOWN mode DEFAULT group default qlen 1000
    link/ether 52:54:00:12:34:90 brd ff:ff:ff:ff:ff:ff
69: eth67: <BROADCAST,MULTICAST> mtu 1500 qdisc noop state DOWN mode DEFAULT group default qlen 1000
    link/ether 52:54:00:12:34:91 brd ff:ff:ff:ff:ff:ff
70: eth68: <BROADCAST,MULTICAST> mtu 1500 qdisc noop state DOWN mode DEFAULT group default qlen 1000
    link/ether 52:54:00:12:34:92 brd ff:ff:ff:ff:ff:ff
71: eth69: <BROADCAST,MULTICAST,PROMISC,UP,LOWER_UP> mtu 9122 qdisc fq_codel state UP mode DEFAULT group default qlen 1000
    link/ether aa:c1:ab:6e:f6:e0 brd ff:ff:ff:ff:ff:ff
72: docker0: <NO-CARRIER,BROADCAST,MULTICAST,UP> mtu 1500 qdisc noqueue state DOWN mode DEFAULT group default
    link/ether b6:c3:29:0d:41:56 brd ff:ff:ff:ff:ff:ff
76: sr0: <BROADCAST,NOARP,UP,LOWER_UP> mtu 1500 qdisc noqueue state UNKNOWN mode DEFAULT group default qlen 1000
    link/ether de:25:d7:81:e1:4e brd ff:ff:ff:ff:ff:ff
77: Bridge: <BROADCAST,MULTICAST,UP,LOWER_UP> mtu 9100 qdisc noqueue state UP mode DEFAULT group default qlen 1000
    link/ether 22:c1:9f:64:c0:cb brd ff:ff:ff:ff:ff:ff
78: Loopback0: <BROADCAST,NOARP,UP,LOWER_UP> mtu 65536 qdisc noqueue state UNKNOWN mode DEFAULT group default qlen 1000
    link/ether 22:6b:02:54:97:03 brd ff:ff:ff:ff:ff:ff
79: dummy: <BROADCAST,NOARP,UP,LOWER_UP> mtu 1500 qdisc noqueue master Bridge state UNKNOWN mode DEFAULT group default qlen 1000
    link/ether 46:77:0e:73:ad:07 brd ff:ff:ff:ff:ff:ff
80: Ethernet0: <BROADCAST,MULTICAST,UP,LOWER_UP> mtu 9100 qdisc mq state UNKNOWN mode DEFAULT group default qlen 1000
    link/ether 22:c1:9f:64:c0:cb brd ff:ff:ff:ff:ff:ff
81: Ethernet1: <BROADCAST,MULTICAST,UP,LOWER_UP> mtu 9100 qdisc mq state UNKNOWN mode DEFAULT group default qlen 1000
    link/ether 22:c1:9f:64:c0:cb brd ff:ff:ff:ff:ff:ff
82: Ethernet2: <BROADCAST,MULTICAST,UP,LOWER_UP> mtu 9100 qdisc mq state UNKNOWN mode DEFAULT group default qlen 1000
    link/ether 22:c1:9f:64:c0:cb brd ff:ff:ff:ff:ff:ff
83: Ethernet3: <BROADCAST,MULTICAST,UP,LOWER_UP> mtu 9100 qdisc mq state UNKNOWN mode DEFAULT group default qlen 1000
    link/ether 22:c1:9f:64:c0:cb brd ff:ff:ff:ff:ff:ff
84: Ethernet6: <BROADCAST,MULTICAST> mtu 9100 qdisc noop state DOWN mode DEFAULT group default qlen 1000
    link/ether 22:c1:9f:64:c0:cb brd ff:ff:ff:ff:ff:ff
85: Ethernet7: <BROADCAST,MULTICAST> mtu 9100 qdisc noop state DOWN mode DEFAULT group default qlen 1000
    link/ether 22:c1:9f:64:c0:cb brd ff:ff:ff:ff:ff:ff
86: Ethernet8: <BROADCAST,MULTICAST> mtu 9100 qdisc noop state DOWN mode DEFAULT group default qlen 1000
    link/ether 22:c1:9f:64:c0:cb brd ff:ff:ff:ff:ff:ff
87: Ethernet9: <BROADCAST,MULTICAST> mtu 9100 qdisc noop state DOWN mode DEFAULT group default qlen 1000
    link/ether 22:c1:9f:64:c0:cb brd ff:ff:ff:ff:ff:ff
88: Ethernet10: <BROADCAST,MULTICAST> mtu 9100 qdisc noop state DOWN mode DEFAULT group default qlen 1000
    link/ether 22:c1:9f:64:c0:cb brd ff:ff:ff:ff:ff:ff
89: Ethernet11: <BROADCAST,MULTICAST> mtu 9100 qdisc noop state DOWN mode DEFAULT group default qlen 1000
    link/ether 22:c1:9f:64:c0:cb brd ff:ff:ff:ff:ff:ff
90: Ethernet12: <BROADCAST,MULTICAST> mtu 9100 qdisc noop state DOWN mode DEFAULT group default qlen 1000
    link/ether 22:c1:9f:64:c0:cb brd ff:ff:ff:ff:ff:ff
91: Ethernet13: <BROADCAST,MULTICAST> mtu 9100 qdisc noop state DOWN mode DEFAULT group default qlen 1000
    link/ether 22:c1:9f:64:c0:cb brd ff:ff:ff:ff:ff:ff
92: Ethernet14: <BROADCAST,MULTICAST> mtu 9100 qdisc noop state DOWN mode DEFAULT group default qlen 1000
    link/ether 22:c1:9f:64:c0:cb brd ff:ff:ff:ff:ff:ff
93: Ethernet15: <BROADCAST,MULTICAST> mtu 9100 qdisc noop state DOWN mode DEFAULT group default qlen 1000
    link/ether 22:c1:9f:64:c0:cb brd ff:ff:ff:ff:ff:ff
94: Ethernet16: <BROADCAST,MULTICAST> mtu 9100 qdisc noop state DOWN mode DEFAULT group default qlen 1000
    link/ether 22:c1:9f:64:c0:cb brd ff:ff:ff:ff:ff:ff
95: Ethernet17: <BROADCAST,MULTICAST> mtu 9100 qdisc noop state DOWN mode DEFAULT group default qlen 1000
    link/ether 22:c1:9f:64:c0:cb brd ff:ff:ff:ff:ff:ff
96: Ethernet18: <BROADCAST,MULTICAST> mtu 9100 qdisc noop state DOWN mode DEFAULT group default qlen 1000
    link/ether 22:c1:9f:64:c0:cb brd ff:ff:ff:ff:ff:ff
97: Ethernet19: <BROADCAST,MULTICAST> mtu 9100 qdisc noop state DOWN mode DEFAULT group default qlen 1000
    link/ether 22:c1:9f:64:c0:cb brd ff:ff:ff:ff:ff:ff
98: Ethernet20: <BROADCAST,MULTICAST> mtu 9100 qdisc noop state DOWN mode DEFAULT group default qlen 1000
    link/ether 22:c1:9f:64:c0:cb brd ff:ff:ff:ff:ff:ff
99: Ethernet21: <BROADCAST,MULTICAST> mtu 9100 qdisc noop state DOWN mode DEFAULT group default qlen 1000
    link/ether 22:c1:9f:64:c0:cb brd ff:ff:ff:ff:ff:ff
100: Ethernet22: <BROADCAST,MULTICAST> mtu 9100 qdisc noop state DOWN mode DEFAULT group default qlen 1000
    link/ether 22:c1:9f:64:c0:cb brd ff:ff:ff:ff:ff:ff
101: Ethernet23: <BROADCAST,MULTICAST> mtu 9100 qdisc noop state DOWN mode DEFAULT group default qlen 1000
    link/ether 22:c1:9f:64:c0:cb brd ff:ff:ff:ff:ff:ff
102: Ethernet24: <BROADCAST,MULTICAST> mtu 9100 qdisc noop state DOWN mode DEFAULT group default qlen 1000
    link/ether 22:c1:9f:64:c0:cb brd ff:ff:ff:ff:ff:ff
103: Ethernet25: <BROADCAST,MULTICAST> mtu 9100 qdisc noop state DOWN mode DEFAULT group default qlen 1000
    link/ether 22:c1:9f:64:c0:cb brd ff:ff:ff:ff:ff:ff
104: Ethernet26: <BROADCAST,MULTICAST> mtu 9100 qdisc noop state DOWN mode DEFAULT group default qlen 1000
    link/ether 22:c1:9f:64:c0:cb brd ff:ff:ff:ff:ff:ff
105: Ethernet27: <BROADCAST,MULTICAST> mtu 9100 qdisc noop state DOWN mode DEFAULT group default qlen 1000
    link/ether 22:c1:9f:64:c0:cb brd ff:ff:ff:ff:ff:ff
106: Ethernet28: <BROADCAST,MULTICAST> mtu 9100 qdisc noop state DOWN mode DEFAULT group default qlen 1000
    link/ether 22:c1:9f:64:c0:cb brd ff:ff:ff:ff:ff:ff
107: Ethernet29: <BROADCAST,MULTICAST> mtu 9100 qdisc noop state DOWN mode DEFAULT group default qlen 1000
    link/ether 22:c1:9f:64:c0:cb brd ff:ff:ff:ff:ff:ff
108: Ethernet30: <BROADCAST,MULTICAST> mtu 9100 qdisc noop state DOWN mode DEFAULT group default qlen 1000
    link/ether 22:c1:9f:64:c0:cb brd ff:ff:ff:ff:ff:ff
109: Ethernet31: <BROADCAST,MULTICAST> mtu 9100 qdisc noop state DOWN mode DEFAULT group default qlen 1000
    link/ether 22:c1:9f:64:c0:cb brd ff:ff:ff:ff:ff:ff
110: Ethernet32: <BROADCAST,MULTICAST> mtu 9100 qdisc noop state DOWN mode DEFAULT group default qlen 1000
    link/ether 22:c1:9f:64:c0:cb brd ff:ff:ff:ff:ff:ff
111: Ethernet33: <BROADCAST,MULTICAST> mtu 9100 qdisc noop state DOWN mode DEFAULT group default qlen 1000
    link/ether 22:c1:9f:64:c0:cb brd ff:ff:ff:ff:ff:ff
112: Ethernet34: <BROADCAST,MULTICAST> mtu 9100 qdisc noop state DOWN mode DEFAULT group default qlen 1000
    link/ether 22:c1:9f:64:c0:cb brd ff:ff:ff:ff:ff:ff
113: Ethernet35: <BROADCAST,MULTICAST> mtu 9100 qdisc noop state DOWN mode DEFAULT group default qlen 1000
    link/ether 22:c1:9f:64:c0:cb brd ff:ff:ff:ff:ff:ff
114: Ethernet36: <BROADCAST,MULTICAST> mtu 9100 qdisc noop state DOWN mode DEFAULT group default qlen 1000
    link/ether 22:c1:9f:64:c0:cb brd ff:ff:ff:ff:ff:ff
115: Ethernet37: <BROADCAST,MULTICAST> mtu 9100 qdisc noop state DOWN mode DEFAULT group default qlen 1000
    link/ether 22:c1:9f:64:c0:cb brd ff:ff:ff:ff:ff:ff
116: Ethernet38: <BROADCAST,MULTICAST> mtu 9100 qdisc noop state DOWN mode DEFAULT group default qlen 1000
    link/ether 22:c1:9f:64:c0:cb brd ff:ff:ff:ff:ff:ff
117: Ethernet39: <BROADCAST,MULTICAST> mtu 9100 qdisc noop state DOWN mode DEFAULT group default qlen 1000
    link/ether 22:c1:9f:64:c0:cb brd ff:ff:ff:ff:ff:ff
118: Ethernet40: <BROADCAST,MULTICAST> mtu 9100 qdisc noop state DOWN mode DEFAULT group default qlen 1000
    link/ether 22:c1:9f:64:c0:cb brd ff:ff:ff:ff:ff:ff
119: Ethernet41: <BROADCAST,MULTICAST> mtu 9100 qdisc noop state DOWN mode DEFAULT group default qlen 1000
    link/ether 22:c1:9f:64:c0:cb brd ff:ff:ff:ff:ff:ff
120: Ethernet42: <BROADCAST,MULTICAST> mtu 9100 qdisc noop state DOWN mode DEFAULT group default qlen 1000
    link/ether 22:c1:9f:64:c0:cb brd ff:ff:ff:ff:ff:ff
121: Ethernet43: <BROADCAST,MULTICAST> mtu 9100 qdisc noop state DOWN mode DEFAULT group default qlen 1000
    link/ether 22:c1:9f:64:c0:cb brd ff:ff:ff:ff:ff:ff
122: Ethernet44: <BROADCAST,MULTICAST> mtu 9100 qdisc noop state DOWN mode DEFAULT group default qlen 1000
    link/ether 22:c1:9f:64:c0:cb brd ff:ff:ff:ff:ff:ff
123: Ethernet45: <BROADCAST,MULTICAST> mtu 9100 qdisc noop state DOWN mode DEFAULT group default qlen 1000
    link/ether 22:c1:9f:64:c0:cb brd ff:ff:ff:ff:ff:ff
124: Ethernet46: <BROADCAST,MULTICAST> mtu 9100 qdisc noop state DOWN mode DEFAULT group default qlen 1000
    link/ether 22:c1:9f:64:c0:cb brd ff:ff:ff:ff:ff:ff
125: Ethernet47: <BROADCAST,MULTICAST> mtu 9100 qdisc noop state DOWN mode DEFAULT group default qlen 1000
    link/ether 22:c1:9f:64:c0:cb brd ff:ff:ff:ff:ff:ff
126: Ethernet56: <BROADCAST,MULTICAST> mtu 9100 qdisc noop state DOWN mode DEFAULT group default qlen 1000
    link/ether 22:c1:9f:64:c0:cb brd ff:ff:ff:ff:ff:ff
127: Ethernet57: <BROADCAST,MULTICAST> mtu 9100 qdisc noop state DOWN mode DEFAULT group default qlen 1000
    link/ether 22:c1:9f:64:c0:cb brd ff:ff:ff:ff:ff:ff
128: Ethernet58: <BROADCAST,MULTICAST> mtu 9100 qdisc noop state DOWN mode DEFAULT group default qlen 1000
    link/ether 22:c1:9f:64:c0:cb brd ff:ff:ff:ff:ff:ff
129: Ethernet59: <BROADCAST,MULTICAST> mtu 9100 qdisc noop state DOWN mode DEFAULT group default qlen 1000
    link/ether 22:c1:9f:64:c0:cb brd ff:ff:ff:ff:ff:ff
130: Ethernet48: <BROADCAST,MULTICAST> mtu 9100 qdisc noop state DOWN mode DEFAULT group default qlen 1000
    link/ether 22:c1:9f:64:c0:cb brd ff:ff:ff:ff:ff:ff
131: Ethernet49: <BROADCAST,MULTICAST> mtu 9100 qdisc noop state DOWN mode DEFAULT group default qlen 1000
    link/ether 22:c1:9f:64:c0:cb brd ff:ff:ff:ff:ff:ff
132: Ethernet50: <BROADCAST,MULTICAST> mtu 9100 qdisc noop state DOWN mode DEFAULT group default qlen 1000
    link/ether 22:c1:9f:64:c0:cb brd ff:ff:ff:ff:ff:ff
133: Ethernet51: <BROADCAST,MULTICAST> mtu 9100 qdisc noop state DOWN mode DEFAULT group default qlen 1000
    link/ether 22:c1:9f:64:c0:cb brd ff:ff:ff:ff:ff:ff
134: Ethernet52: <BROADCAST,MULTICAST> mtu 9100 qdisc noop state DOWN mode DEFAULT group default qlen 1000
    link/ether 22:c1:9f:64:c0:cb brd ff:ff:ff:ff:ff:ff
135: Ethernet53: <BROADCAST,MULTICAST> mtu 9100 qdisc noop state DOWN mode DEFAULT group default qlen 1000
    link/ether 22:c1:9f:64:c0:cb brd ff:ff:ff:ff:ff:ff
136: Ethernet54: <BROADCAST,MULTICAST> mtu 9100 qdisc noop state DOWN mode DEFAULT group default qlen 1000
    link/ether 22:c1:9f:64:c0:cb brd ff:ff:ff:ff:ff:ff
137: Ethernet55: <BROADCAST,MULTICAST> mtu 9100 qdisc noop state DOWN mode DEFAULT group default qlen 1000
    link/ether 22:c1:9f:64:c0:cb brd ff:ff:ff:ff:ff:ff
138: Ethernet60: <BROADCAST,MULTICAST> mtu 9100 qdisc noop state DOWN mode DEFAULT group default qlen 1000
    link/ether 22:c1:9f:64:c0:cb brd ff:ff:ff:ff:ff:ff
139: Ethernet61: <BROADCAST,MULTICAST> mtu 9100 qdisc noop state DOWN mode DEFAULT group default qlen 1000
    link/ether 22:c1:9f:64:c0:cb brd ff:ff:ff:ff:ff:ff
140: Ethernet62: <BROADCAST,MULTICAST> mtu 9100 qdisc noop state DOWN mode DEFAULT group default qlen 1000
    link/ether 22:c1:9f:64:c0:cb brd ff:ff:ff:ff:ff:ff
141: Ethernet63: <BROADCAST,MULTICAST> mtu 9100 qdisc noop state DOWN mode DEFAULT group default qlen 1000
    link/ether 22:c1:9f:64:c0:cb brd ff:ff:ff:ff:ff:ff
142: Ethernet4: <BROADCAST,MULTICAST,UP,LOWER_UP> mtu 9100 qdisc mq state UNKNOWN mode DEFAULT group default qlen 1000
    link/ether 22:c1:9f:64:c0:cb brd ff:ff:ff:ff:ff:ff
143: Ethernet5: <BROADCAST,MULTICAST,UP,LOWER_UP> mtu 9100 qdisc mq state UNKNOWN mode DEFAULT group default qlen 1000
    link/ether 22:c1:9f:64:c0:cb brd ff:ff:ff:ff:ff:ff
144: Ethernet68: <BROADCAST,MULTICAST,UP,LOWER_UP> mtu 9100 qdisc mq state UNKNOWN mode DEFAULT group default qlen 1000
    link/ether 22:c1:9f:64:c0:cb brd ff:ff:ff:ff:ff:ff
145: Ethernet64: <BROADCAST,MULTICAST,UP,LOWER_UP> mtu 9100 qdisc mq state UNKNOWN mode DEFAULT group default qlen 1000
    link/ether 22:c1:9f:64:c0:cb brd ff:ff:ff:ff:ff:ff
148: Vrf-storage: <NOARP,MASTER,UP,LOWER_UP> mtu 65575 qdisc noqueue state UP mode DEFAULT group default qlen 1000
    link/ether 16:31:51:35:80:56 brd ff:ff:ff:ff:ff:ff
150: Ethernet4.100@Ethernet4: <BROADCAST,MULTICAST,UP,LOWER_UP> mtu 9100 qdisc noqueue state UP mode DEFAULT group default qlen 1000
    link/ether 22:c1:9f:64:c0:cb brd ff:ff:ff:ff:ff:ff
151: Ethernet68.100@Ethernet68: <BROADCAST,MULTICAST,UP,LOWER_UP> mtu 9100 qdisc noqueue state UP mode DEFAULT group default qlen 1000
    link/ether 22:c1:9f:64:c0:cb brd ff:ff:ff:ff:ff:ff
152: Ethernet64.100@Ethernet64: <BROADCAST,MULTICAST,UP,LOWER_UP> mtu 9100 qdisc noqueue state UP mode DEFAULT group default qlen 1000
    link/ether 22:c1:9f:64:c0:cb brd ff:ff:ff:ff:ff:ff
153: pimreg@NONE: <NOARP,UP,LOWER_UP> mtu 1472 qdisc noqueue state UNKNOWN mode DEFAULT group default qlen 1000
    link/pimreg
154: pimreg1001@NONE: <NOARP,ALLMULTI,UP,LOWER_UP> mtu 1472 qdisc noqueue master Vrf-storage state UNKNOWN mode DEFAULT group default qlen 1000
    link/pimreg
admin@Leaf-L1:~$
admin@Leaf-L1:~$
admin@Leaf-L1:~$ show ip bgp summary

IPv4 Unicast Summary:
BGP router identifier 10.0.2.1, local AS number 65011 vrf-id 0
BGP table version 52
RIB entries 75, using 9600 bytes of memory
Peers 8, using 192576 KiB of memory
Peer groups 0, using 0 bytes of memory


Neighbhor      V     AS    MsgRcvd    MsgSent    TblVer    InQ    OutQ  Up/Down    State/PfxRcd    NeighborName
-----------  ---  -----  ---------  ---------  --------  -----  ------  ---------  --------------  --------------
Ethernet0      4  65211       1640       1662        52      0       0  01:19:59   3               k8s-master-01
Ethernet1      4  65212       1637       1662        52      0       0  01:19:59   3               k8s-db-01
Ethernet2      4  65213       1636       1660        52      0       0  01:19:55   3               osh-ctrl-01
Ethernet3      4  65214       1636       1660        52      0       0  01:19:55   3               osh-net-01
Ethernet4      4      0          0          0         0      0       0  never      Idle            osh-comp-01
Ethernet5      4      0          0          0         0      0       0  never      Idle            osh-comp-04
Ethernet64     4  65000        141        146        52      0       0  01:19:59   28              Spine-S2
Ethernet68     4  65000        137        126        52      0       0  01:19:59   28              Spine-S1

Total number of neighbors 8
admin@Leaf-L1:~$
nh1221@PowerEdge-R810:~$ sudo clab ins -a
+----+------------------------------------------------+----------+-----------------+--------------+------------------------------------+------------+---------+-----------------+--------------+
| #  |                   Topo Path                    | Lab Name |      Name       | Container ID |               Image                |    Kind    |  State  |  IPv4 Address   | IPv6 Address |
+----+------------------------------------------------+----------+-----------------+--------------+------------------------------------+------------+---------+-----------------+--------------+
|  1 | ../../opt/containerlab/sheba/topology.clab.yml | sheba    | Border-Leaf1    | 0d252bf7b198 | vrnetlab/sonic_sonic-vs:202605     | sonic-vm   | running | 172.16.2.31/24  | N/A          |
|  2 |                                                |          | Border-Leaf2    | de9a6d5d08fd | vrnetlab/sonic_sonic-vs:202605     | sonic-vm   | running | 172.16.2.32/24  | N/A          |
|  3 |                                                |          | Exit-Router1    | ca2a1344f414 | vrnetlab/canonical_ubuntu:resolute | generic_vm | running | 172.16.2.41/24  | N/A          |
|  4 |                                                |          | Exit-Router2    | 160cf587af54 | vrnetlab/canonical_ubuntu:resolute | generic_vm | running | 172.16.2.42/24  | N/A          |
|  5 |                                                |          | External-Router | b0724b5d5273 | quay.io/frrouting/frr:10.0.1       | linux      | running | 172.16.2.254/24 | N/A          |
|  6 |                                                |          | ISP-1           | f3d5dfbde7eb | quay.io/frrouting/frr:10.0.1       | linux      | running | 172.16.2.98/24  | N/A          |
|  7 |                                                |          | ISP-2           | 7158fd031111 | quay.io/frrouting/frr:10.0.1       | linux      | running | 172.16.2.99/24  | N/A          |
|  8 |                                                |          | Leaf-L1         | 6fdd81e66ce6 | vrnetlab/sonic_sonic-vs:202605     | sonic-vm   | running | 172.16.2.21/24  | N/A          |
|  9 |                                                |          | Leaf-L2         | f57df6d68180 | vrnetlab/sonic_sonic-vs:202605     | sonic-vm   | running | 172.16.2.22/24  | N/A          |
| 10 |                                                |          | Leaf-L3         | 72a89aa563c3 | vrnetlab/sonic_sonic-vs:202605     | sonic-vm   | running | 172.16.2.23/24  | N/A          |
| 11 |                                                |          | Leaf-L4         | fbf2471a0c2a | vrnetlab/sonic_sonic-vs:202605     | sonic-vm   | running | 172.16.2.24/24  | N/A          |
| 12 |                                                |          | MonSrv          | 6ab81d666ae3 | vrnetlab/canonical_ubuntu:resolute | generic_vm | running | 172.16.2.74/24  | N/A          |
| 13 |                                                |          | Spine-S1        | a10467e35bf2 | vrnetlab/sonic_sonic-vs:202605     | sonic-vm   | running | 172.16.2.11/24  | N/A          |
| 14 |                                                |          | Spine-S2        | 0634c4b0a84b | vrnetlab/sonic_sonic-vs:202605     | sonic-vm   | running | 172.16.2.12/24  | N/A          |
| 15 |                                                |          | k8s-db-01       | 7f96b77eab87 | vrnetlab/canonical_ubuntu:resolute | generic_vm | running | 172.16.2.52/24  | N/A          |
| 16 |                                                |          | k8s-db-02       | a608ced438f2 | vrnetlab/canonical_ubuntu:resolute | generic_vm | running | 172.16.2.62/24  | N/A          |
| 17 |                                                |          | k8s-db-03       | 6b82837c45a9 | vrnetlab/canonical_ubuntu:resolute | generic_vm | running | 172.16.2.72/24  | N/A          |
| 18 |                                                |          | k8s-master-01   | c4f9fa8b22bb | vrnetlab/canonical_ubuntu:resolute | generic_vm | running | 172.16.2.51/24  | N/A          |
| 19 |                                                |          | k8s-master-02   | e21abd6d5b2b | vrnetlab/canonical_ubuntu:resolute | generic_vm | running | 172.16.2.61/24  | N/A          |
| 20 |                                                |          | k8s-master-03   | 95fcf27138eb | vrnetlab/canonical_ubuntu:resolute | generic_vm | running | 172.16.2.71/24  | N/A          |
| 21 |                                                |          | oob-mgmt-node   | 92e8673104b5 | vrnetlab/canonical_ubuntu:resolute | generic_vm | running | 172.16.2.253/24 | N/A          |
| 22 |                                                |          | osh-comp-01     | 69863bb74dc1 | vrnetlab/canonical_ubuntu:resolute | generic_vm | running | 172.16.2.55/24  | N/A          |
| 23 |                                                |          | osh-comp-02     | 7d1f8d9f9289 | vrnetlab/canonical_ubuntu:resolute | generic_vm | running | 172.16.2.65/24  | N/A          |
| 24 |                                                |          | osh-comp-03     | 4282e1cb3a47 | vrnetlab/canonical_ubuntu:resolute | generic_vm | running | 172.16.2.75/24  | N/A          |
| 25 |                                                |          | osh-comp-04     | 5bc419d8b76d | vrnetlab/canonical_ubuntu:resolute | generic_vm | running | 172.16.2.56/24  | N/A          |
| 26 |                                                |          | osh-ctrl-01     | 654d30e3930a | vrnetlab/canonical_ubuntu:resolute | generic_vm | running | 172.16.2.53/24  | N/A          |
| 27 |                                                |          | osh-ctrl-02     | 4d44d1e6f9f4 | vrnetlab/canonical_ubuntu:resolute | generic_vm | running | 172.16.2.63/24  | N/A          |
| 28 |                                                |          | osh-ctrl-03     | b5d819f3c482 | vrnetlab/canonical_ubuntu:resolute | generic_vm | running | 172.16.2.73/24  | N/A          |
| 29 |                                                |          | osh-net-01      | de95dde1cc00 | vrnetlab/canonical_ubuntu:resolute | generic_vm | running | 172.16.2.54/24  | N/A          |
| 30 |                                                |          | osh-net-02      | c5f501d9f63d | vrnetlab/canonical_ubuntu:resolute | generic_vm | running | 172.16.2.64/24  | N/A          |
+----+------------------------------------------------+----------+-----------------+--------------+------------------------------------+------------+---------+-----------------+--------------+
nh1221@PowerEdge-R810:~$ sshpass -p  ubuntu ssh ubuntu@osh-comp-01
Warning: Permanently added 'osh-comp-01' (ED25519) to the list of known hosts.
Welcome to Ubuntu 26.04 LTS (GNU/Linux 7.0.0-28-generic x86_64)

 * Documentation:  https://docs.ubuntu.com
 * Management:     https://landscape.canonical.com
 * Support:        https://ubuntu.com/pro

 System information as of Sun Sep 13 18:17:07 CEST 2026

  System load:    0.11      Processes:               173
  Usage of /home: unknown   Users logged in:         0
  Memory usage:   1%        IPv4 address for enp1s0: 10.0.0.15
  Swap usage:     0%        IPv4 address for enp1s0: 172.16.2.55


Expanded Security Maintenance for Applications is not enabled.

0 updates can be applied immediately.

Enable ESM Apps to receive additional future security updates.
See https://ubuntu.com/esm or run: sudo pro status


ubuntu@osh-comp-01:~$ ip l sh
1: lo: <LOOPBACK,UP,LOWER_UP> mtu 65536 qdisc noqueue state UNKNOWN mode DEFAULT group default qlen 1000
    link/loopback 00:00:00:00:00:00 brd 00:00:00:00:00:00
2: enp1s0: <BROADCAST,MULTICAST,UP,LOWER_UP> mtu 1500 qdisc pfifo_fast state UP mode DEFAULT group default qlen 1000
    link/ether 0c:00:da:bd:22:00 brd ff:ff:ff:ff:ff:ff
    altname enx0c00dabd2200
3: ens2: <BROADCAST,MULTICAST,UP,LOWER_UP> mtu 9000 qdisc htb state UP mode DEFAULT group default qlen 1000
    link/ether aa:c1:ab:88:9b:eb brd ff:ff:ff:ff:ff:ff
    altname enp1s2
    altname enxaac1ab889beb
4: ens3: <BROADCAST,MULTICAST,UP,LOWER_UP> mtu 9000 qdisc htb state UP mode DEFAULT group default qlen 1000
    link/ether aa:c1:ab:00:49:0c brd ff:ff:ff:ff:ff:ff
    altname enp1s3
    altname enxaac1ab00490c
5: vrf-storage: <NOARP,MASTER,UP,LOWER_UP> mtu 65575 qdisc noqueue state UP mode DEFAULT group default qlen 1000
    link/ether 96:a1:7f:61:fe:2e brd ff:ff:ff:ff:ff:ff
6: cephdummy0: <BROADCAST,NOARP,UP,LOWER_UP> mtu 9000 qdisc noqueue master vrf-storage state UNKNOWN mode DEFAULT group default qlen 1000
    link/ether ee:11:fa:95:18:6e brd ff:ff:ff:ff:ff:ff
7: ens2.100@ens2: <BROADCAST,MULTICAST,UP,LOWER_UP> mtu 9000 qdisc noqueue master vrf-storage state UP mode DEFAULT group default qlen 1000
    link/ether aa:c1:ab:88:9b:eb brd ff:ff:ff:ff:ff:ff
8: ens3.100@ens3: <BROADCAST,MULTICAST,UP,LOWER_UP> mtu 9000 qdisc noqueue master vrf-storage state UP mode DEFAULT group default qlen 1000
    link/ether aa:c1:ab:00:49:0c brd ff:ff:ff:ff:ff:ff
ubuntu@osh-comp-01:~$
ubuntu@osh-comp-01:~$ ip r sh
default via 10.0.0.2 dev enp1s0 proto static
default via 10.0.0.2 dev enp1s0 proto static metric 100
default via 172.16.2.254 dev enp1s0 proto static metric 200
10.0.0.0/24 dev enp1s0 proto kernel scope link src 10.0.0.15
172.16.2.0/24 dev enp1s0 proto kernel scope link src 172.16.2.55
ubuntu@osh-comp-01:~$ sudo vtysh -c 'show ip bgp summary'

IPv4 Unicast Summary:
BGP router identifier 10.0.10.5, local AS number 65215 VRF default vrf-id 0
BGP table version 1
RIB entries 3, using 384 bytes of memory
Peers 3, using 71 KiB of memory

Neighbor        V         AS   MsgRcvd   MsgSent   TblVer  InQ OutQ  Up/Down State/PfxRcd   PfxSnt Desc
ens2            4      65011         0         0        0    0    0    never         Idle        0 To-Leaf-L1-Ethernet4
ens3            4      65012         0         0        0    0    0    never         Idle        0 To-Leaf-L2-Ethernet4
127.0.0.1       4      64512         0         0        0    0    0    never       Active        0 MetalLB-speaker

Total number of neighbors 3
ubuntu@osh-comp-01:~$
ubuntu@osh-comp-01:~$ sudo vtysh -c 'show ip route'
Codes: K - kernel route, C - connected, L - local, S - static,
       R - RIP, O - OSPF, I - IS-IS, B - BGP, E - EIGRP, N - NHRP,
       T - Table, v - VNC, V - VNC-Direct, A - Babel, F - PBR,
       f - OpenFabric, t - Table-Direct,
       > - selected route, * - FIB route, q - queued, r - rejected, b - backup
       t - trapped, o - offload failure

IPv4 unicast VRF default:
K * 0.0.0.0/0 [0/200] via 172.16.2.254, enp1s0, weight 1, 01:23:03
K * 0.0.0.0/0 [0/100] via 10.0.0.2, enp1s0, weight 1, 01:23:03
K>* 0.0.0.0/0 [0/0] via 10.0.0.2, enp1s0, weight 1, 01:23:03
C>* 10.0.0.0/24 is directly connected, enp1s0, weight 1, 01:23:03
L>* 10.0.0.15/32 is directly connected, enp1s0, weight 1, 01:23:03
L * 10.0.10.5/32 is directly connected, lo, weight 1, 01:23:03
C>* 10.0.10.5/32 is directly connected, lo, weight 1, 01:23:03
C>* 172.16.2.0/24 is directly connected, enp1s0, weight 1, 01:23:03
L>* 172.16.2.55/32 is directly connected, enp1s0, weight 1, 01:23:03
ubuntu@osh-comp-01:~$
from topology.clab.yml:
    # =========================================================================
    # LEAF-L1 ACCESS CONNECTIONS
    # =========================================================================
    - endpoints: ["Leaf-L1:eth1", "k8s-master-01:eth1"]
    - endpoints: ["Leaf-L1:eth2", "k8s-db-01:eth1"]
    - endpoints: ["Leaf-L1:eth3", "osh-ctrl-01:eth1"]
    - endpoints: ["Leaf-L1:eth4", "osh-net-01:eth1"]
    - endpoints: ["Leaf-L1:eth5", "osh-comp-01:eth1"]
    - endpoints: ["Leaf-L1:eth6", "osh-comp-04:eth1"]

    # =========================================================================
    # LEAF-L2 ACCESS CONNECTIONS (Mirrored to Leaf-L1 for Multi-Homing)
    # =========================================================================
    - endpoints: ["Leaf-L2:eth1", "k8s-master-01:eth2"]
    - endpoints: ["Leaf-L2:eth2", "k8s-db-01:eth2"]
    - endpoints: ["Leaf-L2:eth3", "osh-ctrl-01:eth2"]
    - endpoints: ["Leaf-L2:eth4", "osh-net-01:eth2"]
    - endpoints: ["Leaf-L2:eth5", "osh-comp-01:eth2"]
    - endpoints: ["Leaf-L2:eth6", "osh-comp-04:eth2"]

