PLAY [Configure Exit-Routers — WireGuard VPN, VRF-Internet, FRR BGP, NAT] **********************************************************************************

TASK [linux_exit_router : Assert required exit-router vars are present] ************************************************************************************
ok: [Exit-Router1] => {
    "changed": false,
    "msg": "All assertions passed"
}
ok: [Exit-Router2] => {
    "changed": false,
    "msg": "All assertions passed"
}

TASK [linux_exit_router : Install exit-router packages] ****************************************************************************************************
changed: [Exit-Router1]
[WARNING]: Failed to update cache after 1 retries due to , retrying
[WARNING]: Sleeping for 2 seconds, before attempting to refresh the cache again
changed: [Exit-Router2]

TASK [linux_exit_router : Enable IPv4 and IPv6 forwarding] *************************************************************************************************
changed: [Exit-Router1]
changed: [Exit-Router2]

TASK [linux_exit_router : Flush sysctl to activate forwarding immediately] *********************************************************************************
ok: [Exit-Router1]
ok: [Exit-Router2]

TASK [linux_exit_router : Deploy netplan for Border-Leaf uplinks (link-local for BGP unnumbered)] **********************************************************
changed: [Exit-Router1]
changed: [Exit-Router2]

TASK [linux_exit_router : Deploy netplan for ISP interfaces in vrf-internet] *******************************************************************************
changed: [Exit-Router1]
changed: [Exit-Router2]

TASK [linux_exit_router : Apply netplan (Border-Leaf uplinks + ISP vrf-internet)] **************************************************************************
changed: [Exit-Router1]
changed: [Exit-Router2]

TASK [linux_exit_router : Enable bgpd in FRR daemons file] *************************************************************************************************
changed: [Exit-Router1]
changed: [Exit-Router2]

TASK [linux_exit_router : Deploy FRR exit-router configuration] ********************************************************************************************
changed: [Exit-Router2]
changed: [Exit-Router1]

TASK [linux_exit_router : Restart FRR to apply configuration] **********************************************************************************************
changed: [Exit-Router1]
changed: [Exit-Router2]

TASK [linux_exit_router : Ensure /etc/wireguard directory exists] ******************************************************************************************
ok: [Exit-Router1]
ok: [Exit-Router2]

TASK [linux_exit_router : Generate a valid WireGuard private key when the configured one is a placeholder] *************************************************
ok: [Exit-Router1]
ok: [Exit-Router2]

TASK [linux_exit_router : Select the effective WireGuard private key] **************************************************************************************
ok: [Exit-Router1]
ok: [Exit-Router2]

TASK [linux_exit_router : Deploy WireGuard interface configuration] ****************************************************************************************
changed: [Exit-Router1]
changed: [Exit-Router2]

TASK [linux_exit_router : Enable and start WireGuard tunnel (best-effort)] *********************************************************************************
changed: [Exit-Router1]
changed: [Exit-Router2]

TASK [linux_exit_router : Report WireGuard tunnel status] **************************************************************************************************
ok: [Exit-Router1] => {
    "msg": "WireGuard wg0 started"
}
ok: [Exit-Router2] => {
    "msg": "WireGuard wg0 started"
}

TASK [linux_exit_router : Derive the WireGuard server public key] ******************************************************************************************
ok: [Exit-Router1]
ok: [Exit-Router2]

TASK [linux_exit_router : Publish the effective server public key as a fact] *******************************************************************************
ok: [Exit-Router1]
ok: [Exit-Router2]

TASK [linux_exit_router : Ensure WireGuard client-profile directory exists] ********************************************************************************
changed: [Exit-Router1]
changed: [Exit-Router2]

TASK [linux_exit_router : Render ops-group WireGuard client profiles] **************************************************************************************
changed: [Exit-Router2] => (item={'name': 'Remote-Ops-Laptop', 'public_key': 'PUBLIC_KEY_TOKEN_REMOTE_CLIENT_LAPTOP_=========', 'allowed_ips': '10.254.0.10/32'})
changed: [Exit-Router1] => (item={'name': 'Remote-Ops-Laptop', 'public_key': 'PUBLIC_KEY_TOKEN_REMOTE_CLIENT_LAPTOP_=========', 'allowed_ips': '10.254.0.10/32'})
changed: [Exit-Router2] => (item={'name': 'Kepler-CI-Runner', 'public_key': 'PUBLIC_KEY_TOKEN_CI_CD_SERVER_RUNNER_==========', 'allowed_ips': '10.254.0.20/32'})
changed: [Exit-Router1] => (item={'name': 'Kepler-CI-Runner', 'public_key': 'PUBLIC_KEY_TOKEN_CI_CD_SERVER_RUNNER_==========', 'allowed_ips': '10.254.0.20/32'})

TASK [linux_exit_router : Apply NAT MASQUERADE for tenant internet egress on each ISP interface] ***********************************************************
ok: [Exit-Router1] => (item={'device': 'ens4', 'peer_isp': 'ISP_1', 'isp_port': '1', 'ip_addr': '192.0.2.2/30', 'next_hop': '192.0.2.1', 'neighbor_asn': 65401})
ok: [Exit-Router2] => (item={'device': 'ens4', 'peer_isp': 'ISP_1', 'isp_port': '1', 'ip_addr': '192.0.2.6/30', 'next_hop': '192.0.2.5', 'neighbor_asn': 65401})
ok: [Exit-Router1] => (item={'device': 'ens5', 'peer_isp': 'ISP_2', 'isp_port': '2', 'ip_addr': '198.51.100.2/30', 'next_hop': '198.51.100.1', 'neighbor_asn': 65402})
ok: [Exit-Router2] => (item={'device': 'ens5', 'peer_isp': 'ISP_2', 'isp_port': '2', 'ip_addr': '198.51.100.6/30', 'next_hop': '198.51.100.5', 'neighbor_asn': 65402})

TASK [linux_exit_router : Insert NAT MASQUERADE rule where missing] ****************************************************************************************
changed: [Exit-Router1] => (item={'changed': False, 'stdout': '', 'stderr': 'iptables: Bad rule (does a matching rule exist in that chain?).', 'rc': 1, 'cmd': ['iptables', '-t', 'nat', '-C', 'POSTROUTING', '-o', 'ens4', '-j', 'MASQUERADE'], 'start': '2026-09-06 16:54:34.426978', 'end': '2026-09-06 16:54:34.502461', 'delta': '0:00:00.075483', 'failed': False, 'msg': 'non-zero return code', 'invocation': {'module_args': {'_raw_params': 'iptables -t nat -C POSTROUTING -o ens4 -j MASQUERADE\n', '_uses_shell': False, 'expand_argument_vars': True, 'stdin_add_newline': True, 'strip_empty_ends': True, 'argv': None, 'chdir': None, 'executable': None, 'creates': None, 'removes': None, 'stdin': None}}, 'stdout_lines': [], 'stderr_lines': ['iptables: Bad rule (does a matching rule exist in that chain?).'], 'failed_when_result': False, 'item': {'device': 'ens4', 'peer_isp': 'ISP_1', 'isp_port': '1', 'ip_addr': '192.0.2.2/30', 'next_hop': '192.0.2.1', 'neighbor_asn': 65401}, 'ansible_loop_var': 'item'})
changed: [Exit-Router2] => (item={'changed': False, 'stdout': '', 'stderr': 'iptables: Bad rule (does a matching rule exist in that chain?).', 'rc': 1, 'cmd': ['iptables', '-t', 'nat', '-C', 'POSTROUTING', '-o', 'ens4', '-j', 'MASQUERADE'], 'start': '2026-09-06 16:54:34.536857', 'end': '2026-09-06 16:54:34.612907', 'delta': '0:00:00.076050', 'failed': False, 'msg': 'non-zero return code', 'invocation': {'module_args': {'_raw_params': 'iptables -t nat -C POSTROUTING -o ens4 -j MASQUERADE\n', '_uses_shell': False, 'expand_argument_vars': True, 'stdin_add_newline': True, 'strip_empty_ends': True, 'argv': None, 'chdir': None, 'executable': None, 'creates': None, 'removes': None, 'stdin': None}}, 'stdout_lines': [], 'stderr_lines': ['iptables: Bad rule (does a matching rule exist in that chain?).'], 'failed_when_result': False, 'item': {'device': 'ens4', 'peer_isp': 'ISP_1', 'isp_port': '1', 'ip_addr': '192.0.2.6/30', 'next_hop': '192.0.2.5', 'neighbor_asn': 65401}, 'ansible_loop_var': 'item'})
changed: [Exit-Router1] => (item={'changed': False, 'stdout': '', 'stderr': 'iptables: Bad rule (does a matching rule exist in that chain?).', 'rc': 1, 'cmd': ['iptables', '-t', 'nat', '-C', 'POSTROUTING', '-o', 'ens5', '-j', 'MASQUERADE'], 'start': '2026-09-06 16:54:36.050258', 'end': '2026-09-06 16:54:36.058561', 'delta': '0:00:00.008303', 'failed': False, 'msg': 'non-zero return code', 'invocation': {'module_args': {'_raw_params': 'iptables -t nat -C POSTROUTING -o ens5 -j MASQUERADE\n', '_uses_shell': False, 'expand_argument_vars': True, 'stdin_add_newline': True, 'strip_empty_ends': True, 'argv': None, 'chdir': None, 'executable': None, 'creates': None, 'removes': None, 'stdin': None}}, 'stdout_lines': [], 'stderr_lines': ['iptables: Bad rule (does a matching rule exist in that chain?).'], 'failed_when_result': False, 'item': {'device': 'ens5', 'peer_isp': 'ISP_2', 'isp_port': '2', 'ip_addr': '198.51.100.2/30', 'next_hop': '198.51.100.1', 'neighbor_asn': 65402}, 'ansible_loop_var': 'item'})
changed: [Exit-Router2] => (item={'changed': False, 'stdout': '', 'stderr': 'iptables: Bad rule (does a matching rule exist in that chain?).', 'rc': 1, 'cmd': ['iptables', '-t', 'nat', '-C', 'POSTROUTING', '-o', 'ens5', '-j', 'MASQUERADE'], 'start': '2026-09-06 16:54:36.063629', 'end': '2026-09-06 16:54:36.070911', 'delta': '0:00:00.007282', 'failed': False, 'msg': 'non-zero return code', 'invocation': {'module_args': {'_raw_params': 'iptables -t nat -C POSTROUTING -o ens5 -j MASQUERADE\n', '_uses_shell': False, 'expand_argument_vars': True, 'stdin_add_newline': True, 'strip_empty_ends': True, 'argv': None, 'chdir': None, 'executable': None, 'creates': None, 'removes': None, 'stdin': None}}, 'stdout_lines': [], 'stderr_lines': ['iptables: Bad rule (does a matching rule exist in that chain?).'], 'failed_when_result': False, 'item': {'device': 'ens5', 'peer_isp': 'ISP_2', 'isp_port': '2', 'ip_addr': '198.51.100.6/30', 'next_hop': '198.51.100.5', 'neighbor_asn': 65402}, 'ansible_loop_var': 'item'})

TASK [linux_exit_router : Deploy idempotent edge NAT/forwarding rule script] *******************************************************************************
changed: [Exit-Router2]
changed: [Exit-Router1]

TASK [linux_exit_router : Apply edge NAT/forwarding rules] *************************************************************************************************
ok: [Exit-Router1]
ok: [Exit-Router2]

TASK [linux_exit_router : Persist iptables rules across reboots] *******************************************************************************************
ok: [Exit-Router1]
ok: [Exit-Router2]

TASK [linux_exit_router : Wait for FRR BGP to initialise] **************************************************************************************************
Pausing for 10 seconds
(ctrl+C then 'C' = continue early, ctrl+C then 'A' = abort)
ok: [Exit-Router1]

TASK [linux_exit_router : Verify FRR BGP summary is reachable] *********************************************************************************************
ok: [Exit-Router1]
ok: [Exit-Router2]

PLAY [Configure ISP Routers — FRR BGP with default route advertisement] ************************************************************************************

TASK [linux_isp_router : Assert required ISP router vars are present] **************************************************************************************
ok: [ISP-1] => {
    "changed": false,
    "msg": "All assertions passed"
}
ok: [ISP-2] => {
    "changed": false,
    "msg": "All assertions passed"
}

TASK [linux_isp_router : Render FRR config on the containerlab host] ***************************************************************************************
ok: [ISP-2 -> poweredge_r810(192.168.9.198)]
ok: [ISP-1 -> poweredge_r810(192.168.9.198)]

TASK [linux_isp_router : Push FRR config into the container] ***********************************************************************************************
changed: [ISP-1 -> poweredge_r810(192.168.9.198)]
changed: [ISP-2 -> poweredge_r810(192.168.9.198)]

TASK [linux_isp_router : Assign IP addresses and bring up ISP data interfaces] *****************************************************************************
ok: [ISP-2 -> poweredge_r810(192.168.9.198)] => (item={'device': 'eth1', 'ip_addr': '198.51.100.1/30', 'description': 'Link-to-Exit-Router1', 'neighbor_asn': 65251})
ok: [ISP-1 -> poweredge_r810(192.168.9.198)] => (item={'device': 'eth1', 'ip_addr': '192.0.2.1/30', 'description': 'Link-to-Exit-Router1', 'neighbor_asn': 65251})
ok: [ISP-2 -> poweredge_r810(192.168.9.198)] => (item={'device': 'eth2', 'ip_addr': '198.51.100.5/30', 'description': 'Link-to-Exit-Router2', 'neighbor_asn': 65252})
ok: [ISP-1 -> poweredge_r810(192.168.9.198)] => (item={'device': 'eth2', 'ip_addr': '192.0.2.5/30', 'description': 'Link-to-Exit-Router2', 'neighbor_asn': 65252})

TASK [linux_isp_router : Enable IPv4/IPv6 forwarding inside the container] *********************************************************************************
ok: [ISP-1 -> poweredge_r810(192.168.9.198)]
ok: [ISP-2 -> poweredge_r810(192.168.9.198)]

TASK [linux_isp_router : Apply integrated FRR configuration safely in-memory] ******************************************************************************
changed: [ISP-1 -> poweredge_r810(192.168.9.198)]
changed: [ISP-2 -> poweredge_r810(192.168.9.198)]

TASK [linux_isp_router : Wait for FRR to initialise] *******************************************************************************************************
Pausing for 5 seconds
(ctrl+C then 'C' = continue early, ctrl+C then 'A' = abort)
ok: [ISP-1]

TASK [linux_isp_router : Wait for FRR routing daemons to initialize] ***************************************************************************************
Pausing for 7 seconds
(ctrl+C then 'C' = continue early, ctrl+C then 'A' = abort)
ok: [ISP-1]

TASK [linux_isp_router : Verify FRR BGP is running] ********************************************************************************************************
fatal: [ISP-1 -> poweredge_r810(192.168.9.198)]: FAILED! => {"changed": false, "cmd": ["docker", "exec", "ISP-1", "vtysh", "-c", "show bgp summary"], "delta": "0:00:00.166103", "end": "2026-09-06 09:55:30.133588", "failed_when_result": true, "msg": "non-zero return code", "rc": 1, "start": "2026-09-06 09:55:29.967485", "stderr": "% Can't open configuration file /etc/frr/vtysh.conf due to 'No such file or directory'.\nConfiguration file[/etc/frr/frr.conf] processing failure: 11\nbgpd is not running", "stderr_lines": ["% Can't open configuration file /etc/frr/vtysh.conf due to 'No such file or directory'.", "Configuration file[/etc/frr/frr.conf] processing failure: 11", "bgpd is not running"], "stdout": "", "stdout_lines": []}
fatal: [ISP-2 -> poweredge_r810(192.168.9.198)]: FAILED! => {"changed": false, "cmd": ["docker", "exec", "ISP-2", "vtysh", "-c", "show bgp summary"], "delta": "0:00:00.168034", "end": "2026-09-06 09:55:30.199462", "failed_when_result": true, "msg": "non-zero return code", "rc": 1, "start": "2026-09-06 09:55:30.031428", "stderr": "% Can't open configuration file /etc/frr/vtysh.conf due to 'No such file or directory'.\nConfiguration file[/etc/frr/frr.conf] processing failure: 11\nbgpd is not running", "stderr_lines": ["% Can't open configuration file /etc/frr/vtysh.conf due to 'No such file or directory'.", "Configuration file[/etc/frr/frr.conf] processing failure: 11", "bgpd is not running"], "stdout": "", "stdout_lines": []}

PLAY RECAP *************************************************************************************************************************************************
Border-Leaf1               : ok=68   changed=13   unreachable=0    failed=0    skipped=9    rescued=0    ignored=0
Border-Leaf2               : ok=68   changed=13   unreachable=0    failed=0    skipped=9    rescued=0    ignored=0
Exit-Router1               : ok=34   changed=16   unreachable=0    failed=0    skipped=5    rescued=0    ignored=0
Exit-Router2               : ok=33   changed=16   unreachable=0    failed=0    skipped=5    rescued=0    ignored=0
ISP-1                      : ok=8    changed=2    unreachable=0    failed=1    skipped=0    rescued=0    ignored=0
ISP-2                      : ok=6    changed=2    unreachable=0    failed=1    skipped=0    rescued=0    ignored=0
Leaf-L1                    : ok=68   changed=13   unreachable=0    failed=0    skipped=9    rescued=0    ignored=0
Leaf-L2                    : ok=68   changed=13   unreachable=0    failed=0    skipped=9    rescued=0    ignored=0
Leaf-L3                    : ok=68   changed=13   unreachable=0    failed=0    skipped=9    rescued=0    ignored=0
Leaf-L4                    : ok=68   changed=13   unreachable=0    failed=0    skipped=9    rescued=0    ignored=0
MonSrv                     : ok=10   changed=1    unreachable=1    failed=0    skipped=1    rescued=0    ignored=0
Spine-S1                   : ok=61   changed=13   unreachable=0    failed=0    skipped=16   rescued=0    ignored=0
Spine-S2                   : ok=61   changed=13   unreachable=0    failed=0    skipped=16   rescued=0    ignored=0
k8s-db-01                  : ok=27   changed=10   unreachable=0    failed=0    skipped=16   rescued=0    ignored=0
k8s-db-02                  : ok=10   changed=1    unreachable=1    failed=0    skipped=1    rescued=0    ignored=0
k8s-db-03                  : ok=27   changed=10   unreachable=0    failed=0    skipped=16   rescued=0    ignored=0
k8s-master-01              : ok=28   changed=10   unreachable=0    failed=0    skipped=16   rescued=0    ignored=0
k8s-master-02              : ok=10   changed=1    unreachable=1    failed=0    skipped=1    rescued=0    ignored=0
k8s-master-03              : ok=27   changed=10   unreachable=0    failed=0    skipped=16   rescued=0    ignored=0
localhost                  : ok=3    changed=0    unreachable=0    failed=0    skipped=5    rescued=0    ignored=0
oob-mgmt-node              : ok=4    changed=0    unreachable=0    failed=1    skipped=0    rescued=0    ignored=0
osh-comp-01                : ok=27   changed=10   unreachable=0    failed=0    skipped=16   rescued=0    ignored=0
osh-comp-02                : ok=27   changed=10   unreachable=0    failed=0    skipped=16   rescued=0    ignored=0
osh-comp-03                : ok=21   changed=6    unreachable=0    failed=1    skipped=16   rescued=0    ignored=0
osh-comp-04                : ok=27   changed=10   unreachable=0    failed=0    skipped=16   rescued=0    ignored=0
osh-ctrl-01                : ok=21   changed=6    unreachable=0    failed=1    skipped=16   rescued=0    ignored=0
osh-ctrl-02                : ok=27   changed=10   unreachable=0    failed=0    skipped=16   rescued=0    ignored=0
osh-ctrl-03                : ok=27   changed=10   unreachable=0    failed=0    skipped=16   rescued=0    ignored=0
osh-net-01                 : ok=27   changed=10   unreachable=0    failed=0    skipped=16   rescued=0    ignored=0
osh-net-02                 : ok=21   changed=6    unreachable=0    failed=1    skipped=16   rescued=0    ignored=0
poweredge_r810             : ok=18   changed=9    unreachable=0    failed=0    skipped=1    rescued=0    ignored=0

(venv) nh1221@Lab-ControlNode:/mnt/c/Users/nh1221/dc_lab/clab/sonic-clab$
