Which playbook to run to inject mgmt_ip as we did through 'serial' mechanism in deploy.yml?? Following did not resolve the issue...

(venv) nh1221@Lab-ControlNode:/mnt/c/Users/nh1221/dc_lab/clab/sonic-clab$ killall ssh ssh-agent 2>/dev/null
(venv) nh1221@Lab-ControlNode:/mnt/c/Users/nh1221/dc_lab/clab/sonic-clab$ ansible-playbook -i inventory.yml playbooks/linux-netplan-stages.yml -f 3

PLAY [Stage 1 - Linux management subnet netplan] ***********************************************************************************************************

TASK [Gathering Facts] *************************************************************************************************************************************
fatal: [k8s-master-02]: UNREACHABLE! => {"changed": false, "msg": "Failed to connect to the host via ssh: Connection closed by UNKNOWN port 65535", "unreachable": true}
ok: [k8s-master-01]
fatal: [k8s-db-02]: UNREACHABLE! => {"changed": false, "msg": "Failed to connect to the host via ssh: Connection closed by UNKNOWN port 65535", "unreachable": true}
ok: [k8s-db-01]
ok: [k8s-master-03]
ok: [k8s-db-03]
ok: [osh-ctrl-02]
ok: [osh-ctrl-01]
ok: [osh-net-02]
ok: [osh-ctrl-03]
ok: [osh-net-01]
fatal: [MonSrv]: UNREACHABLE! => {"changed": false, "msg": "Failed to connect to the host via ssh: Connection closed by UNKNOWN port 65535", "unreachable": true}
ok: [osh-comp-01]
ok: [osh-comp-02]
ok: [osh-comp-03]
ok: [osh-comp-04]
ok: [Exit-Router1]
ok: [Exit-Router2]
ok: [oob-mgmt-node]

TASK [linux_netplan_staged : Assert stage variable is valid] ***********************************************************************************************
ok: [k8s-master-01] => {
    "changed": false,
    "msg": "All assertions passed"
}
ok: [k8s-master-03] => {
    "changed": false,
    "msg": "All assertions passed"
}
ok: [k8s-db-01] => {
    "changed": false,
    "msg": "All assertions passed"
}
ok: [k8s-db-03] => {
    "changed": false,
    "msg": "All assertions passed"
}
ok: [osh-ctrl-01] => {
    "changed": false,
    "msg": "All assertions passed"
}
ok: [osh-ctrl-02] => {
    "changed": false,
    "msg": "All assertions passed"
}
ok: [osh-ctrl-03] => {
    "changed": false,
    "msg": "All assertions passed"
}
ok: [osh-net-01] => {
    "changed": false,
    "msg": "All assertions passed"
}
ok: [osh-net-02] => {
    "changed": false,
    "msg": "All assertions passed"
}
ok: [osh-comp-01] => {
    "changed": false,
    "msg": "All assertions passed"
}
ok: [osh-comp-02] => {
    "changed": false,
    "msg": "All assertions passed"
}
ok: [osh-comp-03] => {
    "changed": false,
    "msg": "All assertions passed"
}
ok: [osh-comp-04] => {
    "changed": false,
    "msg": "All assertions passed"
}
ok: [Exit-Router1] => {
    "changed": false,
    "msg": "All assertions passed"
}
ok: [Exit-Router2] => {
    "changed": false,
    "msg": "All assertions passed"
}
ok: [oob-mgmt-node] => {
    "changed": false,
    "msg": "All assertions passed"
}

TASK [linux_netplan_staged : Assert management vars for stage 1] *******************************************************************************************
ok: [k8s-master-01] => {
    "changed": false,
    "msg": "All assertions passed"
}
ok: [k8s-master-03] => {
    "changed": false,
    "msg": "All assertions passed"
}
ok: [k8s-db-01] => {
    "changed": false,
    "msg": "All assertions passed"
}
ok: [k8s-db-03] => {
    "changed": false,
    "msg": "All assertions passed"
}
ok: [osh-ctrl-01] => {
    "changed": false,
    "msg": "All assertions passed"
}
ok: [osh-ctrl-02] => {
    "changed": false,
    "msg": "All assertions passed"
}
ok: [osh-ctrl-03] => {
    "changed": false,
    "msg": "All assertions passed"
}
ok: [osh-net-01] => {
    "changed": false,
    "msg": "All assertions passed"
}
ok: [osh-net-02] => {
    "changed": false,
    "msg": "All assertions passed"
}
ok: [osh-comp-01] => {
    "changed": false,
    "msg": "All assertions passed"
}
ok: [osh-comp-02] => {
    "changed": false,
    "msg": "All assertions passed"
}
ok: [osh-comp-03] => {
    "changed": false,
    "msg": "All assertions passed"
}
ok: [osh-comp-04] => {
    "changed": false,
    "msg": "All assertions passed"
}
ok: [Exit-Router1] => {
    "changed": false,
    "msg": "All assertions passed"
}
ok: [Exit-Router2] => {
    "changed": false,
    "msg": "All assertions passed"
}
ok: [oob-mgmt-node] => {
    "changed": false,
    "msg": "All assertions passed"
}

TASK [linux_netplan_staged : Assert ceph vars for stage 3] *************************************************************************************************
skipping: [k8s-master-01]
skipping: [k8s-master-03]
skipping: [k8s-db-01]
skipping: [k8s-db-03]
skipping: [osh-ctrl-01]
skipping: [osh-ctrl-02]
skipping: [osh-ctrl-03]
skipping: [osh-net-01]
skipping: [osh-net-02]
skipping: [osh-comp-01]
skipping: [osh-comp-02]
skipping: [osh-comp-03]
skipping: [osh-comp-04]
skipping: [Exit-Router1]
skipping: [Exit-Router2]
skipping: [oob-mgmt-node]

TASK [linux_netplan_staged : Deploy stage 1 management netplan] ********************************************************************************************
ok: [k8s-master-01]
ok: [k8s-db-01]
ok: [k8s-master-03]
ok: [k8s-db-03]
ok: [osh-ctrl-01]
ok: [osh-ctrl-02]
ok: [osh-ctrl-03]
ok: [osh-net-01]
ok: [osh-net-02]
ok: [osh-comp-01]
ok: [osh-comp-02]
ok: [osh-comp-03]
ok: [osh-comp-04]
ok: [Exit-Router1]
ok: [Exit-Router2]
ok: [oob-mgmt-node]

TASK [linux_netplan_staged : Apply stage 1 management netplan] *********************************************************************************************
changed: [k8s-db-01]
changed: [k8s-master-01]
changed: [k8s-master-03]
changed: [osh-ctrl-02]
changed: [k8s-db-03]
changed: [osh-ctrl-01]
changed: [osh-ctrl-03]
changed: [osh-net-01]
changed: [osh-net-02]
changed: [osh-comp-01]
changed: [osh-comp-02]
changed: [osh-comp-03]
changed: [Exit-Router1]
changed: [osh-comp-04]
changed: [Exit-Router2]
changed: [oob-mgmt-node]

TASK [linux_netplan_staged : Deploy stage 2 multihoming netplan] *******************************************************************************************
skipping: [k8s-master-01]
skipping: [k8s-master-03]
skipping: [k8s-db-01]
skipping: [k8s-db-03]
skipping: [osh-ctrl-01]
skipping: [osh-ctrl-02]
skipping: [osh-ctrl-03]
skipping: [osh-net-01]
skipping: [osh-net-02]
skipping: [osh-comp-01]
skipping: [osh-comp-02]
skipping: [osh-comp-03]
skipping: [osh-comp-04]
skipping: [Exit-Router1]
skipping: [Exit-Router2]
skipping: [oob-mgmt-node]

TASK [linux_netplan_staged : Apply stage 2 multihoming netplan] ********************************************************************************************
skipping: [k8s-master-01]
skipping: [k8s-master-03]
skipping: [k8s-db-01]
skipping: [k8s-db-03]
skipping: [osh-ctrl-01]
skipping: [osh-ctrl-02]
skipping: [osh-ctrl-03]
skipping: [osh-net-01]
skipping: [osh-net-02]
skipping: [osh-comp-01]
skipping: [osh-comp-02]
skipping: [osh-comp-03]
skipping: [osh-comp-04]
skipping: [Exit-Router1]
skipping: [Exit-Router2]
skipping: [oob-mgmt-node]

TASK [linux_netplan_staged : Deploy stage 3 ceph dummy netplan] ********************************************************************************************
skipping: [k8s-master-01]
skipping: [k8s-master-03]
skipping: [k8s-db-01]
skipping: [k8s-db-03]
skipping: [osh-ctrl-01]
skipping: [osh-ctrl-02]
skipping: [osh-ctrl-03]
skipping: [osh-net-01]
skipping: [osh-net-02]
skipping: [osh-comp-01]
skipping: [osh-comp-02]
skipping: [osh-comp-03]
skipping: [osh-comp-04]
skipping: [Exit-Router1]
skipping: [Exit-Router2]
skipping: [oob-mgmt-node]

TASK [linux_netplan_staged : Apply stage 3 ceph dummy netplan] *********************************************************************************************
skipping: [k8s-master-01]
skipping: [k8s-master-03]
skipping: [k8s-db-01]
skipping: [k8s-db-03]
skipping: [osh-ctrl-01]
skipping: [osh-ctrl-02]
skipping: [osh-ctrl-03]
skipping: [osh-net-01]
skipping: [osh-net-02]
skipping: [osh-comp-01]
skipping: [osh-comp-02]
skipping: [osh-comp-03]
skipping: [osh-comp-04]
skipping: [Exit-Router1]
skipping: [Exit-Router2]
skipping: [oob-mgmt-node]

PLAY [Stage 2 - Linux server multihoming netplan] **********************************************************************************************************

TASK [Gathering Facts] *************************************************************************************************************************************
ok: [k8s-master-01]
ok: [k8s-db-01]
ok: [k8s-master-03]
ok: [osh-ctrl-02]
ok: [k8s-db-03]
ok: [osh-ctrl-01]
ok: [osh-ctrl-03]
ok: [osh-net-01]
ok: [osh-net-02]
ok: [osh-comp-02]
ok: [osh-comp-01]
ok: [osh-comp-03]
ok: [osh-comp-04]

TASK [linux_netplan_staged : Assert stage variable is valid] ***********************************************************************************************
ok: [k8s-master-01] => {
    "changed": false,
    "msg": "All assertions passed"
}
ok: [k8s-master-03] => {
    "changed": false,
    "msg": "All assertions passed"
}
ok: [k8s-db-01] => {
    "changed": false,
    "msg": "All assertions passed"
}
ok: [k8s-db-03] => {
    "changed": false,
    "msg": "All assertions passed"
}
ok: [osh-ctrl-01] => {
    "changed": false,
    "msg": "All assertions passed"
}
ok: [osh-ctrl-02] => {
    "changed": false,
    "msg": "All assertions passed"
}
ok: [osh-ctrl-03] => {
    "changed": false,
    "msg": "All assertions passed"
}
ok: [osh-net-01] => {
    "changed": false,
    "msg": "All assertions passed"
}
ok: [osh-net-02] => {
    "changed": false,
    "msg": "All assertions passed"
}
ok: [osh-comp-01] => {
    "changed": false,
    "msg": "All assertions passed"
}
ok: [osh-comp-02] => {
    "changed": false,
    "msg": "All assertions passed"
}
ok: [osh-comp-03] => {
    "changed": false,
    "msg": "All assertions passed"
}
ok: [osh-comp-04] => {
    "changed": false,
    "msg": "All assertions passed"
}

TASK [linux_netplan_staged : Assert management vars for stage 1] *******************************************************************************************
skipping: [k8s-master-01]
skipping: [k8s-master-03]
skipping: [k8s-db-01]
skipping: [k8s-db-03]
skipping: [osh-ctrl-01]
skipping: [osh-ctrl-02]
skipping: [osh-ctrl-03]
skipping: [osh-net-01]
skipping: [osh-net-02]
skipping: [osh-comp-01]
skipping: [osh-comp-02]
skipping: [osh-comp-03]
skipping: [osh-comp-04]

TASK [linux_netplan_staged : Assert ceph vars for stage 3] *************************************************************************************************
skipping: [k8s-master-01]
skipping: [k8s-master-03]
skipping: [k8s-db-01]
skipping: [k8s-db-03]
skipping: [osh-ctrl-01]
skipping: [osh-ctrl-02]
skipping: [osh-ctrl-03]
skipping: [osh-net-01]
skipping: [osh-net-02]
skipping: [osh-comp-01]
skipping: [osh-comp-02]
skipping: [osh-comp-03]
skipping: [osh-comp-04]

TASK [linux_netplan_staged : Deploy stage 1 management netplan] ********************************************************************************************
skipping: [k8s-master-01]
skipping: [k8s-master-03]
skipping: [k8s-db-01]
skipping: [k8s-db-03]
skipping: [osh-ctrl-01]
skipping: [osh-ctrl-02]
skipping: [osh-ctrl-03]
skipping: [osh-net-01]
skipping: [osh-net-02]
skipping: [osh-comp-01]
skipping: [osh-comp-02]
skipping: [osh-comp-03]
skipping: [osh-comp-04]

TASK [linux_netplan_staged : Apply stage 1 management netplan] *********************************************************************************************
skipping: [k8s-master-01]
skipping: [k8s-master-03]
skipping: [k8s-db-01]
skipping: [k8s-db-03]
skipping: [osh-ctrl-01]
skipping: [osh-ctrl-02]
skipping: [osh-ctrl-03]
skipping: [osh-net-01]
skipping: [osh-net-02]
skipping: [osh-comp-01]
skipping: [osh-comp-02]
skipping: [osh-comp-03]
skipping: [osh-comp-04]

TASK [linux_netplan_staged : Deploy stage 2 multihoming netplan] *******************************************************************************************
ok: [k8s-db-01]
ok: [k8s-master-01]
ok: [k8s-master-03]
ok: [k8s-db-03]
ok: [osh-ctrl-02]
ok: [osh-ctrl-01]
ok: [osh-ctrl-03]
ok: [osh-net-02]
ok: [osh-net-01]
ok: [osh-comp-01]
ok: [osh-comp-02]
ok: [osh-comp-03]
ok: [osh-comp-04]

TASK [linux_netplan_staged : Apply stage 2 multihoming netplan] ********************************************************************************************
changed: [k8s-master-01]
changed: [k8s-master-03]
changed: [k8s-db-01]
changed: [k8s-db-03]
changed: [osh-ctrl-02]
changed: [osh-ctrl-01]
changed: [osh-ctrl-03]
changed: [osh-net-01]
changed: [osh-net-02]
changed: [osh-comp-01]
changed: [osh-comp-02]
changed: [osh-comp-03]
changed: [osh-comp-04]

TASK [linux_netplan_staged : Deploy stage 3 ceph dummy netplan] ********************************************************************************************
skipping: [k8s-master-01]
skipping: [k8s-master-03]
skipping: [k8s-db-01]
skipping: [k8s-db-03]
skipping: [osh-ctrl-01]
skipping: [osh-ctrl-02]
skipping: [osh-ctrl-03]
skipping: [osh-net-01]
skipping: [osh-net-02]
skipping: [osh-comp-01]
skipping: [osh-comp-02]
skipping: [osh-comp-03]
skipping: [osh-comp-04]

TASK [linux_netplan_staged : Apply stage 3 ceph dummy netplan] *********************************************************************************************
skipping: [k8s-master-01]
skipping: [k8s-master-03]
skipping: [k8s-db-01]
skipping: [k8s-db-03]
skipping: [osh-ctrl-01]
skipping: [osh-ctrl-02]
skipping: [osh-ctrl-03]
skipping: [osh-net-01]
skipping: [osh-net-02]
skipping: [osh-comp-01]
skipping: [osh-comp-02]
skipping: [osh-comp-03]
skipping: [osh-comp-04]

PLAY [Stage 3 - Linux ceph dummy interface netplan] ********************************************************************************************************

TASK [Gathering Facts] *************************************************************************************************************************************
ok: [k8s-db-01]
ok: [k8s-master-03]
ok: [k8s-master-01]
ok: [k8s-db-03]
ok: [osh-ctrl-01]
ok: [osh-ctrl-02]
ok: [osh-net-02]
ok: [osh-ctrl-03]
ok: [osh-net-01]
ok: [osh-comp-01]
ok: [osh-comp-02]
ok: [osh-comp-03]
ok: [osh-comp-04]

TASK [linux_netplan_staged : Assert stage variable is valid] ***********************************************************************************************
ok: [k8s-master-01] => {
    "changed": false,
    "msg": "All assertions passed"
}
ok: [k8s-master-03] => {
    "changed": false,
    "msg": "All assertions passed"
}
ok: [k8s-db-01] => {
    "changed": false,
    "msg": "All assertions passed"
}
ok: [k8s-db-03] => {
    "changed": false,
    "msg": "All assertions passed"
}
ok: [osh-ctrl-01] => {
    "changed": false,
    "msg": "All assertions passed"
}
ok: [osh-ctrl-02] => {
    "changed": false,
    "msg": "All assertions passed"
}
ok: [osh-ctrl-03] => {
    "changed": false,
    "msg": "All assertions passed"
}
ok: [osh-net-01] => {
    "changed": false,
    "msg": "All assertions passed"
}
ok: [osh-net-02] => {
    "changed": false,
    "msg": "All assertions passed"
}
ok: [osh-comp-01] => {
    "changed": false,
    "msg": "All assertions passed"
}
ok: [osh-comp-02] => {
    "changed": false,
    "msg": "All assertions passed"
}
ok: [osh-comp-03] => {
    "changed": false,
    "msg": "All assertions passed"
}
ok: [osh-comp-04] => {
    "changed": false,
    "msg": "All assertions passed"
}

TASK [linux_netplan_staged : Assert management vars for stage 1] *******************************************************************************************
skipping: [k8s-master-01]
skipping: [k8s-master-03]
skipping: [k8s-db-01]
skipping: [k8s-db-03]
skipping: [osh-ctrl-01]
skipping: [osh-ctrl-02]
skipping: [osh-ctrl-03]
skipping: [osh-net-01]
skipping: [osh-net-02]
skipping: [osh-comp-01]
skipping: [osh-comp-02]
skipping: [osh-comp-03]
skipping: [osh-comp-04]

TASK [linux_netplan_staged : Assert ceph vars for stage 3] *************************************************************************************************
ok: [k8s-master-01] => {
    "changed": false,
    "msg": "All assertions passed"
}
ok: [k8s-master-03] => {
    "changed": false,
    "msg": "All assertions passed"
}
ok: [k8s-db-01] => {
    "changed": false,
    "msg": "All assertions passed"
}
ok: [k8s-db-03] => {
    "changed": false,
    "msg": "All assertions passed"
}
ok: [osh-ctrl-01] => {
    "changed": false,
    "msg": "All assertions passed"
}
ok: [osh-ctrl-02] => {
    "changed": false,
    "msg": "All assertions passed"
}
ok: [osh-ctrl-03] => {
    "changed": false,
    "msg": "All assertions passed"
}
ok: [osh-net-01] => {
    "changed": false,
    "msg": "All assertions passed"
}
ok: [osh-net-02] => {
    "changed": false,
    "msg": "All assertions passed"
}
ok: [osh-comp-01] => {
    "changed": false,
    "msg": "All assertions passed"
}
ok: [osh-comp-02] => {
    "changed": false,
    "msg": "All assertions passed"
}
ok: [osh-comp-03] => {
    "changed": false,
    "msg": "All assertions passed"
}
ok: [osh-comp-04] => {
    "changed": false,
    "msg": "All assertions passed"
}

TASK [linux_netplan_staged : Deploy stage 1 management netplan] ********************************************************************************************
skipping: [k8s-master-01]
skipping: [k8s-master-03]
skipping: [k8s-db-01]
skipping: [k8s-db-03]
skipping: [osh-ctrl-01]
skipping: [osh-ctrl-02]
skipping: [osh-ctrl-03]
skipping: [osh-net-01]
skipping: [osh-net-02]
skipping: [osh-comp-01]
skipping: [osh-comp-02]
skipping: [osh-comp-03]
skipping: [osh-comp-04]

TASK [linux_netplan_staged : Apply stage 1 management netplan] *********************************************************************************************
skipping: [k8s-master-01]
skipping: [k8s-master-03]
skipping: [k8s-db-01]
skipping: [k8s-db-03]
skipping: [osh-ctrl-01]
skipping: [osh-ctrl-02]
skipping: [osh-ctrl-03]
skipping: [osh-net-01]
skipping: [osh-net-02]
skipping: [osh-comp-01]
skipping: [osh-comp-02]
skipping: [osh-comp-03]
skipping: [osh-comp-04]

TASK [linux_netplan_staged : Deploy stage 2 multihoming netplan] *******************************************************************************************
skipping: [k8s-master-01]
skipping: [k8s-master-03]
skipping: [k8s-db-01]
skipping: [k8s-db-03]
skipping: [osh-ctrl-01]
skipping: [osh-ctrl-02]
skipping: [osh-ctrl-03]
skipping: [osh-net-01]
skipping: [osh-net-02]
skipping: [osh-comp-01]
skipping: [osh-comp-02]
skipping: [osh-comp-03]
skipping: [osh-comp-04]

TASK [linux_netplan_staged : Apply stage 2 multihoming netplan] ********************************************************************************************
skipping: [k8s-master-01]
skipping: [k8s-master-03]
skipping: [k8s-db-01]
skipping: [k8s-db-03]
skipping: [osh-ctrl-01]
skipping: [osh-ctrl-02]
skipping: [osh-ctrl-03]
skipping: [osh-net-01]
skipping: [osh-net-02]
skipping: [osh-comp-01]
skipping: [osh-comp-02]
skipping: [osh-comp-03]
skipping: [osh-comp-04]

TASK [linux_netplan_staged : Deploy stage 3 ceph dummy netplan] ********************************************************************************************
ok: [k8s-db-01]
ok: [k8s-master-03]
ok: [k8s-master-01]
ok: [k8s-db-03]
ok: [osh-ctrl-01]
ok: [osh-ctrl-02]
ok: [osh-ctrl-03]
ok: [osh-net-02]
ok: [osh-net-01]
ok: [osh-comp-01]
ok: [osh-comp-02]
ok: [osh-comp-03]
ok: [osh-comp-04]

TASK [linux_netplan_staged : Apply stage 3 ceph dummy netplan] *********************************************************************************************
changed: [k8s-db-01]
changed: [k8s-master-03]
changed: [k8s-master-01]
changed: [k8s-db-03]
changed: [osh-ctrl-02]
changed: [osh-ctrl-01]
changed: [osh-net-02]
changed: [osh-ctrl-03]
changed: [osh-net-01]
changed: [osh-comp-01]
changed: [osh-comp-02]
changed: [osh-comp-03]
changed: [osh-comp-04]

PLAY RECAP *************************************************************************************************************************************************
Exit-Router1               : ok=5    changed=1    unreachable=0    failed=0    skipped=5    rescued=0    ignored=0
Exit-Router2               : ok=5    changed=1    unreachable=0    failed=0    skipped=5    rescued=0    ignored=0
MonSrv                     : ok=0    changed=0    unreachable=1    failed=0    skipped=0    rescued=0    ignored=0
k8s-db-01                  : ok=14   changed=3    unreachable=0    failed=0    skipped=16   rescued=0    ignored=0
k8s-db-02                  : ok=0    changed=0    unreachable=1    failed=0    skipped=0    rescued=0    ignored=0
k8s-db-03                  : ok=14   changed=3    unreachable=0    failed=0    skipped=16   rescued=0    ignored=0
k8s-master-01              : ok=14   changed=3    unreachable=0    failed=0    skipped=16   rescued=0    ignored=0
k8s-master-02              : ok=0    changed=0    unreachable=1    failed=0    skipped=0    rescued=0    ignored=0
k8s-master-03              : ok=14   changed=3    unreachable=0    failed=0    skipped=16   rescued=0    ignored=0
oob-mgmt-node              : ok=5    changed=1    unreachable=0    failed=0    skipped=5    rescued=0    ignored=0
osh-comp-01                : ok=14   changed=3    unreachable=0    failed=0    skipped=16   rescued=0    ignored=0
osh-comp-02                : ok=14   changed=3    unreachable=0    failed=0    skipped=16   rescued=0    ignored=0
osh-comp-03                : ok=14   changed=3    unreachable=0    failed=0    skipped=16   rescued=0    ignored=0
osh-comp-04                : ok=14   changed=3    unreachable=0    failed=0    skipped=16   rescued=0    ignored=0
osh-ctrl-01                : ok=14   changed=3    unreachable=0    failed=0    skipped=16   rescued=0    ignored=0
osh-ctrl-02                : ok=14   changed=3    unreachable=0    failed=0    skipped=16   rescued=0    ignored=0
osh-ctrl-03                : ok=14   changed=3    unreachable=0    failed=0    skipped=16   rescued=0    ignored=0
osh-net-01                 : ok=14   changed=3    unreachable=0    failed=0    skipped=16   rescued=0    ignored=0
osh-net-02                 : ok=14   changed=3    unreachable=0    failed=0    skipped=16   rescued=0    ignored=0

(venv) nh1221@Lab-ControlNode:/mnt/c/Users/nh1221/dc_lab/clab/sonic-clab$
