TASK [Verify serial console login works with ubuntu credentials] *******************************************************************************************
FAILED - RETRYING: [poweredge_r810]: Verify serial console login works with ubuntu credentials (4 retries left).
FAILED - RETRYING: [poweredge_r810]: Verify serial console login works with ubuntu credentials (3 retries left).
FAILED - RETRYING: [poweredge_r810]: Verify serial console login works with ubuntu credentials (2 retries left).
FAILED - RETRYING: [poweredge_r810]: Verify serial console login works with ubuntu credentials (1 retries left).
failed: [poweredge_r810] (item=Serial login probe: k8s-master-01) => {"ansible_loop_var": "item", "attempts": 4, "changed": false, "cmd": "set -euo pipefail\nCNAME=\"clab-sheba-k8s-master-01\"\nif ! docker ps --format '{{.Names}}' | grep -qx \"$CNAME\"; then\n  CNAME=\"k8s-master-01\"\nfi\n\ndocker exec -i \"$CNAME\" python3 - <<'PY'\nimport re\nimport socket\nimport sys\nimport time\n\nuser = \"ubuntu\"\npassword = \"ubuntu\"\n\ns = socket.socket(socket.AF_INET, socket.SOCK_STREAM)\ns.settimeout(2)\ns.connect((\"127.0.0.1\", 5000))\n\nseen = \"\"\nsent_user = False\nsent_pass = False\ndeadline = time.time() + 90\n\nwhile time.time() < deadline:\n  try:\n    chunk = s.recv(4096).decode(\"utf-8\", errors=\"ignore\")\n  except socket.timeout:\n    chunk = \"\"\n\n  if chunk:\n    seen += chunk\n\n  low = seen.lower()\n\n  if \"login incorrect\" in low:\n    sent_user = False\n    sent_pass = False\n    seen = \"\"\n    s.sendall(b\"\\n\")\n    time.sleep(0.5)\n    continue\n\n  if (\"login:\" in low or \"ubuntu login:\" in low) and not sent_user:\n    s.sendall((user + \"\\n\").encode(\"utf-8\"))\n    sent_user = True\n    seen = \"\"\n    time.sleep(0.4)\n    continue\n\n  if \"password:\" in low and sent_user and not sent_pass:\n    s.sendall((password + \"\\n\").encode(\"utf-8\"))\n    sent_pass = True\n    seen = \"\"\n    time.sleep(0.7)\n    continue\n\n  if sent_pass:\n    s.sendall(b\"id -u\\n\")\n    time.sleep(0.7)\n    try:\n      probe = s.recv(4096).decode(\"utf-8\", errors=\"ignore\")\n    except socket.timeout:\n      probe = \"\"\n    if re.search(r\"(^|\\D)1000(\\D|$)\", probe):\n      s.sendall(b\"exit\\n\")\n      s.close()\n      print(\"serial_console_login_ok\")\n      sys.exit(0)\n\n  if not chunk:\n    s.sendall(b\"\\n\")\n    time.sleep(0.5)\n\ns.close()\nprint(\"serial_console_login_failed\")\nsys.exit(1)\nPY\n", "delta": "0:01:32.982433", "end": "2026-09-03 21:29:30.790060", "item": "k8s-master-01", "msg": "non-zero return code", "rc": 1, "start": "2026-09-03 21:27:57.807627", "stderr": "", "stderr_lines": [], "stdout": "serial_console_login_failed", "stdout_lines": ["serial_console_login_failed"]}
FAILED - RETRYING: [poweredge_r810]: Verify serial console login works with ubuntu credentials (4 retries left).
FAILED - RETRYING: [poweredge_r810]: Verify serial console login works with ubuntu credentials (3 retries left).
FAILED - RETRYING: [poweredge_r810]: Verify serial console login works with ubuntu credentials (2 retries left).
FAILED - RETRYING: [poweredge_r810]: Verify serial console login works with ubuntu credentials (1 retries left).
failed: [poweredge_r810] (item=Serial login probe: k8s-master-02) => {"ansible_loop_var": "item", "attempts": 4, "changed": false, "cmd": "set -euo pipefail\nCNAME=\"clab-sheba-k8s-master-02\"\nif ! docker ps --format '{{.Names}}' | grep -qx \"$CNAME\"; then\n  CNAME=\"k8s-master-02\"\nfi\n\ndocker exec -i \"$CNAME\" python3 - <<'PY'\nimport re\nimport socket\nimport sys\nimport time\n\nuser = \"ubuntu\"\npassword = \"ubuntu\"\n\ns = socket.socket(socket.AF_INET, socket.SOCK_STREAM)\ns.settimeout(2)\ns.connect((\"127.0.0.1\", 5000))\n\nseen = \"\"\nsent_user = False\nsent_pass = False\ndeadline = time.time() + 90\n\nwhile time.time() < deadline:\n  try:\n    chunk = s.recv(4096).decode(\"utf-8\", errors=\"ignore\")\n  except socket.timeout:\n    chunk = \"\"\n\n  if chunk:\n    seen += chunk\n\n  low = seen.lower()\n\n  if \"login incorrect\" in low:\n    sent_user = False\n    sent_pass = False\n    seen = \"\"\n    s.sendall(b\"\\n\")\n    time.sleep(0.5)\n    continue\n\n  if (\"login:\" in low or \"ubuntu login:\" in low) and not sent_user:\n    s.sendall((user + \"\\n\").encode(\"utf-8\"))\n    sent_user = True\n    seen = \"\"\n    time.sleep(0.4)\n    continue\n\n  if \"password:\" in low and sent_user and not sent_pass:\n    s.sendall((password + \"\\n\").encode(\"utf-8\"))\n    sent_pass = True\n    seen = \"\"\n    time.sleep(0.7)\n    continue\n\n  if sent_pass:\n    s.sendall(b\"id -u\\n\")\n    time.sleep(0.7)\n    try:\n      probe = s.recv(4096).decode(\"utf-8\", errors=\"ignore\")\n    except socket.timeout:\n      probe = \"\"\n    if re.search(r\"(^|\\D)1000(\\D|$)\", probe):\n      s.sendall(b\"exit\\n\")\n      s.close()\n      print(\"serial_console_login_ok\")\n      sys.exit(0)\n\n  if not chunk:\n    s.sendall(b\"\\n\")\n    time.sleep(0.5)\n\ns.close()\nprint(\"serial_console_login_failed\")\nsys.exit(1)\nPY\n", "delta": "0:01:33.172169", "end": "2026-09-03 21:37:52.791330", "item": "k8s-master-02", "msg": "non-zero return code", "rc": 1, "start": "2026-09-03 21:36:19.619161", "stderr": "", "stderr_lines": [], "stdout": "serial_console_login_failed", "stdout_lines": ["serial_console_login_failed"]}
FAILED - RETRYING: [poweredge_r810]: Verify serial console login works with ubuntu credentials (4 retries left).
FAILED - RETRYING: [poweredge_r810]: Verify serial console login works with ubuntu credentials (3 retries left).
FAILED - RETRYING: [poweredge_r810]: Verify serial console login works with ubuntu credentials (2 retries left).
FAILED - RETRYING: [poweredge_r810]: Verify serial console login works with ubuntu credentials (1 retries left).
failed: [poweredge_r810] (item=Serial login probe: k8s-master-03) => {"ansible_loop_var": "item", "attempts": 4, "changed": false, "cmd": "set -euo pipefail\nCNAME=\"clab-sheba-k8s-master-03\"\nif ! docker ps --format '{{.Names}}' | grep -qx \"$CNAME\"; then\n  CNAME=\"k8s-master-03\"\nfi\n\ndocker exec -i \"$CNAME\" python3 - <<'PY'\nimport re\nimport socket\nimport sys\nimport time\n\nuser = \"ubuntu\"\npassword = \"ubuntu\"\n\ns = socket.socket(socket.AF_INET, socket.SOCK_STREAM)\ns.settimeout(2)\ns.connect((\"127.0.0.1\", 5000))\n\nseen = \"\"\nsent_user = False\nsent_pass = False\ndeadline = time.time() + 90\n\nwhile time.time() < deadline:\n  try:\n    chunk = s.recv(4096).decode(\"utf-8\", errors=\"ignore\")\n  except socket.timeout:\n    chunk = \"\"\n\n  if chunk:\n    seen += chunk\n\n  low = seen.lower()\n\n  if \"login incorrect\" in low:\n    sent_user = False\n    sent_pass = False\n    seen = \"\"\n    s.sendall(b\"\\n\")\n    time.sleep(0.5)\n    continue\n\n  if (\"login:\" in low or \"ubuntu login:\" in low) and not sent_user:\n    s.sendall((user + \"\\n\").encode(\"utf-8\"))\n    sent_user = True\n    seen = \"\"\n    time.sleep(0.4)\n    continue\n\n  if \"password:\" in low and sent_user and not sent_pass:\n    s.sendall((password + \"\\n\").encode(\"utf-8\"))\n    sent_pass = True\n    seen = \"\"\n    time.sleep(0.7)\n    continue\n\n  if sent_pass:\n    s.sendall(b\"id -u\\n\")\n    time.sleep(0.7)\n    try:\n      probe = s.recv(4096).decode(\"utf-8\", errors=\"ignore\")\n    except socket.timeout:\n      probe = \"\"\n    if re.search(r\"(^|\\D)1000(\\D|$)\", probe):\n      s.sendall(b\"exit\\n\")\n      s.close()\n      print(\"serial_console_login_ok\")\n      sys.exit(0)\n\n  if not chunk:\n    s.sendall(b\"\\n\")\n    time.sleep(0.5)\n\ns.close()\nprint(\"serial_console_login_failed\")\nsys.exit(1)\nPY\n", "delta": "0:01:32.609150", "end": "2026-09-03 21:46:10.675603", "item": "k8s-master-03", "msg": "non-zero return code", "rc": 1, "start": "2026-09-03 21:44:38.066453", "stderr": "", "stderr_lines": [], "stdout": "serial_console_login_failed", "stdout_lines": ["serial_console_login_failed"]}
FAILED - RETRYING: [poweredge_r810]: Verify serial console login works with ubuntu credentials (4 retries left).
FAILED - RETRYING: [poweredge_r810]: Verify serial console login works with ubuntu credentials (3 retries left).
FAILED - RETRYING: [poweredge_r810]: Verify serial console login works with ubuntu credentials (2 retries left).
FAILED - RETRYING: [poweredge_r810]: Verify serial console login works with ubuntu credentials (1 retries left).
failed: [poweredge_r810] (item=Serial login probe: k8s-db-01) => {"ansible_loop_var": "item", "attempts": 4, "changed": false, "cmd": "set -euo pipefail\nCNAME=\"clab-sheba-k8s-db-01\"\nif ! docker ps --format '{{.Names}}' | grep -qx \"$CNAME\"; then\n  CNAME=\"k8s-db-01\"\nfi\n\ndocker exec -i \"$CNAME\" python3 - <<'PY'\nimport re\nimport socket\nimport sys\nimport time\n\nuser = \"ubuntu\"\npassword = \"ubuntu\"\n\ns = socket.socket(socket.AF_INET, socket.SOCK_STREAM)\ns.settimeout(2)\ns.connect((\"127.0.0.1\", 5000))\n\nseen = \"\"\nsent_user = False\nsent_pass = False\ndeadline = time.time() + 90\n\nwhile time.time() < deadline:\n  try:\n    chunk = s.recv(4096).decode(\"utf-8\", errors=\"ignore\")\n  except socket.timeout:\n    chunk = \"\"\n\n  if chunk:\n    seen += chunk\n\n  low = seen.lower()\n\n  if \"login incorrect\" in low:\n    sent_user = False\n    sent_pass = False\n    seen = \"\"\n    s.sendall(b\"\\n\")\n    time.sleep(0.5)\n    continue\n\n  if (\"login:\" in low or \"ubuntu login:\" in low) and not sent_user:\n    s.sendall((user + \"\\n\").encode(\"utf-8\"))\n    sent_user = True\n    seen = \"\"\n    time.sleep(0.4)\n    continue\n\n  if \"password:\" in low and sent_user and not sent_pass:\n    s.sendall((password + \"\\n\").encode(\"utf-8\"))\n    sent_pass = True\n    seen = \"\"\n    time.sleep(0.7)\n    continue\n\n  if sent_pass:\n    s.sendall(b\"id -u\\n\")\n    time.sleep(0.7)\n    try:\n      probe = s.recv(4096).decode(\"utf-8\", errors=\"ignore\")\n    except socket.timeout:\n      probe = \"\"\n    if re.search(r\"(^|\\D)1000(\\D|$)\", probe):\n      s.sendall(b\"exit\\n\")\n      s.close()\n      print(\"serial_console_login_ok\")\n      sys.exit(0)\n\n  if not chunk:\n    s.sendall(b\"\\n\")\n    time.sleep(0.5)\n\ns.close()\nprint(\"serial_console_login_failed\")\nsys.exit(1)\nPY\n", "delta": "0:01:31.749147", "end": "2026-09-03 21:54:29.059161", "item": "k8s-db-01", "msg": "non-zero return code", "rc": 1, "start": "2026-09-03 21:52:57.310014", "stderr": "", "stderr_lines": [], "stdout": "serial_console_login_failed", "stdout_lines": ["serial_console_login_failed"]}
FAILED - RETRYING: [poweredge_r810]: Verify serial console login works with ubuntu credentials (4 retries left).
FAILED - RETRYING: [poweredge_r810]: Verify serial console login works with ubuntu credentials (3 retries left).
FAILED - RETRYING: [poweredge_r810]: Verify serial console login works with ubuntu credentials (2 retries left).
FAILED - RETRYING: [poweredge_r810]: Verify serial console login works with ubuntu credentials (1 retries left).
failed: [poweredge_r810] (item=Serial login probe: k8s-db-02) => {"ansible_loop_var": "item", "attempts": 4, "changed": false, "cmd": "set -euo pipefail\nCNAME=\"clab-sheba-k8s-db-02\"\nif ! docker ps --format '{{.Names}}' | grep -qx \"$CNAME\"; then\n  CNAME=\"k8s-db-02\"\nfi\n\ndocker exec -i \"$CNAME\" python3 - <<'PY'\nimport re\nimport socket\nimport sys\nimport time\n\nuser = \"ubuntu\"\npassword = \"ubuntu\"\n\ns = socket.socket(socket.AF_INET, socket.SOCK_STREAM)\ns.settimeout(2)\ns.connect((\"127.0.0.1\", 5000))\n\nseen = \"\"\nsent_user = False\nsent_pass = False\ndeadline = time.time() + 90\n\nwhile time.time() < deadline:\n  try:\n    chunk = s.recv(4096).decode(\"utf-8\", errors=\"ignore\")\n  except socket.timeout:\n    chunk = \"\"\n\n  if chunk:\n    seen += chunk\n\n  low = seen.lower()\n\n  if \"login incorrect\" in low:\n    sent_user = False\n    sent_pass = False\n    seen = \"\"\n    s.sendall(b\"\\n\")\n    time.sleep(0.5)\n    continue\n\n  if (\"login:\" in low or \"ubuntu login:\" in low) and not sent_user:\n    s.sendall((user + \"\\n\").encode(\"utf-8\"))\n    sent_user = True\n    seen = \"\"\n    time.sleep(0.4)\n    continue\n\n  if \"password:\" in low and sent_user and not sent_pass:\n    s.sendall((password + \"\\n\").encode(\"utf-8\"))\n    sent_pass = True\n    seen = \"\"\n    time.sleep(0.7)\n    continue\n\n  if sent_pass:\n    s.sendall(b\"id -u\\n\")\n    time.sleep(0.7)\n    try:\n      probe = s.recv(4096).decode(\"utf-8\", errors=\"ignore\")\n    except socket.timeout:\n      probe = \"\"\n    if re.search(r\"(^|\\D)1000(\\D|$)\", probe):\n      s.sendall(b\"exit\\n\")\n      s.close()\n      print(\"serial_console_login_ok\")\n      sys.exit(0)\n\n  if not chunk:\n    s.sendall(b\"\\n\")\n    time.sleep(0.5)\n\ns.close()\nprint(\"serial_console_login_failed\")\nsys.exit(1)\nPY\n", "delta": "0:01:31.045247", "end": "2026-09-03 22:08:48.053149", "item": "k8s-db-02", "msg": "non-zero return code", "rc": 1, "start": "2026-09-03 22:07:17.007902", "stderr": "", "stderr_lines": [], "stdout": "serial_console_login_failed", "stdout_lines": ["serial_console_login_failed"]}
FAILED - RETRYING: [poweredge_r810]: Verify serial console login works with ubuntu credentials (4 retries left).
FAILED - RETRYING: [poweredge_r810]: Verify serial console login works with ubuntu credentials (3 retries left).
FAILED - RETRYING: [poweredge_r810]: Verify serial console login works with ubuntu credentials (2 retries left).
FAILED - RETRYING: [poweredge_r810]: Verify serial console login works with ubuntu credentials (1 retries left).
^C [ERROR]: User interrupted execution
(venv) nh1221@Lab-ControlNode:/mnt/c/Users/nh1221/dc_lab/clab/sonic-clab$ clear

(venv) nh1221@Lab-ControlNode:/mnt/c/Users/nh1221/dc_lab/clab/sonic-clab$ ansible-playbook -i inv-osh.yml playbooks/lab/fabric-full.yml

PLAY [Control-node preflight and transport setup] **********************************************************************************************************

TASK [Validate networking mode] ****************************************************************************************************************************
ok: [localhost] => {
    "changed": false,
    "msg": "All assertions passed"
}

TASK [Remove stale host keys for SONiC nodes] **************************************************************************************************************
ok: [localhost] => (item=Spine-S1)
ok: [localhost] => (item=Spine-S2)
ok: [localhost] => (item=Leaf-L1)
ok: [localhost] => (item=Leaf-L2)
ok: [localhost] => (item=Leaf-L3)
ok: [localhost] => (item=Leaf-L4)
ok: [localhost] => (item=Border-Leaf1)
ok: [localhost] => (item=Border-Leaf2)
[WARNING]: Platform linux on host localhost is using the discovered Python interpreter at /mnt/c/Users/nh1221/data-center/venv/bin/python3.12, but future
installation of another Python interpreter could change the meaning of that path. See https://docs.ansible.com/ansible-
core/2.18/reference_appendices/interpreter_discovery.html for more information.

TASK [Ensure route mode has network path to SONiC mgmt subnet] *********************************************************************************************
skipping: [localhost]

TASK [Check ssh command exists for socks mode] *************************************************************************************************************
skipping: [localhost]

TASK [Check nc command exists for socks mode] **************************************************************************************************************
skipping: [localhost]

TASK [Detect existing SOCKS tunnel] ************************************************************************************************************************
skipping: [localhost]

TASK [Start SOCKS tunnel to R810] **************************************************************************************************************************
skipping: [localhost]

PLAY [Orchestrate Sheba Laboratory Cloud Architecture Environment] *****************************************************************************************

TASK [clab_topology_prep : Generate finalized topology configuration from Jinja2 template] *****************************************************************
changed: [localhost]

PLAY [Deploy containerlab topology on R810, Storage & OverlayFS Fabric Audit] ******************************************************************************

TASK [Gathering Facts] *************************************************************************************************************************************
[WARNING]: Platform linux on host poweredge_r810 is using the discovered Python interpreter at /usr/bin/python3, but future installation of another Python
interpreter could change the meaning of that path. See https://docs.ansible.com/ansible-core/2.18/reference_appendices/interpreter_discovery.html for more
information.
ok: [poweredge_r810]

TASK [Ensure containerlab is installed] ********************************************************************************************************************
ok: [poweredge_r810]

TASK [Ensure remote lab directory exists] ******************************************************************************************************************
ok: [poweredge_r810]

TASK [Sync project tree to R810] ***************************************************************************************************************************
changed: [poweredge_r810]

TASK [Ensure ISO utilities are installed (for cloud-init seed ISO)] ****************************************************************************************
ok: [poweredge_r810]

TASK [Generate cloud-init seed ISO for generic_vm nodes] ***************************************************************************************************
changed: [poweredge_r810]

TASK [Create Ceph OSD backing disks required by topology bind mounts] **************************************************************************************
changed: [poweredge_r810]

TASK [Create K8/OSH VM data disks required by topology bind mounts] ****************************************************************************************
changed: [poweredge_r810]

TASK [Guardrail - fail if topology still contains unsupported serial=hostdata] *****************************************************************************
ok: [poweredge_r810]

TASK [Destroy existing topology if present] ****************************************************************************************************************
changed: [poweredge_r810]

TASK [Remove stale containerlab state directories] *********************************************************************************************************
changed: [poweredge_r810]

TASK [Deploy topology on R810] *****************************************************************************************************************************
changed: [poweredge_r810]

TASK [Probe All Datacenter SSH Ports Concurrently (Non-Blocking)] ******************************************************************************************
changed: [poweredge_r810] => (item=Checking socket readiness: Spine-S1 -> 172.16.2.11)
changed: [poweredge_r810] => (item=Checking socket readiness: Spine-S2 -> 172.16.2.12)
changed: [poweredge_r810] => (item=Checking socket readiness: Leaf-L1 -> 172.16.2.21)
changed: [poweredge_r810] => (item=Checking socket readiness: Leaf-L2 -> 172.16.2.22)
changed: [poweredge_r810] => (item=Checking socket readiness: Leaf-L3 -> 172.16.2.23)
changed: [poweredge_r810] => (item=Checking socket readiness: Leaf-L4 -> 172.16.2.24)
changed: [poweredge_r810] => (item=Checking socket readiness: Border-Leaf1 -> 172.16.2.31)
changed: [poweredge_r810] => (item=Checking socket readiness: Border-Leaf2 -> 172.16.2.32)
changed: [poweredge_r810] => (item=Checking socket readiness: k8s-master-01 -> 172.16.2.51)
changed: [poweredge_r810] => (item=Checking socket readiness: k8s-master-02 -> 172.16.2.61)
changed: [poweredge_r810] => (item=Checking socket readiness: k8s-master-03 -> 172.16.2.71)
changed: [poweredge_r810] => (item=Checking socket readiness: k8s-db-01 -> 172.16.2.52)
changed: [poweredge_r810] => (item=Checking socket readiness: k8s-db-02 -> 172.16.2.62)
changed: [poweredge_r810] => (item=Checking socket readiness: k8s-db-03 -> 172.16.2.72)
changed: [poweredge_r810] => (item=Checking socket readiness: osh-ctrl-01 -> 172.16.2.53)
changed: [poweredge_r810] => (item=Checking socket readiness: osh-ctrl-02 -> 172.16.2.63)
changed: [poweredge_r810] => (item=Checking socket readiness: osh-ctrl-03 -> 172.16.2.73)
changed: [poweredge_r810] => (item=Checking socket readiness: osh-net-01 -> 172.16.2.54)
changed: [poweredge_r810] => (item=Checking socket readiness: osh-net-02 -> 172.16.2.64)
changed: [poweredge_r810] => (item=Checking socket readiness: MonSrv -> 172.16.2.74)
changed: [poweredge_r810] => (item=Checking socket readiness: osh-comp-01 -> 172.16.2.55)
changed: [poweredge_r810] => (item=Checking socket readiness: osh-comp-02 -> 172.16.2.65)
changed: [poweredge_r810] => (item=Checking socket readiness: osh-comp-03 -> 172.16.2.75)
changed: [poweredge_r810] => (item=Checking socket readiness: osh-comp-04 -> 172.16.2.56)
changed: [poweredge_r810] => (item=Checking socket readiness: Exit-Router1 -> 172.16.2.41)
changed: [poweredge_r810] => (item=Checking socket readiness: Exit-Router2 -> 172.16.2.42)

TASK [Synchronize and Await Port Validation Results] *******************************************************************************************************
ok: [poweredge_r810] => (item=Syncing status for JID: j447764396161.1242445)
ok: [poweredge_r810] => (item=Syncing status for JID: j926333214816.1247967)
ok: [poweredge_r810] => (item=Syncing status for JID: j537505287966.1249761)
ok: [poweredge_r810] => (item=Syncing status for JID: j460450192335.1251354)
ok: [poweredge_r810] => (item=Syncing status for JID: j915922526213.1253878)
ok: [poweredge_r810] => (item=Syncing status for JID: j503151060320.1255287)
ok: [poweredge_r810] => (item=Syncing status for JID: j393142301349.1256081)
ok: [poweredge_r810] => (item=Syncing status for JID: j696346637201.1259730)
ok: [poweredge_r810] => (item=Syncing status for JID: j166499296730.1260998)
ok: [poweredge_r810] => (item=Syncing status for JID: j70761790904.1261293)
ok: [poweredge_r810] => (item=Syncing status for JID: j272951435867.1262500)
ok: [poweredge_r810] => (item=Syncing status for JID: j220889815479.1262803)
ok: [poweredge_r810] => (item=Syncing status for JID: j39275582209.1263348)
ok: [poweredge_r810] => (item=Syncing status for JID: j352214965613.1263681)
ok: [poweredge_r810] => (item=Syncing status for JID: j909101716996.1264496)
ok: [poweredge_r810] => (item=Syncing status for JID: j272808443188.1265099)
ok: [poweredge_r810] => (item=Syncing status for JID: j458471289906.1265629)
ok: [poweredge_r810] => (item=Syncing status for JID: j485478314047.1266316)
ok: [poweredge_r810] => (item=Syncing status for JID: j415975454841.1266578)
ok: [poweredge_r810] => (item=Syncing status for JID: j517802480747.1266944)
ok: [poweredge_r810] => (item=Syncing status for JID: j15579161804.1267667)
ok: [poweredge_r810] => (item=Syncing status for JID: j23739604172.1267930)
ok: [poweredge_r810] => (item=Syncing status for JID: j977210351638.1268230)
ok: [poweredge_r810] => (item=Syncing status for JID: j853272802422.1268657)
ok: [poweredge_r810] => (item=Syncing status for JID: j184919404501.1268986)
ok: [poweredge_r810] => (item=Syncing status for JID: j817377327948.1269680)

TASK [Read control-node SSH public key for VM bootstrap] ***************************************************************************************************
ok: [poweredge_r810]

TASK [Verify serial console login works with ubuntu credentials] *******************************************************************************************
^[[A^[[5~^[[5~FAILED - RETRYING: [poweredge_r810]: Verify serial console login works with ubuntu credentials (4 retries left).
FAILED - RETRYING: [poweredge_r810]: Verify serial console login works with ubuntu credentials (3 retries left).
FAILED - RETRYING: [poweredge_r810]: Verify serial console login works with ubuntu credentials (2 retries left).
FAILED - RETRYING: [poweredge_r810]: Verify serial console login works with ubuntu credentials (1 retries left).
failed: [poweredge_r810] (item=Serial login probe: k8s-master-01) => {"ansible_loop_var": "item", "attempts": 4, "changed": false, "cmd": "set -euo pipefail\nCNAME=\"clab-sheba-k8s-master-01\"\nif ! docker ps --format '{{.Names}}' | grep -qx \"$CNAME\"; then\n  CNAME=\"k8s-master-01\"\nfi\n\ndocker exec -i \"$CNAME\" python3 - <<'PY'\nimport re\nimport socket\nimport sys\nimport time\n\nuser = \"ubuntu\"\npassword = \"ubuntu\"\n\ns = socket.socket(socket.AF_INET, socket.SOCK_STREAM)\ns.settimeout(2)\ns.connect((\"127.0.0.1\", 5000))\n\nseen = \"\"\nsent_user = False\nsent_pass = False\ndeadline = time.time() + 90\n\nwhile time.time() < deadline:\n  try:\n    chunk = s.recv(4096).decode(\"utf-8\", errors=\"ignore\")\n  except socket.timeout:\n    chunk = \"\"\n\n  if chunk:\n    seen += chunk\n\n  low = seen.lower()\n\n  if \"login incorrect\" in low:\n    sent_user = False\n    sent_pass = False\n    seen = \"\"\n    s.sendall(b\"\\n\")\n    time.sleep(0.5)\n    continue\n\n  if (\"login:\" in low or \"ubuntu login:\" in low) and not sent_user:\n    s.sendall((user + \"\\n\").encode(\"utf-8\"))\n    sent_user = True\n    seen = \"\"\n    time.sleep(0.4)\n    continue\n\n  if \"password:\" in low and sent_user and not sent_pass:\n    s.sendall((password + \"\\n\").encode(\"utf-8\"))\n    sent_pass = True\n    seen = \"\"\n    time.sleep(0.7)\n    continue\n\n  if sent_pass:\n    s.sendall(b\"id -u\\n\")\n    time.sleep(0.7)\n    try:\n      probe = s.recv(4096).decode(\"utf-8\", errors=\"ignore\")\n    except socket.timeout:\n      probe = \"\"\n    if re.search(r\"(^|\\D)1000(\\D|$)\", probe):\n      s.sendall(b\"exit\\n\")\n      s.close()\n      print(\"serial_console_login_ok\")\n      sys.exit(0)\n\n  if not chunk:\n    s.sendall(b\"\\n\")\n    time.sleep(0.5)\n\ns.close()\nprint(\"serial_console_login_failed\")\nsys.exit(1)\nPY\n", "delta": "0:01:31.765982", "end": "2026-09-03 22:32:58.495365", "item": "k8s-master-01", "msg": "non-zero return code", "rc": 1, "start": "2026-09-03 22:31:26.729383", "stderr": "", "stderr_lines": [], "stdout": "serial_console_login_failed", "stdout_lines": ["serial_console_login_failed"]}
FAILED - RETRYING: [poweredge_r810]: Verify serial console login works with ubuntu credentials (4 retries left).
FAILED - RETRYING: [poweredge_r810]: Verify serial console login works with ubuntu credentials (3 retries left).
FAILED - RETRYING: [poweredge_r810]: Verify serial console login works with ubuntu credentials (2 retries left).
FAILED - RETRYING: [poweredge_r810]: Verify serial console login works with ubuntu credentials (1 retries left).
sudo docker logs Exit-Router1 | tail -n 15failed: [poweredge_r810] (item=Serial login probe: k8s-master-02) => {"ansible_loop_var": "item", "attempts": 4, "changed": false, "cmd": "set -euo pipefail\nCNAME=\"clab-sheba-k8s-master-02\"\nif ! docker ps --format '{{.Names}}' | grep -qx \"$CNAME\"; then\n  CNAME=\"k8s-master-02\"\nfi\n\ndocker exec -i \"$CNAME\" python3 - <<'PY'\nimport re\nimport socket\nimport sys\nimport time\n\nuser = \"ubuntu\"\npassword = \"ubuntu\"\n\ns = socket.socket(socket.AF_INET, socket.SOCK_STREAM)\ns.settimeout(2)\ns.connect((\"127.0.0.1\", 5000))\n\nseen = \"\"\nsent_user = False\nsent_pass = False\ndeadline = time.time() + 90\n\nwhile time.time() < deadline:\n  try:\n    chunk = s.recv(4096).decode(\"utf-8\", errors=\"ignore\")\n  except socket.timeout:\n    chunk = \"\"\n\n  if chunk:\n    seen += chunk\n\n  low = seen.lower()\n\n  if \"login incorrect\" in low:\n    sent_user = False\n    sent_pass = False\n    seen = \"\"\n    s.sendall(b\"\\n\")\n    time.sleep(0.5)\n    continue\n\n  if (\"login:\" in low or \"ubuntu login:\" in low) and not sent_user:\n    s.sendall((user + \"\\n\").encode(\"utf-8\"))\n    sent_user = True\n    seen = \"\"\n    time.sleep(0.4)\n    continue\n\n  if \"password:\" in low and sent_user and not sent_pass:\n    s.sendall((password + \"\\n\").encode(\"utf-8\"))\n    sent_pass = True\n    seen = \"\"\n    time.sleep(0.7)\n    continue\n\n  if sent_pass:\n    s.sendall(b\"id -u\\n\")\n    time.sleep(0.7)\n    try:\n      probe = s.recv(4096).decode(\"utf-8\", errors=\"ignore\")\n    except socket.timeout:\n      probe = \"\"\n    if re.search(r\"(^|\\D)1000(\\D|$)\", probe):\n      s.sendall(b\"exit\\n\")\n      s.close()\n      print(\"serial_console_login_ok\")\n      sys.exit(0)\n\n  if not chunk:\n    s.sendall(b\"\\n\")\n    time.sleep(0.5)\n\ns.close()\nprint(\"serial_console_login_failed\")\nsys.exit(1)\nPY\n", "delta": "0:01:32.608920", "end": "2026-09-03 22:41:17.232215", "item": "k8s-master-02", "msg": "non-zero return code", "rc": 1, "start": "2026-09-03 22:39:44.623295", "stderr": "", "stderr_lines": [], "stdout": "serial_console_login_failed", "stdout_lines": ["serial_console_login_failed"]}
FAILED - RETRYING: [poweredge_r810]: Verify serial console login works with ubuntu credentials (4 retries left).
FAILED - RETRYING: [poweredge_r810]: Verify serial console login works with ubuntu credentials (3 retries left).
FAILED - RETRYING: [poweredge_r810]: Verify serial console login works with ubuntu credentials (2 retries left).
FAILED - RETRYING: [poweredge_r810]: Verify serial console login works with ubuntu credentials (1 retries left).
failed: [poweredge_r810] (item=Serial login probe: k8s-master-03) => {"ansible_loop_var": "item", "attempts": 4, "changed": false, "cmd": "set -euo pipefail\nCNAME=\"clab-sheba-k8s-master-03\"\nif ! docker ps --format '{{.Names}}' | grep -qx \"$CNAME\"; then\n  CNAME=\"k8s-master-03\"\nfi\n\ndocker exec -i \"$CNAME\" python3 - <<'PY'\nimport re\nimport socket\nimport sys\nimport time\n\nuser = \"ubuntu\"\npassword = \"ubuntu\"\n\ns = socket.socket(socket.AF_INET, socket.SOCK_STREAM)\ns.settimeout(2)\ns.connect((\"127.0.0.1\", 5000))\n\nseen = \"\"\nsent_user = False\nsent_pass = False\ndeadline = time.time() + 90\n\nwhile time.time() < deadline:\n  try:\n    chunk = s.recv(4096).decode(\"utf-8\", errors=\"ignore\")\n  except socket.timeout:\n    chunk = \"\"\n\n  if chunk:\n    seen += chunk\n\n  low = seen.lower()\n\n  if \"login incorrect\" in low:\n    sent_user = False\n    sent_pass = False\n    seen = \"\"\n    s.sendall(b\"\\n\")\n    time.sleep(0.5)\n    continue\n\n  if (\"login:\" in low or \"ubuntu login:\" in low) and not sent_user:\n    s.sendall((user + \"\\n\").encode(\"utf-8\"))\n    sent_user = True\n    seen = \"\"\n    time.sleep(0.4)\n    continue\n\n  if \"password:\" in low and sent_user and not sent_pass:\n    s.sendall((password + \"\\n\").encode(\"utf-8\"))\n    sent_pass = True\n    seen = \"\"\n    time.sleep(0.7)\n    continue\n\n  if sent_pass:\n    s.sendall(b\"id -u\\n\")\n    time.sleep(0.7)\n    try:\n      probe = s.recv(4096).decode(\"utf-8\", errors=\"ignore\")\n    except socket.timeout:\n      probe = \"\"\n    if re.search(r\"(^|\\D)1000(\\D|$)\", probe):\n      s.sendall(b\"exit\\n\")\n      s.close()\n      print(\"serial_console_login_ok\")\n      sys.exit(0)\n\n  if not chunk:\n    s.sendall(b\"\\n\")\n    time.sleep(0.5)\n\ns.close()\nprint(\"serial_console_login_failed\")\nsys.exit(1)\nPY\n", "delta": "0:01:30.602119", "end": "2026-09-03 22:49:35.562512", "item": "k8s-master-03", "msg": "non-zero return code", "rc": 1, "start": "2026-09-03 22:48:04.960393", "stderr": "", "stderr_lines": [], "stdout": "serial_console_login_failed", "stdout_lines": ["serial_console_login_failed"]}
FAILED - RETRYING: [poweredge_r810]: Verify serial console login works with ubuntu credentials (4 retries left).
FAILED - RETRYING: [poweredge_r810]: Verify serial console login works with ubuntu credentials (3 retries left).
FAILED - RETRYING: [poweredge_r810]: Verify serial console login works with ubuntu credentials (2 retries left).
FAILED - RETRYING: [poweredge_r810]: Verify serial console login works with ubuntu credentials (1 retries left).
failed: [poweredge_r810] (item=Serial login probe: k8s-db-01) => {"ansible_loop_var": "item", "attempts": 4, "changed": false, "cmd": "set -euo pipefail\nCNAME=\"clab-sheba-k8s-db-01\"\nif ! docker ps --format '{{.Names}}' | grep -qx \"$CNAME\"; then\n  CNAME=\"k8s-db-01\"\nfi\n\ndocker exec -i \"$CNAME\" python3 - <<'PY'\nimport re\nimport socket\nimport sys\nimport time\n\nuser = \"ubuntu\"\npassword = \"ubuntu\"\n\ns = socket.socket(socket.AF_INET, socket.SOCK_STREAM)\ns.settimeout(2)\ns.connect((\"127.0.0.1\", 5000))\n\nseen = \"\"\nsent_user = False\nsent_pass = False\ndeadline = time.time() + 90\n\nwhile time.time() < deadline:\n  try:\n    chunk = s.recv(4096).decode(\"utf-8\", errors=\"ignore\")\n  except socket.timeout:\n    chunk = \"\"\n\n  if chunk:\n    seen += chunk\n\n  low = seen.lower()\n\n  if \"login incorrect\" in low:\n    sent_user = False\n    sent_pass = False\n    seen = \"\"\n    s.sendall(b\"\\n\")\n    time.sleep(0.5)\n    continue\n\n  if (\"login:\" in low or \"ubuntu login:\" in low) and not sent_user:\n    s.sendall((user + \"\\n\").encode(\"utf-8\"))\n    sent_user = True\n    seen = \"\"\n    time.sleep(0.4)\n    continue\n\n  if \"password:\" in low and sent_user and not sent_pass:\n    s.sendall((password + \"\\n\").encode(\"utf-8\"))\n    sent_pass = True\n    seen = \"\"\n    time.sleep(0.7)\n    continue\n\n  if sent_pass:\n    s.sendall(b\"id -u\\n\")\n    time.sleep(0.7)\n    try:\n      probe = s.recv(4096).decode(\"utf-8\", errors=\"ignore\")\n    except socket.timeout:\n      probe = \"\"\n    if re.search(r\"(^|\\D)1000(\\D|$)\", probe):\n      s.sendall(b\"exit\\n\")\n      s.close()\n      print(\"serial_console_login_ok\")\n      sys.exit(0)\n\n  if not chunk:\n    s.sendall(b\"\\n\")\n    time.sleep(0.5)\n\ns.close()\nprint(\"serial_console_login_failed\")\nsys.exit(1)\nPY\n", "delta": "0:01:32.634915", "end": "2026-09-03 22:57:53.027076", "item": "k8s-db-01", "msg": "non-zero return code", "rc": 1, "start": "2026-09-03 22:56:20.392161", "stderr": "", "stderr_lines": [], "stdout": "serial_console_login_failed", "stdout_lines": ["serial_console_login_failed"]}
FAILED - RETRYING: [poweredge_r810]: Verify serial console login works with ubuntu credentials (4 retries left).
FAILED - RETRYING: [poweredge_r810]: Verify serial console login works with ubuntu credentials (3 retries left).
FAILED - RETRYING: [poweredge_r810]: Verify serial console login works with ubuntu credentials (2 retries left).
FAILED - RETRYING: [poweredge_r810]: Verify serial console login works with ubuntu credentials (1 retries left).
failed: [poweredge_r810] (item=Serial login probe: k8s-db-02) => {"ansible_loop_var": "item", "attempts": 4, "changed": false, "cmd": "set -euo pipefail\nCNAME=\"clab-sheba-k8s-db-02\"\nif ! docker ps --format '{{.Names}}' | grep -qx \"$CNAME\"; then\n  CNAME=\"k8s-db-02\"\nfi\n\ndocker exec -i \"$CNAME\" python3 - <<'PY'\nimport re\nimport socket\nimport sys\nimport time\n\nuser = \"ubuntu\"\npassword = \"ubuntu\"\n\ns = socket.socket(socket.AF_INET, socket.SOCK_STREAM)\ns.settimeout(2)\ns.connect((\"127.0.0.1\", 5000))\n\nseen = \"\"\nsent_user = False\nsent_pass = False\ndeadline = time.time() + 90\n\nwhile time.time() < deadline:\n  try:\n    chunk = s.recv(4096).decode(\"utf-8\", errors=\"ignore\")\n  except socket.timeout:\n    chunk = \"\"\n\n  if chunk:\n    seen += chunk\n\n  low = seen.lower()\n\n  if \"login incorrect\" in low:\n    sent_user = False\n    sent_pass = False\n    seen = \"\"\n    s.sendall(b\"\\n\")\n    time.sleep(0.5)\n    continue\n\n  if (\"login:\" in low or \"ubuntu login:\" in low) and not sent_user:\n    s.sendall((user + \"\\n\").encode(\"utf-8\"))\n    sent_user = True\n    seen = \"\"\n    time.sleep(0.4)\n    continue\n\n  if \"password:\" in low and sent_user and not sent_pass:\n    s.sendall((password + \"\\n\").encode(\"utf-8\"))\n    sent_pass = True\n    seen = \"\"\n    time.sleep(0.7)\n    continue\n\n  if sent_pass:\n    s.sendall(b\"id -u\\n\")\n    time.sleep(0.7)\n    try:\n      probe = s.recv(4096).decode(\"utf-8\", errors=\"ignore\")\n    except socket.timeout:\n      probe = \"\"\n    if re.search(r\"(^|\\D)1000(\\D|$)\", probe):\n      s.sendall(b\"exit\\n\")\n      s.close()\n      print(\"serial_console_login_ok\")\n      sys.exit(0)\n\n  if not chunk:\n    s.sendall(b\"\\n\")\n    time.sleep(0.5)\n\ns.close()\nprint(\"serial_console_login_failed\")\nsys.exit(1)\nPY\n", "delta": "0:01:33.249706", "end": "2026-09-03 23:06:10.531484", "item": "k8s-db-02", "msg": "non-zero return code", "rc": 1, "start": "2026-09-03 23:04:37.281778", "stderr": "", "stderr_lines": [], "stdout": "serial_console_login_failed", "stdout_lines": ["serial_console_login_failed"]}
FAILED - RETRYING: [poweredge_r810]: Verify serial console login works with ubuntu credentials (4 retries left).
FAILED - RETRYING: [poweredge_r810]: Verify serial console login works with ubuntu credentials (3 retries left).
FAILED - RETRYING: [poweredge_r810]: Verify serial console login works with ubuntu credentials (2 retries left).
FAILED - RETRYING: [poweredge_r810]: Verify serial console login works with ubuntu credentials (1 retries left).
failed: [poweredge_r810] (item=Serial login probe: k8s-db-03) => {"ansible_loop_var": "item", "attempts": 4, "changed": false, "cmd": "set -euo pipefail\nCNAME=\"clab-sheba-k8s-db-03\"\nif ! docker ps --format '{{.Names}}' | grep -qx \"$CNAME\"; then\n  CNAME=\"k8s-db-03\"\nfi\n\ndocker exec -i \"$CNAME\" python3 - <<'PY'\nimport re\nimport socket\nimport sys\nimport time\n\nuser = \"ubuntu\"\npassword = \"ubuntu\"\n\ns = socket.socket(socket.AF_INET, socket.SOCK_STREAM)\ns.settimeout(2)\ns.connect((\"127.0.0.1\", 5000))\n\nseen = \"\"\nsent_user = False\nsent_pass = False\ndeadline = time.time() + 90\n\nwhile time.time() < deadline:\n  try:\n    chunk = s.recv(4096).decode(\"utf-8\", errors=\"ignore\")\n  except socket.timeout:\n    chunk = \"\"\n\n  if chunk:\n    seen += chunk\n\n  low = seen.lower()\n\n  if \"login incorrect\" in low:\n    sent_user = False\n    sent_pass = False\n    seen = \"\"\n    s.sendall(b\"\\n\")\n    time.sleep(0.5)\n    continue\n\n  if (\"login:\" in low or \"ubuntu login:\" in low) and not sent_user:\n    s.sendall((user + \"\\n\").encode(\"utf-8\"))\n    sent_user = True\n    seen = \"\"\n    time.sleep(0.4)\n    continue\n\n  if \"password:\" in low and sent_user and not sent_pass:\n    s.sendall((password + \"\\n\").encode(\"utf-8\"))\n    sent_pass = True\n    seen = \"\"\n    time.sleep(0.7)\n    continue\n\n  if sent_pass:\n    s.sendall(b\"id -u\\n\")\n    time.sleep(0.7)\n    try:\n      probe = s.recv(4096).decode(\"utf-8\", errors=\"ignore\")\n    except socket.timeout:\n      probe = \"\"\n    if re.search(r\"(^|\\D)1000(\\D|$)\", probe):\n      s.sendall(b\"exit\\n\")\n      s.close()\n      print(\"serial_console_login_ok\")\n      sys.exit(0)\n\n  if not chunk:\n    s.sendall(b\"\\n\")\n    time.sleep(0.5)\n\ns.close()\nprint(\"serial_console_login_failed\")\nsys.exit(1)\nPY\n", "delta": "0:01:30.397892", "end": "2026-09-03 23:14:26.264984", "item": "k8s-db-03", "msg": "non-zero return code", "rc": 1, "start": "2026-09-03 23:12:55.867092", "stderr": "", "stderr_lines": [], "stdout": "serial_console_login_failed", "stdout_lines": ["serial_console_login_failed"]}
FAILED - RETRYING: [poweredge_r810]: Verify serial console login works with ubuntu credentials (4 retries left).
FAILED - RETRYING: [poweredge_r810]: Verify serial console login works with ubuntu credentials (3 retries left).
FAILED - RETRYING: [poweredge_r810]: Verify serial console login works with ubuntu credentials (2 retries left).
FAILED - RETRYING: [poweredge_r810]: Verify serial console login works with ubuntu credentials (1 retries left).
failed: [poweredge_r810] (item=Serial login probe: osh-ctrl-01) => {"ansible_loop_var": "item", "attempts": 4, "changed": false, "cmd": "set -euo pipefail\nCNAME=\"clab-sheba-osh-ctrl-01\"\nif ! docker ps --format '{{.Names}}' | grep -qx \"$CNAME\"; then\n  CNAME=\"osh-ctrl-01\"\nfi\n\ndocker exec -i \"$CNAME\" python3 - <<'PY'\nimport re\nimport socket\nimport sys\nimport time\n\nuser = \"ubuntu\"\npassword = \"ubuntu\"\n\ns = socket.socket(socket.AF_INET, socket.SOCK_STREAM)\ns.settimeout(2)\ns.connect((\"127.0.0.1\", 5000))\n\nseen = \"\"\nsent_user = False\nsent_pass = False\ndeadline = time.time() + 90\n\nwhile time.time() < deadline:\n  try:\n    chunk = s.recv(4096).decode(\"utf-8\", errors=\"ignore\")\n  except socket.timeout:\n    chunk = \"\"\n\n  if chunk:\n    seen += chunk\n\n  low = seen.lower()\n\n  if \"login incorrect\" in low:\n    sent_user = False\n    sent_pass = False\n    seen = \"\"\n    s.sendall(b\"\\n\")\n    time.sleep(0.5)\n    continue\n\n  if (\"login:\" in low or \"ubuntu login:\" in low) and not sent_user:\n    s.sendall((user + \"\\n\").encode(\"utf-8\"))\n    sent_user = True\n    seen = \"\"\n    time.sleep(0.4)\n    continue\n\n  if \"password:\" in low and sent_user and not sent_pass:\n    s.sendall((password + \"\\n\").encode(\"utf-8\"))\n    sent_pass = True\n    seen = \"\"\n    time.sleep(0.7)\n    continue\n\n  if sent_pass:\n    s.sendall(b\"id -u\\n\")\n    time.sleep(0.7)\n    try:\n      probe = s.recv(4096).decode(\"utf-8\", errors=\"ignore\")\n    except socket.timeout:\n      probe = \"\"\n    if re.search(r\"(^|\\D)1000(\\D|$)\", probe):\n      s.sendall(b\"exit\\n\")\n      s.close()\n      print(\"serial_console_login_ok\")\n      sys.exit(0)\n\n  if not chunk:\n    s.sendall(b\"\\n\")\n    time.sleep(0.5)\n\ns.close()\nprint(\"serial_console_login_failed\")\nsys.exit(1)\nPY\n", "delta": "0:01:30.815206", "end": "2026-09-03 23:22:38.491624", "item": "osh-ctrl-01", "msg": "non-zero return code", "rc": 1, "start": "2026-09-03 23:21:07.676418", "stderr": "", "stderr_lines": [], "stdout": "serial_console_login_failed", "stdout_lines": ["serial_console_login_failed"]}
FAILED - RETRYING: [poweredge_r810]: Verify serial console login works with ubuntu credentials (4 retries left).
FAILED - RETRYING: [poweredge_r810]: Verify serial console login works with ubuntu credentials (3 retries left).
FAILED - RETRYING: [poweredge_r810]: Verify serial console login works with ubuntu credentials (2 retries left).
FAILED - RETRYING: [poweredge_r810]: Verify serial console login works with ubuntu credentials (1 retries left).
failed: [poweredge_r810] (item=Serial login probe: osh-ctrl-02) => {"ansible_loop_var": "item", "attempts": 4, "changed": false, "cmd": "set -euo pipefail\nCNAME=\"clab-sheba-osh-ctrl-02\"\nif ! docker ps --format '{{.Names}}' | grep -qx \"$CNAME\"; then\n  CNAME=\"osh-ctrl-02\"\nfi\n\ndocker exec -i \"$CNAME\" python3 - <<'PY'\nimport re\nimport socket\nimport sys\nimport time\n\nuser = \"ubuntu\"\npassword = \"ubuntu\"\n\ns = socket.socket(socket.AF_INET, socket.SOCK_STREAM)\ns.settimeout(2)\ns.connect((\"127.0.0.1\", 5000))\n\nseen = \"\"\nsent_user = False\nsent_pass = False\ndeadline = time.time() + 90\n\nwhile time.time() < deadline:\n  try:\n    chunk = s.recv(4096).decode(\"utf-8\", errors=\"ignore\")\n  except socket.timeout:\n    chunk = \"\"\n\n  if chunk:\n    seen += chunk\n\n  low = seen.lower()\n\n  if \"login incorrect\" in low:\n    sent_user = False\n    sent_pass = False\n    seen = \"\"\n    s.sendall(b\"\\n\")\n    time.sleep(0.5)\n    continue\n\n  if (\"login:\" in low or \"ubuntu login:\" in low) and not sent_user:\n    s.sendall((user + \"\\n\").encode(\"utf-8\"))\n    sent_user = True\n    seen = \"\"\n    time.sleep(0.4)\n    continue\n\n  if \"password:\" in low and sent_user and not sent_pass:\n    s.sendall((password + \"\\n\").encode(\"utf-8\"))\n    sent_pass = True\n    seen = \"\"\n    time.sleep(0.7)\n    continue\n\n  if sent_pass:\n    s.sendall(b\"id -u\\n\")\n    time.sleep(0.7)\n    try:\n      probe = s.recv(4096).decode(\"utf-8\", errors=\"ignore\")\n    except socket.timeout:\n      probe = \"\"\n    if re.search(r\"(^|\\D)1000(\\D|$)\", probe):\n      s.sendall(b\"exit\\n\")\n      s.close()\n      print(\"serial_console_login_ok\")\n      sys.exit(0)\n\n  if not chunk:\n    s.sendall(b\"\\n\")\n    time.sleep(0.5)\n\ns.close()\nprint(\"serial_console_login_failed\")\nsys.exit(1)\nPY\n", "delta": "0:01:32.756197", "end": "2026-09-03 23:30:58.145616", "item": "osh-ctrl-02", "msg": "non-zero return code", "rc": 1, "start": "2026-09-03 23:29:25.389419", "stderr": "", "stderr_lines": [], "stdout": "serial_console_login_failed", "stdout_lines": ["serial_console_login_failed"]}
FAILED - RETRYING: [poweredge_r810]: Verify serial console login works with ubuntu credentials (4 retries left).
FAILED - RETRYING: [poweredge_r810]: Verify serial console login works with ubuntu credentials (3 retries left).
FAILED - RETRYING: [poweredge_r810]: Verify serial console login works with ubuntu credentials (2 retries left).
FAILED - RETRYING: [poweredge_r810]: Verify serial console login works with ubuntu credentials (1 retries left).
failed: [poweredge_r810] (item=Serial login probe: osh-ctrl-03) => {"ansible_loop_var": "item", "attempts": 4, "changed": false, "cmd": "set -euo pipefail\nCNAME=\"clab-sheba-osh-ctrl-03\"\nif ! docker ps --format '{{.Names}}' | grep -qx \"$CNAME\"; then\n  CNAME=\"osh-ctrl-03\"\nfi\n\ndocker exec -i \"$CNAME\" python3 - <<'PY'\nimport re\nimport socket\nimport sys\nimport time\n\nuser = \"ubuntu\"\npassword = \"ubuntu\"\n\ns = socket.socket(socket.AF_INET, socket.SOCK_STREAM)\ns.settimeout(2)\ns.connect((\"127.0.0.1\", 5000))\n\nseen = \"\"\nsent_user = False\nsent_pass = False\ndeadline = time.time() + 90\n\nwhile time.time() < deadline:\n  try:\n    chunk = s.recv(4096).decode(\"utf-8\", errors=\"ignore\")\n  except socket.timeout:\n    chunk = \"\"\n\n  if chunk:\n    seen += chunk\n\n  low = seen.lower()\n\n  if \"login incorrect\" in low:\n    sent_user = False\n    sent_pass = False\n    seen = \"\"\n    s.sendall(b\"\\n\")\n    time.sleep(0.5)\n    continue\n\n  if (\"login:\" in low or \"ubuntu login:\" in low) and not sent_user:\n    s.sendall((user + \"\\n\").encode(\"utf-8\"))\n    sent_user = True\n    seen = \"\"\n    time.sleep(0.4)\n    continue\n\n  if \"password:\" in low and sent_user and not sent_pass:\n    s.sendall((password + \"\\n\").encode(\"utf-8\"))\n    sent_pass = True\n    seen = \"\"\n    time.sleep(0.7)\n    continue\n\n  if sent_pass:\n    s.sendall(b\"id -u\\n\")\n    time.sleep(0.7)\n    try:\n      probe = s.recv(4096).decode(\"utf-8\", errors=\"ignore\")\n    except socket.timeout:\n      probe = \"\"\n    if re.search(r\"(^|\\D)1000(\\D|$)\", probe):\n      s.sendall(b\"exit\\n\")\n      s.close()\n      print(\"serial_console_login_ok\")\n      sys.exit(0)\n\n  if not chunk:\n    s.sendall(b\"\\n\")\n    time.sleep(0.5)\n\ns.close()\nprint(\"serial_console_login_failed\")\nsys.exit(1)\nPY\n", "delta": "0:01:30.469067", "end": "2026-09-03 23:39:11.535278", "item": "osh-ctrl-03", "msg": "non-zero return code", "rc": 1, "start": "2026-09-03 23:37:41.066211", "stderr": "", "stderr_lines": [], "stdout": "serial_console_login_failed", "stdout_lines": ["serial_console_login_failed"]}
FAILED - RETRYING: [poweredge_r810]: Verify serial console login works with ubuntu credentials (4 retries left).
FAILED - RETRYING: [poweredge_r810]: Verify serial console login works with ubuntu credentials (3 retries left).
FAILED - RETRYING: [poweredge_r810]: Verify serial console login works with ubuntu credentials (2 retries left).
FAILED - RETRYING: [poweredge_r810]: Verify serial console login works with ubuntu credentials (1 retries left).
failed: [poweredge_r810] (item=Serial login probe: osh-net-01) => {"ansible_loop_var": "item", "attempts": 4, "changed": false, "cmd": "set -euo pipefail\nCNAME=\"clab-sheba-osh-net-01\"\nif ! docker ps --format '{{.Names}}' | grep -qx \"$CNAME\"; then\n  CNAME=\"osh-net-01\"\nfi\n\ndocker exec -i \"$CNAME\" python3 - <<'PY'\nimport re\nimport socket\nimport sys\nimport time\n\nuser = \"ubuntu\"\npassword = \"ubuntu\"\n\ns = socket.socket(socket.AF_INET, socket.SOCK_STREAM)\ns.settimeout(2)\ns.connect((\"127.0.0.1\", 5000))\n\nseen = \"\"\nsent_user = False\nsent_pass = False\ndeadline = time.time() + 90\n\nwhile time.time() < deadline:\n  try:\n    chunk = s.recv(4096).decode(\"utf-8\", errors=\"ignore\")\n  except socket.timeout:\n    chunk = \"\"\n\n  if chunk:\n    seen += chunk\n\n  low = seen.lower()\n\n  if \"login incorrect\" in low:\n    sent_user = False\n    sent_pass = False\n    seen = \"\"\n    s.sendall(b\"\\n\")\n    time.sleep(0.5)\n    continue\n\n  if (\"login:\" in low or \"ubuntu login:\" in low) and not sent_user:\n    s.sendall((user + \"\\n\").encode(\"utf-8\"))\n    sent_user = True\n    seen = \"\"\n    time.sleep(0.4)\n    continue\n\n  if \"password:\" in low and sent_user and not sent_pass:\n    s.sendall((password + \"\\n\").encode(\"utf-8\"))\n    sent_pass = True\n    seen = \"\"\n    time.sleep(0.7)\n    continue\n\n  if sent_pass:\n    s.sendall(b\"id -u\\n\")\n    time.sleep(0.7)\n    try:\n      probe = s.recv(4096).decode(\"utf-8\", errors=\"ignore\")\n    except socket.timeout:\n      probe = \"\"\n    if re.search(r\"(^|\\D)1000(\\D|$)\", probe):\n      s.sendall(b\"exit\\n\")\n      s.close()\n      print(\"serial_console_login_ok\")\n      sys.exit(0)\n\n  if not chunk:\n    s.sendall(b\"\\n\")\n    time.sleep(0.5)\n\ns.close()\nprint(\"serial_console_login_failed\")\nsys.exit(1)\nPY\n", "delta": "0:01:33.306438", "end": "2026-09-03 23:47:29.815161", "item": "osh-net-01", "msg": "non-zero return code", "rc": 1, "start": "2026-09-03 23:45:56.508723", "stderr": "", "stderr_lines": [], "stdout": "serial_console_login_failed", "stdout_lines": ["serial_console_login_failed"]}
FAILED - RETRYING: [poweredge_r810]: Verify serial console login works with ubuntu credentials (4 retries left).
FAILED - RETRYING: [poweredge_r810]: Verify serial console login works with ubuntu credentials (3 retries left).
FAILED - RETRYING: [poweredge_r810]: Verify serial console login works with ubuntu credentials (2 retries left).
FAILED - RETRYING: [poweredge_r810]: Verify serial console login works with ubuntu credentials (1 retries left).
failed: [poweredge_r810] (item=Serial login probe: osh-net-02) => {"ansible_loop_var": "item", "attempts": 4, "changed": false, "cmd": "set -euo pipefail\nCNAME=\"clab-sheba-osh-net-02\"\nif ! docker ps --format '{{.Names}}' | grep -qx \"$CNAME\"; then\n  CNAME=\"osh-net-02\"\nfi\n\ndocker exec -i \"$CNAME\" python3 - <<'PY'\nimport re\nimport socket\nimport sys\nimport time\n\nuser = \"ubuntu\"\npassword = \"ubuntu\"\n\ns = socket.socket(socket.AF_INET, socket.SOCK_STREAM)\ns.settimeout(2)\ns.connect((\"127.0.0.1\", 5000))\n\nseen = \"\"\nsent_user = False\nsent_pass = False\ndeadline = time.time() + 90\n\nwhile time.time() < deadline:\n  try:\n    chunk = s.recv(4096).decode(\"utf-8\", errors=\"ignore\")\n  except socket.timeout:\n    chunk = \"\"\n\n  if chunk:\n    seen += chunk\n\n  low = seen.lower()\n\n  if \"login incorrect\" in low:\n    sent_user = False\n    sent_pass = False\n    seen = \"\"\n    s.sendall(b\"\\n\")\n    time.sleep(0.5)\n    continue\n\n  if (\"login:\" in low or \"ubuntu login:\" in low) and not sent_user:\n    s.sendall((user + \"\\n\").encode(\"utf-8\"))\n    sent_user = True\n    seen = \"\"\n    time.sleep(0.4)\n    continue\n\n  if \"password:\" in low and sent_user and not sent_pass:\n    s.sendall((password + \"\\n\").encode(\"utf-8\"))\n    sent_pass = True\n    seen = \"\"\n    time.sleep(0.7)\n    continue\n\n  if sent_pass:\n    s.sendall(b\"id -u\\n\")\n    time.sleep(0.7)\n    try:\n      probe = s.recv(4096).decode(\"utf-8\", errors=\"ignore\")\n    except socket.timeout:\n      probe = \"\"\n    if re.search(r\"(^|\\D)1000(\\D|$)\", probe):\n      s.sendall(b\"exit\\n\")\n      s.close()\n      print(\"serial_console_login_ok\")\n      sys.exit(0)\n\n  if not chunk:\n    s.sendall(b\"\\n\")\n    time.sleep(0.5)\n\ns.close()\nprint(\"serial_console_login_failed\")\nsys.exit(1)\nPY\n", "delta": "0:01:30.370975", "end": "2026-09-03 23:55:45.697991", "item": "osh-net-02", "msg": "non-zero return code", "rc": 1, "start": "2026-09-03 23:54:15.327016", "stderr": "", "stderr_lines": [], "stdout": "serial_console_login_failed", "stdout_lines": ["serial_console_login_failed"]}
FAILED - RETRYING: [poweredge_r810]: Verify serial console login works with ubuntu credentials (4 retries left).
FAILED - RETRYING: [poweredge_r810]: Verify serial console login works with ubuntu credentials (3 retries left).
FAILED - RETRYING: [poweredge_r810]: Verify serial console login works with ubuntu credentials (2 retries left).
FAILED - RETRYING: [poweredge_r810]: Verify serial console login works with ubuntu credentials (1 retries left).
failed: [poweredge_r810] (item=Serial login probe: MonSrv) => {"ansible_loop_var": "item", "attempts": 4, "changed": false, "cmd": "set -euo pipefail\nCNAME=\"clab-sheba-MonSrv\"\nif ! docker ps --format '{{.Names}}' | grep -qx \"$CNAME\"; then\n  CNAME=\"MonSrv\"\nfi\n\ndocker exec -i \"$CNAME\" python3 - <<'PY'\nimport re\nimport socket\nimport sys\nimport time\n\nuser = \"ubuntu\"\npassword = \"ubuntu\"\n\ns = socket.socket(socket.AF_INET, socket.SOCK_STREAM)\ns.settimeout(2)\ns.connect((\"127.0.0.1\", 5000))\n\nseen = \"\"\nsent_user = False\nsent_pass = False\ndeadline = time.time() + 90\n\nwhile time.time() < deadline:\n  try:\n    chunk = s.recv(4096).decode(\"utf-8\", errors=\"ignore\")\n  except socket.timeout:\n    chunk = \"\"\n\n  if chunk:\n    seen += chunk\n\n  low = seen.lower()\n\n  if \"login incorrect\" in low:\n    sent_user = False\n    sent_pass = False\n    seen = \"\"\n    s.sendall(b\"\\n\")\n    time.sleep(0.5)\n    continue\n\n  if (\"login:\" in low or \"ubuntu login:\" in low) and not sent_user:\n    s.sendall((user + \"\\n\").encode(\"utf-8\"))\n    sent_user = True\n    seen = \"\"\n    time.sleep(0.4)\n    continue\n\n  if \"password:\" in low and sent_user and not sent_pass:\n    s.sendall((password + \"\\n\").encode(\"utf-8\"))\n    sent_pass = True\n    seen = \"\"\n    time.sleep(0.7)\n    continue\n\n  if sent_pass:\n    s.sendall(b\"id -u\\n\")\n    time.sleep(0.7)\n    try:\n      probe = s.recv(4096).decode(\"utf-8\", errors=\"ignore\")\n    except socket.timeout:\n      probe = \"\"\n    if re.search(r\"(^|\\D)1000(\\D|$)\", probe):\n      s.sendall(b\"exit\\n\")\n      s.close()\n      print(\"serial_console_login_ok\")\n      sys.exit(0)\n\n  if not chunk:\n    s.sendall(b\"\\n\")\n    time.sleep(0.5)\n\ns.close()\nprint(\"serial_console_login_failed\")\nsys.exit(1)\nPY\n", "delta": "0:01:30.832881", "end": "2026-09-04 00:04:05.013157", "item": "MonSrv", "msg": "non-zero return code", "rc": 1, "start": "2026-09-04 00:02:34.180276", "stderr": "", "stderr_lines": [], "stdout": "serial_console_login_failed", "stdout_lines": ["serial_console_login_failed"]}
FAILED - RETRYING: [poweredge_r810]: Verify serial console login works with ubuntu credentials (4 retries left).
FAILED - RETRYING: [poweredge_r810]: Verify serial console login works with ubuntu credentials (3 retries left).
FAILED - RETRYING: [poweredge_r810]: Verify serial console login works with ubuntu credentials (2 retries left).
FAILED - RETRYING: [poweredge_r810]: Verify serial console login works with ubuntu credentials (1 retries left).
failed: [poweredge_r810] (item=Serial login probe: osh-comp-01) => {"ansible_loop_var": "item", "attempts": 4, "changed": false, "cmd": "set -euo pipefail\nCNAME=\"clab-sheba-osh-comp-01\"\nif ! docker ps --format '{{.Names}}' | grep -qx \"$CNAME\"; then\n  CNAME=\"osh-comp-01\"\nfi\n\ndocker exec -i \"$CNAME\" python3 - <<'PY'\nimport re\nimport socket\nimport sys\nimport time\n\nuser = \"ubuntu\"\npassword = \"ubuntu\"\n\ns = socket.socket(socket.AF_INET, socket.SOCK_STREAM)\ns.settimeout(2)\ns.connect((\"127.0.0.1\", 5000))\n\nseen = \"\"\nsent_user = False\nsent_pass = False\ndeadline = time.time() + 90\n\nwhile time.time() < deadline:\n  try:\n    chunk = s.recv(4096).decode(\"utf-8\", errors=\"ignore\")\n  except socket.timeout:\n    chunk = \"\"\n\n  if chunk:\n    seen += chunk\n\n  low = seen.lower()\n\n  if \"login incorrect\" in low:\n    sent_user = False\n    sent_pass = False\n    seen = \"\"\n    s.sendall(b\"\\n\")\n    time.sleep(0.5)\n    continue\n\n  if (\"login:\" in low or \"ubuntu login:\" in low) and not sent_user:\n    s.sendall((user + \"\\n\").encode(\"utf-8\"))\n    sent_user = True\n    seen = \"\"\n    time.sleep(0.4)\n    continue\n\n  if \"password:\" in low and sent_user and not sent_pass:\n    s.sendall((password + \"\\n\").encode(\"utf-8\"))\n    sent_pass = True\n    seen = \"\"\n    time.sleep(0.7)\n    continue\n\n  if sent_pass:\n    s.sendall(b\"id -u\\n\")\n    time.sleep(0.7)\n    try:\n      probe = s.recv(4096).decode(\"utf-8\", errors=\"ignore\")\n    except socket.timeout:\n      probe = \"\"\n    if re.search(r\"(^|\\D)1000(\\D|$)\", probe):\n      s.sendall(b\"exit\\n\")\n      s.close()\n      print(\"serial_console_login_ok\")\n      sys.exit(0)\n\n  if not chunk:\n    s.sendall(b\"\\n\")\n    time.sleep(0.5)\n\ns.close()\nprint(\"serial_console_login_failed\")\nsys.exit(1)\nPY\n", "delta": "0:01:30.463465", "end": "2026-09-04 00:12:20.031412", "item": "osh-comp-01", "msg": "non-zero return code", "rc": 1, "start": "2026-09-04 00:10:49.567947", "stderr": "", "stderr_lines": [], "stdout": "serial_console_login_failed", "stdout_lines": ["serial_console_login_failed"]}
FAILED - RETRYING: [poweredge_r810]: Verify serial console login works with ubuntu credentials (4 retries left).
FAILED - RETRYING: [poweredge_r810]: Verify serial console login works with ubuntu credentials (3 retries left).
FAILED - RETRYING: [poweredge_r810]: Verify serial console login works with ubuntu credentials (2 retries left).
FAILED - RETRYING: [poweredge_r810]: Verify serial console login works with ubuntu credentials (1 retries left).
failed: [poweredge_r810] (item=Serial login probe: osh-comp-02) => {"ansible_loop_var": "item", "attempts": 4, "changed": false, "cmd": "set -euo pipefail\nCNAME=\"clab-sheba-osh-comp-02\"\nif ! docker ps --format '{{.Names}}' | grep -qx \"$CNAME\"; then\n  CNAME=\"osh-comp-02\"\nfi\n\ndocker exec -i \"$CNAME\" python3 - <<'PY'\nimport re\nimport socket\nimport sys\nimport time\n\nuser = \"ubuntu\"\npassword = \"ubuntu\"\n\ns = socket.socket(socket.AF_INET, socket.SOCK_STREAM)\ns.settimeout(2)\ns.connect((\"127.0.0.1\", 5000))\n\nseen = \"\"\nsent_user = False\nsent_pass = False\ndeadline = time.time() + 90\n\nwhile time.time() < deadline:\n  try:\n    chunk = s.recv(4096).decode(\"utf-8\", errors=\"ignore\")\n  except socket.timeout:\n    chunk = \"\"\n\n  if chunk:\n    seen += chunk\n\n  low = seen.lower()\n\n  if \"login incorrect\" in low:\n    sent_user = False\n    sent_pass = False\n    seen = \"\"\n    s.sendall(b\"\\n\")\n    time.sleep(0.5)\n    continue\n\n  if (\"login:\" in low or \"ubuntu login:\" in low) and not sent_user:\n    s.sendall((user + \"\\n\").encode(\"utf-8\"))\n    sent_user = True\n    seen = \"\"\n    time.sleep(0.4)\n    continue\n\n  if \"password:\" in low and sent_user and not sent_pass:\n    s.sendall((password + \"\\n\").encode(\"utf-8\"))\n    sent_pass = True\n    seen = \"\"\n    time.sleep(0.7)\n    continue\n\n  if sent_pass:\n    s.sendall(b\"id -u\\n\")\n    time.sleep(0.7)\n    try:\n      probe = s.recv(4096).decode(\"utf-8\", errors=\"ignore\")\n    except socket.timeout:\n      probe = \"\"\n    if re.search(r\"(^|\\D)1000(\\D|$)\", probe):\n      s.sendall(b\"exit\\n\")\n      s.close()\n      print(\"serial_console_login_ok\")\n      sys.exit(0)\n\n  if not chunk:\n    s.sendall(b\"\\n\")\n    time.sleep(0.5)\n\ns.close()\nprint(\"serial_console_login_failed\")\nsys.exit(1)\nPY\n", "delta": "0:01:31.994668", "end": "2026-09-04 00:20:39.319142", "item": "osh-comp-02", "msg": "non-zero return code", "rc": 1, "start": "2026-09-04 00:19:07.324474", "stderr": "", "stderr_lines": [], "stdout": "serial_console_login_failed", "stdout_lines": ["serial_console_login_failed"]}
FAILED - RETRYING: [poweredge_r810]: Verify serial console login works with ubuntu credentials (4 retries left).
FAILED - RETRYING: [poweredge_r810]: Verify serial console login works with ubuntu credentials (3 retries left).
FAILED - RETRYING: [poweredge_r810]: Verify serial console login works with ubuntu credentials (2 retries left).
FAILED - RETRYING: [poweredge_r810]: Verify serial console login works with ubuntu credentials (1 retries left).
failed: [poweredge_r810] (item=Serial login probe: osh-comp-03) => {"ansible_loop_var": "item", "attempts": 4, "changed": false, "cmd": "set -euo pipefail\nCNAME=\"clab-sheba-osh-comp-03\"\nif ! docker ps --format '{{.Names}}' | grep -qx \"$CNAME\"; then\n  CNAME=\"osh-comp-03\"\nfi\n\ndocker exec -i \"$CNAME\" python3 - <<'PY'\nimport re\nimport socket\nimport sys\nimport time\n\nuser = \"ubuntu\"\npassword = \"ubuntu\"\n\ns = socket.socket(socket.AF_INET, socket.SOCK_STREAM)\ns.settimeout(2)\ns.connect((\"127.0.0.1\", 5000))\n\nseen = \"\"\nsent_user = False\nsent_pass = False\ndeadline = time.time() + 90\n\nwhile time.time() < deadline:\n  try:\n    chunk = s.recv(4096).decode(\"utf-8\", errors=\"ignore\")\n  except socket.timeout:\n    chunk = \"\"\n\n  if chunk:\n    seen += chunk\n\n  low = seen.lower()\n\n  if \"login incorrect\" in low:\n    sent_user = False\n    sent_pass = False\n    seen = \"\"\n    s.sendall(b\"\\n\")\n    time.sleep(0.5)\n    continue\n\n  if (\"login:\" in low or \"ubuntu login:\" in low) and not sent_user:\n    s.sendall((user + \"\\n\").encode(\"utf-8\"))\n    sent_user = True\n    seen = \"\"\n    time.sleep(0.4)\n    continue\n\n  if \"password:\" in low and sent_user and not sent_pass:\n    s.sendall((password + \"\\n\").encode(\"utf-8\"))\n    sent_pass = True\n    seen = \"\"\n    time.sleep(0.7)\n    continue\n\n  if sent_pass:\n    s.sendall(b\"id -u\\n\")\n    time.sleep(0.7)\n    try:\n      probe = s.recv(4096).decode(\"utf-8\", errors=\"ignore\")\n    except socket.timeout:\n      probe = \"\"\n    if re.search(r\"(^|\\D)1000(\\D|$)\", probe):\n      s.sendall(b\"exit\\n\")\n      s.close()\n      print(\"serial_console_login_ok\")\n      sys.exit(0)\n\n  if not chunk:\n    s.sendall(b\"\\n\")\n    time.sleep(0.5)\n\ns.close()\nprint(\"serial_console_login_failed\")\nsys.exit(1)\nPY\n", "delta": "0:01:30.664989", "end": "2026-09-04 00:28:56.288890", "item": "osh-comp-03", "msg": "non-zero return code", "rc": 1, "start": "2026-09-04 00:27:25.623901", "stderr": "", "stderr_lines": [], "stdout": "serial_console_login_failed", "stdout_lines": ["serial_console_login_failed"]}
FAILED - RETRYING: [poweredge_r810]: Verify serial console login works with ubuntu credentials (4 retries left).
FAILED - RETRYING: [poweredge_r810]: Verify serial console login works with ubuntu credentials (3 retries left).
FAILED - RETRYING: [poweredge_r810]: Verify serial console login works with ubuntu credentials (2 retries left).
FAILED - RETRYING: [poweredge_r810]: Verify serial console login works with ubuntu credentials (1 retries left).
failed: [poweredge_r810] (item=Serial login probe: osh-comp-04) => {"ansible_loop_var": "item", "attempts": 4, "changed": false, "cmd": "set -euo pipefail\nCNAME=\"clab-sheba-osh-comp-04\"\nif ! docker ps --format '{{.Names}}' | grep -qx \"$CNAME\"; then\n  CNAME=\"osh-comp-04\"\nfi\n\ndocker exec -i \"$CNAME\" python3 - <<'PY'\nimport re\nimport socket\nimport sys\nimport time\n\nuser = \"ubuntu\"\npassword = \"ubuntu\"\n\ns = socket.socket(socket.AF_INET, socket.SOCK_STREAM)\ns.settimeout(2)\ns.connect((\"127.0.0.1\", 5000))\n\nseen = \"\"\nsent_user = False\nsent_pass = False\ndeadline = time.time() + 90\n\nwhile time.time() < deadline:\n  try:\n    chunk = s.recv(4096).decode(\"utf-8\", errors=\"ignore\")\n  except socket.timeout:\n    chunk = \"\"\n\n  if chunk:\n    seen += chunk\n\n  low = seen.lower()\n\n  if \"login incorrect\" in low:\n    sent_user = False\n    sent_pass = False\n    seen = \"\"\n    s.sendall(b\"\\n\")\n    time.sleep(0.5)\n    continue\n\n  if (\"login:\" in low or \"ubuntu login:\" in low) and not sent_user:\n    s.sendall((user + \"\\n\").encode(\"utf-8\"))\n    sent_user = True\n    seen = \"\"\n    time.sleep(0.4)\n    continue\n\n  if \"password:\" in low and sent_user and not sent_pass:\n    s.sendall((password + \"\\n\").encode(\"utf-8\"))\n    sent_pass = True\n    seen = \"\"\n    time.sleep(0.7)\n    continue\n\n  if sent_pass:\n    s.sendall(b\"id -u\\n\")\n    time.sleep(0.7)\n    try:\n      probe = s.recv(4096).decode(\"utf-8\", errors=\"ignore\")\n    except socket.timeout:\n      probe = \"\"\n    if re.search(r\"(^|\\D)1000(\\D|$)\", probe):\n      s.sendall(b\"exit\\n\")\n      s.close()\n      print(\"serial_console_login_ok\")\n      sys.exit(0)\n\n  if not chunk:\n    s.sendall(b\"\\n\")\n    time.sleep(0.5)\n\ns.close()\nprint(\"serial_console_login_failed\")\nsys.exit(1)\nPY\n", "delta": "0:01:32.497390", "end": "2026-09-04 00:37:12.702347", "item": "osh-comp-04", "msg": "non-zero return code", "rc": 1, "start": "2026-09-04 00:35:40.204957", "stderr": "", "stderr_lines": [], "stdout": "serial_console_login_failed", "stdout_lines": ["serial_console_login_failed"]}
FAILED - RETRYING: [poweredge_r810]: Verify serial console login works with ubuntu credentials (4 retries left).
FAILED - RETRYING: [poweredge_r810]: Verify serial console login works with ubuntu credentials (3 retries left).
FAILED - RETRYING: [poweredge_r810]: Verify serial console login works with ubuntu credentials (2 retries left).
FAILED - RETRYING: [poweredge_r810]: Verify serial console login works with ubuntu credentials (1 retries left).
failed: [poweredge_r810] (item=Serial login probe: Exit-Router1) => {"ansible_loop_var": "item", "attempts": 4, "changed": false, "cmd": "set -euo pipefail\nCNAME=\"clab-sheba-Exit-Router1\"\nif ! docker ps --format '{{.Names}}' | grep -qx \"$CNAME\"; then\n  CNAME=\"Exit-Router1\"\nfi\n\ndocker exec -i \"$CNAME\" python3 - <<'PY'\nimport re\nimport socket\nimport sys\nimport time\n\nuser = \"ubuntu\"\npassword = \"ubuntu\"\n\ns = socket.socket(socket.AF_INET, socket.SOCK_STREAM)\ns.settimeout(2)\ns.connect((\"127.0.0.1\", 5000))\n\nseen = \"\"\nsent_user = False\nsent_pass = False\ndeadline = time.time() + 90\n\nwhile time.time() < deadline:\n  try:\n    chunk = s.recv(4096).decode(\"utf-8\", errors=\"ignore\")\n  except socket.timeout:\n    chunk = \"\"\n\n  if chunk:\n    seen += chunk\n\n  low = seen.lower()\n\n  if \"login incorrect\" in low:\n    sent_user = False\n    sent_pass = False\n    seen = \"\"\n    s.sendall(b\"\\n\")\n    time.sleep(0.5)\n    continue\n\n  if (\"login:\" in low or \"ubuntu login:\" in low) and not sent_user:\n    s.sendall((user + \"\\n\").encode(\"utf-8\"))\n    sent_user = True\n    seen = \"\"\n    time.sleep(0.4)\n    continue\n\n  if \"password:\" in low and sent_user and not sent_pass:\n    s.sendall((password + \"\\n\").encode(\"utf-8\"))\n    sent_pass = True\n    seen = \"\"\n    time.sleep(0.7)\n    continue\n\n  if sent_pass:\n    s.sendall(b\"id -u\\n\")\n    time.sleep(0.7)\n    try:\n      probe = s.recv(4096).decode(\"utf-8\", errors=\"ignore\")\n    except socket.timeout:\n      probe = \"\"\n    if re.search(r\"(^|\\D)1000(\\D|$)\", probe):\n      s.sendall(b\"exit\\n\")\n      s.close()\n      print(\"serial_console_login_ok\")\n      sys.exit(0)\n\n  if not chunk:\n    s.sendall(b\"\\n\")\n    time.sleep(0.5)\n\ns.close()\nprint(\"serial_console_login_failed\")\nsys.exit(1)\nPY\n", "delta": "0:01:30.687789", "end": "2026-09-04 00:45:29.395395", "item": "Exit-Router1", "msg": "non-zero return code", "rc": 1, "start": "2026-09-04 00:43:58.707606", "stderr": "", "stderr_lines": [], "stdout": "serial_console_login_failed", "stdout_lines": ["serial_console_login_failed"]}
FAILED - RETRYING: [poweredge_r810]: Verify serial console login works with ubuntu credentials (4 retries left).
FAILED - RETRYING: [poweredge_r810]: Verify serial console login works with ubuntu credentials (3 retries left).
FAILED - RETRYING: [poweredge_r810]: Verify serial console login works with ubuntu credentials (2 retries left).
FAILED - RETRYING: [poweredge_r810]: Verify serial console login works with ubuntu credentials (1 retries left).
failed: [poweredge_r810] (item=Serial login probe: Exit-Router2) => {"ansible_loop_var": "item", "attempts": 4, "changed": false, "cmd": "set -euo pipefail\nCNAME=\"clab-sheba-Exit-Router2\"\nif ! docker ps --format '{{.Names}}' | grep -qx \"$CNAME\"; then\n  CNAME=\"Exit-Router2\"\nfi\n\ndocker exec -i \"$CNAME\" python3 - <<'PY'\nimport re\nimport socket\nimport sys\nimport time\n\nuser = \"ubuntu\"\npassword = \"ubuntu\"\n\ns = socket.socket(socket.AF_INET, socket.SOCK_STREAM)\ns.settimeout(2)\ns.connect((\"127.0.0.1\", 5000))\n\nseen = \"\"\nsent_user = False\nsent_pass = False\ndeadline = time.time() + 90\n\nwhile time.time() < deadline:\n  try:\n    chunk = s.recv(4096).decode(\"utf-8\", errors=\"ignore\")\n  except socket.timeout:\n    chunk = \"\"\n\n  if chunk:\n    seen += chunk\n\n  low = seen.lower()\n\n  if \"login incorrect\" in low:\n    sent_user = False\n    sent_pass = False\n    seen = \"\"\n    s.sendall(b\"\\n\")\n    time.sleep(0.5)\n    continue\n\n  if (\"login:\" in low or \"ubuntu login:\" in low) and not sent_user:\n    s.sendall((user + \"\\n\").encode(\"utf-8\"))\n    sent_user = True\n    seen = \"\"\n    time.sleep(0.4)\n    continue\n\n  if \"password:\" in low and sent_user and not sent_pass:\n    s.sendall((password + \"\\n\").encode(\"utf-8\"))\n    sent_pass = True\n    seen = \"\"\n    time.sleep(0.7)\n    continue\n\n  if sent_pass:\n    s.sendall(b\"id -u\\n\")\n    time.sleep(0.7)\n    try:\n      probe = s.recv(4096).decode(\"utf-8\", errors=\"ignore\")\n    except socket.timeout:\n      probe = \"\"\n    if re.search(r\"(^|\\D)1000(\\D|$)\", probe):\n      s.sendall(b\"exit\\n\")\n      s.close()\n      print(\"serial_console_login_ok\")\n      sys.exit(0)\n\n  if not chunk:\n    s.sendall(b\"\\n\")\n    time.sleep(0.5)\n\ns.close()\nprint(\"serial_console_login_failed\")\nsys.exit(1)\nPY\n", "delta": "0:01:30.833551", "end": "2026-09-04 00:53:47.192057", "item": "Exit-Router2", "msg": "non-zero return code", "rc": 1, "start": "2026-09-04 00:52:16.358506", "stderr": "", "stderr_lines": [], "stdout": "serial_console_login_failed", "stdout_lines": ["serial_console_login_failed"]}

PLAY RECAP *************************************************************************************************************************************************
localhost                  : ok=3    changed=1    unreachable=0    failed=0    skipped=5    rescued=0    ignored=0
poweredge_r810             : ok=15   changed=8    unreachable=0    failed=1    skipped=0    rescued=0    ignored=0

(venv) nh1221@Lab-ControlNode:/mnt/c/Users/nh1221/dc_lab/clab/sonic-clab$ ansible-playbook -i inv-osh.yml playbooks/lab/fabric-full.ymlsudo docker logs Exit-Router1 | tail -n 15
