TASK [linux_netplan_staged : Assert management vars for stage 1] *******************************************************************************************
ok: [k8s-master-01] => {
    "changed": false,
    "msg": "All assertions passed"
}
ok: [k8s-master-02] => {
    "changed": false,
    "msg": "All assertions passed"
}
ok: [k8s-master-03] => {
    "changed": false,
    "msg": "All assertions passed"
}
ok: [k8s-db-01] => {
    "changed": false,
    "msg": "All assertions passed"
}
ok: [k8s-db-02] => {
    "changed": false,
    "msg": "All assertions passed"
}
ok: [k8s-db-03] => {
    "changed": false,
    "msg": "All assertions passed"
}
ok: [osh-ctrl-01] => {
    "changed": false,
    "msg": "All assertions passed"
}
ok: [osh-ctrl-02] => {
    "changed": false,
    "msg": "All assertions passed"
}
ok: [osh-ctrl-03] => {
    "changed": false,
    "msg": "All assertions passed"
}
ok: [osh-net-01] => {
    "changed": false,
    "msg": "All assertions passed"
}
ok: [osh-net-02] => {
    "changed": false,
    "msg": "All assertions passed"
}
ok: [MonSrv] => {
    "changed": false,
    "msg": "All assertions passed"
}
ok: [osh-comp-01] => {
    "changed": false,
    "msg": "All assertions passed"
}
ok: [osh-comp-02] => {
    "changed": false,
    "msg": "All assertions passed"
}
ok: [osh-comp-03] => {
    "changed": false,
    "msg": "All assertions passed"
}
ok: [osh-comp-04] => {
    "changed": false,
    "msg": "All assertions passed"
}
ok: [Exit-Router1] => {
    "changed": false,
    "msg": "All assertions passed"
}
ok: [Exit-Router2] => {
    "changed": false,
    "msg": "All assertions passed"
}
fatal: [oob-mgmt-node]: FAILED! => {
    "assertion": "netplan_mgmt_ip is defined",
    "changed": false,
    "evaluated_to": false,
    "msg": "Assertion failed"
}

TASK [linux_netplan_staged : Assert ceph vars for stage 3] *************************************************************************************************
skipping: [k8s-master-01]
skipping: [k8s-master-02]
skipping: [k8s-master-03]
skipping: [k8s-db-01]
skipping: [k8s-db-02]
skipping: [k8s-db-03]
skipping: [osh-ctrl-01]
skipping: [osh-ctrl-02]
skipping: [osh-ctrl-03]
skipping: [osh-net-01]
skipping: [osh-net-02]
skipping: [MonSrv]
skipping: [osh-comp-01]
skipping: [osh-comp-02]
skipping: [osh-comp-03]
skipping: [osh-comp-04]
skipping: [Exit-Router1]
skipping: [Exit-Router2]

TASK [linux_netplan_staged : Deploy stage 1 management netplan] ********************************************************************************************
changed: [k8s-master-02]
changed: [k8s-master-01]
changed: [k8s-master-03]
changed: [k8s-db-01]
changed: [k8s-db-02]
changed: [k8s-db-03]
changed: [osh-ctrl-02]
changed: [osh-ctrl-01]
changed: [osh-ctrl-03]
changed: [osh-net-02]
changed: [osh-net-01]
changed: [MonSrv]
changed: [osh-comp-01]
changed: [osh-comp-02]
changed: [osh-comp-03]
changed: [osh-comp-04]
changed: [Exit-Router1]
changed: [Exit-Router2]

TASK [linux_netplan_staged : Apply stage 1 management netplan] *********************************************************************************************
changed: [k8s-master-01]
changed: [k8s-master-03]
changed: [k8s-db-01]
changed: [k8s-db-03]
changed: [osh-ctrl-01]
changed: [osh-ctrl-02]
changed: [osh-ctrl-03]
changed: [osh-net-01]
changed: [osh-net-02]
fatal: [k8s-master-02]: UNREACHABLE! => {"changed": false, "msg": "Data could not be sent to remote host \"172.16.2.61\". Make sure this host can be reached over ssh: Warning: Permanently added '172.16.2.61' (ED25519) to the list of known hosts.\r\n", "unreachable": true}
changed: [osh-comp-01]
fatal: [k8s-db-02]: UNREACHABLE! => {"changed": false, "msg": "Data could not be sent to remote host \"172.16.2.62\". Make sure this host can be reached over ssh: Warning: Permanently added '172.16.2.62' (ED25519) to the list of known hosts.\r\n", "unreachable": true}
changed: [osh-comp-02]
changed: [osh-comp-03]
changed: [osh-comp-04]
changed: [Exit-Router1]
changed: [Exit-Router2]
fatal: [MonSrv]: UNREACHABLE! => {"changed": false, "msg": "Data could not be sent to remote host \"172.16.2.74\". Make sure this host can be reached over ssh: Warning: Permanently added '172.16.2.74' (ED25519) to the list of known hosts.\r\n", "unreachable": true}

TASK [linux_netplan_staged : Deploy stage 2 multihoming netplan] *******************************************************************************************
skipping: [k8s-master-01]
skipping: [k8s-master-03]
skipping: [k8s-db-01]
skipping: [k8s-db-03]
skipping: [osh-ctrl-01]
skipping: [osh-ctrl-02]
skipping: [osh-ctrl-03]
skipping: [osh-net-01]
skipping: [osh-net-02]
skipping: [osh-comp-01]
skipping: [osh-comp-02]
skipping: [osh-comp-03]
skipping: [osh-comp-04]
skipping: [Exit-Router1]
skipping: [Exit-Router2]

TASK [linux_netplan_staged : Apply stage 2 multihoming netplan] ********************************************************************************************
skipping: [k8s-master-01]
skipping: [k8s-master-03]
skipping: [k8s-db-01]
skipping: [k8s-db-03]
skipping: [osh-ctrl-01]
skipping: [osh-ctrl-02]
skipping: [osh-ctrl-03]
skipping: [osh-net-01]
skipping: [osh-net-02]
skipping: [osh-comp-01]
skipping: [osh-comp-02]
skipping: [osh-comp-03]
skipping: [osh-comp-04]
skipping: [Exit-Router1]
skipping: [Exit-Router2]

TASK [linux_netplan_staged : Deploy stage 3 ceph dummy netplan] ********************************************************************************************
skipping: [k8s-master-01]
skipping: [k8s-master-03]
skipping: [k8s-db-01]
skipping: [k8s-db-03]
skipping: [osh-ctrl-01]
skipping: [osh-ctrl-02]
skipping: [osh-ctrl-03]
skipping: [osh-net-01]
skipping: [osh-net-02]
skipping: [osh-comp-01]
skipping: [osh-comp-02]
skipping: [osh-comp-03]
skipping: [osh-comp-04]
skipping: [Exit-Router1]
skipping: [Exit-Router2]

TASK [linux_netplan_staged : Apply stage 3 ceph dummy netplan] *********************************************************************************************
skipping: [k8s-master-01]
skipping: [k8s-master-03]
skipping: [k8s-db-01]
skipping: [k8s-db-03]
skipping: [osh-ctrl-01]
skipping: [osh-ctrl-02]
skipping: [osh-ctrl-03]
skipping: [osh-net-01]
skipping: [osh-net-02]
skipping: [osh-comp-01]
skipping: [osh-comp-02]
skipping: [osh-comp-03]
skipping: [osh-comp-04]
skipping: [Exit-Router1]
skipping: [Exit-Router2]



TASK [sonic_vrf_storage : Record explicit storage network origination] *************************************************************************************
fatal: [Spine-S1]: FAILED! => {"msg": "The task includes an option with an undefined variable.. 'ceph_data_replication_ip' is undefined\n\nThe error appears to be in '/mnt/c/Users/nh1221/dc_lab/clab/sonic-clab/roles/sonic_vrf_storage/tasks/main.yml': line 105, column 3, but may\nbe elsewhere in the file depending on the exact syntax problem.\n\nThe offending line appears to be:\n\n\n- name: Record explicit storage network origination\n  ^ here\n"}
fatal: [Spine-S2]: FAILED! => {"msg": "The task includes an option with an undefined variable.. 'ceph_data_replication_ip' is undefined\n\nThe error appears to be in '/mnt/c/Users/nh1221/dc_lab/clab/sonic-clab/roles/sonic_vrf_storage/tasks/main.yml': line 105, column 3, but may\nbe elsewhere in the file depending on the exact syntax problem.\n\nThe offending line appears to be:\n\n\n- name: Record explicit storage network origination\n  ^ here\n"}
fatal: [Leaf-L3]: FAILED! => {"msg": "The task includes an option with an undefined variable.. 'ceph_data_replication_ip' is undefined\n\nThe error appears to be in '/mnt/c/Users/nh1221/dc_lab/clab/sonic-clab/roles/sonic_vrf_storage/tasks/main.yml': line 105, column 3, but may\nbe elsewhere in the file depending on the exact syntax problem.\n\nThe offending line appears to be:\n\n\n- name: Record explicit storage network origination\n  ^ here\n"}
fatal: [Leaf-L4]: FAILED! => {"msg": "The task includes an option with an undefined variable.. 'ceph_data_replication_ip' is undefined\n\nThe error appears to be in '/mnt/c/Users/nh1221/dc_lab/clab/sonic-clab/roles/sonic_vrf_storage/tasks/main.yml': line 105, column 3, but may\nbe elsewhere in the file depending on the exact syntax problem.\n\nThe offending line appears to be:\n\n\n- name: Record explicit storage network origination\n  ^ here\n"}
fatal: [Border-Leaf1]: FAILED! => {"msg": "The task includes an option with an undefined variable.. 'ceph_data_replication_ip' is undefined\n\nThe error appears to be in '/mnt/c/Users/nh1221/dc_lab/clab/sonic-clab/roles/sonic_vrf_storage/tasks/main.yml': line 105, column 3, but may\nbe elsewhere in the file depending on the exact syntax problem.\n\nThe offending line appears to be:\n\n\n- name: Record explicit storage network origination\n  ^ here\n"}
fatal: [Border-Leaf2]: FAILED! => {"msg": "The task includes an option with an undefined variable.. 'ceph_data_replication_ip' is undefined\n\nThe error appears to be in '/mnt/c/Users/nh1221/dc_lab/clab/sonic-clab/roles/sonic_vrf_storage/tasks/main.yml': line 105, column 3, but may\nbe elsewhere in the file depending on the exact syntax problem.\n\nThe offending line appears to be:\n\n\n- name: Record explicit storage network origination\n  ^ here\n"}

PLAY [Apply tc HTB 80/20 bandwidth partition on the OSD hosts] *********************************************************************************************

TASK [linux_qos_htb : Skip QoS on non-storage nodes] *******************************************************************************************************
skipping: [k8s-db-03]

TASK [linux_qos_htb : Skip QoS on non-storage nodes] *******************************************************************************************************

TASK [linux_qos_htb : Skip QoS on non-storage nodes] *******************************************************************************************************

TASK [linux_qos_htb : Assert QoS + interface vars are present] *********************************************************************************************
ok: [k8s-db-03] => {
    "changed": false,
    "msg": "All assertions passed"
}

TASK [linux_qos_htb : Ensure iproute2 and iptables are installed] ******************************************************************************************
ok: [k8s-db-03]

TASK [linux_qos_htb : Mark Ceph replication traffic on the storage subnet in mangle] ***********************************************************************
ok: [k8s-db-03]

TASK [linux_qos_htb : Apply HTB 80/20 partition on each data interface] ************************************************************************************
changed: [k8s-db-03] => (item={'device': 'ens2', 'speed': '10000', 'peer_switch': 'Border-Leaf1', 'peer_port': 'Ethernet4', 'neighbor_asn': 65031})
changed: [k8s-db-03] => (item={'device': 'ens3', 'speed': '10000', 'peer_switch': 'Border-Leaf2', 'peer_port': 'Ethernet4', 'neighbor_asn': 65032})

TASK [linux_qos_htb : Persist mangle marks (netfilter-persistent)] *****************************************************************************************
ok: [k8s-db-03]





K8/Kubespray deployments:


TASK [kubespray_prep : Install prerequisite packages for kubespray] ****************************************************************************************
changed: [k8s-master-01]
changed: [k8s-db-03]
changed: [k8s-db-01]
changed: [osh-ctrl-01]
changed: [osh-ctrl-02]
[WARNING]: Failed to update cache after 1 retries due to , retrying
[WARNING]: Sleeping for 1 seconds, before attempting to refresh the cache again
changed: [k8s-master-03]
changed: [osh-ctrl-03]
changed: [osh-comp-01]
changed: [osh-net-01]
changed: [osh-net-02]
[WARNING]: Sleeping for 2 seconds, before attempting to refresh the cache again
changed: [osh-comp-03]
changed: [osh-comp-02]
changed: [osh-comp-04]

TASK [kubespray_prep : Set hostname to match inventory name] ***********************************************************************************************
ok: [k8s-master-03]
changed: [k8s-db-01]
changed: [k8s-master-01]
ok: [k8s-db-03]
ok: [osh-ctrl-02]
ok: [osh-ctrl-03]
ok: [osh-ctrl-01]
ok: [osh-net-01]
ok: [osh-net-02]
ok: [osh-comp-01]
ok: [osh-comp-03]
ok: [osh-comp-02]
ok: [osh-comp-04]

TASK [kubespray_prep : Ensure hostname resolves to primary IP in /etc/hosts] *******************************************************************************
[WARNING]: Module remote_tmp /root/.ansible/tmp did not exist and was created with a mode of 0700, this may cause issues when running as another user. To
avoid this, create the remote_tmp dir with the correct permissions manually
changed: [k8s-master-01]
changed: [k8s-db-01]
changed: [k8s-master-03]
changed: [k8s-db-03]
changed: [osh-ctrl-02]
changed: [osh-ctrl-01]
changed: [osh-ctrl-03]
changed: [osh-net-01]
changed: [osh-net-02]
changed: [osh-comp-01]
changed: [osh-comp-02]
changed: [osh-comp-03]
changed: [osh-comp-04]

PLAY [Generate Kubespray inventory on control node] ********************************************************************************************************

TASK [Ensure kubespray destination directory exists] *******************************************************************************************************
ok: [localhost]

TASK [Render kubespray hosts.yaml inventory] ***************************************************************************************************************
changed: [localhost]

TASK [Render kubespray group_vars override] ****************************************************************************************************************
An exception occurred during task execution. To see the full traceback, use -vvv. The error was: ansible.errors.AnsibleUndefinedVariable: 'r810_management_ip' is undefined
fatal: [localhost]: FAILED! => {"changed": false, "msg": "AnsibleUndefinedVariable: 'r810_management_ip' is undefined"}

PLAY RECAP *************************************************************************************************************************************************
Border-Leaf1               : ok=86   changed=13   unreachable=0    failed=1    skipped=9    rescued=0    ignored=0
Border-Leaf2               : ok=86   changed=13   unreachable=0    failed=1    skipped=9    rescued=0    ignored=0
Exit-Router1               : ok=41   changed=16   unreachable=0    failed=0    skipped=6    rescued=0    ignored=0
Exit-Router2               : ok=40   changed=16   unreachable=0    failed=0    skipped=6    rescued=0    ignored=0
External-Router            : ok=15   changed=3    unreachable=0    failed=0    skipped=0    rescued=0    ignored=0
ISP-1                      : ok=17   changed=2    unreachable=0    failed=0    skipped=0    rescued=0    ignored=0
ISP-2                      : ok=16   changed=2    unreachable=0    failed=0    skipped=0    rescued=0    ignored=0
Leaf-L1                    : ok=81   changed=13   unreachable=0    failed=0    skipped=9    rescued=0    ignored=0
Leaf-L2                    : ok=81   changed=13   unreachable=0    failed=0    skipped=9    rescued=0    ignored=0
Leaf-L3                    : ok=86   changed=13   unreachable=0    failed=1    skipped=9    rescued=0    ignored=0
Leaf-L4                    : ok=86   changed=13   unreachable=0    failed=1    skipped=9    rescued=0    ignored=0
MonSrv                     : ok=10   changed=1    unreachable=1    failed=0    skipped=1    rescued=0    ignored=0
Spine-S1                   : ok=73   changed=13   unreachable=0    failed=1    skipped=16   rescued=0    ignored=0
Spine-S2                   : ok=73   changed=13   unreachable=0    failed=1    skipped=16   rescued=0    ignored=0
k8s-db-01                  : ok=52   changed=15   unreachable=0    failed=0    skipped=16   rescued=0    ignored=0
k8s-db-02                  : ok=10   changed=1    unreachable=1    failed=0    skipped=1    rescued=0    ignored=0
k8s-db-03                  : ok=68   changed=20   unreachable=0    failed=0    skipped=17   rescued=0    ignored=0
k8s-master-01              : ok=53   changed=15   unreachable=0    failed=0    skipped=16   rescued=0    ignored=0
k8s-master-02              : ok=10   changed=1    unreachable=1    failed=0    skipped=1    rescued=0    ignored=0
k8s-master-03              : ok=60   changed=17   unreachable=0    failed=0    skipped=16   rescued=0    ignored=0
localhost                  : ok=5    changed=1    unreachable=0    failed=1    skipped=5    rescued=0    ignored=0
oob-mgmt-node              : ok=4    changed=0    unreachable=0    failed=1    skipped=0    rescued=0    ignored=0
osh-comp-01                : ok=52   changed=14   unreachable=0    failed=0    skipped=16   rescued=0    ignored=0
osh-comp-02                : ok=52   changed=14   unreachable=0    failed=0    skipped=16   rescued=0    ignored=0
osh-comp-03                : ok=55   changed=16   unreachable=0    failed=0    skipped=17   rescued=0    ignored=0
osh-comp-04                : ok=55   changed=16   unreachable=0    failed=0    skipped=17   rescued=0    ignored=0
osh-ctrl-01                : ok=52   changed=14   unreachable=0    failed=0    skipped=16   rescued=0    ignored=0
osh-ctrl-02                : ok=52   changed=14   unreachable=0    failed=0    skipped=16   rescued=0    ignored=0
osh-ctrl-03                : ok=52   changed=14   unreachable=0    failed=0    skipped=16   rescued=0    ignored=0
osh-net-01                 : ok=52   changed=14   unreachable=0    failed=0    skipped=16   rescued=0    ignored=0
osh-net-02                 : ok=52   changed=14   unreachable=0    failed=0    skipped=16   rescued=0    ignored=0
poweredge_r810             : ok=26   changed=9    unreachable=0    failed=0    skipped=3    rescued=0    ignored=0

(venv) nh1221@Lab-ControlNode:/mnt/c/Users/nh1221/dc_lab/clab/sonic-clab$
