TASK [download : debug] ********************************************************
ok: [k8s-master-01] => {
    "msg": "Pull 172.16.2.1:5000/calico/kube-controllers:v3.29.2 required is: True"
}
ok: [k8s-master-02] => {
    "msg": "Pull 172.16.2.1:5000/calico/kube-controllers:v3.29.2 required is: True"
}
ok: [k8s-master-03] => {
    "msg": "Pull 172.16.2.1:5000/calico/kube-controllers:v3.29.2 required is: True"
}
ok: [k8s-db-01] => {
    "msg": "Pull 172.16.2.1:5000/calico/kube-controllers:v3.29.2 required is: True"
}
ok: [k8s-db-02] => {
    "msg": "Pull 172.16.2.1:5000/calico/kube-controllers:v3.29.2 required is: True"
}
ok: [k8s-db-03] => {
    "msg": "Pull 172.16.2.1:5000/calico/kube-controllers:v3.29.2 required is: True"
}
ok: [osh-ctrl-01] => {
    "msg": "Pull 172.16.2.1:5000/calico/kube-controllers:v3.29.2 required is: True"
}
ok: [osh-ctrl-02] => {
    "msg": "Pull 172.16.2.1:5000/calico/kube-controllers:v3.29.2 required is: True"
}
ok: [osh-ctrl-03] => {
    "msg": "Pull 172.16.2.1:5000/calico/kube-controllers:v3.29.2 required is: True"
}
ok: [osh-net-01] => {
    "msg": "Pull 172.16.2.1:5000/calico/kube-controllers:v3.29.2 required is: True"
}
ok: [osh-net-02] => {
    "msg": "Pull 172.16.2.1:5000/calico/kube-controllers:v3.29.2 required is: True"
}
ok: [MonSrv] => {
    "msg": "Pull 172.16.2.1:5000/calico/kube-controllers:v3.29.2 required is: True"
}
ok: [osh-comp-01] => {
    "msg": "Pull 172.16.2.1:5000/calico/kube-controllers:v3.29.2 required is: True"
}
ok: [osh-comp-02] => {
    "msg": "Pull 172.16.2.1:5000/calico/kube-controllers:v3.29.2 required is: True"
}
ok: [osh-comp-03] => {
    "msg": "Pull 172.16.2.1:5000/calico/kube-controllers:v3.29.2 required is: True"
}
ok: [osh-comp-04] => {
    "msg": "Pull 172.16.2.1:5000/calico/kube-controllers:v3.29.2 required is: True"
}
Sunday 13 September 2026  16:03:56 -0500 (0:00:04.368)       1:30:24.701 ******
Sunday 13 September 2026  16:03:58 -0500 (0:00:01.975)       1:30:26.677 ******
Sunday 13 September 2026  16:03:59 -0500 (0:00:01.205)       1:30:27.882 ******
Sunday 13 September 2026  16:04:00 -0500 (0:00:01.019)       1:30:28.902 ******

TASK [download : Download_container | Download image if required] **************
changed: [k8s-master-02]
changed: [k8s-master-01]
changed: [k8s-db-01]
changed: [k8s-master-03]
changed: [k8s-db-02]
changed: [k8s-db-03]
changed: [osh-ctrl-01]
changed: [osh-net-01]
changed: [osh-ctrl-03]
changed: [osh-ctrl-02]
changed: [osh-net-02]
changed: [MonSrv]
changed: [osh-comp-01]
changed: [osh-comp-02]
changed: [osh-comp-03]
changed: [osh-comp-04]
Sunday 13 September 2026  16:04:49 -0500 (0:00:48.789)       1:31:17.692 ******
Sunday 13 September 2026  16:04:50 -0500 (0:00:00.919)       1:31:18.611 ******
Sunday 13 September 2026  16:04:52 -0500 (0:00:02.360)       1:31:20.972 ******
Sunday 13 September 2026  16:04:54 -0500 (0:00:01.486)       1:31:22.458 ******
Sunday 13 September 2026  16:04:55 -0500 (0:00:01.591)       1:31:24.050 ******

TASK [download : Download_container | Remove container image from cache] *******
ok: [k8s-master-02]
ok: [k8s-master-01]
ok: [k8s-master-03]
ok: [k8s-db-01]
ok: [k8s-db-03]
ok: [osh-ctrl-01]
ok: [k8s-db-02]
ok: [osh-ctrl-03]
ok: [osh-ctrl-02]
ok: [osh-net-01]
ok: [MonSrv]
ok: [osh-net-02]
ok: [osh-comp-01]
ok: [osh-comp-03]
ok: [osh-comp-02]
ok: [osh-comp-04]
Sunday 13 September 2026  16:05:25 -0500 (0:00:29.809)       1:31:53.860 ******

TASK [download : Prep_download | Set a few facts] ******************************
ok: [k8s-master-01]
ok: [k8s-master-02]
ok: [k8s-master-03]
Sunday 13 September 2026  16:05:26 -0500 (0:00:01.081)       1:31:54.941 ******

TASK [download : Download_file | Show url of file to download] *****************
ok: [k8s-master-01] => {
    "msg": "https://github.com/projectcalico/calico/raw/v3.29.2/manifests/crds.yaml"
}
ok: [k8s-master-02] => {
    "msg": "https://github.com/projectcalico/calico/raw/v3.29.2/manifests/crds.yaml"
}
ok: [k8s-master-03] => {
    "msg": "https://github.com/projectcalico/calico/raw/v3.29.2/manifests/crds.yaml"
}
Sunday 13 September 2026  16:05:28 -0500 (0:00:01.347)       1:31:56.288 ******

TASK [download : Download_file | Set pathname of cached file] ******************
ok: [k8s-master-01]
ok: [k8s-master-02]
ok: [k8s-master-03]
Sunday 13 September 2026  16:05:29 -0500 (0:00:01.268)       1:31:57.557 ******

TASK [download : Download_file | Create dest directory on node] ****************
changed: [k8s-master-01]
changed: [k8s-master-02]
changed: [k8s-master-03]
Sunday 13 September 2026  16:05:33 -0500 (0:00:04.517)       1:32:02.075 ******
Sunday 13 September 2026  16:05:34 -0500 (0:00:00.100)       1:32:02.176 ******
Sunday 13 September 2026  16:05:34 -0500 (0:00:00.127)       1:32:02.303 ******
FAILED - RETRYING: [k8s-master-01]: Download_file | Download item (4 retries left).
FAILED - RETRYING: [k8s-master-02]: Download_file | Download item (4 retries left).
FAILED - RETRYING: [k8s-master-03]: Download_file | Download item (4 retries left).
FAILED - RETRYING: [k8s-master-01]: Download_file | Download item (3 retries left).
FAILED - RETRYING: [k8s-master-02]: Download_file | Download item (3 retries left).
FAILED - RETRYING: [k8s-master-03]: Download_file | Download item (3 retries left).
FAILED - RETRYING: [k8s-master-01]: Download_file | Download item (2 retries left).
FAILED - RETRYING: [k8s-master-02]: Download_file | Download item (2 retries left).
FAILED - RETRYING: [k8s-master-03]: Download_file | Download item (2 retries left).
FAILED - RETRYING: [k8s-master-01]: Download_file | Download item (1 retries left).

TASK [download : Download_file | Download item] ********************************
changed: [k8s-master-02]
FAILED - RETRYING: [k8s-master-03]: Download_file | Download item (1 retries left).
fatal: [k8s-master-01]: FAILED! => {"attempts": 4, "changed": false, "dest": "/opt/fabric-cache/calico-3.29.2-kdd-crds/crds.yaml", "elapsed": 10, "msg": "Request failed: <urlopen error [Errno -3] Temporary failure in name resolution>", "url": "https://github.com/projectcalico/calico/raw/v3.29.2/manifests/crds.yaml"}
changed: [k8s-master-03]

PLAY RECAP *********************************************************************
MonSrv                     : ok=255  changed=50   unreachable=0    failed=0    skipped=231  rescued=0    ignored=0
k8s-db-01                  : ok=256  changed=50   unreachable=0    failed=0    skipped=231  rescued=0    ignored=0
k8s-db-02                  : ok=256  changed=50   unreachable=0    failed=0    skipped=231  rescued=0    ignored=0
k8s-db-03                  : ok=256  changed=50   unreachable=0    failed=0    skipped=231  rescued=0    ignored=0
k8s-master-01              : ok=291  changed=54   unreachable=0    failed=1    skipped=286  rescued=0    ignored=0
k8s-master-02              : ok=280  changed=55   unreachable=0    failed=0    skipped=238  rescued=0    ignored=0
k8s-master-03              : ok=280  changed=55   unreachable=0    failed=0    skipped=238  rescued=0    ignored=0
osh-comp-01                : ok=255  changed=50   unreachable=0    failed=0    skipped=231  rescued=0    ignored=0
osh-comp-02                : ok=255  changed=50   unreachable=0    failed=0    skipped=231  rescued=0    ignored=0
osh-comp-03                : ok=255  changed=50   unreachable=0    failed=0    skipped=231  rescued=0    ignored=0
osh-comp-04                : ok=255  changed=50   unreachable=0    failed=0    skipped=231  rescued=0    ignored=0
osh-ctrl-01                : ok=255  changed=50   unreachable=0    failed=0    skipped=231  rescued=0    ignored=0
osh-ctrl-02                : ok=255  changed=50   unreachable=0    failed=0    skipped=231  rescued=0    ignored=0
osh-ctrl-03                : ok=255  changed=50   unreachable=0    failed=0    skipped=231  rescued=0    ignored=0
osh-net-01                 : ok=255  changed=50   unreachable=0    failed=0    skipped=231  rescued=0    ignored=0
osh-net-02                 : ok=255  changed=50   unreachable=0    failed=0    skipped=231  rescued=0    ignored=0

Sunday 13 September 2026  16:07:03 -0500 (0:01:29.421)       1:33:31.725 ******
===============================================================================
container-engine/containerd : Containerd | Write hosts.toml file ------ 373.35s
system_packages : Manage packages ------------------------------------- 330.85s
download : Download_container | Download image if required ------------ 237.53s
download : Download_container | Download image if required ------------ 219.13s
download : Download | Download files / images ------------------------- 146.53s
download : Download_container | Download image if required ------------ 142.67s
download : Download_file | Download item ------------------------------- 89.42s
container-engine/containerd : Containerd | Create registry directories -- 83.84s
container-engine/crictl : Extract_file | Unpacking archive ------------- 83.41s
container-engine/containerd : Containerd | Unpack containerd archive --- 79.59s
container-engine/crictl : Download_file | Download item ---------------- 74.54s
container-engine/nerdctl : Extract_file | Unpacking archive ------------ 71.83s
container-engine/containerd : Download_file | Download item ------------ 69.20s
container-engine/containerd : Containerd | Generate systemd service for containerd -- 67.26s
container-engine/runc : Download_file | Download item ------------------ 65.91s
kubernetes/preinstall : Ensure kubelet expected parameters are set ----- 65.24s
container-engine/containerd : Containerd | Copy containerd config file -- 63.41s
container-engine/nerdctl : Download_file | Download item --------------- 62.63s
kubernetes/preinstall : Write Kubespray DNS settings to systemd-resolved -- 60.30s
container-engine/containerd : Containerd | Write base_runtime_specs ---- 58.77s
