(venv) nh1221@Lab-ControlNode:/mnt/c/Users/nh1221/dc_lab/clab/sonic-clab$ ANSIBLE_CONFIG=$PWD/ansible.cfg ansible-playbook -i inventory.yml playbooks/multus-nad-deploy.yml

PLAY [Apply Multus NetworkAttachmentDefinition CRs] ********************************************************************************************************

TASK [Wait for Multus CRD to be available] *****************************************************************************************************************
fatal: [localhost -> k8s-master-01]: UNREACHABLE! => {"changed": false, "msg": "Failed to connect to the host via ssh: ssh: connect to host 172.16.2.51 port 22: Connection timed out", "unreachable": true}

PLAY RECAP *************************************************************************************************************************************************
localhost                  : ok=0    changed=0    unreachable=1    failed=0    skipped=0    rescued=0    ignored=0

(venv) nh1221@Lab-ControlNode:/mnt/c/Users/nh1221/dc_lab/clab/sonic-clab$ ANSIBLE_CONFIG=$PWD/ansible.cfg ansible-playbook -i inventory.yml playbooks/multus-nad-deploy.yml

PLAY [Apply Multus NetworkAttachmentDefinition CRs] ********************************************************************************************************

TASK [Wait for Multus CRD to be available] *****************************************************************************************************************
fatal: [localhost -> k8s-master-01]: UNREACHABLE! => {"changed": false, "msg": "Failed to connect to the host via ssh: ssh: connect to host 172.16.2.51 port 22: Connection timed out", "unreachable": true}

PLAY RECAP *************************************************************************************************************************************************
localhost                  : ok=0    changed=0    unreachable=1    failed=0    skipped=0    rescued=0    ignored=0

(venv) nh1221@Lab-ControlNode:/mnt/c/Users/nh1221/dc_lab/clab/sonic-clab$ ssh k8s-master-01
Welcome to Ubuntu 26.04 LTS (GNU/Linux 7.0.0-28-generic x86_64)

 * Documentation:  https://docs.ubuntu.com
 * Management:     https://landscape.canonical.com
 * Support:        https://ubuntu.com/pro

 System information as of Fri Sep 18 03:20:31 CEST 2026

  System load:    0.77      Processes:               144
  Usage of /home: unknown   Users logged in:         0
  Memory usage:   13%       IPv4 address for enp1s0: 10.0.0.15
  Swap usage:     0%        IPv4 address for enp1s0: 172.16.2.51

 * Canonical Workshop gives developers fast, composable, reproducible, and
   secure developer environments that are perfect for agentic workflows.

   https://ubuntu.com/workshop

Expanded Security Maintenance for Applications is not enabled.

140 updates can be applied immediately.
111 of these updates are standard security updates.
To see these additional updates run: apt list --upgradable

1 additional security update can be applied with ESM Apps.
Learn more about enabling ESM Apps service at https://ubuntu.com/esm

Failed to connect to https://changelogs.ubuntu.com/meta-release-lts. Check your Internet connection or proxy settings


Last login: Fri Sep 18 03:20:32 2026 from 172.16.2.1
ubuntu@k8s-master-01:~$
