nh1221@Lab-ControlNode:/mnt/c/Users/nh1221/dc_lab/clab/sonic-clab$ sudo ./scripts/generate-image-list.sh --kolla-build
==> Installing kolla pinned to OpenStack 2026.1 constraints ...
==> kolla version: Version: 22.1.0
==> Building and pushing Kolla images to 172.16.2.1:5000/openstack.kolla:2026.1-ubuntu_noble
    Base image: ubuntu:noble   Output tag: 2026.1-ubuntu_noble
    Estimated build time: 1-4 hours depending on CPU and internet speed.
INFO:kolla.common.utils:Using engine: docker
ERROR:kolla.common.utils:Error, you have set Docker as container engine, but the Python library is not found.Try running 'pip install docker'
Python error: No module named 'docker'
nh1221@Lab-ControlNode:/mnt/c/Users/nh1221/dc_lab/clab/sonic-clab$ 
(venv) nh1221@Lab-ControlNode:/mnt/c/Users/nh1221/data-center$ cd /mnt/c/Users/nh1221/dc_lab/clab/sonic-clab
(venv) nh1221@Lab-ControlNode:/mnt/c/Users/nh1221/dc_lab/clab/sonic-clab$ sudo ./scripts/generate-image-list.sh --kolla-build
==> Installing kolla pinned to OpenStack 2026.1 constraints ...
==> kolla version: Version: 22.1.0
==> Building and pushing Kolla images to 172.16.2.1:5000/openstack.kolla:2026.1-ubuntu_noble
    Base image: ubuntu:noble   Output tag: 2026.1-ubuntu_noble
    Estimated build time: 1-4 hours depending on CPU and internet speed.
INFO:kolla.common.utils:Using engine: docker
ERROR:kolla.common.utils:Error, you have set Docker as container engine, but the Python library is not found.Try running 'pip install docker'
Python error: No module named 'docker'
(venv) nh1221@Lab-ControlNode:/mnt/c/Users/nh1221/dc_lab/clab/sonic-clab$
nh1221@Lab-ControlNode:/mnt/c/Users/nh1221/dc_lab/clab/sonic-clab$ source /opt/kolla-venv/bin/activate
(kolla-venv) nh1221@Lab-ControlNode:/mnt/c/Users/nh1221/dc_lab/clab/sonic-clab$ sudo ./scripts/generate-image-list.sh --kolla-build
[sudo] password for nh1221:
==> Installing kolla pinned to OpenStack 2026.1 constraints ...
==> kolla version: Version: 22.1.0
==> Building and pushing Kolla images to 172.16.2.1:5000/openstack.kolla:2026.1-ubuntu_noble
    Base image: ubuntu:noble   Output tag: 2026.1-ubuntu_noble
    Estimated build time: 1-4 hours depending on CPU and internet speed.
INFO:kolla.common.utils:Using engine: docker
ERROR:kolla.common.utils:Error, you have set Docker as container engine, but the Python library is not found.Try running 'pip install docker'
Python error: No module named 'docker'
(kolla-venv) nh1221@Lab-ControlNode:/mnt/c/Users/nh1221/dc_lab/clab/sonic-clab$
