nh1221@Lab-ControlNode:/mnt/c/Users/nh1221/dc_lab/clab/sonic-clab$ sudo ./scripts/generate-image-list.sh
[sudo] password for nh1221:
==> Creating cache directories under /opt/fabric-cache

==> Pulling and saving 48 container images ...
  [cached] registry.k8s.io/kube-apiserver:v1.33.3
  [cached] registry.k8s.io/kube-controller-manager:v1.33.3
  [cached] registry.k8s.io/kube-scheduler:v1.33.3
  [cached] registry.k8s.io/kube-proxy:v1.33.3
  [pull]   registry.k8s.io/pause:3.11
Error response from daemon: failed to resolve reference "registry.k8s.io/pause:3.11": registry.k8s.io/pause:3.11: not found
  [WARN]   Failed to pull registry.k8s.io/pause:3.11 — skipping
  [cached] registry.k8s.io/coredns/coredns:v1.12.0
  [cached] registry.k8s.io/etcd:v3.5.17
  [cached] registry.k8s.io/dns/k8s-dns-node-cache:1.23.1
  [cached] registry.k8s.io/metrics-server/metrics-server:v0.8.0
  [cached] registry.k8s.io/cpa/cluster-proportional-autoscaler:v1.9.0
  [cached] docker.io/calico/cni:v3.29.2
  [cached] docker.io/calico/node:v3.29.2
  [cached] docker.io/calico/kube-controllers:v3.29.2
  [cached] docker.io/calico/pod2daemon-flexvol:v3.29.2
  [cached] docker.io/calico/typha:v3.29.2
  [cached] quay.io/metallb/controller:v0.14.9
  [cached] quay.io/metallb/speaker:v0.14.9
  [cached] docker.io/rook/ceph:v1.15.5
  [cached] quay.io/ceph/ceph:v19.2.0
  [cached] registry.k8s.io/sig-storage/csi-node-driver-registrar:v2.12.0
  [cached] registry.k8s.io/sig-storage/csi-provisioner:v5.1.0
  [cached] registry.k8s.io/sig-storage/csi-resizer:v1.12.0
  [cached] registry.k8s.io/sig-storage/csi-snapshotter:v8.1.0
  [cached] registry.k8s.io/sig-storage/csi-attacher:v4.7.0
  [cached] quay.io/prometheus-operator/prometheus-operator:v0.78.2
  [cached] quay.io/prometheus-operator/prometheus-config-reloader:v0.78.2
  [cached] quay.io/prometheus/prometheus:v2.55.1
  [cached] quay.io/prometheus/alertmanager:v0.27.0
  [cached] quay.io/prometheus/node-exporter:v1.8.2
  [cached] docker.io/grafana/grafana:11.3.1
  [cached] registry.k8s.io/kube-state-metrics/kube-state-metrics:v2.14.0
  [cached] quay.io/brancz/kube-rbac-proxy:v0.18.1
  [cached] registry.k8s.io/ingress-nginx/controller:v1.12.0
  [cached] registry.k8s.io/ingress-nginx/kube-webhook-certgen:v1.4.4
  [cached] quay.io/jetstack/cert-manager-controller:v1.16.2
  [cached] quay.io/jetstack/cert-manager-webhook:v1.16.2
  [cached] quay.io/jetstack/cert-manager-cainjector:v1.16.2
  [cached] quay.io/jetstack/cert-manager-startupapicheck:v1.16.2
  [cached] docker.io/kubernetesui/dashboard:v2.7.0
  [cached] docker.io/kubernetesui/metrics-scraper:v1.0.9
  [cached] ghcr.io/k8snetworkplumbingwg/multus-cni:v4.1.0
  [pull]   docker.io/bitnami/mariadb-galera:10.11
Error response from daemon: failed to resolve reference "docker.io/bitnami/mariadb-galera:10.11": docker.io/bitnami/mariadb-galera:10.11: not found
  [WARN]   Failed to pull docker.io/bitnami/mariadb-galera:10.11 — skipping
  [cached] docker.io/library/rabbitmq:3.13-management
  [cached] docker.io/library/memcached:1.6
  [cached] docker.io/fossbilling/fossbilling:latest
  [cached] docker.io/library/mariadb:11
  [cached] docker.io/library/nginx:1.27-alpine
  [cached] docker.io/library/registry:2
WARNING: 2 image(s) could not be pulled — verify manually.

==> Helm binary already cached at /opt/fabric-cache/bin/helm

==> Downloading 17 Helm charts ...
  [cached] metallb/metallb:0.14.9
  [cached] rook-release/rook-ceph:v1.15.5
  [cached] rook-release/rook-ceph-cluster:v1.15.5
  [cached] prometheus-community/kube-prometheus-stack:65.5.1
  [cached] ingress-nginx/ingress-nginx:4.12.0
  [cached] jetstack/cert-manager:v1.16.2
"openstack-helm-infra" has been added to your repositories
Hang tight while we grab the latest from your chart repositories...
...Successfully got an update from the "openstack-helm-infra" chart repository
Update Complete. ⎈Happy Helming!⎈
  [saved]  /opt/fabric-cache/charts/mariadb-2024.2.1.tgz
"openstack-helm-infra" has been added to your repositories
Hang tight while we grab the latest from your chart repositories...
...Successfully got an update from the "openstack-helm-infra" chart repository
Update Complete. ⎈Happy Helming!⎈
  [saved]  /opt/fabric-cache/charts/rabbitmq-2024.2.0.tgz
"openstack-helm-infra" has been added to your repositories
Hang tight while we grab the latest from your chart repositories...
...Successfully got an update from the "openstack-helm-infra" chart repository
Update Complete. ⎈Happy Helming!⎈
  [saved]  /opt/fabric-cache/charts/memcached-2024.2.6.tgz
"openstack-helm" has been added to your repositories
Hang tight while we grab the latest from your chart repositories...
...Successfully got an update from the "openstack-helm" chart repository
Update Complete. ⎈Happy Helming!⎈
Error: chart "keystone" matching 2026.1.0 not found in openstack-helm index. (try 'helm repo update'): no chart version found for keystone-2026.1.0
nh1221@Lab-ControlNode:/mnt/c/Users/nh1221/dc_lab/clab/sonic-clab$ sudo ./scripts/generate-image-list.sh --kolla-build
==> Installing kolla pinned to OpenStack 2026.1 constraints ...
error: externally-managed-environment

× This environment is externally managed
╰─> To install Python packages system-wide, try apt install
    python3-xyz, where xyz is the package you are trying to
    install.

    If you wish to install a non-Debian-packaged Python package,
    create a virtual environment using python3 -m venv path/to/venv.
    Then use path/to/venv/bin/python and path/to/venv/bin/pip. Make
    sure you have python3-full installed.

    If you wish to install a non-Debian packaged Python application,
    it may be easiest to use pipx install xyz, which will manage a
    virtual environment for you. Make sure you have pipx installed.

    See /usr/share/doc/python3.12/README.venv for more information.

note: If you believe this is a mistake, please contact your Python installation or OS distribution provider. You can override this, at the risk of breaking your Python installation or OS, by passing --break-system-packages.
hint: See PEP 668 for the detailed specification.
nh1221@Lab-ControlNode:/mnt/c/Users/nh1221/dc_lab/clab/sonic-clab$
