TASK [sonic_provision : Wait for platform config script to finish] *****************************************************************************************
FAILED - RETRYING: [Spine-S2]: Wait for platform config script to finish (60 retries left).
FAILED - RETRYING: [Leaf-L1]: Wait for platform config script to finish (60 retries left).
FAILED - RETRYING: [Leaf-L2]: Wait for platform config script to finish (60 retries left).
FAILED - RETRYING: [Leaf-L3]: Wait for platform config script to finish (60 retries left).
FAILED - RETRYING: [Spine-S1]: Wait for platform config script to finish (60 retries left).
FAILED - RETRYING: [Spine-S2]: Wait for platform config script to finish (59 retries left).
FAILED - RETRYING: [Leaf-L2]: Wait for platform config script to finish (59 retries left).
FAILED - RETRYING: [Spine-S1]: Wait for platform config script to finish (59 retries left).
FAILED - RETRYING: [Leaf-L1]: Wait for platform config script to finish (59 retries left).
FAILED - RETRYING: [Leaf-L3]: Wait for platform config script to finish (59 retries left).
FAILED - RETRYING: [Spine-S2]: Wait for platform config script to finish (58 retries left).
FAILED - RETRYING: [Leaf-L2]: Wait for platform config script to finish (58 retries left).
FAILED - RETRYING: [Spine-S1]: Wait for platform config script to finish (58 retries left).
FAILED - RETRYING: [Leaf-L1]: Wait for platform config script to finish (58 retries left).
FAILED - RETRYING: [Spine-S2]: Wait for platform config script to finish (57 retries left).
FAILED - RETRYING: [Leaf-L3]: Wait for platform config script to finish (58 retries left).
FAILED - RETRYING: [Leaf-L2]: Wait for platform config script to finish (57 retries left).
FAILED - RETRYING: [Spine-S1]: Wait for platform config script to finish (57 retries left).
FAILED - RETRYING: [Leaf-L1]: Wait for platform config script to finish (57 retries left).
FAILED - RETRYING: [Spine-S2]: Wait for platform config script to finish (56 retries left).
FAILED - RETRYING: [Leaf-L3]: Wait for platform config script to finish (57 retries left).
FAILED - RETRYING: [Leaf-L2]: Wait for platform config script to finish (56 retries left).
FAILED - RETRYING: [Leaf-L1]: Wait for platform config script to finish (56 retries left).
FAILED - RETRYING: [Spine-S1]: Wait for platform config script to finish (56 retries left).
FAILED - RETRYING: [Spine-S2]: Wait for platform config script to finish (55 retries left).
FAILED - RETRYING: [Leaf-L2]: Wait for platform config script to finish (55 retries left).
FAILED - RETRYING: [Leaf-L3]: Wait for platform config script to finish (56 retries left).
FAILED - RETRYING: [Leaf-L1]: Wait for platform config script to finish (55 retries left).
FAILED - RETRYING: [Spine-S1]: Wait for platform config script to finish (55 retries left).
FAILED - RETRYING: [Spine-S2]: Wait for platform config script to finish (54 retries left).
FAILED - RETRYING: [Leaf-L3]: Wait for platform config script to finish (55 retries left).
FAILED - RETRYING: [Leaf-L2]: Wait for platform config script to finish (54 retries left).
FAILED - RETRYING: [Leaf-L1]: Wait for platform config script to finish (54 retries left).
FAILED - RETRYING: [Spine-S1]: Wait for platform config script to finish (54 retries left).
FAILED - RETRYING: [Spine-S2]: Wait for platform config script to finish (53 retries left).
FAILED - RETRYING: [Leaf-L3]: Wait for platform config script to finish (54 retries left).
FAILED - RETRYING: [Leaf-L2]: Wait for platform config script to finish (53 retries left).
FAILED - RETRYING: [Leaf-L1]: Wait for platform config script to finish (53 retries left).
FAILED - RETRYING: [Spine-S1]: Wait for platform config script to finish (53 retries left).
FAILED - RETRYING: [Spine-S2]: Wait for platform config script to finish (52 retries left).
FAILED - RETRYING: [Leaf-L3]: Wait for platform config script to finish (53 retries left).
FAILED - RETRYING: [Leaf-L2]: Wait for platform config script to finish (52 retries left).
FAILED - RETRYING: [Leaf-L1]: Wait for platform config script to finish (52 retries left).
FAILED - RETRYING: [Spine-S1]: Wait for platform config script to finish (52 retries left).
FAILED - RETRYING: [Spine-S2]: Wait for platform config script to finish (51 retries left).
FAILED - RETRYING: [Leaf-L3]: Wait for platform config script to finish (52 retries left).
FAILED - RETRYING: [Leaf-L2]: Wait for platform config script to finish (51 retries left).
FAILED - RETRYING: [Leaf-L1]: Wait for platform config script to finish (51 retries left).
FAILED - RETRYING: [Spine-S1]: Wait for platform config script to finish (51 retries left).
FAILED - RETRYING: [Spine-S2]: Wait for platform config script to finish (50 retries left).
FAILED - RETRYING: [Leaf-L3]: Wait for platform config script to finish (51 retries left).
FAILED - RETRYING: [Leaf-L2]: Wait for platform config script to finish (50 retries left).
FAILED - RETRYING: [Spine-S1]: Wait for platform config script to finish (50 retries left).
FAILED - RETRYING: [Spine-S2]: Wait for platform config script to finish (49 retries left).
FAILED - RETRYING: [Leaf-L1]: Wait for platform config script to finish (50 retries left).
FAILED - RETRYING: [Leaf-L3]: Wait for platform config script to finish (50 retries left).
FAILED - RETRYING: [Leaf-L2]: Wait for platform config script to finish (49 retries left).
FAILED - RETRYING: [Spine-S1]: Wait for platform config script to finish (49 retries left).
FAILED - RETRYING: [Spine-S2]: Wait for platform config script to finish (48 retries left).
FAILED - RETRYING: [Leaf-L1]: Wait for platform config script to finish (49 retries left).
FAILED - RETRYING: [Leaf-L3]: Wait for platform config script to finish (49 retries left).
FAILED - RETRYING: [Spine-S2]: Wait for platform config script to finish (47 retries left).
FAILED - RETRYING: [Spine-S1]: Wait for platform config script to finish (48 retries left).
FAILED - RETRYING: [Leaf-L2]: Wait for platform config script to finish (48 retries left).
FAILED - RETRYING: [Leaf-L1]: Wait for platform config script to finish (48 retries left).
FAILED - RETRYING: [Leaf-L3]: Wait for platform config script to finish (48 retries left).
FAILED - RETRYING: [Spine-S2]: Wait for platform config script to finish (46 retries left).
FAILED - RETRYING: [Leaf-L2]: Wait for platform config script to finish (47 retries left).
FAILED - RETRYING: [Spine-S1]: Wait for platform config script to finish (47 retries left).
FAILED - RETRYING: [Leaf-L1]: Wait for platform config script to finish (47 retries left).
FAILED - RETRYING: [Leaf-L3]: Wait for platform config script to finish (47 retries left).
FAILED - RETRYING: [Spine-S2]: Wait for platform config script to finish (45 retries left).
FAILED - RETRYING: [Spine-S1]: Wait for platform config script to finish (46 retries left).
FAILED - RETRYING: [Leaf-L2]: Wait for platform config script to finish (46 retries left).
FAILED - RETRYING: [Leaf-L3]: Wait for platform config script to finish (46 retries left).
FAILED - RETRYING: [Leaf-L1]: Wait for platform config script to finish (46 retries left).
FAILED - RETRYING: [Spine-S2]: Wait for platform config script to finish (44 retries left).
FAILED - RETRYING: [Spine-S1]: Wait for platform config script to finish (45 retries left).
FAILED - RETRYING: [Leaf-L2]: Wait for platform config script to finish (45 retries left).
FAILED - RETRYING: [Leaf-L3]: Wait for platform config script to finish (45 retries left).
FAILED - RETRYING: [Leaf-L1]: Wait for platform config script to finish (45 retries left).
FAILED - RETRYING: [Spine-S2]: Wait for platform config script to finish (43 retries left).
FAILED - RETRYING: [Spine-S1]: Wait for platform config script to finish (44 retries left).
FAILED - RETRYING: [Leaf-L2]: Wait for platform config script to finish (44 retries left).
FAILED - RETRYING: [Leaf-L3]: Wait for platform config script to finish (44 retries left).
FAILED - RETRYING: [Leaf-L1]: Wait for platform config script to finish (44 retries left).
FAILED - RETRYING: [Spine-S2]: Wait for platform config script to finish (42 retries left).
FAILED - RETRYING: [Spine-S1]: Wait for platform config script to finish (43 retries left).
FAILED - RETRYING: [Leaf-L2]: Wait for platform config script to finish (43 retries left).
FAILED - RETRYING: [Leaf-L3]: Wait for platform config script to finish (43 retries left).
FAILED - RETRYING: [Spine-S2]: Wait for platform config script to finish (41 retries left).
FAILED - RETRYING: [Leaf-L1]: Wait for platform config script to finish (43 retries left).
FAILED - RETRYING: [Spine-S1]: Wait for platform config script to finish (42 retries left).
FAILED - RETRYING: [Leaf-L2]: Wait for platform config script to finish (42 retries left).
FAILED - RETRYING: [Leaf-L3]: Wait for platform config script to finish (42 retries left).
FAILED - RETRYING: [Spine-S2]: Wait for platform config script to finish (40 retries left).
FAILED - RETRYING: [Leaf-L1]: Wait for platform config script to finish (42 retries left).
FAILED - RETRYING: [Spine-S1]: Wait for platform config script to finish (41 retries left).
FAILED - RETRYING: [Leaf-L2]: Wait for platform config script to finish (41 retries left).
FAILED - RETRYING: [Leaf-L3]: Wait for platform config script to finish (41 retries left).
FAILED - RETRYING: [Spine-S2]: Wait for platform config script to finish (39 retries left).
FAILED - RETRYING: [Spine-S1]: Wait for platform config script to finish (40 retries left).
FAILED - RETRYING: [Leaf-L1]: Wait for platform config script to finish (41 retries left).
FAILED - RETRYING: [Leaf-L2]: Wait for platform config script to finish (40 retries left).
FAILED - RETRYING: [Leaf-L3]: Wait for platform config script to finish (40 retries left).
FAILED - RETRYING: [Spine-S2]: Wait for platform config script to finish (38 retries left).
FAILED - RETRYING: [Spine-S1]: Wait for platform config script to finish (39 retries left).
FAILED - RETRYING: [Leaf-L1]: Wait for platform config script to finish (40 retries left).
FAILED - RETRYING: [Leaf-L2]: Wait for platform config script to finish (39 retries left).
FAILED - RETRYING: [Leaf-L3]: Wait for platform config script to finish (39 retries left).
FAILED - RETRYING: [Spine-S2]: Wait for platform config script to finish (37 retries left).
FAILED - RETRYING: [Spine-S1]: Wait for platform config script to finish (38 retries left).
FAILED - RETRYING: [Leaf-L1]: Wait for platform config script to finish (39 retries left).
FAILED - RETRYING: [Leaf-L2]: Wait for platform config script to finish (38 retries left).
FAILED - RETRYING: [Leaf-L3]: Wait for platform config script to finish (38 retries left).
FAILED - RETRYING: [Spine-S1]: Wait for platform config script to finish (37 retries left).
FAILED - RETRYING: [Spine-S2]: Wait for platform config script to finish (36 retries left).
FAILED - RETRYING: [Leaf-L1]: Wait for platform config script to finish (38 retries left).
FAILED - RETRYING: [Leaf-L2]: Wait for platform config script to finish (37 retries left).
FAILED - RETRYING: [Leaf-L3]: Wait for platform config script to finish (37 retries left).
FAILED - RETRYING: [Spine-S1]: Wait for platform config script to finish (36 retries left).
FAILED - RETRYING: [Spine-S2]: Wait for platform config script to finish (35 retries left).
FAILED - RETRYING: [Leaf-L1]: Wait for platform config script to finish (37 retries left).
FAILED - RETRYING: [Leaf-L2]: Wait for platform config script to finish (36 retries left).
FAILED - RETRYING: [Leaf-L3]: Wait for platform config script to finish (36 retries left).
FAILED - RETRYING: [Spine-S1]: Wait for platform config script to finish (35 retries left).
FAILED - RETRYING: [Spine-S2]: Wait for platform config script to finish (34 retries left).
FAILED - RETRYING: [Leaf-L1]: Wait for platform config script to finish (36 retries left).
FAILED - RETRYING: [Spine-S1]: Wait for platform config script to finish (34 retries left).
FAILED - RETRYING: [Leaf-L3]: Wait for platform config script to finish (35 retries left).
FAILED - RETRYING: [Leaf-L2]: Wait for platform config script to finish (35 retries left).
FAILED - RETRYING: [Spine-S2]: Wait for platform config script to finish (33 retries left).
FAILED - RETRYING: [Leaf-L1]: Wait for platform config script to finish (35 retries left).
FAILED - RETRYING: [Spine-S1]: Wait for platform config script to finish (33 retries left).
FAILED - RETRYING: [Leaf-L3]: Wait for platform config script to finish (34 retries left).
FAILED - RETRYING: [Spine-S2]: Wait for platform config script to finish (32 retries left).
FAILED - RETRYING: [Leaf-L2]: Wait for platform config script to finish (34 retries left).
FAILED - RETRYING: [Leaf-L1]: Wait for platform config script to finish (34 retries left).
FAILED - RETRYING: [Spine-S1]: Wait for platform config script to finish (32 retries left).
FAILED - RETRYING: [Leaf-L3]: Wait for platform config script to finish (33 retries left).
FAILED - RETRYING: [Leaf-L2]: Wait for platform config script to finish (33 retries left).
FAILED - RETRYING: [Spine-S2]: Wait for platform config script to finish (31 retries left).
FAILED - RETRYING: [Leaf-L1]: Wait for platform config script to finish (33 retries left).
FAILED - RETRYING: [Spine-S1]: Wait for platform config script to finish (31 retries left).
FAILED - RETRYING: [Leaf-L3]: Wait for platform config script to finish (32 retries left).
FAILED - RETRYING: [Leaf-L2]: Wait for platform config script to finish (32 retries left).
FAILED - RETRYING: [Spine-S2]: Wait for platform config script to finish (30 retries left).
FAILED - RETRYING: [Leaf-L1]: Wait for platform config script to finish (32 retries left).
FAILED - RETRYING: [Spine-S1]: Wait for platform config script to finish (30 retries left).
FAILED - RETRYING: [Leaf-L3]: Wait for platform config script to finish (31 retries left).
FAILED - RETRYING: [Leaf-L2]: Wait for platform config script to finish (31 retries left).
FAILED - RETRYING: [Spine-S2]: Wait for platform config script to finish (29 retries left).
FAILED - RETRYING: [Leaf-L1]: Wait for platform config script to finish (31 retries left).
FAILED - RETRYING: [Spine-S1]: Wait for platform config script to finish (29 retries left).
FAILED - RETRYING: [Leaf-L3]: Wait for platform config script to finish (30 retries left).
FAILED - RETRYING: [Leaf-L2]: Wait for platform config script to finish (30 retries left).
FAILED - RETRYING: [Spine-S2]: Wait for platform config script to finish (28 retries left).
FAILED - RETRYING: [Leaf-L1]: Wait for platform config script to finish (30 retries left).
FAILED - RETRYING: [Spine-S1]: Wait for platform config script to finish (28 retries left).
FAILED - RETRYING: [Spine-S2]: Wait for platform config script to finish (27 retries left).
FAILED - RETRYING: [Leaf-L3]: Wait for platform config script to finish (29 retries left).
FAILED - RETRYING: [Leaf-L2]: Wait for platform config script to finish (29 retries left).
FAILED - RETRYING: [Leaf-L1]: Wait for platform config script to finish (29 retries left).
FAILED - RETRYING: [Spine-S1]: Wait for platform config script to finish (27 retries left).
FAILED - RETRYING: [Spine-S2]: Wait for platform config script to finish (26 retries left).
FAILED - RETRYING: [Leaf-L3]: Wait for platform config script to finish (28 retries left).
FAILED - RETRYING: [Leaf-L2]: Wait for platform config script to finish (28 retries left).
FAILED - RETRYING: [Leaf-L1]: Wait for platform config script to finish (28 retries left).
FAILED - RETRYING: [Spine-S1]: Wait for platform config script to finish (26 retries left).
FAILED - RETRYING: [Spine-S2]: Wait for platform config script to finish (25 retries left).
FAILED - RETRYING: [Leaf-L3]: Wait for platform config script to finish (27 retries left).
FAILED - RETRYING: [Leaf-L2]: Wait for platform config script to finish (27 retries left).
FAILED - RETRYING: [Leaf-L1]: Wait for platform config script to finish (27 retries left).
FAILED - RETRYING: [Spine-S1]: Wait for platform config script to finish (25 retries left).
FAILED - RETRYING: [Spine-S2]: Wait for platform config script to finish (24 retries left).
FAILED - RETRYING: [Leaf-L3]: Wait for platform config script to finish (26 retries left).
FAILED - RETRYING: [Leaf-L2]: Wait for platform config script to finish (26 retries left).
FAILED - RETRYING: [Leaf-L1]: Wait for platform config script to finish (26 retries left).
FAILED - RETRYING: [Spine-S1]: Wait for platform config script to finish (24 retries left).
FAILED - RETRYING: [Spine-S2]: Wait for platform config script to finish (23 retries left).
FAILED - RETRYING: [Leaf-L3]: Wait for platform config script to finish (25 retries left).
FAILED - RETRYING: [Leaf-L2]: Wait for platform config script to finish (25 retries left).
FAILED - RETRYING: [Leaf-L1]: Wait for platform config script to finish (25 retries left).
FAILED - RETRYING: [Spine-S1]: Wait for platform config script to finish (23 retries left).
FAILED - RETRYING: [Spine-S2]: Wait for platform config script to finish (22 retries left).
FAILED - RETRYING: [Leaf-L3]: Wait for platform config script to finish (24 retries left).
FAILED - RETRYING: [Leaf-L2]: Wait for platform config script to finish (24 retries left).
FAILED - RETRYING: [Leaf-L1]: Wait for platform config script to finish (24 retries left).
FAILED - RETRYING: [Spine-S1]: Wait for platform config script to finish (22 retries left).
FAILED - RETRYING: [Spine-S2]: Wait for platform config script to finish (21 retries left).
FAILED - RETRYING: [Leaf-L2]: Wait for platform config script to finish (23 retries left).
FAILED - RETRYING: [Leaf-L3]: Wait for platform config script to finish (23 retries left).
FAILED - RETRYING: [Leaf-L1]: Wait for platform config script to finish (23 retries left).
FAILED - RETRYING: [Spine-S1]: Wait for platform config script to finish (21 retries left).
FAILED - RETRYING: [Spine-S2]: Wait for platform config script to finish (20 retries left).
FAILED - RETRYING: [Leaf-L2]: Wait for platform config script to finish (22 retries left).
FAILED - RETRYING: [Leaf-L3]: Wait for platform config script to finish (22 retries left).
FAILED - RETRYING: [Leaf-L1]: Wait for platform config script to finish (22 retries left).
FAILED - RETRYING: [Spine-S1]: Wait for platform config script to finish (20 retries left).
FAILED - RETRYING: [Spine-S2]: Wait for platform config script to finish (19 retries left).
FAILED - RETRYING: [Leaf-L3]: Wait for platform config script to finish (21 retries left).
FAILED - RETRYING: [Leaf-L2]: Wait for platform config script to finish (21 retries left).
FAILED - RETRYING: [Leaf-L1]: Wait for platform config script to finish (21 retries left).
FAILED - RETRYING: [Spine-S1]: Wait for platform config script to finish (19 retries left).
FAILED - RETRYING: [Spine-S2]: Wait for platform config script to finish (18 retries left).
FAILED - RETRYING: [Leaf-L3]: Wait for platform config script to finish (20 retries left).
FAILED - RETRYING: [Leaf-L2]: Wait for platform config script to finish (20 retries left).
FAILED - RETRYING: [Leaf-L1]: Wait for platform config script to finish (20 retries left).
FAILED - RETRYING: [Spine-S2]: Wait for platform config script to finish (17 retries left).
FAILED - RETRYING: [Spine-S1]: Wait for platform config script to finish (18 retries left).
FAILED - RETRYING: [Leaf-L3]: Wait for platform config script to finish (19 retries left).
FAILED - RETRYING: [Leaf-L1]: Wait for platform config script to finish (19 retries left).
FAILED - RETRYING: [Leaf-L2]: Wait for platform config script to finish (19 retries left).
FAILED - RETRYING: [Spine-S1]: Wait for platform config script to finish (17 retries left).
FAILED - RETRYING: [Spine-S2]: Wait for platform config script to finish (16 retries left).
FAILED - RETRYING: [Leaf-L3]: Wait for platform config script to finish (18 retries left).
FAILED - RETRYING: [Leaf-L1]: Wait for platform config script to finish (18 retries left).
FAILED - RETRYING: [Leaf-L2]: Wait for platform config script to finish (18 retries left).
FAILED - RETRYING: [Spine-S1]: Wait for platform config script to finish (16 retries left).
FAILED - RETRYING: [Spine-S2]: Wait for platform config script to finish (15 retries left).
FAILED - RETRYING: [Leaf-L3]: Wait for platform config script to finish (17 retries left).
FAILED - RETRYING: [Leaf-L1]: Wait for platform config script to finish (17 retries left).
FAILED - RETRYING: [Leaf-L2]: Wait for platform config script to finish (17 retries left).
FAILED - RETRYING: [Spine-S1]: Wait for platform config script to finish (15 retries left).
FAILED - RETRYING: [Spine-S2]: Wait for platform config script to finish (14 retries left).
FAILED - RETRYING: [Leaf-L3]: Wait for platform config script to finish (16 retries left).
FAILED - RETRYING: [Leaf-L1]: Wait for platform config script to finish (16 retries left).
FAILED - RETRYING: [Leaf-L2]: Wait for platform config script to finish (16 retries left).
FAILED - RETRYING: [Spine-S2]: Wait for platform config script to finish (13 retries left).
FAILED - RETRYING: [Spine-S1]: Wait for platform config script to finish (14 retries left).
FAILED - RETRYING: [Leaf-L3]: Wait for platform config script to finish (15 retries left).
FAILED - RETRYING: [Leaf-L1]: Wait for platform config script to finish (15 retries left).
FAILED - RETRYING: [Leaf-L2]: Wait for platform config script to finish (15 retries left).
FAILED - RETRYING: [Spine-S2]: Wait for platform config script to finish (12 retries left).
FAILED - RETRYING: [Spine-S1]: Wait for platform config script to finish (13 retries left).
FAILED - RETRYING: [Leaf-L3]: Wait for platform config script to finish (14 retries left).
FAILED - RETRYING: [Leaf-L1]: Wait for platform config script to finish (14 retries left).
FAILED - RETRYING: [Leaf-L2]: Wait for platform config script to finish (14 retries left).
FAILED - RETRYING: [Spine-S1]: Wait for platform config script to finish (12 retries left).
FAILED - RETRYING: [Spine-S2]: Wait for platform config script to finish (11 retries left).
FAILED - RETRYING: [Leaf-L3]: Wait for platform config script to finish (13 retries left).
FAILED - RETRYING: [Leaf-L1]: Wait for platform config script to finish (13 retries left).
FAILED - RETRYING: [Leaf-L2]: Wait for platform config script to finish (13 retries left).
FAILED - RETRYING: [Spine-S2]: Wait for platform config script to finish (10 retries left).
FAILED - RETRYING: [Spine-S1]: Wait for platform config script to finish (11 retries left).
FAILED - RETRYING: [Leaf-L3]: Wait for platform config script to finish (12 retries left).
FAILED - RETRYING: [Leaf-L1]: Wait for platform config script to finish (12 retries left).
FAILED - RETRYING: [Leaf-L2]: Wait for platform config script to finish (12 retries left).
FAILED - RETRYING: [Spine-S2]: Wait for platform config script to finish (9 retries left).
FAILED - RETRYING: [Spine-S1]: Wait for platform config script to finish (10 retries left).
FAILED - RETRYING: [Leaf-L3]: Wait for platform config script to finish (11 retries left).
FAILED - RETRYING: [Leaf-L1]: Wait for platform config script to finish (11 retries left).
FAILED - RETRYING: [Leaf-L2]: Wait for platform config script to finish (11 retries left).
FAILED - RETRYING: [Spine-S2]: Wait for platform config script to finish (8 retries left).
FAILED - RETRYING: [Spine-S1]: Wait for platform config script to finish (9 retries left).
FAILED - RETRYING: [Leaf-L3]: Wait for platform config script to finish (10 retries left).
FAILED - RETRYING: [Leaf-L1]: Wait for platform config script to finish (10 retries left).
FAILED - RETRYING: [Leaf-L2]: Wait for platform config script to finish (10 retries left).
FAILED - RETRYING: [Spine-S2]: Wait for platform config script to finish (7 retries left).
FAILED - RETRYING: [Spine-S1]: Wait for platform config script to finish (8 retries left).
FAILED - RETRYING: [Leaf-L3]: Wait for platform config script to finish (9 retries left).
FAILED - RETRYING: [Leaf-L1]: Wait for platform config script to finish (9 retries left).
FAILED - RETRYING: [Leaf-L2]: Wait for platform config script to finish (9 retries left).
FAILED - RETRYING: [Spine-S2]: Wait for platform config script to finish (6 retries left).
FAILED - RETRYING: [Spine-S1]: Wait for platform config script to finish (7 retries left).
FAILED - RETRYING: [Leaf-L3]: Wait for platform config script to finish (8 retries left).
FAILED - RETRYING: [Leaf-L1]: Wait for platform config script to finish (8 retries left).
FAILED - RETRYING: [Leaf-L2]: Wait for platform config script to finish (8 retries left).
FAILED - RETRYING: [Spine-S2]: Wait for platform config script to finish (5 retries left).
FAILED - RETRYING: [Spine-S1]: Wait for platform config script to finish (6 retries left).
FAILED - RETRYING: [Leaf-L3]: Wait for platform config script to finish (7 retries left).
FAILED - RETRYING: [Leaf-L1]: Wait for platform config script to finish (7 retries left).
FAILED - RETRYING: [Leaf-L2]: Wait for platform config script to finish (7 retries left).
FAILED - RETRYING: [Spine-S2]: Wait for platform config script to finish (4 retries left).
FAILED - RETRYING: [Spine-S1]: Wait for platform config script to finish (5 retries left).
FAILED - RETRYING: [Leaf-L3]: Wait for platform config script to finish (6 retries left).
FAILED - RETRYING: [Leaf-L1]: Wait for platform config script to finish (6 retries left).
FAILED - RETRYING: [Leaf-L2]: Wait for platform config script to finish (6 retries left).
FAILED - RETRYING: [Spine-S2]: Wait for platform config script to finish (3 retries left).
FAILED - RETRYING: [Spine-S1]: Wait for platform config script to finish (4 retries left).
FAILED - RETRYING: [Leaf-L3]: Wait for platform config script to finish (5 retries left).
FAILED - RETRYING: [Leaf-L1]: Wait for platform config script to finish (5 retries left).
FAILED - RETRYING: [Leaf-L2]: Wait for platform config script to finish (5 retries left).
FAILED - RETRYING: [Spine-S2]: Wait for platform config script to finish (2 retries left).
FAILED - RETRYING: [Spine-S1]: Wait for platform config script to finish (3 retries left).
FAILED - RETRYING: [Leaf-L3]: Wait for platform config script to finish (4 retries left).
FAILED - RETRYING: [Leaf-L1]: Wait for platform config script to finish (4 retries left).
FAILED - RETRYING: [Leaf-L2]: Wait for platform config script to finish (4 retries left).
FAILED - RETRYING: [Spine-S2]: Wait for platform config script to finish (1 retries left).
FAILED - RETRYING: [Spine-S1]: Wait for platform config script to finish (2 retries left).
FAILED - RETRYING: [Leaf-L3]: Wait for platform config script to finish (3 retries left).
FAILED - RETRYING: [Leaf-L1]: Wait for platform config script to finish (3 retries left).
FAILED - RETRYING: [Leaf-L2]: Wait for platform config script to finish (3 retries left).
[ERROR]: Task failed: Module failed: non-zero return code
Origin: /mnt/c/Users/nh1221/dc_lab/clab/sonic-clab/roles/sonic_provision/tasks/main.yml:30:3

28
29 # config.sh runs sonic-cfggen -H -k <hwsku> then config reload -y
30 - name: Wait for platform config script to finish
     ^ column 3

fatal: [Spine-S2]: FAILED! => {"attempts": 60, "changed": false, "cmd": "sonic-db-cli CONFIG_DB HGET \"DEVICE_METADATA|localhost\" docker_routing_config_mode 2>/dev/null | grep -q unified", "delta": "0:00:00.024684", "end": "2026-08-01 03:08:53.736282", "msg": "non-zero return code", "rc": 1, "start": "2026-08-01 03:08:53.711598", "stderr": "", "stderr_lines": [], "stdout": "", "stdout_lines": []}
FAILED - RETRYING: [Spine-S1]: Wait for platform config script to finish (1 retries left).
FAILED - RETRYING: [Leaf-L3]: Wait for platform config script to finish (2 retries left).
FAILED - RETRYING: [Leaf-L4]: Wait for platform config script to finish (60 retries left).
FAILED - RETRYING: [Leaf-L1]: Wait for platform config script to finish (2 retries left).
FAILED - RETRYING: [Leaf-L2]: Wait for platform config script to finish (2 retries left).
fatal: [Spine-S1]: FAILED! => {"attempts": 60, "changed": false, "cmd": "sonic-db-cli CONFIG_DB HGET \"DEVICE_METADATA|localhost\" docker_routing_config_mode 2>/dev/null | grep -q unified", "delta": "0:00:00.020174", "end": "2026-08-01 03:09:02.724514", "msg": "non-zero return code", "rc": 1, "start": "2026-08-01 03:09:02.704340", "stderr": "", "stderr_lines": [], "stdout": "", "stdout_lines": []}
FAILED - RETRYING: [Leaf-L3]: Wait for platform config script to finish (1 retries left).
FAILED - RETRYING: [Leaf-L4]: Wait for platform config script to finish (59 retries left).
FAILED - RETRYING: [Leaf-L1]: Wait for platform config script to finish (1 retries left).
FAILED - RETRYING: [Leaf-L2]: Wait for platform config script to finish (1 retries left).
FAILED - RETRYING: [Border-Leaf1]: Wait for platform config script to finish (60 retries left).
fatal: [Leaf-L3]: FAILED! => {"attempts": 60, "changed": false, "cmd": "sonic-db-cli CONFIG_DB HGET \"DEVICE_METADATA|localhost\" docker_routing_config_mode 2>/dev/null | grep -q unified", "delta": "0:00:00.019331", "end": "2026-08-01 03:09:11.353182", "msg": "non-zero return code", "rc": 1, "start": "2026-08-01 03:09:11.333851", "stderr": "", "stderr_lines": [], "stdout": "", "stdout_lines": []}
FAILED - RETRYING: [Leaf-L4]: Wait for platform config script to finish (58 retries left).
fatal: [Leaf-L1]: FAILED! => {"attempts": 60, "changed": false, "cmd": "sonic-db-cli CONFIG_DB HGET \"DEVICE_METADATA|localhost\" docker_routing_config_mode 2>/dev/null | grep -q unified", "delta": "0:00:00.019202", "end": "2026-08-01 03:09:14.600025", "msg": "non-zero return code", "rc": 1, "start": "2026-08-01 03:09:14.580823", "stderr": "", "stderr_lines": [], "stdout": "", "stdout_lines": []}
FAILED - RETRYING: [Border-Leaf2]: Wait for platform config script to finish (60 retries left).
FAILED - RETRYING: [Border-Leaf1]: Wait for platform config script to finish (59 retries left).
fatal: [Leaf-L2]: FAILED! => {"attempts": 60, "changed": false, "cmd": "sonic-db-cli CONFIG_DB HGET \"DEVICE_METADATA|localhost\" docker_routing_config_mode 2>/dev/null | grep -q unified", "delta": "0:00:00.021183", "end": "2026-08-01 03:09:16.315805", "msg": "non-zero return code", "rc": 1, "start": "2026-08-01 03:09:16.294622", "stderr": "", "stderr_lines": [], "stdout": "", "stdout_lines": []}
FAILED - RETRYING: [Leaf-L4]: Wait for platform config script to finish (57 retries left).
FAILED - RETRYING: [Border-Leaf2]: Wait for platform config script to finish (59 retries left).
FAILED - RETRYING: [Border-Leaf1]: Wait for platform config script to finish (58 retries left).
FAILED - RETRYING: [Leaf-L4]: Wait for platform config script to finish (56 retries left).
FAILED - RETRYING: [Border-Leaf2]: Wait for platform config script to finish (58 retries left).
FAILED - RETRYING: [Border-Leaf1]: Wait for platform config script to finish (57 retries left).
FAILED - RETRYING: [Leaf-L4]: Wait for platform config script to finish (55 retries left).
FAILED - RETRYING: [Border-Leaf2]: Wait for platform config script to finish (57 retries left).
FAILED - RETRYING: [Border-Leaf1]: Wait for platform config script to finish (56 retries left).
FAILED - RETRYING: [Leaf-L4]: Wait for platform config script to finish (54 retries left).
FAILED - RETRYING: [Border-Leaf2]: Wait for platform config script to finish (56 retries left).
FAILED - RETRYING: [Border-Leaf1]: Wait for platform config script to finish (55 retries left).
FAILED - RETRYING: [Leaf-L4]: Wait for platform config script to finish (53 retries left).
FAILED - RETRYING: [Border-Leaf2]: Wait for platform config script to finish (55 retries left).
FAILED - RETRYING: [Border-Leaf1]: Wait for platform config script to finish (54 retries left).
FAILED - RETRYING: [Leaf-L4]: Wait for platform config script to finish (52 retries left).
FAILED - RETRYING: [Border-Leaf2]: Wait for platform config script to finish (54 retries left).
FAILED - RETRYING: [Border-Leaf1]: Wait for platform config script to finish (53 retries left).
FAILED - RETRYING: [Leaf-L4]: Wait for platform config script to finish (51 retries left).
FAILED - RETRYING: [Border-Leaf2]: Wait for platform config script to finish (53 retries left).
FAILED - RETRYING: [Border-Leaf1]: Wait for platform config script to finish (52 retries left).
FAILED - RETRYING: [Leaf-L4]: Wait for platform config script to finish (50 retries left).
FAILED - RETRYING: [Border-Leaf2]: Wait for platform config script to finish (52 retries left).
FAILED - RETRYING: [Border-Leaf1]: Wait for platform config script to finish (51 retries left).
FAILED - RETRYING: [Leaf-L4]: Wait for platform config script to finish (49 retries left).
FAILED - RETRYING: [Border-Leaf2]: Wait for platform config script to finish (51 retries left).
FAILED - RETRYING: [Border-Leaf1]: Wait for platform config script to finish (50 retries left).
FAILED - RETRYING: [Leaf-L4]: Wait for platform config script to finish (48 retries left).
FAILED - RETRYING: [Border-Leaf2]: Wait for platform config script to finish (50 retries left).
FAILED - RETRYING: [Border-Leaf1]: Wait for platform config script to finish (49 retries left).
FAILED - RETRYING: [Leaf-L4]: Wait for platform config script to finish (47 retries left).
FAILED - RETRYING: [Border-Leaf2]: Wait for platform config script to finish (49 retries left).
FAILED - RETRYING: [Border-Leaf1]: Wait for platform config script to finish (48 retries left).
FAILED - RETRYING: [Leaf-L4]: Wait for platform config script to finish (46 retries left).
FAILED - RETRYING: [Border-Leaf2]: Wait for platform config script to finish (48 retries left).
FAILED - RETRYING: [Border-Leaf1]: Wait for platform config script to finish (47 retries left).
FAILED - RETRYING: [Leaf-L4]: Wait for platform config script to finish (45 retries left).
FAILED - RETRYING: [Border-Leaf2]: Wait for platform config script to finish (47 retries left).
FAILED - RETRYING: [Border-Leaf1]: Wait for platform config script to finish (46 retries left).
FAILED - RETRYING: [Leaf-L4]: Wait for platform config script to finish (44 retries left).
FAILED - RETRYING: [Border-Leaf2]: Wait for platform config script to finish (46 retries left).
FAILED - RETRYING: [Border-Leaf1]: Wait for platform config script to finish (45 retries left).
FAILED - RETRYING: [Leaf-L4]: Wait for platform config script to finish (43 retries left).
FAILED - RETRYING: [Border-Leaf2]: Wait for platform config script to finish (45 retries left).
FAILED - RETRYING: [Border-Leaf1]: Wait for platform config script to finish (44 retries left).
FAILED - RETRYING: [Leaf-L4]: Wait for platform config script to finish (42 retries left).
FAILED - RETRYING: [Border-Leaf2]: Wait for platform config script to finish (44 retries left).
FAILED - RETRYING: [Border-Leaf1]: Wait for platform config script to finish (43 retries left).
FAILED - RETRYING: [Border-Leaf2]: Wait for platform config script to finish (43 retries left).
FAILED - RETRYING: [Leaf-L4]: Wait for platform config script to finish (41 retries left).
FAILED - RETRYING: [Border-Leaf1]: Wait for platform config script to finish (42 retries left).
FAILED - RETRYING: [Border-Leaf2]: Wait for platform config script to finish (42 retries left).
FAILED - RETRYING: [Leaf-L4]: Wait for platform config script to finish (40 retries left).
FAILED - RETRYING: [Border-Leaf1]: Wait for platform config script to finish (41 retries left).
FAILED - RETRYING: [Border-Leaf2]: Wait for platform config script to finish (41 retries left).
FAILED - RETRYING: [Leaf-L4]: Wait for platform config script to finish (39 retries left).
FAILED - RETRYING: [Border-Leaf1]: Wait for platform config script to finish (40 retries left).
FAILED - RETRYING: [Border-Leaf2]: Wait for platform config script to finish (40 retries left).
FAILED - RETRYING: [Leaf-L4]: Wait for platform config script to finish (38 retries left).
FAILED - RETRYING: [Border-Leaf1]: Wait for platform config script to finish (39 retries left).
FAILED - RETRYING: [Border-Leaf2]: Wait for platform config script to finish (39 retries left).
FAILED - RETRYING: [Leaf-L4]: Wait for platform config script to finish (37 retries left).
FAILED - RETRYING: [Border-Leaf1]: Wait for platform config script to finish (38 retries left).
FAILED - RETRYING: [Border-Leaf2]: Wait for platform config script to finish (38 retries left).
FAILED - RETRYING: [Leaf-L4]: Wait for platform config script to finish (36 retries left).
FAILED - RETRYING: [Border-Leaf1]: Wait for platform config script to finish (37 retries left).
FAILED - RETRYING: [Border-Leaf2]: Wait for platform config script to finish (37 retries left).
FAILED - RETRYING: [Leaf-L4]: Wait for platform config script to finish (35 retries left).
FAILED - RETRYING: [Border-Leaf2]: Wait for platform config script to finish (36 retries left).
FAILED - RETRYING: [Border-Leaf1]: Wait for platform config script to finish (36 retries left).
FAILED - RETRYING: [Leaf-L4]: Wait for platform config script to finish (34 retries left).
FAILED - RETRYING: [Border-Leaf2]: Wait for platform config script to finish (35 retries left).
FAILED - RETRYING: [Border-Leaf1]: Wait for platform config script to finish (35 retries left).
FAILED - RETRYING: [Leaf-L4]: Wait for platform config script to finish (33 retries left).
FAILED - RETRYING: [Border-Leaf2]: Wait for platform config script to finish (34 retries left).
FAILED - RETRYING: [Border-Leaf1]: Wait for platform config script to finish (34 retries left).
FAILED - RETRYING: [Leaf-L4]: Wait for platform config script to finish (32 retries left).
FAILED - RETRYING: [Border-Leaf2]: Wait for platform config script to finish (33 retries left).
FAILED - RETRYING: [Border-Leaf1]: Wait for platform config script to finish (33 retries left).
FAILED - RETRYING: [Leaf-L4]: Wait for platform config script to finish (31 retries left).
FAILED - RETRYING: [Border-Leaf2]: Wait for platform config script to finish (32 retries left).
FAILED - RETRYING: [Border-Leaf1]: Wait for platform config script to finish (32 retries left).
FAILED - RETRYING: [Leaf-L4]: Wait for platform config script to finish (30 retries left).
FAILED - RETRYING: [Border-Leaf2]: Wait for platform config script to finish (31 retries left).
FAILED - RETRYING: [Border-Leaf1]: Wait for platform config script to finish (31 retries left).
FAILED - RETRYING: [Leaf-L4]: Wait for platform config script to finish (29 retries left).
FAILED - RETRYING: [Border-Leaf2]: Wait for platform config script to finish (30 retries left).
FAILED - RETRYING: [Border-Leaf1]: Wait for platform config script to finish (30 retries left).
FAILED - RETRYING: [Leaf-L4]: Wait for platform config script to finish (28 retries left).
FAILED - RETRYING: [Border-Leaf2]: Wait for platform config script to finish (29 retries left).
FAILED - RETRYING: [Border-Leaf1]: Wait for platform config script to finish (29 retries left).
FAILED - RETRYING: [Leaf-L4]: Wait for platform config script to finish (27 retries left).
FAILED - RETRYING: [Border-Leaf2]: Wait for platform config script to finish (28 retries left).
FAILED - RETRYING: [Leaf-L4]: Wait for platform config script to finish (26 retries left).
FAILED - RETRYING: [Border-Leaf1]: Wait for platform config script to finish (28 retries left).
FAILED - RETRYING: [Border-Leaf2]: Wait for platform config script to finish (27 retries left).
FAILED - RETRYING: [Leaf-L4]: Wait for platform config script to finish (25 retries left).
FAILED - RETRYING: [Border-Leaf1]: Wait for platform config script to finish (27 retries left).
FAILED - RETRYING: [Border-Leaf2]: Wait for platform config script to finish (26 retries left).
FAILED - RETRYING: [Leaf-L4]: Wait for platform config script to finish (24 retries left).
FAILED - RETRYING: [Border-Leaf1]: Wait for platform config script to finish (26 retries left).
FAILED - RETRYING: [Border-Leaf2]: Wait for platform config script to finish (25 retries left).
FAILED - RETRYING: [Leaf-L4]: Wait for platform config script to finish (23 retries left).
FAILED - RETRYING: [Border-Leaf1]: Wait for platform config script to finish (25 retries left).
FAILED - RETRYING: [Border-Leaf2]: Wait for platform config script to finish (24 retries left).
FAILED - RETRYING: [Leaf-L4]: Wait for platform config script to finish (22 retries left).
FAILED - RETRYING: [Border-Leaf1]: Wait for platform config script to finish (24 retries left).
FAILED - RETRYING: [Border-Leaf2]: Wait for platform config script to finish (23 retries left).
FAILED - RETRYING: [Leaf-L4]: Wait for platform config script to finish (21 retries left).
FAILED - RETRYING: [Border-Leaf1]: Wait for platform config script to finish (23 retries left).
FAILED - RETRYING: [Border-Leaf2]: Wait for platform config script to finish (22 retries left).
FAILED - RETRYING: [Leaf-L4]: Wait for platform config script to finish (20 retries left).
FAILED - RETRYING: [Border-Leaf1]: Wait for platform config script to finish (22 retries left).
FAILED - RETRYING: [Leaf-L4]: Wait for platform config script to finish (19 retries left).
FAILED - RETRYING: [Border-Leaf2]: Wait for platform config script to finish (21 retries left).
FAILED - RETRYING: [Border-Leaf1]: Wait for platform config script to finish (21 retries left).
FAILED - RETRYING: [Leaf-L4]: Wait for platform config script to finish (18 retries left).
FAILED - RETRYING: [Border-Leaf2]: Wait for platform config script to finish (20 retries left).
FAILED - RETRYING: [Border-Leaf1]: Wait for platform config script to finish (20 retries left).
FAILED - RETRYING: [Border-Leaf2]: Wait for platform config script to finish (19 retries left).
FAILED - RETRYING: [Leaf-L4]: Wait for platform config script to finish (17 retries left).
FAILED - RETRYING: [Border-Leaf1]: Wait for platform config script to finish (19 retries left).
FAILED - RETRYING: [Border-Leaf2]: Wait for platform config script to finish (18 retries left).
FAILED - RETRYING: [Leaf-L4]: Wait for platform config script to finish (16 retries left).
FAILED - RETRYING: [Border-Leaf1]: Wait for platform config script to finish (18 retries left).
FAILED - RETRYING: [Border-Leaf2]: Wait for platform config script to finish (17 retries left).
FAILED - RETRYING: [Leaf-L4]: Wait for platform config script to finish (15 retries left).
FAILED - RETRYING: [Border-Leaf1]: Wait for platform config script to finish (17 retries left).
FAILED - RETRYING: [Leaf-L4]: Wait for platform config script to finish (14 retries left).
FAILED - RETRYING: [Border-Leaf2]: Wait for platform config script to finish (16 retries left).
FAILED - RETRYING: [Border-Leaf1]: Wait for platform config script to finish (16 retries left).
FAILED - RETRYING: [Leaf-L4]: Wait for platform config script to finish (13 retries left).
FAILED - RETRYING: [Border-Leaf2]: Wait for platform config script to finish (15 retries left).
FAILED - RETRYING: [Border-Leaf1]: Wait for platform config script to finish (15 retries left).
FAILED - RETRYING: [Leaf-L4]: Wait for platform config script to finish (12 retries left).
FAILED - RETRYING: [Border-Leaf2]: Wait for platform config script to finish (14 retries left).
FAILED - RETRYING: [Border-Leaf1]: Wait for platform config script to finish (14 retries left).
FAILED - RETRYING: [Leaf-L4]: Wait for platform config script to finish (11 retries left).
FAILED - RETRYING: [Border-Leaf2]: Wait for platform config script to finish (13 retries left).
FAILED - RETRYING: [Border-Leaf1]: Wait for platform config script to finish (13 retries left).
FAILED - RETRYING: [Leaf-L4]: Wait for platform config script to finish (10 retries left).
FAILED - RETRYING: [Border-Leaf2]: Wait for platform config script to finish (12 retries left).
FAILED - RETRYING: [Border-Leaf1]: Wait for platform config script to finish (12 retries left).
FAILED - RETRYING: [Leaf-L4]: Wait for platform config script to finish (9 retries left).
FAILED - RETRYING: [Border-Leaf2]: Wait for platform config script to finish (11 retries left).
FAILED - RETRYING: [Border-Leaf1]: Wait for platform config script to finish (11 retries left).
FAILED - RETRYING: [Leaf-L4]: Wait for platform config script to finish (8 retries left).
FAILED - RETRYING: [Border-Leaf2]: Wait for platform config script to finish (10 retries left).
FAILED - RETRYING: [Border-Leaf1]: Wait for platform config script to finish (10 retries left).
FAILED - RETRYING: [Leaf-L4]: Wait for platform config script to finish (7 retries left).
FAILED - RETRYING: [Border-Leaf2]: Wait for platform config script to finish (9 retries left).
FAILED - RETRYING: [Border-Leaf1]: Wait for platform config script to finish (9 retries left).
FAILED - RETRYING: [Leaf-L4]: Wait for platform config script to finish (6 retries left).
FAILED - RETRYING: [Border-Leaf2]: Wait for platform config script to finish (8 retries left).
FAILED - RETRYING: [Border-Leaf1]: Wait for platform config script to finish (8 retries left).
FAILED - RETRYING: [Leaf-L4]: Wait for platform config script to finish (5 retries left).
FAILED - RETRYING: [Border-Leaf2]: Wait for platform config script to finish (7 retries left).
FAILED - RETRYING: [Border-Leaf1]: Wait for platform config script to finish (7 retries left).
FAILED - RETRYING: [Leaf-L4]: Wait for platform config script to finish (4 retries left).
FAILED - RETRYING: [Border-Leaf2]: Wait for platform config script to finish (6 retries left).
FAILED - RETRYING: [Border-Leaf1]: Wait for platform config script to finish (6 retries left).
FAILED - RETRYING: [Leaf-L4]: Wait for platform config script to finish (3 retries left).
FAILED - RETRYING: [Border-Leaf2]: Wait for platform config script to finish (5 retries left).
FAILED - RETRYING: [Border-Leaf1]: Wait for platform config script to finish (5 retries left).
FAILED - RETRYING: [Leaf-L4]: Wait for platform config script to finish (2 retries left).
FAILED - RETRYING: [Border-Leaf2]: Wait for platform config script to finish (4 retries left).
FAILED - RETRYING: [Border-Leaf1]: Wait for platform config script to finish (4 retries left).
FAILED - RETRYING: [Leaf-L4]: Wait for platform config script to finish (1 retries left).
FAILED - RETRYING: [Border-Leaf2]: Wait for platform config script to finish (3 retries left).
FAILED - RETRYING: [Border-Leaf1]: Wait for platform config script to finish (3 retries left).
fatal: [Leaf-L4]: FAILED! => {"attempts": 60, "changed": false, "cmd": "sonic-db-cli CONFIG_DB HGET \"DEVICE_METADATA|localhost\" docker_routing_config_mode 2>/dev/null | grep -q unified", "delta": "0:00:00.019881", "end": "2026-08-01 03:17:46.891738", "msg": "non-zero return code", "rc": 1, "start": "2026-08-01 03:17:46.871857", "stderr": "", "stderr_lines": [], "stdout": "", "stdout_lines": []}
FAILED - RETRYING: [Border-Leaf2]: Wait for platform config script to finish (2 retries left).
FAILED - RETRYING: [Border-Leaf1]: Wait for platform config script to finish (2 retries left).
FAILED - RETRYING: [Border-Leaf2]: Wait for platform config script to finish (1 retries left).
FAILED - RETRYING: [Border-Leaf1]: Wait for platform config script to finish (1 retries left).
fatal: [Border-Leaf2]: FAILED! => {"attempts": 60, "changed": false, "cmd": "sonic-db-cli CONFIG_DB HGET \"DEVICE_METADATA|localhost\" docker_routing_config_mode 2>/dev/null | grep -q unified", "delta": "0:00:00.019795", "end": "2026-08-01 03:18:10.757677", "msg": "non-zero return code", "rc": 1, "start": "2026-08-01 03:18:10.737882", "stderr": "", "stderr_lines": [], "stdout": "", "stdout_lines": []}
fatal: [Border-Leaf1]: FAILED! => {"attempts": 60, "changed": false, "cmd": "sonic-db-cli CONFIG_DB HGET \"DEVICE_METADATA|localhost\" docker_routing_config_mode 2>/dev/null | grep -q unified", "delta": "0:00:00.021054", "end": "2026-08-01 03:18:11.112599", "msg": "non-zero return code", "rc": 1, "start": "2026-08-01 03:18:11.091545", "stderr": "", "stderr_lines": [], "stdout": "", "stdout_lines": []}

PLAY RECAP *************************************************************************************************************************************************
Border-Leaf1               : ok=3    changed=0    unreachable=0    failed=1    skipped=0    rescued=0    ignored=0
Border-Leaf2               : ok=3    changed=0    unreachable=0    failed=1    skipped=0    rescued=0    ignored=0
Leaf-L1                    : ok=3    changed=0    unreachable=0    failed=1    skipped=0    rescued=0    ignored=0
Leaf-L2                    : ok=3    changed=0    unreachable=0    failed=1    skipped=0    rescued=0    ignored=0
Leaf-L3                    : ok=3    changed=0    unreachable=0    failed=1    skipped=0    rescued=0    ignored=0
Leaf-L4                    : ok=3    changed=0    unreachable=0    failed=1    skipped=0    rescued=0    ignored=0
Spine-S1                   : ok=2    changed=0    unreachable=0    failed=1    skipped=1    rescued=0    ignored=0
Spine-S2                   : ok=2    changed=0    unreachable=0    failed=1    skipped=1    rescued=0    ignored=0

(venv) nh1221@Lab-ControlNode:/mnt/c/Users/nh1221/dc_lab/clab/sonic-clab$


nh1221@PowerEdge-R810:~$ ssh Spine-S1
Warning: Permanently added 'spine-s1' (RSA) to the list of known hosts.
Debian GNU/Linux 13 \n \l

admin@spine-s1's password:
Linux Spine-S1 6.12.41+deb13-sonic-amd64 #1 SMP PREEMPT_DYNAMIC Debian 6.12.41-1 (2026-07-08) x86_64
You are on
  ____   ___  _   _ _  ____
 / ___| / _ \| \ | (_)/ ___|
 \___ \| | | |  \| | | |
  ___) | |_| | |\  | | |___
 |____/ \___/|_| \_|_|\____|

-- Software for Open Networking in the Cloud --

Unauthorized access and/or use are prohibited.
All access and/or use are subject to monitoring.

Help:    https://sonic-net.github.io/SONiC/

admin@Spine-S1:~$ sonic-db-cli CONFIG_DB HGET \"DEVICE_METADATA|localhost\" docker_routing_config_mode 2>/dev/null
RedisReply catches system_error: command: *2\r\n$4\r\nHGET\r\n$16\r\n"DEVICE_METADATA\r\n, reason: ERR wrong number of arguments for 'hget' command: Input/output error: Input/output error
admin@Spine-S1:~$ sonic-db-cli CONFIG_DB HGET \"DEVICE_METADATA|localhost\"
-bash: localhost": command not found
RedisReply catches system_error: command: *2\r\n$4\r\nHGET\r\n$16\r\n"DEVICE_METADATA\r\n, reason: ERR wrong number of arguments for 'hget' command: Input/output error: Input/output error
admin@Spine-S1:~$ sonic-db-cli CONFIG_DB HGET "DEVICE_METADATA|localhost"
RedisReply catches system_error: command: *2\r\n$4\r\nHGET\r\n$25\r\nDEVICE_METADATA|localhost\r\n, reason: ERR wrong number of arguments for 'hget' command: Input/output error: Input/output error
admin@Spine-S1:~$ redis-cli -n 4 --json HGETALL "DEVICE_METADATA|localhost" | jq .
{
  "bgp_asn": "65100",
  "buffer_model": "traditional",
  "default_bgp_status": "up",
  "default_pfcwd_status": "disable",
  "hostname": "sonic",
  "hwsku": "Force10-S6000",
  "mac": "22:d2:b3:b0:13:ad",
  "platform": "x86_64-kvm_x86_64-r0",
  "timezone": "UTC",
  "type": "LeafRouter"
}
admin@Spine-S1:~$ sonic-db-cli STATE_DB HGETALL "BGP_NEIGHBOR_STATE_TABLE|localhost"
{}
admin@Spine-S1:~$ sonic-db-cli STATE_DB HGETALL "DEVICE_METADATA|localhost"
{'chassis_serial_number': 'N/A'}
admin@Spine-S1:~$ sonic-db-cli STATE_DB KEYS "BGP_NEIGHBOR_STATE_TABLE*"

admin@Spine-S1:~$ onic-db-cli STATE_DB HGETALL "DEVICE_METADATA|sonic"
-bash: onic-db-cli: command not found
admin@Spine-S1:~$ sonic-db-cli STATE_DB HGETALL "DEVICE_METADATA|sonic"
{}
admin@Spine-S1:~$ sonic-db-cli STATE_DB HGETALL "DEVICE_METADATA"
{}
admin@Spine-S1:~$ sonic-db-cli STATE_DB HGETALL "DEVICE_METADATA|sonic"
{}
admin@Spine-S1:~$ sonic-db-cli CONFIG_DB HGETALL "DEVICE_METADATA|localhost" | python3 -c 'import sys, json; lines=[l.strip() for l in sys.stdin if l.strip()]; print(json.dumps(dict(zip(iter(lines), iter(lines))), indent=4))'
{
    "{'bgp_asn': '65100', 'buffer_model': 'traditional', 'default_bgp_status': 'up', 'default_pfcwd_status': 'disable', 'hostname': 'sonic', 'hwsku': 'Force10-S6000', 'mac': '22:d2:b3:b0:13:ad', 'platform': 'x86_64-kvm_x86_64-r0', 'timezone': 'UTC', 'type': 'LeafRouter'}": "{'bgp_asn': '65100', 'buffer_model': 'traditional', 'default_bgp_status': 'up', 'default_pfcwd_status': 'disable', 'hostname': 'sonic', 'hwsku': 'Force10-S6000', 'mac': '22:d2:b3:b0:13:ad', 'platform': 'x86_64-kvm_x86_64-r0', 'timezone': 'UTC', 'type': 'LeafRouter'}"
}
admin@Spine-S1:~$ sonic-db-cli CONFIG_DB HGETALL "DEVICE_METADATA|localhost"
{'bgp_asn': '65100', 'buffer_model': 'traditional', 'default_bgp_status': 'up', 'default_pfcwd_status': 'disable', 'hostname': 'sonic', 'hwsku': 'Force10-S6000', 'mac': '22:d2:b3:b0:13:ad', 'platform': 'x86_64-kvm_x86_64-r0', 'timezone': 'UTC', 'type': 'LeafRouter'}
admin@Spine-S1:~$

