(venv) nh1221@Lab-ControlNode:/mnt/c/Users/nh1221/data-center/_v3$ ssh Host12_1 "vtysh -c 'show bgp summary'"
Warning: Permanently added '172.16.2.40' (ED25519) to the list of known hosts.
% Can't open configuration file /etc/frr/vtysh.conf due to 'Permission denied'.
Exiting: failed to connect to any daemons.
Hint: if this seems wrong, try running me as a privileged user!
(venv) nh1221@Lab-ControlNode:/mnt/c/Users/nh1221/data-center/_v3$ ssh Host12_1 "sudo vtysh -c 'show bgp summary'"
Warning: Permanently added '172.16.2.40' (ED25519) to the list of known hosts.

IPv4 Unicast Summary (VRF default):
BGP router identifier 10.10.255.1, local AS number 65101 vrf-id 0
BGP table version 2
RIB entries 5, using 960 bytes of memory
Peers 2, using 1448 KiB of memory

Neighbor        V         AS   MsgRcvd   MsgSent   TblVer  InQ OutQ  Up/Down State/PfxRcd   PfxSnt Desc
eth1            4      65011         0         0        0    0    0    never         Idle        0 Leaf_L1
eth2            4      65012         0         0        0    0    0    never         Idle        0 Leaf_L2

Total number of neighbors 2
(venv) nh1221@Lab-ControlNode:/mnt/c/Users/nh1221/data-center/_v3$ ssh Host12_2 "sudo vtysh -c 'show bgp summary'"
Warning: Permanently added '172.16.2.41' (ED25519) to the list of known hosts.

IPv4 Unicast Summary (VRF default):
BGP router identifier 10.10.255.2, local AS number 65102 vrf-id 0
BGP table version 2
RIB entries 5, using 960 bytes of memory
Peers 2, using 1448 KiB of memory

Neighbor        V         AS   MsgRcvd   MsgSent   TblVer  InQ OutQ  Up/Down State/PfxRcd   PfxSnt Desc
eth1            4      65011         0         0        0    0    0    never         Idle        0 Leaf_L1
eth2            4      65012         0         0        0    0    0    never         Idle        0 Leaf_L2

Total number of neighbors 2
(venv) nh1221@Lab-ControlNode:/mnt/c/Users/nh1221/data-center/_v3$ ssh Host12_3 "sudo vtysh -c 'show bgp summary'"
Warning: Permanently added '172.16.2.42' (ED25519) to the list of known hosts.

IPv4 Unicast Summary (VRF default):
BGP router identifier 10.10.255.3, local AS number 65103 vrf-id 0
BGP table version 2
RIB entries 5, using 960 bytes of memory
Peers 2, using 1448 KiB of memory

Neighbor        V         AS   MsgRcvd   MsgSent   TblVer  InQ OutQ  Up/Down State/PfxRcd   PfxSnt Desc
eth1            4      65011         0         0        0    0    0    never         Idle        0 Leaf_L1
eth2            4      65012         0         0        0    0    0    never         Idle        0 Leaf_L2

Total number of neighbors 2
(venv) nh1221@Lab-ControlNode:/mnt/c/Users/nh1221/data-center/_v3$ ssh Host34_1 "sudo vtysh -c 'show bgp summary'"
Warning: Permanently added '172.16.2.43' (ED25519) to the list of known hosts.

IPv4 Unicast Summary (VRF default):
BGP router identifier 10.10.255.11, local AS number 65104 vrf-id 0
BGP table version 2
RIB entries 5, using 960 bytes of memory
Peers 2, using 1448 KiB of memory

Neighbor        V         AS   MsgRcvd   MsgSent   TblVer  InQ OutQ  Up/Down State/PfxRcd   PfxSnt Desc
eth1            4      65013         0         0        0    0    0    never         Idle        0 Leaf_L3
eth2            4      65014         0         0        0    0    0    never         Idle        0 Leaf_L4

Total number of neighbors 2
(venv) nh1221@Lab-ControlNode:/mnt/c/Users/nh1221/data-center/_v3$ ssh Host34_2 "sudo vtysh -c 'show bgp summary'"
Warning: Permanently added '172.16.2.44' (ED25519) to the list of known hosts.

IPv4 Unicast Summary (VRF default):
BGP router identifier 10.10.255.12, local AS number 65105 vrf-id 0
BGP table version 2
RIB entries 5, using 960 bytes of memory
Peers 2, using 1448 KiB of memory

Neighbor        V         AS   MsgRcvd   MsgSent   TblVer  InQ OutQ  Up/Down State/PfxRcd   PfxSnt Desc
eth1            4      65013         0         0        0    0    0    never         Idle        0 Leaf_L3
eth2            4      65014         0         0        0    0    0    never         Idle        0 Leaf_L4

Total number of neighbors 2
(venv) nh1221@Lab-ControlNode:/mnt/c/Users/nh1221/data-center/_v3$ ssh HostB12_1 "sudo vtysh -c 'show bgp summary'"
Warning: Permanently added '172.16.2.45' (ED25519) to the list of known hosts.

IPv4 Unicast Summary (VRF default):
BGP router identifier 10.10.255.100, local AS number 65106 vrf-id 0
BGP table version 2
RIB entries 5, using 960 bytes of memory
Peers 2, using 1448 KiB of memory

Neighbor        V         AS   MsgRcvd   MsgSent   TblVer  InQ OutQ  Up/Down State/PfxRcd   PfxSnt Desc
eth1            4      65021         0         0        0    0    0    never         Idle        0 Border_Leaf1
eth2            4      65022         0         0        0    0    0    never         Idle        0 Border_Leaf2

Total number of neighbors 2
(venv) nh1221@Lab-ControlNode:/mnt/c/Users/nh1221/data-center/_v3$ ssh HostB12_2 "sudo vtysh -c 'show bgp summary'"
Warning: Permanently added '172.16.2.46' (ED25519) to the list of known hosts.

IPv4 Unicast Summary (VRF default):
BGP router identifier 10.10.255.101, local AS number 65107 vrf-id 0
BGP table version 2
RIB entries 5, using 960 bytes of memory
Peers 2, using 1448 KiB of memory

Neighbor        V         AS   MsgRcvd   MsgSent   TblVer  InQ OutQ  Up/Down State/PfxRcd   PfxSnt Desc
eth1            4      65021         0         0        0    0    0    never         Idle        0 Border_Leaf1
eth2            4      65022         0         0        0    0    0    never         Idle        0 Border_Leaf2

Total number of neighbors 2
(venv) nh1221@Lab-ControlNode:/mnt/c/Users/nh1221/data-center/_v3$ ssh MonitorSrv "sudo vtysh -c 'show bgp summary'"
Warning: Permanently added '172.16.2.47' (ED25519) to the list of known hosts.

IPv4 Unicast Summary (VRF default):
BGP router identifier 10.10.255.102, local AS number 65108 vrf-id 0
BGP table version 2
RIB entries 5, using 960 bytes of memory
Peers 2, using 1448 KiB of memory

Neighbor        V         AS   MsgRcvd   MsgSent   TblVer  InQ OutQ  Up/Down State/PfxRcd   PfxSnt Desc
eth1            4      65021         0         0        0    0    0    never         Idle        0 Border_Leaf1
eth2            4      65022         0         0        0    0    0    never         Idle        0 Border_Leaf2

Total number of neighbors 2
(venv) nh1221@Lab-ControlNode:/mnt/c/Users/nh1221/data-center/_v3$ ssh Spine_S1 "docker exec bgp vtysh -c 'show bgp summary'"
Warning: Permanently added '172.16.2.11' (RSA) to the list of known hosts.

IPv4 Unicast Summary (VRF default):
BGP router identifier 10.0.0.1, local AS number 65000 vrf-id 0
BGP table version 1
RIB entries 1, using 224 bytes of memory
Peers 6, using 4348 KiB of memory

Neighbor        V         AS   MsgRcvd   MsgSent   TblVer  InQ OutQ  Up/Down State/PfxRcd   PfxSnt Desc
Ethernet0       4          0         0         0        0    0    0    never         Idle        0 Leaf_L1
Ethernet4       4          0         0         0        0    0    0    never         Idle        0 Leaf_L2
Ethernet8       4          0         0         0        0    0    0    never         Idle        0 Leaf_L3
Ethernet12      4          0         0         0        0    0    0    never         Idle        0 Leaf_L4
Ethernet16      4          0         0         0        0    0    0    never         Idle        0 Border_Leaf1
Ethernet20      4          0         0         0        0    0    0    never         Idle        0 Border_Leaf2

Total number of neighbors 6

IPv6 Unicast Summary (VRF default):
BGP router identifier 10.0.0.1, local AS number 65000 vrf-id 0
BGP table version 0
RIB entries 0, using 0 bytes of memory
Peers 6, using 4348 KiB of memory

Neighbor        V         AS   MsgRcvd   MsgSent   TblVer  InQ OutQ  Up/Down State/PfxRcd   PfxSnt Desc
Ethernet0       4          0         0         0        0    0    0    never         Idle        0 Leaf_L1
Ethernet4       4          0         0         0        0    0    0    never         Idle        0 Leaf_L2
Ethernet8       4          0         0         0        0    0    0    never         Idle        0 Leaf_L3
Ethernet12      4          0         0         0        0    0    0    never         Idle        0 Leaf_L4
Ethernet16      4          0         0         0        0    0    0    never         Idle        0 Border_Leaf1
Ethernet20      4          0         0         0        0    0    0    never         Idle        0 Border_Leaf2

Total number of neighbors 6
(venv) nh1221@Lab-ControlNode:/mnt/c/Users/nh1221/data-center/_v3$ ssh Spine_S2 "docker exec bgp vtysh -c 'show bgp summary'"
Warning: Permanently added '172.16.2.12' (RSA) to the list of known hosts.

IPv4 Unicast Summary (VRF default):
BGP router identifier 10.0.0.2, local AS number 65000 vrf-id 0
BGP table version 1
RIB entries 1, using 224 bytes of memory
Peers 6, using 4348 KiB of memory

Neighbor        V         AS   MsgRcvd   MsgSent   TblVer  InQ OutQ  Up/Down State/PfxRcd   PfxSnt Desc
Ethernet0       4          0         0         0        0    0    0    never         Idle        0 Leaf_L1
Ethernet4       4          0         0         0        0    0    0    never         Idle        0 Leaf_L2
Ethernet8       4          0         0         0        0    0    0    never         Idle        0 Leaf_L3
Ethernet12      4          0         0         0        0    0    0    never         Idle        0 Leaf_L4
Ethernet16      4          0         0         0        0    0    0    never         Idle        0 Border_Leaf1
Ethernet20      4          0         0         0        0    0    0    never         Idle        0 Border_Leaf2

Total number of neighbors 6

IPv6 Unicast Summary (VRF default):
BGP router identifier 10.0.0.2, local AS number 65000 vrf-id 0
BGP table version 0
RIB entries 0, using 0 bytes of memory
Peers 6, using 4348 KiB of memory

Neighbor        V         AS   MsgRcvd   MsgSent   TblVer  InQ OutQ  Up/Down State/PfxRcd   PfxSnt Desc
Ethernet0       4          0         0         0        0    0    0    never         Idle        0 Leaf_L1
Ethernet4       4          0         0         0        0    0    0    never         Idle        0 Leaf_L2
Ethernet8       4          0         0         0        0    0    0    never         Idle        0 Leaf_L3
Ethernet12      4          0         0         0        0    0    0    never         Idle        0 Leaf_L4
Ethernet16      4          0         0         0        0    0    0    never         Idle        0 Border_Leaf1
Ethernet20      4          0         0         0        0    0    0    never         Idle        0 Border_Leaf2

Total number of neighbors 6
(venv) nh1221@Lab-ControlNode:/mnt/c/Users/nh1221/data-center/_v3$ ssh Leaf_L1 "docker exec bgp vtysh -c 'show bgp summary'"
Warning: Permanently added '172.16.2.21' (RSA) to the list of known hosts.

IPv4 Unicast Summary (VRF default):
BGP router identifier 10.0.1.1, local AS number 65011 vrf-id 0
BGP table version 1
RIB entries 1, using 224 bytes of memory
Peers 5, using 3623 KiB of memory

Neighbor        V         AS   MsgRcvd   MsgSent   TblVer  InQ OutQ  Up/Down State/PfxRcd   PfxSnt Desc
Ethernet0       4      65101         0         0        0    0    0    never         Idle        0 Host12_1
Ethernet1       4      65102         0         0        0    0    0    never         Idle        0 Host12_2
Ethernet2       4      65103         0         0        0    0    0    never         Idle        0 Host12_3
Ethernet64      4          0         0         0        0    0    0    never         Idle        0 Spine_S2
Ethernet68      4          0         0         0        0    0    0    never         Idle        0 Spine_S1

Total number of neighbors 5

IPv6 Unicast Summary (VRF default):
BGP router identifier 10.0.1.1, local AS number 65011 vrf-id 0
BGP table version 0
RIB entries 0, using 0 bytes of memory
Peers 5, using 3623 KiB of memory

Neighbor        V         AS   MsgRcvd   MsgSent   TblVer  InQ OutQ  Up/Down State/PfxRcd   PfxSnt Desc
Ethernet0       4      65101         0         0        0    0    0    never         Idle        0 Host12_1
Ethernet1       4      65102         0         0        0    0    0    never         Idle        0 Host12_2
Ethernet2       4      65103         0         0        0    0    0    never         Idle        0 Host12_3
Ethernet64      4          0         0         0        0    0    0    never         Idle        0 Spine_S2
Ethernet68      4          0         0         0        0    0    0    never         Idle        0 Spine_S1

Total number of neighbors 5
(venv) nh1221@Lab-ControlNode:/mnt/c/Users/nh1221/data-center/_v3$ ssh Leaf_L2 "docker exec bgp vtysh -c 'show bgp summary'"
Warning: Permanently added '172.16.2.22' (RSA) to the list of known hosts.

IPv4 Unicast Summary (VRF default):
BGP router identifier 10.0.1.2, local AS number 65012 vrf-id 0
BGP table version 1
RIB entries 1, using 224 bytes of memory
Peers 5, using 3623 KiB of memory

Neighbor        V         AS   MsgRcvd   MsgSent   TblVer  InQ OutQ  Up/Down State/PfxRcd   PfxSnt Desc
Ethernet0       4      65101         0         0        0    0    0    never         Idle        0 Host12_1
Ethernet1       4      65102         0         0        0    0    0    never         Idle        0 Host12_2
Ethernet2       4      65103         0         0        0    0    0    never         Idle        0 Host12_3
Ethernet64      4          0         0         0        0    0    0    never         Idle        0 Spine_S2
Ethernet68      4          0         0         0        0    0    0    never         Idle        0 Spine_S1

Total number of neighbors 5

IPv6 Unicast Summary (VRF default):
BGP router identifier 10.0.1.2, local AS number 65012 vrf-id 0
BGP table version 0
RIB entries 0, using 0 bytes of memory
Peers 5, using 3623 KiB of memory

Neighbor        V         AS   MsgRcvd   MsgSent   TblVer  InQ OutQ  Up/Down State/PfxRcd   PfxSnt Desc
Ethernet0       4      65101         0         0        0    0    0    never         Idle        0 Host12_1
Ethernet1       4      65102         0         0        0    0    0    never         Idle        0 Host12_2
Ethernet2       4      65103         0         0        0    0    0    never         Idle        0 Host12_3
Ethernet64      4          0         0         0        0    0    0    never         Idle        0 Spine_S2
Ethernet68      4          0         0         0        0    0    0    never         Idle        0 Spine_S1

Total number of neighbors 5
(venv) nh1221@Lab-ControlNode:/mnt/c/Users/nh1221/data-center/_v3$ ssh Leaf_L3 "docker exec bgp vtysh -c 'show bgp summary'"
Warning: Permanently added '172.16.2.23' (RSA) to the list of known hosts.

IPv4 Unicast Summary (VRF default):
BGP router identifier 10.0.1.3, local AS number 65013 vrf-id 0
BGP table version 1
RIB entries 1, using 224 bytes of memory
Peers 4, using 2898 KiB of memory

Neighbor        V         AS   MsgRcvd   MsgSent   TblVer  InQ OutQ  Up/Down State/PfxRcd   PfxSnt Desc
Ethernet0       4      65104         0         0        0    0    0    never         Idle        0 Host34_1
Ethernet4       4      65105         0         0        0    0    0    never         Idle        0 Host34_2
Ethernet120     4          0         0         0        0    0    0    never         Idle        0 Spine_S2
Ethernet124     4          0         0         0        0    0    0    never         Idle        0 Spine_S1

Total number of neighbors 4

IPv6 Unicast Summary (VRF default):
BGP router identifier 10.0.1.3, local AS number 65013 vrf-id 0
BGP table version 0
RIB entries 0, using 0 bytes of memory
Peers 4, using 2898 KiB of memory

Neighbor        V         AS   MsgRcvd   MsgSent   TblVer  InQ OutQ  Up/Down State/PfxRcd   PfxSnt Desc
Ethernet0       4      65104         0         0        0    0    0    never         Idle        0 Host34_1
Ethernet4       4      65105         0         0        0    0    0    never         Idle        0 Host34_2
Ethernet120     4          0         0         0        0    0    0    never         Idle        0 Spine_S2
Ethernet124     4          0         0         0        0    0    0    never         Idle        0 Spine_S1

Total number of neighbors 4
(venv) nh1221@Lab-ControlNode:/mnt/c/Users/nh1221/data-center/_v3$ ssh Leaf_L4 "docker exec bgp vtysh -c 'show bgp summary'"
Warning: Permanently added '172.16.2.24' (RSA) to the list of known hosts.

IPv4 Unicast Summary (VRF default):
BGP router identifier 10.0.1.4, local AS number 65014 vrf-id 0
BGP table version 1
RIB entries 1, using 224 bytes of memory
Peers 4, using 2898 KiB of memory

Neighbor        V         AS   MsgRcvd   MsgSent   TblVer  InQ OutQ  Up/Down State/PfxRcd   PfxSnt Desc
Ethernet0       4      65104         0        23        0    0    0    never       Active        0 Host34_1
Ethernet4       4      65105         0         0        0    0    0    never         Idle        0 Host34_2
Ethernet120     4          0         0         0        0    0    0    never         Idle        0 Spine_S2
Ethernet124     4          0         0         0        0    0    0    never         Idle        0 Spine_S1

Total number of neighbors 4

IPv6 Unicast Summary (VRF default):
BGP router identifier 10.0.1.4, local AS number 65014 vrf-id 0
BGP table version 0
RIB entries 0, using 0 bytes of memory
Peers 4, using 2898 KiB of memory

Neighbor        V         AS   MsgRcvd   MsgSent   TblVer  InQ OutQ  Up/Down State/PfxRcd   PfxSnt Desc
Ethernet0       4      65104         0        23        0    0    0    never       Active        0 Host34_1
Ethernet4       4      65105         0         0        0    0    0    never         Idle        0 Host34_2
Ethernet120     4          0         0         0        0    0    0    never         Idle        0 Spine_S2
Ethernet124     4          0         0         0        0    0    0    never         Idle        0 Spine_S1

Total number of neighbors 4
(venv) nh1221@Lab-ControlNode:/mnt/c/Users/nh1221/data-center/_v3$ ssh Border_Leaf1 "docker exec bgp vtysh -c 'show bgp summary'"
Warning: Permanently added '172.16.2.31' (RSA) to the list of known hosts.

IPv4 Unicast Summary (VRF default):
BGP router identifier 10.0.2.1, local AS number 65021 vrf-id 0
BGP table version 1
RIB entries 1, using 224 bytes of memory
Peers 9, using 6521 KiB of memory

Neighbor        V         AS   MsgRcvd   MsgSent   TblVer  InQ OutQ  Up/Down State/PfxRcd   PfxSnt Desc
Ethernet0       4      65106         0         0        0    0    0    never         Idle        0 HostB12_1
Ethernet4       4      65107         4         9        0    0    0    never         Idle        0 HostB12_2
Ethernet8       4      65108         4         9        0    0    0    never         Idle        0 MonitorSrv
Ethernet20      4      65106         0         0        0    0    0    never         Idle        0 HostB12_1
Ethernet24      4      65107         0         0        0    0    0    never         Idle        0 HostB12_2
Ethernet28      4      65108         0         0        0    0    0    never         Idle        0 MonitorSrv
Ethernet120     4          0         0         0        0    0    0    never         Idle        0 Spine_S2
Ethernet124     4          0         0         0        0    0    0    never         Idle        0 Spine_S1
10.0.253.1      4      65253         0         0        0    0    0    never       Active        0 Exit_Router1

Total number of neighbors 9

IPv6 Unicast Summary (VRF default):
BGP router identifier 10.0.2.1, local AS number 65021 vrf-id 0
BGP table version 0
RIB entries 0, using 0 bytes of memory
Peers 5, using 3623 KiB of memory

Neighbor        V         AS   MsgRcvd   MsgSent   TblVer  InQ OutQ  Up/Down State/PfxRcd   PfxSnt Desc
Ethernet20      4      65106         0         0        0    0    0    never         Idle        0 HostB12_1
Ethernet24      4      65107         0         0        0    0    0    never         Idle        0 HostB12_2
Ethernet28      4      65108         0         0        0    0    0    never         Idle        0 MonitorSrv
Ethernet120     4          0         0         0        0    0    0    never         Idle        0 Spine_S2
Ethernet124     4          0         0         0        0    0    0    never         Idle        0 Spine_S1

Total number of neighbors 5

L2VPN EVPN Summary (VRF default):
BGP router identifier 10.0.2.1, local AS number 65021 vrf-id 0
BGP table version 0
RIB entries 0, using 0 bytes of memory
Peers 3, using 2174 KiB of memory

Neighbor        V         AS   MsgRcvd   MsgSent   TblVer  InQ OutQ  Up/Down State/PfxRcd   PfxSnt Desc
Ethernet0       4      65106         0         0        0    0    0    never         Idle        0 HostB12_1
Ethernet4       4      65107         4         9        0    0    0    never         Idle        0 HostB12_2
Ethernet8       4      65108         4         9        0    0    0    never         Idle        0 MonitorSrv

Total number of neighbors 3
(venv) nh1221@Lab-ControlNode:/mnt/c/Users/nh1221/data-center/_v3$ ssh Border_Leaf2 "docker exec bgp vtysh -c 'show bgp summary'"
Warning: Permanently added '172.16.2.32' (RSA) to the list of known hosts.

IPv4 Unicast Summary (VRF default):
BGP router identifier 10.0.2.2, local AS number 65022 vrf-id 0
BGP table version 1
RIB entries 1, using 224 bytes of memory
Peers 9, using 6521 KiB of memory

Neighbor        V         AS   MsgRcvd   MsgSent   TblVer  InQ OutQ  Up/Down State/PfxRcd   PfxSnt Desc
Ethernet0       4      65106         0         0        0    0    0    never         Idle        0 HostB12_1
Ethernet4       4      65107         4         9        0    0    0    never         Idle        0 HostB12_2
Ethernet8       4      65108         4        11        0    0    0    never         Idle        0 MonitorSrv
Ethernet20      4      65106         0         0        0    0    0    never         Idle        0 HostB12_1
Ethernet24      4      65107         0         0        0    0    0    never         Idle        0 HostB12_2
Ethernet28      4      65108         0         0        0    0    0    never         Idle        0 MonitorSrv
Ethernet120     4          0         0         0        0    0    0    never         Idle        0 Spine_S2
Ethernet124     4          0         0         0        0    0    0    never         Idle        0 Spine_S1
10.0.253.3      4      65254         0         0        0    0    0    never       Active        0 Exit_Router2

Total number of neighbors 9

IPv6 Unicast Summary (VRF default):
BGP router identifier 10.0.2.2, local AS number 65022 vrf-id 0
BGP table version 0
RIB entries 0, using 0 bytes of memory
Peers 5, using 3623 KiB of memory

Neighbor        V         AS   MsgRcvd   MsgSent   TblVer  InQ OutQ  Up/Down State/PfxRcd   PfxSnt Desc
Ethernet20      4      65106         0         0        0    0    0    never         Idle        0 HostB12_1
Ethernet24      4      65107         0         0        0    0    0    never         Idle        0 HostB12_2
Ethernet28      4      65108         0         0        0    0    0    never         Idle        0 MonitorSrv
Ethernet120     4          0         0         0        0    0    0    never         Idle        0 Spine_S2
Ethernet124     4          0         0         0        0    0    0    never         Idle        0 Spine_S1

Total number of neighbors 5

L2VPN EVPN Summary (VRF default):
BGP router identifier 10.0.2.2, local AS number 65022 vrf-id 0
BGP table version 0
RIB entries 0, using 0 bytes of memory
Peers 3, using 2174 KiB of memory

Neighbor        V         AS   MsgRcvd   MsgSent   TblVer  InQ OutQ  Up/Down State/PfxRcd   PfxSnt Desc
Ethernet0       4      65106         0         0        0    0    0    never         Idle        0 HostB12_1
Ethernet4       4      65107         4         9        0    0    0    never         Idle        0 HostB12_2
Ethernet8       4      65108         4        11        0    0    0    never         Idle        0 MonitorSrv

Total number of neighbors 3
(venv) nh1221@Lab-ControlNode:/mnt/c/Users/nh1221/data-center/_v3$
