(venv) nh1221@Lab-ControlNode:/mnt/c/Users/nh1221/data-center/_v3$ ansible-playbook playbooks/reused/deploy_day1.yml -i inventory/hosts.yml -e automation_profile=ubuntu_r810_kvm --limit "Border_Leaf1:Border_Leaf2:Exit_Router1:Exit_Router2" --tags deploy

PLAY [Day-1 Fabric Wiring — SONiC Switches] *********************************************************************************************************************************************************************
[WARNING]: Using run_once with the free strategy is not currently supported. This task will still be executed for every host in the inventory list.

TASK [Phase 0 | Assert automation profile is supported] *********************************************************************************************************************************************************
ok: [Border_Leaf1 -> localhost] =>
    changed: false
    msg: automation_profile=ubuntu_r810_kvm (QEMU/KVM on Ubuntu for Dell R810 (256GB/64CPU))
ok: [Border_Leaf2 -> localhost] =>
    changed: false
    msg: automation_profile=ubuntu_r810_kvm (QEMU/KVM on Ubuntu for Dell R810 (256GB/64CPU))

TASK [Phase 0 | Disable hypervisor tap TX offload for KVM fabric VMs] *******************************************************************************************************************************************
[ERROR]: Task failed: Premature end of stream waiting for become success.
>>> Standard Error
sudo: a password is required
Origin: /mnt/c/Users/nh1221/data-center/_v3/playbooks/reused/deploy_day1.yml:79:7

77       tags: [always, day1]
78
79     - name: "Phase 0 | Disable hypervisor tap TX offload for KVM fabric VMs"
         ^ column 7

fatal: [Border_Leaf2 -> localhost]: FAILED! =>
    changed: false
    msg: |-
        Task failed: Premature end of stream waiting for become success.
        >>> Standard Error
        sudo: a password is required
fatal: [Border_Leaf1 -> localhost]: FAILED! =>
    changed: false
    msg: |-
        Task failed: Premature end of stream waiting for become success.
        >>> Standard Error
        sudo: a password is required

PLAY RECAP ******************************************************************************************************************************************************************************************************
Border_Leaf1               : ok=1    changed=0    unreachable=0    failed=1    skipped=0    rescued=0    ignored=0
Border_Leaf2               : ok=1    changed=0    unreachable=0    failed=1    skipped=0    rescued=0    ignored=0

(venv) nh1221@Lab-ControlNode:/mnt/c/Users/nh1221/data-center/_v3$
