nh1221@PowerEdge-R810:~$
nh1221@PowerEdge-R810:~$
nh1221@PowerEdge-R810:~$ virsh list --all
 Id   Name           State
------------------------------
 62   Spine_S1       running
 63   Spine_S2       running
 64   Leaf_L1        running
 65   Leaf_L2        running
 66   Leaf_L3        running
 67   Leaf_L4        running
 68   Border_Leaf1   running
 69   Border_Leaf2   running
 70   Exit_Router1   running
 71   Exit_Router2   running
 72   Host12_1       running
 73   Host12_2       running
 74   Host12_3       running
 75   Host34_1       running
 76   Host34_2       running
 77   HostB12_1      running
 78   HostB12_2      running
 79   MonitorSrv     running

nh1221@PowerEdge-R810:~$ virsh domiflist Exit_Router1
 Interface   Type      Source       Model     MAC
-----------------------------------------------------------------
 vnet1266    network   dc-mgmt      virtio    52:54:00:09:95:29
 vnet1267    bridge    br-BL1-ER1   rtl8139   52:54:00:0f:cd:fb

nh1221@PowerEdge-R810:~$ virsh domiflist Exit_Router2
 Interface   Type      Source       Model     MAC
-----------------------------------------------------------------
 vnet1268    network   dc-mgmt      virtio    52:54:00:41:cb:8d
 vnet1269    bridge    br-BL2-ER2   rtl8139   52:54:00:90:b6:46

nh1221@PowerEdge-R810:~$ sudo virsh edit Exit_Router1
[sudo: authenticate] Password:
Domain 'Exit_Router1' XML configuration not changed.

nh1221@PowerEdge-R810:~$ sudo virsh edit Exit_Router2
Domain 'Exit_Router2' XML configuration not changed.

nh1221@PowerEdge-R810:~$

<domain type='kvm'>
  <name>Exit_Router1</name>
  <uuid>69e0f58e-3ba4-48a1-9ff6-4112e04f2d2a</uuid>
  <memory unit='KiB'>2097152</memory>
  <currentMemory unit='KiB'>2097152</currentMemory>
  <vcpu placement='static'>2</vcpu>
  <os>
    <type arch='x86_64' machine='pc-i440fx-resolute'>hvm</type>
    <boot dev='hd'/>
  </os>
  <features>
    <acpi/>
    <apic/>
  </features>
  <cpu mode='host-passthrough' check='none' migratable='on'/>
  <clock offset='utc'>
    <timer name='rtc' tickpolicy='catchup'/>
    <timer name='pit' tickpolicy='delay'/>
    <timer name='hpet' present='no'/>
  </clock>
  <on_poweroff>destroy</on_poweroff>
  <on_reboot>restart</on_reboot>
  <on_crash>destroy</on_crash>
  <pm>
    <suspend-to-mem enabled='no'/>
    <suspend-to-disk enabled='no'/>
  </pm>
  <devices>
    <emulator>/usr/bin/qemu-system-x86_64</emulator>
    <disk type='file' device='disk'>
      <driver name='qemu' type='qcow2'/>
      <source file='/home/nh1221/dc_lab/disks/Exit_Router1.qcow2'/>
      <target dev='vda' bus='virtio'/>
      <address type='pci' domain='0x0000' bus='0x00' slot='0x05' function='0x0'/>
    </disk>
    <controller type='usb' index='0' model='ich9-ehci1'>
      <address type='pci' domain='0x0000' bus='0x00' slot='0x04' function='0x7'/>
    </controller>
    <controller type='usb' index='0' model='ich9-uhci1'>
      <master startport='0'/>
      <address type='pci' domain='0x0000' bus='0x00' slot='0x04' function='0x0' multifunction='on'/>
    </controller>
    <controller type='usb' index='0' model='ich9-uhci2'>
      <master startport='2'/>
      <address type='pci' domain='0x0000' bus='0x00' slot='0x04' function='0x1'/>
    </controller>
    <controller type='usb' index='0' model='ich9-uhci3'>
      <master startport='4'/>
      <address type='pci' domain='0x0000' bus='0x00' slot='0x04' function='0x2'/>
    </controller>
    <controller type='pci' index='0' model='pci-root'/>
    <interface type='network'>
      <mac address='52:54:00:09:95:29'/>
      <source network='dc-mgmt'/>
      <model type='virtio'/>
      <address type='pci' domain='0x0000' bus='0x00' slot='0x02' function='0x0'/>
    </interface>
    <interface type='network'>
      <mac address='52:54:00:0f:cd:fb'/>
      <source network='br-BL1-ER1'/>
      <model type='rtl8139'/>
      <address type='pci' domain='0x0000' bus='0x00' slot='0x03' function='0x0'/>
    </interface>
    <serial type='pty'>
      <target type='isa-serial' port='0'>
        <model name='isa-serial'/>
      </target>
    </serial>
    <console type='pty'>
      <target type='serial' port='0'/>
    </console>
    <input type='mouse' bus='ps2'/>
    <input type='keyboard' bus='ps2'/>
    <audio id='1' type='none'/>
    <memballoon model='virtio'>
      <address type='pci' domain='0x0000' bus='0x00' slot='0x06' function='0x0'/>
    </memballoon>
  </devices>
</domain>

<domain type='kvm'>
  <name>Exit_Router2</name>
  <uuid>346f9844-54c3-4da8-a192-3ae5f86ab50c</uuid>
  <memory unit='KiB'>2097152</memory>
  <currentMemory unit='KiB'>2097152</currentMemory>
  <vcpu placement='static'>2</vcpu>
  <os>
    <type arch='x86_64' machine='pc-i440fx-resolute'>hvm</type>
    <boot dev='hd'/>
  </os>
  <features>
    <acpi/>
    <apic/>
  </features>
  <cpu mode='host-passthrough' check='none' migratable='on'/>
  <clock offset='utc'>
    <timer name='rtc' tickpolicy='catchup'/>
    <timer name='pit' tickpolicy='delay'/>
    <timer name='hpet' present='no'/>
  </clock>
  <on_poweroff>destroy</on_poweroff>
  <on_reboot>restart</on_reboot>
  <on_crash>destroy</on_crash>
  <pm>
    <suspend-to-mem enabled='no'/>
    <suspend-to-disk enabled='no'/>
  </pm>
  <devices>
    <emulator>/usr/bin/qemu-system-x86_64</emulator>
    <disk type='file' device='disk'>
      <driver name='qemu' type='qcow2'/>
      <source file='/home/nh1221/dc_lab/disks/Exit_Router2.qcow2'/>
      <target dev='vda' bus='virtio'/>
      <address type='pci' domain='0x0000' bus='0x00' slot='0x05' function='0x0'/>
    </disk>
    <controller type='usb' index='0' model='ich9-ehci1'>
      <address type='pci' domain='0x0000' bus='0x00' slot='0x04' function='0x7'/>
    </controller>
    <controller type='usb' index='0' model='ich9-uhci1'>
      <master startport='0'/>
      <address type='pci' domain='0x0000' bus='0x00' slot='0x04' function='0x0' multifunction='on'/>
    </controller>
    <controller type='usb' index='0' model='ich9-uhci2'>
      <master startport='2'/>
      <address type='pci' domain='0x0000' bus='0x00' slot='0x04' function='0x1'/>
    </controller>
    <controller type='usb' index='0' model='ich9-uhci3'>
      <master startport='4'/>
      <address type='pci' domain='0x0000' bus='0x00' slot='0x04' function='0x2'/>
    </controller>
    <controller type='pci' index='0' model='pci-root'/>
    <interface type='network'>
      <mac address='52:54:00:41:cb:8d'/>
      <source network='dc-mgmt'/>
      <model type='virtio'/>
      <address type='pci' domain='0x0000' bus='0x00' slot='0x02' function='0x0'/>
    </interface>
    <interface type='network'>
      <mac address='52:54:00:90:b6:46'/>
      <source network='br-BL2-ER2'/>
      <model type='rtl8139'/>
      <address type='pci' domain='0x0000' bus='0x00' slot='0x03' function='0x0'/>
    </interface>
    <serial type='pty'>
      <target type='isa-serial' port='0'>
        <model name='isa-serial'/>
      </target>
    </serial>
    <console type='pty'>
      <target type='serial' port='0'/>
    </console>
    <input type='mouse' bus='ps2'/>
    <input type='keyboard' bus='ps2'/>
    <audio id='1' type='none'/>
    <memballoon model='virtio'>
      <address type='pci' domain='0x0000' bus='0x00' slot='0x06' function='0x0'/>
    </memballoon>
  </devices>
</domain>	
(venv) nh1221@Lab-ControlNode:/mnt/c/Users/nh1221/data-center/_v3$
(venv) nh1221@Lab-ControlNode:/mnt/c/Users/nh1221/data-center/_v3$ ssh Exit_Router1 '/interface ethernet print detail where running=yes; /ip address print detail where interface~"ether"; /ip firewall filter print detail where comment~"accept-bgp"; /ip firewall connection print where dst-port=179 or src-port=179; /routing bgp connection print detail; /routing bgp session print detail'
Warning: Permanently added '172.16.2.98' (RSA) to the list of known hosts.
Flags: X - disabled, R - running; S - slave
 0 R  name="ether1" default-name="ether1" mtu=1500
      mac-address=52:54:00:09:95:29 orig-mac-address=52:54:00:09:95:29
      arp=enabled arp-timeout=auto loop-protect=default
      loop-protect-status=off loop-protect-send-interval=5s
      loop-protect-disable-time=5m disable-running-check=no
      auto-negotiation=yes advertise="" cable-settings=default

 1 R  name="ether2" default-name="ether2" mtu=1500
      mac-address=52:54:00:0F:CD:FB orig-mac-address=52:54:00:0F:CD:FB
      arp=enabled arp-timeout=auto loop-protect=default
      loop-protect-status=off loop-protect-send-interval=5s
      loop-protect-disable-time=5m disable-running-check=no
      auto-negotiation=yes advertise="" cable-settings=default

Flags: X - disabled, I - invalid, D - dynamic; S - slave
 1 D  address=172.16.2.98/24 network=172.16.2.0 interface=ether1
      actual-interface=ether1

 4    address=10.0.253.1/31 network=10.0.253.0 interface=ether2
      actual-interface=ether2

Flags: X - disabled, I - invalid; D - dynamic
21    ;;; accept-bgp-Border_Leaf1
      chain=input action=accept protocol=tcp src-address=10.0.253.0
      dst-port=179


Flags: D - dynamic, X - disabled, I - inactive
 0   name="to_Border_Leaf1"
     remote.address=10.0.253.0/32 .as=65021
     local.address=10.0.253.1 .role=ebgp
     connect=yes listen=yes routing-table=main router-id=10.0.99.1
     templates="" as=65253 hold-time=3m keepalive-time=1m address-families=ip

Flags: E - established

(venv) nh1221@Lab-ControlNode:/mnt/c/Users/nh1221/data-center/_v3$ ssh Exit_Router2 '/interface ethernet print detail where running=yes; /ip address print detail where interface~"ether"; /ip firewall filter pr
int detail where comment~"accept-bgp"; /ip firewall connection print where dst-port=179 or src-port=179; /routing bgp connection print detail; /routing bgp session print detail'
Warning: Permanently added '172.16.2.99' (RSA) to the list of known hosts.
Flags: X - disabled, R - running; S - slave
 0 R  name="ether1" default-name="ether1" mtu=1500
      mac-address=52:54:00:41:CB:8D orig-mac-address=52:54:00:41:CB:8D
      arp=enabled arp-timeout=auto loop-protect=default
      loop-protect-status=off loop-protect-send-interval=5s
      loop-protect-disable-time=5m disable-running-check=no
      auto-negotiation=yes advertise="" cable-settings=default

 1 R  name="ether3" default-name="ether2" mtu=1500
      mac-address=52:54:00:CF:AF:EF orig-mac-address=52:54:00:CF:AF:EF
      arp=enabled arp-timeout=auto loop-protect=default
      loop-protect-status=off loop-protect-send-interval=5s
      loop-protect-disable-time=5m disable-running-check=no
      auto-negotiation=yes advertise="" cable-settings=default

Flags: X - disabled, I - invalid, D - dynamic; S - slave
 1 D  address=172.16.2.99/24 network=172.16.2.0 interface=ether1
      actual-interface=ether1

 4    address=10.0.253.3/31 network=10.0.253.2 interface=ether3
      actual-interface=ether3

Flags: X - disabled, I - invalid; D - dynamic
21    ;;; accept-bgp-Border_Leaf2
      chain=input action=accept protocol=tcp src-address=10.0.253.2
      dst-port=179


Flags: D - dynamic, X - disabled, I - inactive
 0   name="to_Border_Leaf2"
     remote.address=10.0.253.2/32 .as=65022
     local.address=10.0.253.3 .role=ebgp
     connect=yes listen=yes routing-table=main router-id=10.0.99.2
     templates="" as=65254 hold-time=3m keepalive-time=1m address-families=ip

Flags: E - established

(venv) nh1221@Lab-ControlNode:/mnt/c/Users/nh1221/data-center/_v3$
