(venv) nh1221@Lab-ControlNode:/mnt/c/Users/nh1221/data-center/_v3$ ssh Spine_S1 "show interfaces status"
Warning: Permanently added '172.16.2.11' (RSA) to the list of known hosts.
  Interface            Lanes    Speed    MTU    FEC    Alias    Vlan    Oper    Admin    Type    Asym PFC
-----------  ---------------  -------  -----  -----  -------  ------  ------  -------  ------  ----------
  Ethernet0      65,66,67,68     100G   9100   none   Eth1/1  routed    down     down     N/A         N/A
  Ethernet4      69,70,71,72     100G   9100   none   Eth2/1  routed    down     down     N/A         N/A
  Ethernet8      73,74,75,76     100G   9100   none   Eth3/1  routed    down     down     N/A         N/A
 Ethernet12      77,78,79,80     100G   9100   none   Eth4/1  routed    down     down     N/A         N/A
 Ethernet16      33,34,35,36     100G   9100   none   Eth5/1  routed    down     down     N/A         N/A
 Ethernet20      37,38,39,40     100G   9100   none   Eth6/1  routed    down     down     N/A         N/A
 Ethernet24      41,42,43,44     100G   9100   none   Eth7/1  routed    down     down     N/A         N/A
 Ethernet28      45,46,47,48     100G   9100   none   Eth8/1  routed    down     down     N/A         N/A
 Ethernet32      49,50,51,52     100G   9100   none   Eth9/1  routed    down     down     N/A         N/A
 Ethernet36      53,54,55,56     100G   9100   none  Eth10/1  routed    down     down     N/A         N/A
 Ethernet40      57,58,59,60     100G   9100   none  Eth11/1  routed    down     down     N/A         N/A
 Ethernet44      61,62,63,64     100G   9100   none  Eth12/1  routed    down     down     N/A         N/A
 Ethernet48      81,82,83,84     100G   9100   none  Eth13/1  routed    down     down     N/A         N/A
 Ethernet52      85,86,87,88     100G   9100   none  Eth14/1  routed    down     down     N/A         N/A
 Ethernet56      89,90,91,92     100G   9100   none  Eth15/1  routed    down     down     N/A         N/A
 Ethernet60      93,94,95,96     100G   9100   none  Eth16/1  routed    down     down     N/A         N/A
 Ethernet64     97,98,99,100     100G   9100   none  Eth17/1  routed    down     down     N/A         N/A
 Ethernet68  101,102,103,104     100G   9100   none  Eth18/1  routed    down     down     N/A         N/A
 Ethernet72  105,106,107,108     100G   9100   none  Eth19/1  routed    down     down     N/A         N/A
 Ethernet76  109,110,111,112     100G   9100   none  Eth20/1  routed    down     down     N/A         N/A
 Ethernet80          1,2,3,4     100G   9100   none  Eth21/1  routed    down     down     N/A         N/A
 Ethernet84          5,6,7,8     100G   9100   none  Eth22/1  routed    down     down     N/A         N/A
 Ethernet88       9,10,11,12     100G   9100   none  Eth23/1  routed    down     down     N/A         N/A
 Ethernet92      13,14,15,16     100G   9100   none  Eth24/1  routed    down     down     N/A         N/A
 Ethernet96      17,18,19,20     100G   9100   none  Eth25/1  routed    down     down     N/A         N/A
Ethernet100      21,22,23,24     100G   9100   none  Eth26/1  routed    down     down     N/A         N/A
Ethernet104      25,26,27,28     100G   9100   none  Eth27/1  routed    down     down     N/A         N/A
Ethernet108      29,30,31,32     100G   9100   none  Eth28/1  routed    down     down     N/A         N/A
Ethernet112  113,114,115,116     100G   9100   none  Eth29/1  routed    down     down     N/A         N/A
Ethernet116  117,118,119,120     100G   9100   none  Eth30/1  routed    down     down     N/A         N/A
Ethernet120  121,122,123,124     100G   9100   none  Eth31/1  routed    down     down     N/A         N/A
Ethernet124  125,126,127,128     100G   9100   none  Eth32/1  routed    down     down     N/A         N/A
(venv) nh1221@Lab-ControlNode:/mnt/c/Users/nh1221/data-center/_v3$ ssh Leaf_L1 "show interfaces status"
Warning: Permanently added '172.16.2.21' (RSA) to the list of known hosts.
  Interface            Lanes       Speed    MTU    FEC        Alias    Vlan    Oper    Admin    Type    Asym PFC
-----------  ---------------  ----------  -----  -----  -----------  ------  ------  -------  ------  ----------
  Ethernet0               13  4294967.3G   9000   none     tenGigE0  routed      up       up     N/A         N/A
  Ethernet1               14  4294967.3G   9000   none     tenGigE1  routed      up       up     N/A         N/A
  Ethernet2               15  4294967.3G   9000   none     tenGigE2  routed      up       up     N/A         N/A
  Ethernet3               16         10G   9100   none     tenGigE3  routed    down     down     N/A         N/A
  Ethernet4               21         10G   9100   none     tenGigE4  routed    down     down     N/A         N/A
  Ethernet5               22         10G   9100   none     tenGigE5  routed    down     down     N/A         N/A
  Ethernet6               23         10G   9100   none     tenGigE6  routed    down     down     N/A         N/A
  Ethernet7               24         10G   9100   none     tenGigE7  routed    down     down     N/A         N/A
  Ethernet8               25         10G   9100   none     tenGigE8  routed    down     down     N/A         N/A
  Ethernet9               26         10G   9100   none     tenGigE9  routed    down     down     N/A         N/A
 Ethernet10               27         10G   9100   none    tenGigE10  routed    down     down     N/A         N/A
 Ethernet11               28         10G   9100   none    tenGigE11  routed    down     down     N/A         N/A
 Ethernet12               29         10G   9100   none    tenGigE12  routed    down     down     N/A         N/A
 Ethernet13               30         10G   9100   none    tenGigE13  routed    down     down     N/A         N/A
 Ethernet14               31         10G   9100   none    tenGigE14  routed    down     down     N/A         N/A
 Ethernet15               32         10G   9100   none    tenGigE15  routed    down     down     N/A         N/A
 Ethernet16               45         10G   9100   none    tenGigE16  routed    down     down     N/A         N/A
 Ethernet17               46         10G   9100   none    tenGigE17  routed    down     down     N/A         N/A
 Ethernet18               47         10G   9100   none    tenGigE18  routed    down     down     N/A         N/A
 Ethernet19               48         10G   9100   none    tenGigE19  routed    down     down     N/A         N/A
 Ethernet20               49         10G   9100   none    tenGigE20  routed    down     down     N/A         N/A
 Ethernet21               50         10G   9100   none    tenGigE21  routed    down     down     N/A         N/A
 Ethernet22               51         10G   9100   none    tenGigE22  routed    down     down     N/A         N/A
 Ethernet23               52         10G   9100   none    tenGigE23  routed    down     down     N/A         N/A
 Ethernet24               53         10G   9100   none    tenGigE24  routed    down     down     N/A         N/A
 Ethernet25               54         10G   9100   none    tenGigE25  routed    down     down     N/A         N/A
 Ethernet26               55         10G   9100   none    tenGigE26  routed    down     down     N/A         N/A
 Ethernet27               56         10G   9100   none    tenGigE27  routed    down     down     N/A         N/A
 Ethernet28               57         10G   9100   none    tenGigE28  routed    down     down     N/A         N/A
 Ethernet29               58         10G   9100   none    tenGigE29  routed    down     down     N/A         N/A
 Ethernet30               59         10G   9100   none    tenGigE30  routed    down     down     N/A         N/A
 Ethernet31               60         10G   9100   none    tenGigE31  routed    down     down     N/A         N/A
 Ethernet32               61         10G   9100   none    tenGigE32  routed    down     down     N/A         N/A
 Ethernet33               62         10G   9100   none    tenGigE33  routed    down     down     N/A         N/A
 Ethernet34               63         10G   9100   none    tenGigE34  routed    down     down     N/A         N/A
 Ethernet35               64         10G   9100   none    tenGigE35  routed    down     down     N/A         N/A
 Ethernet36               65         10G   9100   none    tenGigE36  routed    down     down     N/A         N/A
 Ethernet37               66         10G   9100   none    tenGigE37  routed    down     down     N/A         N/A
 Ethernet38               67         10G   9100   none    tenGigE38  routed    down     down     N/A         N/A
 Ethernet39               68         10G   9100   none    tenGigE39  routed    down     down     N/A         N/A
 Ethernet40               69         10G   9100   none    tenGigE40  routed    down     down     N/A         N/A
 Ethernet41               70         10G   9100   none    tenGigE41  routed    down     down     N/A         N/A
 Ethernet42               71         10G   9100   none    tenGigE42  routed    down     down     N/A         N/A
 Ethernet43               72         10G   9100   none    tenGigE43  routed    down     down     N/A         N/A
 Ethernet44               73         10G   9100   none    tenGigE44  routed    down     down     N/A         N/A
 Ethernet45               74         10G   9100   none    tenGigE45  routed    down     down     N/A         N/A
 Ethernet46               75         10G   9100   none    tenGigE46  routed    down     down     N/A         N/A
 Ethernet47               76         10G   9100   none    tenGigE47  routed    down     down     N/A         N/A
 Ethernet48     97,98,99,100         10G   9100   none  fortyGigE48  routed    down     down     N/A         N/A
 Ethernet52  101,102,103,104         10G   9100   none  fortyGigE52  routed    down     down     N/A         N/A
 Ethernet56      81,82,83,84         10G   9100   none  fortyGigE56  routed    down     down     N/A         N/A
 Ethernet60  105,106,107,108         10G   9100   none  fortyGigE60  routed    down     down     N/A         N/A
 Ethernet64              109         10G   9100   none  fortyGigE64  routed    down     down     N/A         N/A
 Ethernet68               77         10G   9100   none  fortyGigE68  routed    down     down     N/A         N/A
(venv) nh1221@Lab-ControlNode:/mnt/c/Users/nh1221/data-center/_v3$
