(venv) nh1221@Lab-ControlNode:/mnt/c/Users/nh1221/data-center/_v3$ ansible-playbook -i inventory/hosts.yml playbooks/reused/deploy_kubespray.yml


PLAY [Phase 1: Prepare Deployer Machine for KubeSpray] **********************************************************************************************************************************************************

TASK [Gathering Facts] ******************************************************************************************************************************************************************************************
ok: [localhost]

TASK [Check if preflight cache already has KubeSpray] ***********************************************************************************************************************************************************
ok: [localhost]

TASK [Display automation profile] *******************************************************************************************************************************************************************************
ok: [localhost] =>
    msg: |-
        Automation Profile: ubuntu_r810_kvm
        KubeSpray dir: /opt/fabric-cache/kubespray/src (already cached)
        Controllers: Host12_1, Host34_1, HostB12_1
        Workers: Host12_2, Host12_3, Host34_2
        All kube_nodes: Host12_1, Host34_1, HostB12_1, Host12_2, Host12_3, Host34_2

TASK [Install system packages for KubeSpray] ********************************************************************************************************************************************************************
ok: [localhost]

TASK [Clone KubeSpray repository (skipped if preflight cache available)] ****************************************************************************************************************************************
skipping: [localhost]

TASK [Create Python virtual environment] ************************************************************************************************************************************************************************
ok: [localhost]

TASK [Install KubeSpray requirements in venv] *******************************************************************************************************************************************************************
ok: [localhost]

TASK [Ensure KubeSpray download cache directory exists] *********************************************************************************************************************************************************
ok: [localhost]

TASK [Install Helm binary on deployer] **************************************************************************************************************************************************************************
ok: [localhost]

TASK [Display KubeSpray readiness] ******************************************************************************************************************************************************************************
ok: [localhost] =>
    msg: |-
        KubeSpray v2.24.1 ready at: /opt/fabric-cache/kubespray/src
        Virtual env: /opt/fabric-cache/kubespray/venv
        Helm: /usr/local/bin/helm
        Helm v3.21.0 is already latest
        v3.21.0+ge0878d4
        Profile: ubuntu_r810_kvm
        Source: preflight cache

PLAY [Phase 2: Generate KubeSpray Inventory (multi-node, profile-aware)] ****************************************************************************************************************************************

TASK [Validate kube_nodes group is populated] *******************************************************************************************************************************************************************
ok: [localhost] =>
    changed: false
    msg: All assertions passed

TASK [Create KubeSpray inventory directory] *********************************************************************************************************************************************************************
ok: [localhost]

TASK [Create KubeSpray inventory directory (k8s-cluster)] *******************************************************************************************************************************************************
ok: [localhost]

TASK [Generate KubeSpray hosts.yml] *****************************************************************************************************************************************************************************
ok: [localhost]

TASK [Generate KubeSpray all.yml vars] **************************************************************************************************************************************************************************
ok: [localhost]

TASK [Generate KubeSpray k8s-cluster.yml vars] ******************************************************************************************************************************************************************
ok: [localhost]

TASK [Generate KubeSpray addons.yml] ****************************************************************************************************************************************************************************
ok: [localhost]

TASK [Display generated inventory summary] **********************************************************************************************************************************************************************
ok: [localhost] =>
    msg: |-
        KubeSpray inventory generated at: /opt/fabric-cache/kubespray/src/inventory/dc-lab
        Profile: ubuntu_r810_kvm
        Controllers (kube_control_plane + etcd): Host12_1, Host34_1, HostB12_1
        Workers (kube_node): Host12_2, Host12_3, Host34_2

PLAY [Phase 3: Prepare All Kubernetes Nodes] ********************************************************************************************************************************************************************

TASK [Gathering Facts] ******************************************************************************************************************************************************************************************
ok: [Host12_1]
ok: [Host12_2]
ok: [Host12_3]
ok: [HostB12_1]
ok: [Host34_1]
ok: [Host34_2]

TASK [Disable swap (required by kubelet)] ***********************************************************************************************************************************************************************
changed: [Host12_1]
changed: [Host34_1]
changed: [Host12_2]
changed: [Host12_3]
changed: [HostB12_1]
changed: [Host34_2]

TASK [Load required kernel modules] *****************************************************************************************************************************************************************************
ok: [Host34_1] => (item=br_netfilter)
ok: [Host12_1] => (item=br_netfilter)
ok: [Host12_2] => (item=br_netfilter)
ok: [Host12_3] => (item=br_netfilter)
ok: [HostB12_1] => (item=br_netfilter)
ok: [Host12_1] => (item=overlay)
ok: [Host34_1] => (item=overlay)
ok: [Host12_3] => (item=overlay)
ok: [Host12_2] => (item=overlay)
ok: [HostB12_1] => (item=overlay)
ok: [Host12_1] => (item=ip_vs)
ok: [Host34_1] => (item=ip_vs)
ok: [Host12_3] => (item=ip_vs)
ok: [Host12_2] => (item=ip_vs)
ok: [HostB12_1] => (item=ip_vs)
ok: [Host12_1] => (item=ip_vs_rr)
ok: [Host34_1] => (item=ip_vs_rr)
ok: [Host12_2] => (item=ip_vs_rr)
ok: [Host12_3] => (item=ip_vs_rr)
ok: [HostB12_1] => (item=ip_vs_rr)
ok: [Host12_1] => (item=ip_vs_wrr)
ok: [Host34_1] => (item=ip_vs_wrr)
ok: [Host12_2] => (item=ip_vs_wrr)
ok: [Host12_3] => (item=ip_vs_wrr)
ok: [HostB12_1] => (item=ip_vs_wrr)
ok: [Host34_1] => (item=ip_vs_sh)
ok: [Host12_1] => (item=ip_vs_sh)
ok: [Host12_3] => (item=ip_vs_sh)
ok: [Host12_2] => (item=ip_vs_sh)
ok: [HostB12_1] => (item=ip_vs_sh)
ok: [Host34_2] => (item=br_netfilter)
ok: [Host34_2] => (item=overlay)
ok: [Host34_2] => (item=ip_vs)
ok: [Host34_2] => (item=ip_vs_rr)
ok: [Host34_2] => (item=ip_vs_wrr)
ok: [Host34_2] => (item=ip_vs_sh)

TASK [Persist kernel modules] ***********************************************************************************************************************************************************************************
ok: [Host12_1]
ok: [Host12_2]
ok: [Host34_1]
ok: [Host12_3]
ok: [HostB12_1]
ok: [Host34_2]

TASK [Set sysctl parameters for Kubernetes] *********************************************************************************************************************************************************************
ok: [Host34_1] => (item={'key': 'net.bridge.bridge-nf-call-iptables', 'value': '1'})
ok: [Host12_1] => (item={'key': 'net.bridge.bridge-nf-call-iptables', 'value': '1'})
ok: [Host12_2] => (item={'key': 'net.bridge.bridge-nf-call-iptables', 'value': '1'})
ok: [Host12_3] => (item={'key': 'net.bridge.bridge-nf-call-iptables', 'value': '1'})
ok: [HostB12_1] => (item={'key': 'net.bridge.bridge-nf-call-iptables', 'value': '1'})
ok: [Host34_1] => (item={'key': 'net.bridge.bridge-nf-call-ip6tables', 'value': '1'})
ok: [Host12_1] => (item={'key': 'net.bridge.bridge-nf-call-ip6tables', 'value': '1'})
ok: [Host12_3] => (item={'key': 'net.bridge.bridge-nf-call-ip6tables', 'value': '1'})
ok: [Host12_2] => (item={'key': 'net.bridge.bridge-nf-call-ip6tables', 'value': '1'})
ok: [HostB12_1] => (item={'key': 'net.bridge.bridge-nf-call-ip6tables', 'value': '1'})
ok: [Host34_1] => (item={'key': 'net.ipv4.ip_forward', 'value': '1'})
ok: [Host12_1] => (item={'key': 'net.ipv4.ip_forward', 'value': '1'})
ok: [Host12_2] => (item={'key': 'net.ipv4.ip_forward', 'value': '1'})
ok: [Host12_3] => (item={'key': 'net.ipv4.ip_forward', 'value': '1'})
ok: [HostB12_1] => (item={'key': 'net.ipv4.ip_forward', 'value': '1'})
ok: [Host12_1] => (item={'key': 'net.ipv6.conf.all.forwarding', 'value': '1'})
ok: [Host34_1] => (item={'key': 'net.ipv6.conf.all.forwarding', 'value': '1'})
ok: [Host12_2] => (item={'key': 'net.ipv6.conf.all.forwarding', 'value': '1'})
ok: [Host12_3] => (item={'key': 'net.ipv6.conf.all.forwarding', 'value': '1'})
ok: [HostB12_1] => (item={'key': 'net.ipv6.conf.all.forwarding', 'value': '1'})
ok: [Host34_2] => (item={'key': 'net.bridge.bridge-nf-call-iptables', 'value': '1'})
ok: [Host34_2] => (item={'key': 'net.bridge.bridge-nf-call-ip6tables', 'value': '1'})
ok: [Host34_2] => (item={'key': 'net.ipv4.ip_forward', 'value': '1'})
ok: [Host34_2] => (item={'key': 'net.ipv6.conf.all.forwarding', 'value': '1'})

TASK [Install prerequisite packages] ****************************************************************************************************************************************************************************
ok: [Host34_1]
ok: [Host12_1]
ok: [Host12_2]
ok: [Host12_3]
ok: [HostB12_1]
ok: [Host34_2]

TASK [Set hostname to kube_node_name] ***************************************************************************************************************************************************************************
ok: [HostB12_1]
ok: [Host12_1]
ok: [Host34_1]
ok: [Host12_2]
ok: [Host12_3]
ok: [Host34_2]

TASK [preflight_hw | Check disk write latency for etcd (real hardware)] *****************************************************************************************************************************************
skipping: [Host12_1]
skipping: [Host34_1]
skipping: [HostB12_1]
skipping: [Host12_2]
skipping: [Host12_3]
skipping: [Host34_2]

TASK [preflight_hw | Report disk IOPS result] *******************************************************************************************************************************************************************
skipping: [Host12_1]
skipping: [Host34_1]
skipping: [HostB12_1]
skipping: [Host12_2]
skipping: [Host12_3]
skipping: [Host34_2]

PLAY [Phase 4: Execute KubeSpray cluster.yml] *******************************************************************************************************************************************************************

TASK [Display deployment plan] **********************************************************************************************************************************************************************************
ok: [localhost] =>
    msg: |-
        Deploying Kubernetes cluster via KubeSpray
        Profile: ubuntu_r810_kvm
        Timeout: 180s
        SSH user: ubuntu
        ProxyJump: nh1221@R810
        Inventory: /opt/fabric-cache/kubespray/src/inventory/dc-lab/hosts.yml

TASK [Clear stale SSH ControlMaster sockets] ********************************************************************************************************************************************************************
ok: [localhost]

TASK [Verify SSH connectivity before launching kubespray] *******************************************************************************************************************************************************
[ERROR]: Task failed: Module failed: non-zero return code
Origin: /mnt/c/Users/nh1221/data-center/_v3/playbooks/reused/deploy_kubespray.yml:324:7

322       changed_when: false
323
324     - name: Verify SSH connectivity before launching kubespray
          ^ column 7

fatal: [localhost]: FAILED! =>
    changed: false
    cmd: |-
        sshpass -p 'amolla01' ssh -o StrictHostKeyChecking=no -o UserKnownHostsFile=/dev/null    -o ConnectTimeout=10 -o PasswordAuthentication=yes -o PubkeyAuthentication=yes    -o ProxyJump=nh1221@R810    ubuntu@172.16.2.40    'echo REACHABLE' 2>&1
    delta: '0:00:00.118148'
    end: '2026-06-01 13:37:55.882485'
    failed_when_result: true
    msg: non-zero return code
    rc: 6
    start: '2026-06-01 13:37:55.764337'
    stderr: ''
    stderr_lines: <omitted>
    stdout: ''
    stdout_lines: <omitted>

PLAY RECAP ******************************************************************************************************************************************************************************************************
Host12_1                   : ok=7    changed=1    unreachable=0    failed=0    skipped=2    rescued=0    ignored=0
Host12_2                   : ok=7    changed=1    unreachable=0    failed=0    skipped=2    rescued=0    ignored=0
Host12_3                   : ok=7    changed=1    unreachable=0    failed=0    skipped=2    rescued=0    ignored=0
Host34_1                   : ok=7    changed=1    unreachable=0    failed=0    skipped=2    rescued=0    ignored=0
Host34_2                   : ok=7    changed=1    unreachable=0    failed=0    skipped=2    rescued=0    ignored=0
HostB12_1                  : ok=7    changed=1    unreachable=0    failed=0    skipped=2    rescued=0    ignored=0
localhost                  : ok=19   changed=0    unreachable=0    failed=1    skipped=1    rescued=0    ignored=0

(venv) nh1221@Lab-ControlNode:/mnt/c/Users/nh1221/data-center/_v3$
(venv) nh1221@Lab-ControlNode:/mnt/c/Users/nh1221/data-center/_v3$
