(venv) nh1221@Lab-ControlNode:/mnt/c/Users/nh1221/data-center/_v3$ ansible-playbook playbooks/reused/deploy_kubespray.yml -i inventory/hosts.yml

PLAY [Phase 1: Prepare Deployer Machine for KubeSpray] **********************************************************************************************************************************************************

TASK [Gathering Facts] ******************************************************************************************************************************************************************************************
[ERROR]: Task failed: Premature end of stream waiting for become success.
>>> Standard Error
sudo: a password is required

fatal: [localhost]: FAILED! =>
    changed: false
    msg: |-
        Task failed: Premature end of stream waiting for become success.
        >>> Standard Error
        sudo: a password is required

PLAY RECAP ******************************************************************************************************************************************************************************************************
localhost                  : ok=0    changed=0    unreachable=0    failed=1    skipped=0    rescued=0    ignored=0

(venv) nh1221@Lab-ControlNode:/mnt/c/Users/nh1221/data-center/_v3$ ansible-playbook playbooks/reused/deploy_kubespray.yml -i inventory/hosts.yml --tags prereqs

PLAY [Phase 1: Prepare Deployer Machine for KubeSpray] **********************************************************************************************************************************************************

TASK [Gathering Facts] ******************************************************************************************************************************************************************************************
[ERROR]: Task failed: Premature end of stream waiting for become success.
>>> Standard Error
sudo: a password is required

fatal: [localhost]: FAILED! =>
    changed: false
    msg: |-
        Task failed: Premature end of stream waiting for become success.
        >>> Standard Error
        sudo: a password is required

PLAY RECAP ******************************************************************************************************************************************************************************************************
localhost                  : ok=0    changed=0    unreachable=0    failed=1    skipped=0    rescued=0    ignored=0

(venv) nh1221@Lab-ControlNode:/mnt/c/Users/nh1221/data-center/_v3$ ansible-playbook playbooks/reused/deploy_kubespray.yml -i inventory/hosts.yml --tags prepare

PLAY [Phase 1: Prepare Deployer Machine for KubeSpray] **********************************************************************************************************************************************************

PLAY [Phase 2: Generate KubeSpray Inventory (multi-node, profile-aware)] ****************************************************************************************************************************************

PLAY [Phase 3: Prepare All Kubernetes Nodes] ********************************************************************************************************************************************************************

TASK [Gathering Facts] ******************************************************************************************************************************************************************************************
[ERROR]: Task failed: Data could not be sent to remote host "172.16.2.40". Make sure this host can be reached over ssh: Connection timed out during banner exchange
Connection to UNKNOWN port 65535 timed out

fatal: [Host12_1]: UNREACHABLE! =>
    changed: false
    msg: |-
        Task failed: Data could not be sent to remote host "172.16.2.40". Make sure this host can be reached over ssh: Connection timed out during banner exchange
        Connection to UNKNOWN port 65535 timed out
    unreachable: true
[ERROR]: Task failed: Data could not be sent to remote host "172.16.2.42". Make sure this host can be reached over ssh: Connection timed out during banner exchange
Connection to UNKNOWN port 65535 timed out

fatal: [Host12_3]: UNREACHABLE! =>
    changed: false
    msg: |-
        Task failed: Data could not be sent to remote host "172.16.2.42". Make sure this host can be reached over ssh: Connection timed out during banner exchange
        Connection to UNKNOWN port 65535 timed out
    unreachable: true
[ERROR]: Task failed: Data could not be sent to remote host "172.16.2.43". Make sure this host can be reached over ssh: Connection timed out during banner exchange
Connection to UNKNOWN port 65535 timed out

fatal: [Host34_1]: UNREACHABLE! =>
    changed: false
    msg: |-
        Task failed: Data could not be sent to remote host "172.16.2.43". Make sure this host can be reached over ssh: Connection timed out during banner exchange
        Connection to UNKNOWN port 65535 timed out
    unreachable: true
[ERROR]: Task failed: Data could not be sent to remote host "172.16.2.41". Make sure this host can be reached over ssh: Connection timed out during banner exchange
Connection to UNKNOWN port 65535 timed out

fatal: [Host12_2]: UNREACHABLE! =>
    changed: false
    msg: |-
        Task failed: Data could not be sent to remote host "172.16.2.41". Make sure this host can be reached over ssh: Connection timed out during banner exchange
        Connection to UNKNOWN port 65535 timed out
    unreachable: true
[ERROR]: Task failed: Data could not be sent to remote host "172.16.2.45". Make sure this host can be reached over ssh: Connection timed out during banner exchange
Connection to UNKNOWN port 65535 timed out

fatal: [HostB12_1]: UNREACHABLE! =>
    changed: false
    msg: |-
        Task failed: Data could not be sent to remote host "172.16.2.45". Make sure this host can be reached over ssh: Connection timed out during banner exchange
        Connection to UNKNOWN port 65535 timed out
    unreachable: true
[ERROR]: Task failed: Data could not be sent to remote host "172.16.2.44". Make sure this host can be reached over ssh: Connection timed out during banner exchange
Connection to UNKNOWN port 65535 timed out

fatal: [Host34_2]: UNREACHABLE! =>
    changed: false
    msg: |-
        Task failed: Data could not be sent to remote host "172.16.2.44". Make sure this host can be reached over ssh: Connection timed out during banner exchange
        Connection to UNKNOWN port 65535 timed out
    unreachable: true

PLAY RECAP ******************************************************************************************************************************************************************************************************
Host12_1                   : ok=0    changed=0    unreachable=1    failed=0    skipped=0    rescued=0    ignored=0
Host12_2                   : ok=0    changed=0    unreachable=1    failed=0    skipped=0    rescued=0    ignored=0
Host12_3                   : ok=0    changed=0    unreachable=1    failed=0    skipped=0    rescued=0    ignored=0
Host34_1                   : ok=0    changed=0    unreachable=1    failed=0    skipped=0    rescued=0    ignored=0
Host34_2                   : ok=0    changed=0    unreachable=1    failed=0    skipped=0    rescued=0    ignored=0
HostB12_1                  : ok=0    changed=0    unreachable=1    failed=0    skipped=0    rescued=0    ignored=0

(venv) nh1221@Lab-ControlNode:/mnt/c/Users/nh1221/data-center/_v3$
