(venv) nh1221@Lab-ControlNode:/mnt/c/Users/nh1221/data-center/_v3$ ansible-playbook playbooks/reused/preflight_download.yml -i inventory/hosts.yml --tags metallb -v
Using /mnt/c/Users/nh1221/data-center/_v3/ansible.cfg as config file

PLAY [Preflight Download: Stage all deployment artifacts to /opt/fabric-cache/] *********************************************************************************************************************************

TASK [Gathering Facts] ******************************************************************************************************************************************************************************************
ok: [localhost]

TASK [Create cache directories] *********************************************************************************************************************************************************************************
ok: [localhost] => (item=/opt/fabric-cache/binaries) =>
    ansible_loop_var: item
    changed: false
    gid: 0
    group: root
    item: /opt/fabric-cache/binaries
    mode: '0755'
    owner: root
    path: /opt/fabric-cache/binaries
    size: 4096
    state: directory
    uid: 0
ok: [localhost] => (item=/opt/fabric-cache/images) =>
    ansible_loop_var: item
    changed: false
    gid: 0
    group: root
    item: /opt/fabric-cache/images
    mode: '0755'
    owner: root
    path: /opt/fabric-cache/images
    size: 4096
    state: directory
    uid: 0
ok: [localhost] => (item=/opt/fabric-cache/kubespray) =>
    ansible_loop_var: item
    changed: false
    gid: 0
    group: root
    item: /opt/fabric-cache/kubespray
    mode: '0755'
    owner: root
    path: /opt/fabric-cache/kubespray
    size: 4096
    state: directory
    uid: 0
ok: [localhost] => (item=/opt/fabric-cache/kubespray/src) =>
    ansible_loop_var: item
    changed: false
    gid: 0
    group: root
    item: /opt/fabric-cache/kubespray/src
    mode: '0755'
    owner: root
    path: /opt/fabric-cache/kubespray/src
    size: 4096
    state: directory
    uid: 0
ok: [localhost] => (item=/opt/fabric-cache/kubespray/venv) =>
    ansible_loop_var: item
    changed: false
    gid: 0
    group: root
    item: /opt/fabric-cache/kubespray/venv
    mode: '0755'
    owner: root
    path: /opt/fabric-cache/kubespray/venv
    size: 4096
    state: directory
    uid: 0
ok: [localhost] => (item=/opt/fabric-cache/kubespray/download-cache) =>
    ansible_loop_var: item
    changed: false
    gid: 0
    group: root
    item: /opt/fabric-cache/kubespray/download-cache
    mode: '0755'
    owner: root
    path: /opt/fabric-cache/kubespray/download-cache
    size: 4096
    state: directory
    uid: 0
ok: [localhost] => (item=/opt/fabric-cache/maas) =>
    ansible_loop_var: item
    changed: false
    gid: 0
    group: root
    item: /opt/fabric-cache/maas
    mode: '0755'
    owner: root
    path: /opt/fabric-cache/maas
    size: 4096
    state: directory
    uid: 0
ok: [localhost] => (item=/opt/fabric-cache/helm-charts) =>
    ansible_loop_var: item
    changed: false
    gid: 0
    group: root
    item: /opt/fabric-cache/helm-charts
    mode: '0755'
    owner: root
    path: /opt/fabric-cache/helm-charts
    size: 4096
    state: directory
    uid: 0
ok: [localhost] => (item=/opt/fabric-cache/apt-packages) =>
    ansible_loop_var: item
    changed: false
    gid: 0
    group: root
    item: /opt/fabric-cache/apt-packages
    mode: '0755'
    owner: root
    path: /opt/fabric-cache/apt-packages
    size: 4096
    state: directory
    uid: 0
ok: [localhost] => (item=/opt/fabric-cache/pip-packages) =>
    ansible_loop_var: item
    changed: false
    gid: 0
    group: root
    item: /opt/fabric-cache/pip-packages
    mode: '0755'
    owner: root
    path: /opt/fabric-cache/pip-packages
    size: 12288
    state: directory
    uid: 0

TASK [summary | Report cache contents] **************************************************************************************************************************************************************************
ok: [localhost] =>
    changed: false
    cmd: |-
        echo "=== /opt/fabric-cache/ contents ==="
        echo ""
        echo "--- binaries/ ---"
        ls -lh /opt/fabric-cache/binaries/ 2>/dev/null | tail -20
        echo ""
        echo "--- images/ ---"
        ls -lh /opt/fabric-cache/images/ 2>/dev/null | tail -10
        echo ""
        echo "--- kubespray/ ---"
        du -sh /opt/fabric-cache/kubespray/ 2>/dev/null || echo "(empty — populated during first KubeSpray run)"
        echo ""
        echo "--- helm-charts/ ---"
        ls /opt/fabric-cache/helm-charts/*.tgz 2>/dev/null | wc -l | xargs -I{} echo "{} charts cached"
        echo ""
        echo "--- apt-packages/ ---"
        ls /opt/fabric-cache/apt-packages/*.deb 2>/dev/null | wc -l | xargs -I{} echo "{} .deb files cached"
        echo ""
        echo "--- pip-packages/ ---"
        ls /opt/fabric-cache/pip-packages/*.whl 2>/dev/null | wc -l | xargs -I{} echo "{} pip wheels cached"
        echo ""
        du -sh /opt/fabric-cache/ | awk '{print "Total cache size: " $1}'
    delta: '0:00:03.299524'
    end: '2026-06-04 16:18:07.675868'
    msg: ''
    rc: 0
    start: '2026-06-04 16:18:04.376344'
    stderr: ''
    stderr_lines: <omitted>
    stdout: |-
        === /opt/fabric-cache/ contents ===

        --- binaries/ ---
        total 492M
        -rw-r--r-- 1 root root  30M May 31 18:52 alertmanager-0.27.0.linux-amd64.tar.gz
        -rwxr-xr-x 1 root root 155M May 31 18:22 argocd-v2.11.3
        -rwxr-xr-x 1 root root 208K May 31 18:32 cephadm-18.2.2
        -rwxr-xr-x 1 1001  127  49M Apr 10  2024 helm
        -rw-r--r-- 1 root root  29M May 31 18:22 k9s-v0.32.4.tar.gz
        -rwxr-xr-x 1 root root  48M May 31 18:22 kubectl-v1.29.4
        -rw-r--r-- 1 root root  22M May 31 18:52 loki-3.0.0-linux-amd64.zip
        -rw-r--r-- 1 root root  11M May 31 18:52 node_exporter-1.8.1.linux-amd64.tar.gz
        -rw-r--r-- 1 root root  16M May 31 18:50 packer_1.10.3_linux_amd64.zip
        -rw-r--r-- 1 root root 100M May 31 18:52 prometheus-2.52.0.linux-amd64.tar.gz
        -rw-r--r-- 1 root root  27M May 31 18:53 promtail-3.0.0-linux-amd64.zip
        -rwxr-xr-x 1 root root 9.6M May 31 18:22 yq-v4.44.1

        --- images/ ---
        total 1.3G
        -rw-r--r-- 1 root root    0 May 31 18:22 cirros-0.6.2-x86_64-disk.img
        -rw-r--r-- 1 root root 663M May 31 18:33 ubuntu-22.04-server-cloudimg-amd64.img
        -rw-r--r-- 1 root root 599M May 31 18:50 ubuntu-24.04-server-cloudimg-amd64.img

        --- kubespray/ ---
        1.1G    /opt/fabric-cache/kubespray/

        --- helm-charts/ ---
        27 charts cached

        --- apt-packages/ ---
        14 .deb files cached

        --- pip-packages/ ---
        84 pip wheels cached

        Total cache size: 3.8G
    stdout_lines: <omitted>

TASK [summary | Display] ****************************************************************************************************************************************************************************************
ok: [localhost] =>
    msg:
    - === /opt/fabric-cache/ contents ===
    - ''
    - '--- binaries/ ---'
    - total 492M
    - -rw-r--r-- 1 root root  30M May 31 18:52 alertmanager-0.27.0.linux-amd64.tar.gz
    - -rwxr-xr-x 1 root root 155M May 31 18:22 argocd-v2.11.3
    - -rwxr-xr-x 1 root root 208K May 31 18:32 cephadm-18.2.2
    - -rwxr-xr-x 1 1001  127  49M Apr 10  2024 helm
    - -rw-r--r-- 1 root root  29M May 31 18:22 k9s-v0.32.4.tar.gz
    - -rwxr-xr-x 1 root root  48M May 31 18:22 kubectl-v1.29.4
    - -rw-r--r-- 1 root root  22M May 31 18:52 loki-3.0.0-linux-amd64.zip
    - -rw-r--r-- 1 root root  11M May 31 18:52 node_exporter-1.8.1.linux-amd64.tar.gz
    - -rw-r--r-- 1 root root  16M May 31 18:50 packer_1.10.3_linux_amd64.zip
    - -rw-r--r-- 1 root root 100M May 31 18:52 prometheus-2.52.0.linux-amd64.tar.gz
    - -rw-r--r-- 1 root root  27M May 31 18:53 promtail-3.0.0-linux-amd64.zip
    - -rwxr-xr-x 1 root root 9.6M May 31 18:22 yq-v4.44.1
    - ''
    - '--- images/ ---'
    - total 1.3G
    - -rw-r--r-- 1 root root    0 May 31 18:22 cirros-0.6.2-x86_64-disk.img
    - -rw-r--r-- 1 root root 663M May 31 18:33 ubuntu-22.04-server-cloudimg-amd64.img
    - -rw-r--r-- 1 root root 599M May 31 18:50 ubuntu-24.04-server-cloudimg-amd64.img
    - ''
    - '--- kubespray/ ---'
    - "1.1G\t/opt/fabric-cache/kubespray/"
    - ''
    - '--- helm-charts/ ---'
    - 27 charts cached
    - ''
    - '--- apt-packages/ ---'
    - 14 .deb files cached
    - ''
    - '--- pip-packages/ ---'
    - 84 pip wheels cached
    - ''
    - 'Total cache size: 3.8G'

TASK [summary | Collect failed downloads] ***********************************************************************************************************************************************************************
ok: [localhost] =>
    ansible_facts:
        preflight_failures: []
    changed: false

TASK [summary | Report failed downloads (if any)] ***************************************************************************************************************************************************************
skipping: [localhost] =>
    false_condition: preflight_failures | length > 0

TASK [summary | All downloads succeeded] ************************************************************************************************************************************************************************
ok: [localhost] =>
    msg: ✅ All preflight downloads completed successfully.

PLAY RECAP ******************************************************************************************************************************************************************************************************
localhost                  : ok=6    changed=0    unreachable=0    failed=0    skipped=1    rescued=0    ignored=0

(venv) nh1221@Lab-ControlNode:/mnt/c/Users/nh1221/data-center/_v3$ ansible-playbook playbooks/reused/deploy_metallb.yml -i inventory/hosts.yml -v
Using /mnt/c/Users/nh1221/data-center/_v3/ansible.cfg as config file

PLAY [MetalLB Deployment — Bare-Metal LoadBalancer] *************************************************************************************************************************************************************

TASK [Gathering Facts] ******************************************************************************************************************************************************************************************
ok: [Host12_1]

TASK [metallb : Include preflight checks] ***********************************************************************************************************************************************************************
included: /mnt/c/Users/nh1221/data-center/_v3/roles/metallb/tasks/preflight.yml for Host12_1

TASK [metallb : preflight | Verify kubectl access] **************************************************************************************************************************************************************
ok: [Host12_1] =>
    changed: false
    cmd:
    - kubectl
    - cluster-info
    delta: '0:00:00.159759'
    end: '2026-06-04 22:26:47.292323'
    msg: ''
    rc: 0
    start: '2026-06-04 22:26:47.132564'
    stderr: ''
    stderr_lines: <omitted>
    stdout: |-
        [0;32mKubernetes control plane[0m is running at [0;33mhttps://127.0.0.1:6443[0m

        To further debug and diagnose cluster problems, use 'kubectl cluster-info dump'.
    stdout_lines: <omitted>

TASK [metallb : preflight | Verify Helm is installed] ***********************************************************************************************************************************************************
ok: [Host12_1] =>
    changed: false
    cmd:
    - helm
    - version
    - --short
    delta: '0:00:00.111289'
    end: '2026-06-04 22:26:49.705888'
    msg: ''
    rc: 0
    start: '2026-06-04 22:26:49.594599'
    stderr: ''
    stderr_lines: <omitted>
    stdout: v3.14.2+gc309b6f
    stdout_lines: <omitted>

TASK [metallb : preflight | Check if MetalLB namespace already exists] ******************************************************************************************************************************************
ok: [Host12_1] =>
    changed: false
    cmd:
    - kubectl
    - get
    - namespace
    - metallb-system
    delta: '0:00:00.156643'
    end: '2026-06-04 22:26:52.114067'
    failed_when_result: false
    failed_when_suppressed_exception: (traceback unavailable)
    msg: non-zero return code
    rc: 1
    start: '2026-06-04 22:26:51.957424'
    stderr: 'Error from server (NotFound): namespaces "metallb-system" not found'
    stderr_lines: <omitted>
    stdout: ''
    stdout_lines: <omitted>

TASK [metallb : preflight | Check if strict ARP is enabled (required for L2 mode)] ******************************************************************************************************************************
skipping: [Host12_1] =>
    changed: false
    false_condition: metallb_mode == "l2"
    skip_reason: Conditional result was False

TASK [metallb : preflight | Enable strict ARP in kube-proxy (L2 mode)] ******************************************************************************************************************************************
skipping: [Host12_1] =>
    changed: false
    false_condition: metallb_mode == "l2"
    skip_reason: Conditional result was False

TASK [metallb : preflight | Verify IP pool range is not in use] *************************************************************************************************************************************************
ok: [Host12_1] =>
    changed: false
    cmd: |-
        start_ip=$(echo "172.16.2.200-172.16.2.220" | cut -d'-' -f1)
        if ping -c1 -W1 "$start_ip" >/dev/null 2>&1; then
          echo "IP_CONFLICT"
        else
          echo "IP_FREE"
        fi
    delta: '0:00:01.017850'
    end: '2026-06-04 22:26:55.856007'
    failed_when_result: false
    msg: ''
    rc: 0
    start: '2026-06-04 22:26:54.838157'
    stderr: ''
    stderr_lines: <omitted>
    stdout: IP_FREE
    stdout_lines: <omitted>

TASK [metallb : Include MetalLB Helm deployment] ****************************************************************************************************************************************************************
included: /mnt/c/Users/nh1221/data-center/_v3/roles/metallb/tasks/deploy.yml for Host12_1

TASK [metallb : deploy | Add MetalLB Helm repository] ***********************************************************************************************************************************************************
changed: [Host12_1] =>
    changed: true
    cmd:
    - helm
    - repo
    - add
    - metallb
    - https://metallb.github.io/metallb
    delta: '0:00:00.208215'
    end: '2026-06-04 22:26:58.912795'
    failed_when_result: false
    msg: ''
    rc: 0
    start: '2026-06-04 22:26:58.704580'
    stderr: ''
    stderr_lines: <omitted>
    stdout: '"metallb" has been added to your repositories'
    stdout_lines: <omitted>

TASK [metallb : deploy | Update Helm repositories] **************************************************************************************************************************************************************
ok: [Host12_1] =>
    changed: false
    cmd:
    - helm
    - repo
    - update
    delta: '0:00:00.300852'
    end: '2026-06-04 22:27:02.196742'
    msg: ''
    rc: 0
    start: '2026-06-04 22:27:01.895890'
    stderr: ''
    stderr_lines: <omitted>
    stdout: |-
        Hang tight while we grab the latest from your chart repositories...
        ...Successfully got an update from the "metallb" chart repository
        ...Successfully got an update from the "rook-release" chart repository
        Update Complete. ⎈Happy Helming!⎈
    stdout_lines: <omitted>

TASK [metallb : deploy | Install MetalLB Helm chart] ************************************************************************************************************************************************************
[ERROR]: Task failed: Module failed: non-zero return code
Origin: /mnt/c/Users/nh1221/data-center/_v3/roles/metallb/tasks/deploy.yml:19:3

17   changed_when: false
18
19 - name: "deploy | Install MetalLB Helm chart"
     ^ column 3

fatal: [Host12_1]: FAILED! =>
    changed: false
    cmd:
    - helm
    - upgrade
    - --install
    - metallb
    - metallb/metallb
    - --namespace
    - metallb-system
    - --create-namespace
    - --version
    - 0.14.8
    - --set
    - controller.replicas=1
    - --set
    - speaker.tolerateMaster=true
    - --wait
    - --timeout
    - 300s
    delta: '0:02:16.255738'
    end: '2026-06-04 22:29:20.762739'
    msg: non-zero return code
    rc: 1
    start: '2026-06-04 22:27:04.507001'
    stderr: 'Error: Get "https://127.0.0.1:6443/apis/apiextensions.k8s.io/v1/customresourcedefinitions/ipaddresspools.metallb.io":
        dial tcp 127.0.0.1:6443: connect: connection refused'
    stderr_lines: <omitted>
    stdout: Release "metallb" does not exist. Installing it now.
    stdout_lines: <omitted>

PLAY RECAP ******************************************************************************************************************************************************************************************************
Host12_1                   : ok=9    changed=1    unreachable=0    failed=1    skipped=2    rescued=0    ignored=0

(venv) nh1221@Lab-ControlNode:/mnt/c/Users/nh1221/data-center/_v3$
