(venv) nh1221@Lab-ControlNode:/mnt/c/Users/nh1221/data-center/_v3$
(venv) nh1221@Lab-ControlNode:/mnt/c/Users/nh1221/data-center/_v3$ ansible-playbook playbooks/reused/deploy_server_networking.yml -i inventory/hosts.yml

PLAY [Deploy Server Networking (FRR + Fabric Interfaces)] *******************************************************************************************************************************************************

TASK [Gathering Facts] ******************************************************************************************************************************************************************************************
ok: [Host34_2]
ok: [Host12_2]
ok: [Host12_3]
ok: [Host34_1]
ok: [Host12_1]
ok: [HostB12_1]
ok: [HostB12_2]
ok: [MonitorSrv]

TASK [sonic_server_net : Server-Net | Validate required variables] **********************************************************************************************************************************************
[ERROR]: Task failed: Action failed: Missing server networking vars. Ensure host_vars defines: server_asn, server_router_id, server_loopback_ip, and server_interfaces_kvm/server_interfaces_real (or server_interfaces).
Origin: /mnt/c/Users/nh1221/data-center/_v3/roles/sonic_server_net/tasks/main.yml:12:3

10 # =============================================================================
11
12 - name: "Server-Net | Validate required variables"
     ^ column 3

fatal: [Host12_2]: FAILED! =>
    assertion: server_asn is defined
    changed: false
    evaluated_to: false
    msg: 'Missing server networking vars. Ensure host_vars defines: server_asn, server_router_id,
        server_loopback_ip, and server_interfaces_kvm/server_interfaces_real (or server_interfaces).'
fatal: [Host12_1]: FAILED! =>
    assertion: server_asn is defined
    changed: false
    evaluated_to: false
    msg: 'Missing server networking vars. Ensure host_vars defines: server_asn, server_router_id,
        server_loopback_ip, and server_interfaces_kvm/server_interfaces_real (or server_interfaces).'
fatal: [Host12_3]: FAILED! =>
    assertion: server_asn is defined
    changed: false
    evaluated_to: false
    msg: 'Missing server networking vars. Ensure host_vars defines: server_asn, server_router_id,
        server_loopback_ip, and server_interfaces_kvm/server_interfaces_real (or server_interfaces).'
fatal: [Host34_1]: FAILED! =>
    assertion: server_asn is defined
    changed: false
    evaluated_to: false
    msg: 'Missing server networking vars. Ensure host_vars defines: server_asn, server_router_id,
        server_loopback_ip, and server_interfaces_kvm/server_interfaces_real (or server_interfaces).'
fatal: [Host34_2]: FAILED! =>
    assertion: server_asn is defined
    changed: false
    evaluated_to: false
    msg: 'Missing server networking vars. Ensure host_vars defines: server_asn, server_router_id,
        server_loopback_ip, and server_interfaces_kvm/server_interfaces_real (or server_interfaces).'
fatal: [HostB12_1]: FAILED! =>
    assertion: server_asn is defined
    changed: false
    evaluated_to: false
    msg: 'Missing server networking vars. Ensure host_vars defines: server_asn, server_router_id,
        server_loopback_ip, and server_interfaces_kvm/server_interfaces_real (or server_interfaces).'
fatal: [HostB12_2]: FAILED! =>
    assertion: server_asn is defined
    changed: false
    evaluated_to: false
    msg: 'Missing server networking vars. Ensure host_vars defines: server_asn, server_router_id,
        server_loopback_ip, and server_interfaces_kvm/server_interfaces_real (or server_interfaces).'
fatal: [MonitorSrv]: FAILED! =>
    assertion: server_asn is defined
    changed: false
    evaluated_to: false
    msg: 'Missing server networking vars. Ensure host_vars defines: server_asn, server_router_id,
        server_loopback_ip, and server_interfaces_kvm/server_interfaces_real (or server_interfaces).'

PLAY RECAP ******************************************************************************************************************************************************************************************************
Host12_1                   : ok=1    changed=0    unreachable=0    failed=1    skipped=0    rescued=0    ignored=0
Host12_2                   : ok=1    changed=0    unreachable=0    failed=1    skipped=0    rescued=0    ignored=0
Host12_3                   : ok=1    changed=0    unreachable=0    failed=1    skipped=0    rescued=0    ignored=0
Host34_1                   : ok=1    changed=0    unreachable=0    failed=1    skipped=0    rescued=0    ignored=0
Host34_2                   : ok=1    changed=0    unreachable=0    failed=1    skipped=0    rescued=0    ignored=0
HostB12_1                  : ok=1    changed=0    unreachable=0    failed=1    skipped=0    rescued=0    ignored=0
HostB12_2                  : ok=1    changed=0    unreachable=0    failed=1    skipped=0    rescued=0    ignored=0
MonitorSrv                 : ok=1    changed=0    unreachable=0    failed=1    skipped=0    rescued=0    ignored=0

(venv) nh1221@Lab-ControlNode:/mnt/c/Users/nh1221/data-center/_v3$
