(venv) nh1221@Lab-ControlNode:/mnt/c/Users/nh1221/data-center/_v3$
(venv) nh1221@Lab-ControlNode:/mnt/c/Users/nh1221/data-center/_v3$ ansible-playbook playbooks/reused/deploy_postgresql.yml -i inventory/hosts.yml

PLAY [PostgreSQL: Prerequisites & Helm Repository] **************************************************************************************************************************************************************

TASK [Gathering Facts] ******************************************************************************************************************************************************************************************
ok: [HostB12_1]

TASK [Ensure Helm is installed] *********************************************************************************************************************************************************************************
ok: [HostB12_1]

TASK [Add Bitnami Helm repository] ******************************************************************************************************************************************************************************
ok: [HostB12_1]

TASK [Update Helm repositories] *********************************************************************************************************************************************************************************
ok: [HostB12_1]

TASK [Create namespace for MaaS stack] **************************************************************************************************************************************************************************
ok: [HostB12_1]

PLAY [PostgreSQL: Deploy via Helm Chart] ************************************************************************************************************************************************************************

TASK [Create PostgreSQL Helm values file] ***********************************************************************************************************************************************************************
changed: [HostB12_1]

TASK [Deploy PostgreSQL Helm chart] *****************************************************************************************************************************************************************************
[ERROR]: Task failed: Module failed: non-zero return code
Origin: /mnt/c/Users/nh1221/data-center/_v3/playbooks/reused/deploy_postgresql.yml:86:7

84         mode: '0600'
85
86     - name: Deploy PostgreSQL Helm chart
         ^ column 7

fatal: [HostB12_1]: FAILED! =>
    changed: false
    cmd:
    - helm
    - upgrade
    - --install
    - maas-postgresql
    - bitnami/postgresql
    - --namespace
    - maas-system
    - --version
    - 15.5.0
    - --values
    - /tmp/postgresql-values.yml
    - --wait
    - --timeout
    - 5m0s
    delta: '0:05:08.494961'
    end: '2026-06-02 20:06:54.016666'
    msg: non-zero return code
    rc: 1
    start: '2026-06-02 20:01:45.521705'
    stderr: 'Error: context deadline exceeded'
    stderr_lines: <omitted>
    stdout: Release "maas-postgresql" does not exist. Installing it now.
    stdout_lines: <omitted>

PLAY RECAP ******************************************************************************************************************************************************************************************************
HostB12_1                  : ok=6    changed=1    unreachable=0    failed=1    skipped=0    rescued=0    ignored=0

(venv) nh1221@Lab-ControlNode:/mnt/c/Users/nh1221/data-center/_v3$
