2026/06/05 04:44:30 maxprocs: Leaving GOMAXPROCS=8: CPU quota undefined
2026-06-05 04:44:30.535058 I | rookcmd: starting Rook v1.14.7 with arguments '/usr/local/bin/rook ceph operator'
2026-06-05 04:44:30.535119 I | rookcmd: flag values: --enable-machine-disruption-budget=false, --help=false, --kubeconfig=, --log-level=INFO
2026-06-05 04:44:30.535129 I | cephcmd: starting Rook-Ceph operator
2026-06-05 04:44:30.823597 I | cephcmd: base ceph version inside the rook operator image is "ceph version 18.2.2 (531c0d11a1c5d39fbfe6aa8a521f023abf3bf3e2) reef (stable)"
2026-06-05 04:44:30.841871 I | op-k8sutil: ROOK_CURRENT_NAMESPACE_ONLY="false" (env var)
2026-06-05 04:44:30.841904 I | operator: watching all namespaces for Ceph CRs
2026-06-05 04:44:30.842154 I | operator: setting up schemes
2026-06-05 04:44:30.849081 I | operator: setting up the controller-runtime manager
2026-06-05 04:44:30.849967 I | ceph-cluster-controller: successfully started
2026-06-05 04:44:30.858258 I | op-k8sutil: ROOK_DISABLE_DEVICE_HOTPLUG="false" (env var)
2026-06-05 04:44:30.858286 I | ceph-cluster-controller: enabling hotplug orchestration
2026-06-05 04:44:30.858324 I | ceph-nodedaemon-controller: successfully started
2026-06-05 04:44:30.858354 I | ceph-block-pool-controller: successfully started
2026-06-05 04:44:30.858411 I | ceph-object-store-user-controller: successfully started
2026-06-05 04:44:30.858470 I | ceph-object-realm-controller: successfully started
2026-06-05 04:44:30.858506 I | ceph-object-zonegroup-controller: successfully started
2026-06-05 04:44:30.858527 I | ceph-object-zone-controller: successfully started
2026-06-05 04:44:30.858766 I | ceph-object-controller: successfully started
2026-06-05 04:44:30.858842 I | ceph-file-controller: successfully started
2026-06-05 04:44:30.858903 I | ceph-nfs-controller: successfully started
2026-06-05 04:44:30.858963 I | ceph-rbd-mirror-controller: successfully started
2026-06-05 04:44:30.859012 I | ceph-client-controller: successfully started
2026-06-05 04:44:30.859061 I | ceph-filesystem-mirror-controller: successfully started
2026-06-05 04:44:30.859150 I | operator: rook-ceph-operator-config-controller successfully started
2026-06-05 04:44:30.859227 I | ceph-csi: rook-ceph-operator-csi-controller successfully started
2026-06-05 04:44:30.859338 I | op-bucket-prov: rook-ceph-operator-bucket-controller successfully started
2026-06-05 04:44:30.859385 I | ceph-bucket-topic: successfully started
2026-06-05 04:44:30.859413 I | ceph-bucket-notification: successfully started
2026-06-05 04:44:30.859439 I | ceph-bucket-notification: successfully started
2026-06-05 04:44:30.859463 I | ceph-fs-subvolumegroup-controller: successfully started
2026-06-05 04:44:30.859502 I | blockpool-rados-namespace-controller: successfully started
2026-06-05 04:44:30.859526 I | ceph-cosi-controller: successfully started
2026-06-05 04:44:30.859566 I | operator: starting the controller-runtime manager
2026-06-05 04:44:30.967089 I | op-k8sutil: ROOK_CEPH_COMMANDS_TIMEOUT_SECONDS="15" (configmap)
2026-06-05 04:44:30.967165 I | op-k8sutil: ROOK_LOG_LEVEL="INFO" (configmap)
2026-06-05 04:44:30.967199 I | op-k8sutil: ROOK_ENABLE_DISCOVERY_DAEMON="true" (configmap)
2026-06-05 04:44:30.967216 I | op-k8sutil: ROOK_DISCOVER_DEVICES_INTERVAL="60m" (env var)
2026-06-05 04:44:30.967228 I | op-k8sutil: DISCOVER_DAEMON_RESOURCES="" (default)
2026-06-05 04:44:30.967248 I | op-k8sutil: DISCOVER_PRIORITY_CLASS_NAME="" (default)
2026-06-05 04:44:30.977763 I | op-k8sutil: DISCOVER_TOLERATION="" (default)
2026-06-05 04:44:30.977803 I | op-k8sutil: DISCOVER_TOLERATIONS="" (default)
2026-06-05 04:44:30.977817 I | op-discover: tolerations: []
2026-06-05 04:44:30.977828 I | op-k8sutil: DISCOVER_AGENT_NODE_AFFINITY="" (default)
2026-06-05 04:44:30.977839 I | op-k8sutil: DISCOVER_AGENT_POD_LABELS="" (default)
2026-06-05 04:44:31.011577 I | op-discover: rook-discover daemonset started
2026-06-05 04:44:31.011649 I | op-k8sutil: ROOK_CEPH_ALLOW_LOOP_DEVICES="false" (configmap)
2026-06-05 04:44:31.011662 I | operator: rook-ceph-operator-config-controller done reconciling
2026-06-05 04:44:31.068394 I | op-k8sutil: ROOK_WATCH_FOR_NODE_FAILURE="true" (default)
2026-06-05 04:44:41.194652 I | ceph-csi: successfully created csi config map "rook-ceph-csi-config"
2026-06-05 04:44:41.194814 I | op-k8sutil: ROOK_CSI_DISABLE_DRIVER="false" (configmap)
2026-06-05 04:44:41.196918 I | ceph-csi: CSI Ceph RBD driver disabled
2026-06-05 04:44:41.196949 I | op-k8sutil: removing daemonset csi-rbdplugin if it exists
2026-06-05 04:44:41.212323 I | op-k8sutil: removing deployment csi-rbdplugin-provisioner if it exists
2026-06-05 04:44:41.248851 I | ceph-csi: successfully removed CSI Ceph RBD driver
2026-06-05 04:44:41.248905 I | ceph-csi: CSI CephFS driver disabled
2026-06-05 04:44:41.248942 I | op-k8sutil: removing daemonset csi-cephfsplugin if it exists
2026-06-05 04:44:41.255922 I | op-k8sutil: removing deployment csi-cephfsplugin-provisioner if it exists
2026-06-05 04:44:41.291597 I | ceph-csi: successfully removed CSI CephFS driver
2026-06-05 04:44:41.291632 I | ceph-csi: CSI NFS driver disabled
2026-06-05 04:44:41.291646 I | op-k8sutil: removing daemonset csi-nfsplugin if it exists
2026-06-05 04:44:41.305628 I | op-k8sutil: removing deployment csi-nfsplugin-provisioner if it exists
2026-06-05 04:44:41.341372 I | ceph-csi: successfully removed CSI NFS driver
2026-06-05 04:56:51.271798 E | clusterdisruption-controller: cephcluster "rook-ceph/" seems to be deleted, not requeuing until triggered again
2026-06-05 04:56:51.271886 I | ceph-spec: adding finalizer "cephblockpool.ceph.rook.io" on "kube-rbd"
2026-06-05 04:56:51.289481 E | clusterdisruption-controller: cephcluster "rook-ceph/" seems to be deleted, not requeuing until triggered again
2026-06-05 04:56:51.319547 I | ceph-spec: adding finalizer "cephcluster.ceph.rook.io" on "rook-ceph"
2026-06-05 04:56:51.332037 I | clusterdisruption-controller: deleted all legacy node drain canary pods
2026-06-05 04:56:51.346993 I | ceph-spec: parsing mon endpoints: a=10.233.52.0:6789,c=10.233.19.169:6789,b=10.233.15.190:6789
2026-06-05 04:56:51.347208 I | op-k8sutil: ROOK_OBC_WATCH_OPERATOR_NAMESPACE="true" (configmap)
2026-06-05 04:56:51.347265 I | op-k8sutil: ROOK_OBC_PROVISIONER_NAME_PREFIX="" (default)
2026-06-05 04:56:51.347301 I | op-bucket-prov: ceph bucket provisioner launched watching for provisioner "rook-ceph.ceph.rook.io/bucket"
2026-06-05 04:56:51.348397 I | op-bucket-prov: successfully reconciled bucket provisioner
I0605 04:56:51.348573       1 manager.go:135] "msg"="starting provisioner" "logger"="objectbucket.io/provisioner-manager" "name"="rook-ceph.ceph.rook.io/bucket"
2026-06-05 04:56:51.356564 I | ceph-spec: adding finalizer "cephfilesystem.ceph.rook.io" on "dc-lab-ceph-fs"
2026-06-05 04:56:51.361750 I | ceph-cluster-controller: reconciling ceph cluster in namespace "rook-ceph"
2026-06-05 04:56:51.378413 I | ceph-spec: adding finalizer "cephfilesystemsubvolumegroup.ceph.rook.io" on "dc-lab-ceph-fs-csi"
2026-06-05 04:56:51.399550 W | ceph-file-controller: failed to set filesystem "dc-lab-ceph-fs" status to "Progressing". failed to update object "rook-ceph/dc-lab-ceph-fs" status: Operation cannot be fulfilled on cephfilesystems.ceph.rook.io "dc-lab-ceph-fs": the object has been modified; please apply your changes to the latest version and try again
2026-06-05 04:56:51.399608 E | ceph-file-controller: failed to reconcile failed to update ceph filesystem status
2026-06-05 04:56:51.399770 E | ceph-file-controller: failed to reconcile CephFilesystem "rook-ceph/dc-lab-ceph-fs". failed to update ceph filesystem status
2026-06-05 04:56:51.412182 I | ceph-spec: parsing mon endpoints: a=10.233.52.0:6789,c=10.233.19.169:6789,b=10.233.15.190:6789
2026-06-05 04:56:51.440062 I | ceph-spec: adding finalizer "cephobjectstore.ceph.rook.io" on "dc-lab-ceph-store"
2026-06-05 04:56:51.450140 E | ceph-fs-subvolumegroup-controller: failed to set ceph filesystem subvolume group "rook-ceph/dc-lab-ceph-fs-csi" status to "Progressing". failed to update object "rook-ceph/dc-lab-ceph-fs-csi" status: Operation cannot be fulfilled on cephfilesystemsubvolumegroups.ceph.rook.io "dc-lab-ceph-fs-csi": the object has been modified; please apply your changes to the latest version and try again
2026-06-05 04:56:51.482873 I | ceph-spec: detecting the ceph image version for image quay.io/ceph/ceph:v18...
2026-06-05 04:56:51.498406 I | op-k8sutil: CSI_ENABLE_HOST_NETWORK="true" (configmap)
2026-06-05 04:56:51.498448 I | op-k8sutil: CSI_DISABLE_HOLDER_PODS="true" (configmap)
2026-06-05 04:56:51.728083 I | ceph-spec: parsing mon endpoints: a=10.233.52.0:6789,c=10.233.19.169:6789,b=10.233.15.190:6789
2026-06-05 04:56:52.129747 I | op-k8sutil: ROOK_CSI_ENABLE_RBD="true" (configmap)
2026-06-05 04:56:52.129803 I | op-k8sutil: ROOK_CSI_ENABLE_CEPHFS="true" (configmap)
2026-06-05 04:56:52.129816 I | op-k8sutil: ROOK_CSI_ENABLE_NFS="false" (configmap)
2026-06-05 04:56:52.129832 I | op-k8sutil: ROOK_CSI_ALLOW_UNSUPPORTED_VERSION="false" (default)
2026-06-05 04:56:52.129854 I | op-k8sutil: CSI_FORCE_CEPHFS_KERNEL_CLIENT="true" (configmap)
2026-06-05 04:56:52.129878 I | op-k8sutil: CSI_GRPC_TIMEOUT_SECONDS="150" (configmap)
2026-06-05 04:56:52.129894 I | op-k8sutil: CSI_CEPHFS_LIVENESS_METRICS_PORT="9081" (default)
2026-06-05 04:56:52.129911 I | op-k8sutil: CSIADDONS_PORT="9070" (default)
2026-06-05 04:56:52.129924 I | op-k8sutil: CSI_RBD_LIVENESS_METRICS_PORT="9080" (default)
2026-06-05 04:56:52.129936 I | op-k8sutil: CSI_ENABLE_LIVENESS="false" (default)
2026-06-05 04:56:52.129949 I | op-k8sutil: CSI_PLUGIN_PRIORITY_CLASSNAME="system-node-critical" (configmap)
2026-06-05 04:56:52.129962 I | op-k8sutil: CSI_PROVISIONER_PRIORITY_CLASSNAME="system-cluster-critical" (configmap)
2026-06-05 04:56:52.129972 I | op-k8sutil: CSI_ENABLE_OMAP_GENERATOR="false" (configmap)
2026-06-05 04:56:52.129986 I | op-k8sutil: CSI_ENABLE_RBD_SNAPSHOTTER="true" (configmap)
2026-06-05 04:56:52.129997 I | op-k8sutil: CSI_ENABLE_CEPHFS_SNAPSHOTTER="true" (configmap)
2026-06-05 04:56:52.130008 I | op-k8sutil: CSI_ENABLE_NFS_SNAPSHOTTER="true" (configmap)
2026-06-05 04:56:52.136103 I | op-k8sutil: CSI_ENABLE_CSIADDONS="false" (configmap)
2026-06-05 04:56:52.136156 I | op-k8sutil: CSI_ENABLE_TOPOLOGY="false" (configmap)
2026-06-05 04:56:52.136182 I | op-k8sutil: CSI_ENABLE_ENCRYPTION="false" (configmap)
2026-06-05 04:56:52.136204 I | op-k8sutil: CSI_ENABLE_METADATA="false" (configmap)
2026-06-05 04:56:52.136226 I | op-k8sutil: CSI_CEPHFS_PLUGIN_UPDATE_STRATEGY="RollingUpdate" (default)
2026-06-05 04:56:52.136272 I | op-k8sutil: CSI_CEPHFS_PLUGIN_UPDATE_STRATEGY_MAX_UNAVAILABLE="1" (default)
2026-06-05 04:56:52.136302 I | op-k8sutil: CSI_NFS_PLUGIN_UPDATE_STRATEGY="RollingUpdate" (default)
2026-06-05 04:56:52.136324 I | op-k8sutil: CSI_RBD_PLUGIN_UPDATE_STRATEGY="RollingUpdate" (default)
2026-06-05 04:56:52.136345 I | op-k8sutil: CSI_RBD_PLUGIN_UPDATE_STRATEGY_MAX_UNAVAILABLE="1" (default)
2026-06-05 04:56:52.136365 I | op-k8sutil: CSI_PLUGIN_ENABLE_SELINUX_HOST_MOUNT="false" (configmap)
2026-06-05 04:56:52.136396 I | ceph-csi: Kubernetes version is 1.29
2026-06-05 04:56:52.136418 I | op-k8sutil: CSI_LOG_LEVEL="" (default)
2026-06-05 04:56:52.136440 I | op-k8sutil: CSI_SIDECAR_LOG_LEVEL="" (default)
2026-06-05 04:56:52.136458 I | op-k8sutil: CSI_LEADER_ELECTION_LEASE_DURATION="" (default)
2026-06-05 04:56:52.136502 I | op-k8sutil: CSI_LEADER_ELECTION_RENEW_DEADLINE="" (default)
2026-06-05 04:56:52.136556 I | op-k8sutil: CSI_LEADER_ELECTION_RETRY_PERIOD="" (default)
2026-06-05 04:56:52.334925 I | op-k8sutil: CSI_PROVISIONER_REPLICAS="2" (configmap)
2026-06-05 04:56:52.334988 I | op-k8sutil: ROOK_CSI_CEPH_IMAGE="quay.io/cephcsi/cephcsi:v3.11.0" (configmap)
2026-06-05 04:56:52.335011 I | op-k8sutil: ROOK_CSI_REGISTRAR_IMAGE="registry.k8s.io/sig-storage/csi-node-driver-registrar:v2.10.1" (configmap)
2026-06-05 04:56:52.335025 I | op-k8sutil: ROOK_CSI_PROVISIONER_IMAGE="registry.k8s.io/sig-storage/csi-provisioner:v4.0.1" (configmap)
2026-06-05 04:56:52.335039 I | op-k8sutil: ROOK_CSI_ATTACHER_IMAGE="registry.k8s.io/sig-storage/csi-attacher:v4.5.1" (configmap)
2026-06-05 04:56:52.335052 I | op-k8sutil: ROOK_CSI_SNAPSHOTTER_IMAGE="registry.k8s.io/sig-storage/csi-snapshotter:v7.0.2" (configmap)
2026-06-05 04:56:52.335066 I | op-k8sutil: ROOK_CSI_RESIZER_IMAGE="registry.k8s.io/sig-storage/csi-resizer:v1.10.1" (configmap)
2026-06-05 04:56:52.335081 I | op-k8sutil: ROOK_CSI_KUBELET_DIR_PATH="/var/lib/kubelet" (default)
2026-06-05 04:56:52.335094 I | op-k8sutil: ROOK_CSIADDONS_IMAGE="quay.io/csiaddons/k8s-sidecar:v0.8.0" (configmap)
2026-06-05 04:56:52.335107 I | op-k8sutil: CSI_TOPOLOGY_DOMAIN_LABELS="" (default)
2026-06-05 04:56:52.335122 I | op-k8sutil: ROOK_CSI_CEPHFS_POD_LABELS="" (default)
2026-06-05 04:56:52.335134 I | op-k8sutil: ROOK_CSI_NFS_POD_LABELS="" (default)
2026-06-05 04:56:52.335145 I | op-k8sutil: ROOK_CSI_RBD_POD_LABELS="" (default)
2026-06-05 04:56:52.335157 I | op-k8sutil: CSI_CLUSTER_NAME="" (default)
2026-06-05 04:56:52.335168 I | op-k8sutil: ROOK_CSI_IMAGE_PULL_POLICY="IfNotPresent" (configmap)
2026-06-05 04:56:52.335180 I | op-k8sutil: CSI_CEPHFS_KERNEL_MOUNT_OPTIONS="" (default)
2026-06-05 04:56:52.335194 I | op-k8sutil: CSI_CEPHFS_ATTACH_REQUIRED="true" (configmap)
2026-06-05 04:56:52.335206 I | op-k8sutil: CSI_RBD_ATTACH_REQUIRED="true" (configmap)
2026-06-05 04:56:52.335217 I | op-k8sutil: CSI_NFS_ATTACH_REQUIRED="true" (configmap)
2026-06-05 04:56:52.335249 I | op-k8sutil: CSI_DRIVER_NAME_PREFIX="rook-ceph" (default)
2026-06-05 04:56:52.342534 I | op-k8sutil: CSI_ENABLE_VOLUME_GROUP_SNAPSHOT="true" (configmap)
2026-06-05 04:56:52.342580 I | ceph-csi: detecting the ceph csi image version for image "quay.io/cephcsi/cephcsi:v3.11.0"
2026-06-05 04:56:52.342946 I | op-k8sutil: CSI_PROVISIONER_TOLERATIONS="" (default)
2026-06-05 04:56:52.342980 I | op-k8sutil: CSI_PROVISIONER_NODE_AFFINITY="" (default)
2026-06-05 04:57:00.790474 I | ceph-spec: detected ceph image version: "18.2.8-0 reef"
2026-06-05 04:57:00.790539 I | ceph-cluster-controller: validating ceph version from provided image
2026-06-05 04:57:00.830842 I | ceph-spec: parsing mon endpoints: a=10.233.52.0:6789,c=10.233.19.169:6789,b=10.233.15.190:6789
2026-06-05 04:57:00.845110 I | cephclient: writing config file /var/lib/rook/rook-ceph/rook-ceph.config
2026-06-05 04:57:00.845411 I | cephclient: generated admin config in /var/lib/rook/rook-ceph
2026-06-05 04:57:02.902518 I | ceph-csi: Detected ceph CSI image version: "v3.11.0"
2026-06-05 04:57:02.955215 I | op-k8sutil: CSI_PLUGIN_TOLERATIONS="" (default)
2026-06-05 04:57:02.955494 I | op-k8sutil: CSI_PLUGIN_NODE_AFFINITY="" (default)
2026-06-05 04:57:02.955525 I | op-k8sutil: CSI_RBD_PLUGIN_TOLERATIONS="" (default)
2026-06-05 04:57:02.955540 I | op-k8sutil: CSI_RBD_PLUGIN_NODE_AFFINITY="" (default)
2026-06-05 04:57:02.955568 I | op-k8sutil: CSI_RBD_PLUGIN_RESOURCE="- name : driver-registrar\n  resource:\n    requests:\n      memory: 128Mi\n      cpu: 50m\n    limits:\n      memory: 256Mi\n- name : csi-rbdplugin\n  resource:\n    requests:\n      memory: 512Mi\n      cpu: 250m\n    limits:\n      memory: 1Gi\n- name : liveness-prometheus\n  resource:\n    requests:\n      memory: 128Mi\n      cpu: 50m\n    limits:\n      memory: 256Mi\n" (configmap)
2026-06-05 04:57:02.955917 I | op-k8sutil: CSI_RBD_PLUGIN_VOLUME="" (default)
2026-06-05 04:57:02.955938 I | op-k8sutil: CSI_RBD_PLUGIN_VOLUME_MOUNT="" (default)
2026-06-05 04:57:03.019840 I | op-k8sutil: CSI_RBD_PROVISIONER_TOLERATIONS="" (default)
2026-06-05 04:57:03.019913 I | op-k8sutil: CSI_RBD_PROVISIONER_NODE_AFFINITY="" (default)
2026-06-05 04:57:03.020176 I | op-k8sutil: CSI_RBD_PROVISIONER_RESOURCE="- name : csi-provisioner\n  resource:\n    requests:\n      memory: 128Mi\n      cpu: 100m\n    limits:\n      memory: 256Mi\n- name : csi-resizer\n  resource:\n    requests:\n      memory: 128Mi\n      cpu: 100m\n    limits:\n      memory: 256Mi\n- name : csi-attacher\n  resource:\n    requests:\n      memory: 128Mi\n      cpu: 100m\n    limits:\n      memory: 256Mi\n- name : csi-snapshotter\n  resource:\n    requests:\n      memory: 128Mi\n      cpu: 100m\n    limits:\n      memory: 256Mi\n- name : csi-rbdplugin\n  resource:\n    requests:\n      memory: 512Mi\n    limits:\n      memory: 1Gi\n- name : csi-omap-generator\n  resource:\n    requests:\n      memory: 512Mi\n      cpu: 250m\n    limits:\n      memory: 1Gi\n- name : liveness-prometheus\n  resource:\n    requests:\n      memory: 128Mi\n      cpu: 50m\n    limits:\n      memory: 256Mi\n" (configmap)
2026-06-05 04:57:03.142428 I | ceph-csi: successfully started CSI Ceph RBD driver
2026-06-05 04:57:03.142504 I | op-k8sutil: CSI_CEPHFS_PLUGIN_TOLERATIONS="" (default)
2026-06-05 04:57:03.142521 I | op-k8sutil: CSI_CEPHFS_PLUGIN_NODE_AFFINITY="" (default)
2026-06-05 04:57:03.142557 I | op-k8sutil: CSI_CEPHFS_PLUGIN_RESOURCE="- name : driver-registrar\n  resource:\n    requests:\n      memory: 128Mi\n      cpu: 50m\n    limits:\n      memory: 256Mi\n- name : csi-cephfsplugin\n  resource:\n    requests:\n      memory: 512Mi\n      cpu: 250m\n    limits:\n      memory: 1Gi\n- name : liveness-prometheus\n  resource:\n    requests:\n      memory: 128Mi\n      cpu: 50m\n    limits:\n      memory: 256Mi\n" (configmap)
2026-06-05 04:57:03.142951 I | op-k8sutil: CSI_CEPHFS_PLUGIN_VOLUME="" (default)
2026-06-05 04:57:03.142985 I | op-k8sutil: CSI_CEPHFS_PLUGIN_VOLUME_MOUNT="" (default)
2026-06-05 04:57:03.184748 I | op-k8sutil: CSI_CEPHFS_PROVISIONER_TOLERATIONS="" (default)
2026-06-05 04:57:03.184812 I | op-k8sutil: CSI_CEPHFS_PROVISIONER_NODE_AFFINITY="" (default)
2026-06-05 04:57:03.184852 I | op-k8sutil: CSI_CEPHFS_PROVISIONER_RESOURCE="- name : csi-provisioner\n  resource:\n    requests:\n      memory: 128Mi\n      cpu: 100m\n    limits:\n      memory: 256Mi\n- name : csi-resizer\n  resource:\n    requests:\n      memory: 128Mi\n      cpu: 100m\n    limits:\n      memory: 256Mi\n- name : csi-attacher\n  resource:\n    requests:\n      memory: 128Mi\n      cpu: 100m\n    limits:\n      memory: 256Mi\n- name : csi-snapshotter\n  resource:\n    requests:\n      memory: 128Mi\n      cpu: 100m\n    limits:\n      memory: 256Mi\n- name : csi-cephfsplugin\n  resource:\n    requests:\n      memory: 512Mi\n      cpu: 250m\n    limits:\n      memory: 1Gi\n- name : liveness-prometheus\n  resource:\n    requests:\n      memory: 128Mi\n      cpu: 50m\n    limits:\n      memory: 256Mi\n" (configmap)
2026-06-05 04:57:03.628910 I | ceph-csi: successfully started CSI CephFS driver
2026-06-05 04:57:03.628992 I | op-k8sutil: CSI_RBD_FSGROUPPOLICY="File" (configmap)
2026-06-05 04:57:03.746602 I | ceph-csi: CSIDriver object created for driver "rook-ceph.rbd.csi.ceph.com"
2026-06-05 04:57:03.746664 I | op-k8sutil: CSI_CEPHFS_FSGROUPPOLICY="File" (configmap)
2026-06-05 04:57:04.243851 I | ceph-csi: CSIDriver object created for driver "rook-ceph.cephfs.csi.ceph.com"
2026-06-05 04:57:04.243922 I | ceph-csi: CSI NFS driver disabled
2026-06-05 04:57:04.243948 I | op-k8sutil: removing daemonset csi-nfsplugin if it exists
2026-06-05 04:57:04.740833 I | op-k8sutil: removing deployment csi-nfsplugin-provisioner if it exists
2026-06-05 04:57:11.629299 I | ceph-csi: successfully removed CSI NFS driver
2026-06-05 04:57:16.104369 E | ceph-cluster-controller: failed to get ceph daemons versions, this typically happens during the first cluster initialization. failed to run 'ceph versions'. . timed out: exit status 1
2026-06-05 04:57:16.104456 I | ceph-cluster-controller: cluster "rook-ceph": version "18.2.8-0 reef" detected for image "quay.io/ceph/ceph:v18"
2026-06-05 04:57:17.804287 E | ceph-spec: failed to update cluster condition to {Type:Progressing Status:True Reason:ClusterProgressing Message:Configuring the Ceph cluster LastHeartbeatTime:2026-06-05 04:57:17.094045638 +0000 UTC m=+766.632988617 LastTransitionTime:2026-06-05 04:57:17.094045432 +0000 UTC m=+766.632988460}. failed to update object "rook-ceph/rook-ceph" status: Operation cannot be fulfilled on cephclusters.ceph.rook.io "rook-ceph": the object has been modified; please apply your changes to the latest version and try again
2026-06-05 04:57:18.721914 I | ceph-cluster-controller: adding helm chart name "rook-ceph-cluster" annotation to configmap
2026-06-05 04:57:18.765449 I | ceph-cluster-controller: created placeholder configmap for ceph overrides "rook-config-override"
2026-06-05 04:57:18.819553 I | op-mon: start running mons
2026-06-05 04:57:18.866124 I | ceph-spec: parsing mon endpoints: a=10.233.52.0:6789,c=10.233.19.169:6789,b=10.233.15.190:6789
2026-06-05 04:57:19.964160 I | op-mon: saved mon endpoints to config map map[csi-cluster-config-json:[{"clusterID":"rook-ceph","monitors":["10.233.52.0:6789","10.233.19.169:6789","10.233.15.190:6789"],"cephFS":{"netNamespaceFilePath":"","subvolumeGroup":"","kernelMountOptions":"","fuseMountOptions":""},"rbd":{"netNamespaceFilePath":"","radosNamespace":""},"nfs":{"netNamespaceFilePath":""},"readAffinity":{"enabled":false,"crushLocationLabels":null},"namespace":""}] data:a=10.233.52.0:6789,c=10.233.19.169:6789,b=10.233.15.190:6789 mapping:{"node":{"a":{"Name":"host34-2","Hostname":"host34-2","Address":"172.16.2.44"},"b":{"Name":"hostb12-1","Hostname":"hostb12-1","Address":"172.16.2.45"},"c":{"Name":"hostb12-1","Hostname":"hostb12-1","Address":"172.16.2.45"}}} maxMonId:2 outOfQuorum:]
2026-06-05 04:57:23.333025 I | cephclient: writing config file /var/lib/rook/rook-ceph/rook-ceph.config
2026-06-05 04:57:23.333634 I | cephclient: generated admin config in /var/lib/rook/rook-ceph
2026-06-05 04:57:24.219847 I | op-mon: targeting the mon count 3
2026-06-05 04:57:24.248134 I | op-config: applying ceph settings:
[global]
mon allow pool delete   = true
mon cluster log file    =
mon allow pool size one = true
2026-06-05 04:57:39.249831 I | exec: exec timeout waiting for process ceph to return. Sending interrupt signal to the process
2026-06-05 04:57:39.255380 E | op-config: failed to open assimilate output file /var/lib/rook/1245495712.out. open /var/lib/rook/1245495712.out: no such file or directory
2026-06-05 04:57:39.255514 E | op-config: failed to run command ceph [config assimilate-conf -i /var/lib/rook/1245495712 -o /var/lib/rook/1245495712.out]
2026-06-05 04:57:39.255527 E | op-config: failed to apply ceph settings:
2026-06-05 04:57:39.255755 E | op-config: failed to remove file "/var/lib/rook/1245495712.out". remove /var/lib/rook/1245495712.out: no such file or directory
2026-06-05 04:57:39.255851 W | op-mon: failed to set Rook and/or user-defined Ceph config options before starting mons; will retry after starting mons. failed to apply default Ceph configurations: failed to set all keys: failed to set ceph config in the centralized mon configuration database; output: Cluster connection aborted: exit status 1
2026-06-05 04:57:39.255866 I | op-mon: checking for basic quorum with existing mons
2026-06-05 04:57:39.264503 I | op-mon: ensuring the clusterIP for mon "a" is "10.233.52.0"
2026-06-05 04:57:39.372917 I | op-mon: mon "a" cluster IP is 10.233.52.0
2026-06-05 04:57:39.385609 I | op-mon: ensuring the clusterIP for mon "c" is "10.233.19.169"
2026-06-05 04:57:39.436928 I | op-mon: mon "c" cluster IP is 10.233.19.169
2026-06-05 04:57:39.445286 I | op-mon: ensuring the clusterIP for mon "b" is "10.233.15.190"
2026-06-05 04:57:39.484387 I | op-mon: mon "b" cluster IP is 10.233.15.190
2026-06-05 04:57:39.548739 I | op-mon: saved mon endpoints to config map map[csi-cluster-config-json:[{"clusterID":"rook-ceph","monitors":["10.233.52.0:6789","10.233.19.169:6789","10.233.15.190:6789"],"cephFS":{"netNamespaceFilePath":"","subvolumeGroup":"","kernelMountOptions":"","fuseMountOptions":""},"rbd":{"netNamespaceFilePath":"","radosNamespace":""},"nfs":{"netNamespaceFilePath":""},"readAffinity":{"enabled":false,"crushLocationLabels":null},"namespace":""}] data:a=10.233.52.0:6789,c=10.233.19.169:6789,b=10.233.15.190:6789 mapping:{"node":{"a":{"Name":"host34-2","Hostname":"host34-2","Address":"172.16.2.44"},"b":{"Name":"hostb12-1","Hostname":"hostb12-1","Address":"172.16.2.45"},"c":{"Name":"hostb12-1","Hostname":"hostb12-1","Address":"172.16.2.45"}}} maxMonId:2 outOfQuorum:]
2026-06-05 04:57:39.668779 I | cephclient: writing config file /var/lib/rook/rook-ceph/rook-ceph.config
2026-06-05 04:57:39.669277 I | cephclient: generated admin config in /var/lib/rook/rook-ceph
2026-06-05 04:57:40.277207 I | op-mon: 0 of 3 expected mon deployments exist. creating new deployment(s).
2026-06-05 04:57:40.666495 I | op-mon: no need to commit maxMonID 0 since it is not greater than existing maxMonID 2
2026-06-05 04:57:41.672248 I | op-mon: saved mon endpoints to config map map[csi-cluster-config-json:[{"clusterID":"rook-ceph","monitors":["10.233.52.0:6789","10.233.19.169:6789","10.233.15.190:6789"],"cephFS":{"netNamespaceFilePath":"","subvolumeGroup":"","kernelMountOptions":"","fuseMountOptions":""},"rbd":{"netNamespaceFilePath":"","radosNamespace":""},"nfs":{"netNamespaceFilePath":""},"readAffinity":{"enabled":false,"crushLocationLabels":null},"namespace":""}] data:a=10.233.52.0:6789,c=10.233.19.169:6789,b=10.233.15.190:6789 mapping:{"node":{"a":{"Name":"host34-2","Hostname":"host34-2","Address":"172.16.2.44"},"b":{"Name":"hostb12-1","Hostname":"hostb12-1","Address":"172.16.2.45"},"c":{"Name":"hostb12-1","Hostname":"hostb12-1","Address":"172.16.2.45"}}} maxMonId:2 outOfQuorum:]
2026-06-05 04:57:41.875638 I | op-mon: no need to commit maxMonID 2 since it is not greater than existing maxMonID 2
2026-06-05 04:57:42.466146 I | op-mon: saved mon endpoints to config map map[csi-cluster-config-json:[{"clusterID":"rook-ceph","monitors":["10.233.52.0:6789","10.233.19.169:6789","10.233.15.190:6789"],"cephFS":{"netNamespaceFilePath":"","subvolumeGroup":"","kernelMountOptions":"","fuseMountOptions":""},"rbd":{"netNamespaceFilePath":"","radosNamespace":""},"nfs":{"netNamespaceFilePath":""},"readAffinity":{"enabled":false,"crushLocationLabels":null},"namespace":""}] data:a=10.233.52.0:6789,c=10.233.19.169:6789,b=10.233.15.190:6789 mapping:{"node":{"a":{"Name":"host34-2","Hostname":"host34-2","Address":"172.16.2.44"},"b":{"Name":"hostb12-1","Hostname":"hostb12-1","Address":"172.16.2.45"},"c":{"Name":"hostb12-1","Hostname":"hostb12-1","Address":"172.16.2.45"}}} maxMonId:2 outOfQuorum:]
2026-06-05 04:57:42.952447 I | op-mon: no need to commit maxMonID 1 since it is not greater than existing maxMonID 2
2026-06-05 04:57:43.392847 I | op-mon: saved mon endpoints to config map map[csi-cluster-config-json:[{"clusterID":"rook-ceph","monitors":["10.233.52.0:6789","10.233.19.169:6789","10.233.15.190:6789"],"cephFS":{"netNamespaceFilePath":"","subvolumeGroup":"","kernelMountOptions":"","fuseMountOptions":""},"rbd":{"netNamespaceFilePath":"","radosNamespace":""},"nfs":{"netNamespaceFilePath":""},"readAffinity":{"enabled":false,"crushLocationLabels":null},"namespace":""}] data:a=10.233.52.0:6789,c=10.233.19.169:6789,b=10.233.15.190:6789 mapping:{"node":{"a":{"Name":"host34-2","Hostname":"host34-2","Address":"172.16.2.44"},"b":{"Name":"hostb12-1","Hostname":"hostb12-1","Address":"172.16.2.45"},"c":{"Name":"hostb12-1","Hostname":"hostb12-1","Address":"172.16.2.45"}}} maxMonId:2 outOfQuorum:]
2026-06-05 04:57:43.392912 I | op-mon: waiting for mon quorum with [a c b]
2026-06-05 04:57:43.493508 I | op-mon: mon a is not yet running
2026-06-05 04:57:43.675860 I | op-mon: mon c is not yet running
2026-06-05 04:57:43.959560 I | op-mon: mon b is not yet running
2026-06-05 04:57:43.959620 I | op-mon: mons running: []
2026-06-05 04:58:04.365027 I | op-mon: mons running: [a c b]
2026-06-05 04:58:16.932947 I | op-mon: Monitors in quorum: [b c]
2026-06-05 04:58:16.933020 I | op-mon: mons created: 3
2026-06-05 04:58:16.942344 I | clusterdisruption-controller: all PGs are active+clean. Restoring default OSD pdb settings
2026-06-05 04:58:16.942390 I | clusterdisruption-controller: creating the default pdb "rook-ceph-osd" with maxUnavailable=1 for all osd
2026-06-05 04:58:17.030410 I | clusterdisruption-controller: reconciling osd pdb reconciler as the allowed disruptions in default pdb is 0
2026-06-05 04:58:17.560644 I | op-mon: waiting for mon quorum with [a c b]
2026-06-05 04:58:17.602148 I | clusterdisruption-controller: reconciling osd pdb reconciler as the allowed disruptions in default pdb is 0
2026-06-05 04:58:17.617178 I | op-mon: mons running: [a c b]
2026-06-05 04:58:18.119374 I | clusterdisruption-controller: reconciling osd pdb reconciler as the allowed disruptions in default pdb is 0
2026-06-05 04:58:18.186573 I | op-mon: Monitors in quorum: [b c]
2026-06-05 04:58:18.187826 I | op-config: applying ceph settings:
[global]
mon allow pool delete   = true
mon cluster log file    =
mon allow pool size one = true
2026-06-05 04:58:18.739660 I | op-config: successfully applied settings to the mon configuration database
2026-06-05 04:58:18.740416 I | op-config: applying ceph settings:
[global]
log to file = true
2026-06-05 04:58:19.269573 I | op-config: successfully applied settings to the mon configuration database
2026-06-05 04:58:19.269790 I | op-config: deleting "global" "log file" option from the mon configuration database
2026-06-05 04:58:19.804546 I | op-config: successfully deleted "log file" option from the mon configuration database
2026-06-05 04:58:19.804618 I | ceph-spec: not applying network settings for cluster "rook-ceph" ceph networks
2026-06-05 04:58:19.816476 I | cephclient: getting or creating ceph auth key "client.csi-rbd-provisioner"
2026-06-05 04:58:20.364029 I | cephclient: getting or creating ceph auth key "client.csi-rbd-node"
2026-06-05 04:58:20.923808 I | cephclient: getting or creating ceph auth key "client.csi-cephfs-provisioner"
2026-06-05 04:58:21.586782 I | cephclient: getting or creating ceph auth key "client.csi-cephfs-node"
2026-06-05 04:58:22.201163 I | ceph-csi: created kubernetes csi secrets for cluster "rook-ceph"
2026-06-05 04:58:22.201222 I | cephclient: getting or creating ceph auth key "client.crash"
2026-06-05 04:58:22.808154 I | ceph-nodedaemon-controller: created kubernetes crash collector secret for cluster "rook-ceph"
2026-06-05 04:58:22.808201 I | cephclient: getting or creating ceph auth key "client.ceph-exporter"
2026-06-05 04:58:23.438114 I | ceph-nodedaemon-controller: created kubernetes exporter secret for cluster "rook-ceph"
2026-06-05 04:58:23.438179 I | op-config: deleting "global" "ms_cluster_mode" option from the mon configuration database
2026-06-05 04:58:24.002290 I | op-config: successfully deleted "ms_cluster_mode" option from the mon configuration database
2026-06-05 04:58:24.002356 I | op-config: deleting "global" "ms_service_mode" option from the mon configuration database
2026-06-05 04:58:24.515083 I | op-config: successfully deleted "ms_service_mode" option from the mon configuration database
2026-06-05 04:58:24.515156 I | op-config: deleting "global" "ms_client_mode" option from the mon configuration database
2026-06-05 04:58:25.044759 I | op-config: successfully deleted "ms_client_mode" option from the mon configuration database
2026-06-05 04:58:25.044836 I | op-config: deleting "global" "rbd_default_map_options" option from the mon configuration database
2026-06-05 04:58:25.546266 I | op-config: successfully deleted "rbd_default_map_options" option from the mon configuration database
2026-06-05 04:58:25.546330 I | op-config: deleting "global" "ms_osd_compress_mode" option from the mon configuration database
2026-06-05 04:58:26.074987 I | op-config: successfully deleted "ms_osd_compress_mode" option from the mon configuration database
2026-06-05 04:58:26.076375 I | op-config: applying ceph settings:
[global]
osd_pool_default_min_size = 1
osd_pool_default_size     = 2
2026-06-05 04:58:26.637486 I | op-config: successfully applied settings to the mon configuration database
2026-06-05 04:58:26.637715 I | cephclient: create rbd-mirror bootstrap peer token "client.rbd-mirror-peer"
2026-06-05 04:58:26.637732 I | cephclient: getting or creating ceph auth key "client.rbd-mirror-peer"
2026-06-05 04:58:27.184156 I | cephclient: successfully created rbd-mirror bootstrap peer token for cluster "rook-ceph"
2026-06-05 04:58:27.231447 I | op-mgr: start running mgr
2026-06-05 04:58:27.241908 I | cephclient: getting or creating ceph auth key "mgr.a"
2026-06-05 04:58:27.927068 I | op-config: setting "mon"="auth_allow_insecure_global_id_reclaim"="false" option to the mon configuration database
2026-06-05 04:58:28.953042 I | op-config: successfully set "mon"="auth_allow_insecure_global_id_reclaim"="false" option to the mon configuration database
2026-06-05 04:58:28.953106 I | op-config: insecure global ID is now disabled
2026-06-05 04:58:47.909560 I | clusterdisruption-controller: reconciling osd pdb reconciler as the allowed disruptions in default pdb is 0
2026-06-05 04:58:48.744563 I | clusterdisruption-controller: reconciling osd pdb reconciler as the allowed disruptions in default pdb is 0
2026-06-05 04:58:50.924013 I | op-k8sutil: finished waiting for updated deployment "rook-ceph-mgr-a"
2026-06-05 04:58:51.693776 I | op-mgr: successful modules: balancer
2026-06-05 04:58:51.693972 E | op-mgr: failed modules: "mgr module(s) from the spec". cannot configure mgr module "dashboard" that is configured with other cluster settings
2026-06-05 04:58:51.735075 I | op-osd: start running osds in namespace "rook-ceph"
2026-06-05 04:58:51.735132 I | op-osd: wait timeout for healthy OSDs during upgrade or restart is "10m0s"
2026-06-05 04:58:51.764308 I | op-osd: start provisioning the OSDs on PVCs, if needed
2026-06-05 04:58:51.775767 I | op-osd: no storageClassDeviceSets defined to configure OSDs on PVCs
2026-06-05 04:58:51.775822 I | op-osd: start provisioning the OSDs on nodes, if needed
2026-06-05 04:58:51.814537 I | op-osd: 6 of the 6 storage nodes are valid
2026-06-05 04:58:51.882452 I | op-osd: started OSD provisioning job for node "host12-1"
2026-06-05 04:58:51.996965 I | op-osd: started OSD provisioning job for node "host12-2"
2026-06-05 04:58:52.111756 I | op-osd: started OSD provisioning job for node "host12-3"
2026-06-05 04:58:53.014098 I | op-osd: started OSD provisioning job for node "host34-1"
2026-06-05 04:58:54.044925 I | op-osd: started OSD provisioning job for node "host34-2"
2026-06-05 04:58:54.482608 I | op-mgr: successful modules: prometheus
2026-06-05 04:58:54.499459 I | op-osd: started OSD provisioning job for node "hostb12-1"
2026-06-05 04:58:54.666202 I | op-osd: OSD orchestration status for node host12-1 is "starting"
2026-06-05 04:58:54.666311 I | op-osd: OSD orchestration status for node host12-2 is "starting"
2026-06-05 04:58:54.666359 I | op-osd: OSD orchestration status for node host12-3 is "starting"
2026-06-05 04:58:54.666396 I | op-osd: OSD orchestration status for node host34-1 is "starting"
2026-06-05 04:58:54.666430 I | op-osd: OSD orchestration status for node host34-2 is "starting"
2026-06-05 04:58:54.666460 I | op-osd: OSD orchestration status for node hostb12-1 is "starting"
2026-06-05 04:59:07.158334 I | op-osd: OSD orchestration status for node host12-3 is "orchestrating"
2026-06-05 04:59:18.458875 I | exec: exec timeout waiting for process ceph to return. Sending interrupt signal to the process
2026-06-05 04:59:18.499142 E | op-mgr: failed modules: "dashboard". failed to initialize dashboard: failed to create a self signed cert for the ceph dashboard: failed to create self signed cert on mgr: exec timeout waiting for the command ceph to return
2026-06-05 04:59:21.259572 I | clusterdisruption-controller: reconciling osd pdb reconciler as the allowed disruptions in default pdb is 0
2026-06-05 04:59:21.421337 I | op-osd: OSD orchestration status for node host34-2 is "orchestrating"
2026-06-05 04:59:21.659873 I | op-osd: OSD orchestration status for node hostb12-1 is "orchestrating"
2026-06-05 04:59:22.580774 I | clusterdisruption-controller: reconciling osd pdb reconciler as the allowed disruptions in default pdb is 0
2026-06-05 04:59:39.008278 I | op-osd: OSD orchestration status for node host12-3 is "completed"
2026-06-05 04:59:39.008365 I | op-osd: creating OSD 3 on node "host12-3"
2026-06-05 04:59:39.218397 I | op-osd: creating OSD 0 on node "host12-3"
2026-06-05 04:59:39.578394 I | clusterdisruption-controller: osd "rook-ceph-osd-3" is down and a possible node drain is detected
2026-06-05 04:59:39.578573 I | clusterdisruption-controller: osd "rook-ceph-osd-0" is down and a possible node drain is detected
2026-06-05 04:59:39.821089 I | op-osd: OSD orchestration status for node host34-2 is "completed"
2026-06-05 04:59:39.821162 I | op-osd: creating OSD 5 on node "host34-2"
2026-06-05 04:59:40.719193 I | clusterdisruption-controller: osd is down in failure domain "host12-3". pg health: "cluster has no PGs"
2026-06-05 04:59:43.081814 E | clusterdisruption-controller: failed to update maintenance noout in cluster "rook-ceph/rook-ceph". failed to update flag on crush unit while setting noout.: failed to set flag host12-3 on noout: exit status 22
2026-06-05 04:59:43.081956 I | clusterdisruption-controller: deleting the default pdb "rook-ceph-osd" with maxUnavailable=1 for all osd
2026-06-05 04:59:43.644976 I | op-osd: creating OSD 2 on node "host34-2"
2026-06-05 04:59:46.273575 I | op-osd: OSD orchestration status for node hostb12-1 is "completed"
2026-06-05 04:59:46.273639 I | op-osd: creating OSD 4 on node "hostb12-1"
2026-06-05 04:59:46.762904 I | op-osd: creating OSD 1 on node "hostb12-1"
2026-06-05 04:59:51.262533 I | clusterdisruption-controller: osd "rook-ceph-osd-3" is down but no node drain is detected
2026-06-05 04:59:51.262874 I | clusterdisruption-controller: osd "rook-ceph-osd-2" is down but no node drain is detected
2026-06-05 04:59:51.262961 I | clusterdisruption-controller: osd "rook-ceph-osd-4" is down and a possible node drain is detected
2026-06-05 04:59:51.263135 I | clusterdisruption-controller: osd "rook-ceph-osd-0" is down but no node drain is detected
2026-06-05 04:59:51.263336 I | clusterdisruption-controller: osd "rook-ceph-osd-5" is down but no node drain is detected
2026-06-05 04:59:52.543872 I | clusterdisruption-controller: osd is down in failure domain "host12-3". pg health: "cluster has no PGs"
2026-06-05 04:59:54.500729 I | op-osd: waiting... 3 of 6 OSD prepare jobs have finished processing and 0 of 0 OSDs have been updated
2026-06-05 05:00:00.037277 E | clusterdisruption-controller: failed to update maintenance noout in cluster "rook-ceph/rook-ceph". failed to update flag on crush unit while setting noout.: failed to set flag host12-3 on noout: exit status 22
2026-06-05 05:00:00.037445 I | clusterdisruption-controller: creating temporary blocking pdb "rook-ceph-osd-host-host34-2" with maxUnavailable=0 for "host" failure domain "host34-2"
2026-06-05 05:00:08.661640 E | ceph-nodedaemon-controller: node reconcile failed: failed to create ceph-exporter metrics service: failed to create service rook-ceph-exporter. Internal error occurred: failed to allocate a serviceIP: etcdserver: request timed out
2026-06-05 05:00:15.048553 E | clusterdisruption-controller: failed to handle active drains: failed to create blocking pdb for "host" failure domain "host34-2": failed to create pdb "rook-ceph-osd-host-host34-2": etcdserver: request timed out
2026-06-05 05:00:15.050395 I | clusterdisruption-controller: osd "rook-ceph-osd-2" is down but no node drain is detected
2026-06-05 05:00:15.050631 I | clusterdisruption-controller: osd "rook-ceph-osd-4" is down but no node drain is detected
2026-06-05 05:00:15.050878 I | clusterdisruption-controller: osd "rook-ceph-osd-1" is down but no node drain is detected
2026-06-05 05:00:15.051175 I | clusterdisruption-controller: osd "rook-ceph-osd-3" is down but no node drain is detected
2026-06-05 05:00:15.051398 I | clusterdisruption-controller: osd "rook-ceph-osd-0" is down but no node drain is detected
2026-06-05 05:00:15.051619 I | clusterdisruption-controller: osd "rook-ceph-osd-5" is down but no node drain is detected
E0605 05:00:19.314858       1 event.go:346] "Server rejected event (will not retry!)" err="etcdserver: request timed out" event="&Event{ObjectMeta:{kube-rbd.18b61678eeb1981a  rook-ceph   879537 0 0001-01-01 00:00:00 +0000 UTC <nil> <nil> map[] map[] [] [] []},InvolvedObject:ObjectReference{Kind:CephBlockPool,Namespace:rook-ceph,Name:kube-rbd,UID:b4b22713-ddeb-4a1b-a138-bd6f095f8faa,APIVersion:ceph.rook.io/v1,ResourceVersion:877828,FieldPath:,},Reason:ReconcileSucceeded,Message:successfully configured CephBlockPool \"rook-ceph/kube-rbd\",Source:EventSource{Component:rook-ceph-block-pool-controller,Host:,},FirstTimestamp:2026-06-05 04:56:51 +0000 UTC,LastTimestamp:2026-06-05 05:00:01.361095852 +0000 UTC m=+930.900038855,Count:20,Type:Normal,EventTime:0001-01-01 00:00:00 +0000 UTC,Series:nil,Action:,Related:nil,ReportingController:rook-ceph-block-pool-controller,ReportingInstance:,}"
2026-06-05 05:00:30.313122 I | clusterdisruption-controller: osd "rook-ceph-osd-3" is down but no node drain is detected
2026-06-05 05:00:30.313442 I | clusterdisruption-controller: osd "rook-ceph-osd-2" is down but no node drain is detected
2026-06-05 05:00:30.313950 I | clusterdisruption-controller: osd "rook-ceph-osd-4" is down but no node drain is detected
2026-06-05 05:00:30.314246 I | clusterdisruption-controller: osd "rook-ceph-osd-1" is down but no node drain is detected
2026-06-05 05:00:30.314641 I | clusterdisruption-controller: osd "rook-ceph-osd-0" is down but no node drain is detected
2026-06-05 05:00:30.315027 I | clusterdisruption-controller: osd "rook-ceph-osd-5" is down but no node drain is detected
2026-06-05 05:00:31.506325 I | clusterdisruption-controller: osd is down in failure domain "host12-3". pg health: "cluster has no PGs"
2026-06-05 05:00:33.985864 E | ceph-cluster-controller: failed to handle node failure. failed to get networkfences.csiaddons.openshift.io CRD, skip creating networkFence: etcdserver: request timed out
2026-06-05 05:00:34.619224 E | clusterdisruption-controller: failed to update maintenance noout in cluster "rook-ceph/rook-ceph". failed to update flag on crush unit while setting noout.: failed to set flag host12-3 on noout: exit status 22
2026-06-05 05:00:34.619942 I | clusterdisruption-controller: creating temporary blocking pdb "rook-ceph-osd-host-host34-2" with maxUnavailable=0 for "host" failure domain "host34-2"
2026-06-05 05:00:40.400798 I | clusterdisruption-controller: creating temporary blocking pdb "rook-ceph-osd-host-hostb12-1" with maxUnavailable=0 for "host" failure domain "hostb12-1"
2026-06-05 05:00:40.925636 I | clusterdisruption-controller: osd "rook-ceph-osd-1" is down but no node drain is detected
2026-06-05 05:00:40.925907 I | clusterdisruption-controller: osd "rook-ceph-osd-3" is down but no node drain is detected
2026-06-05 05:00:40.926145 I | clusterdisruption-controller: osd "rook-ceph-osd-2" is down but no node drain is detected
2026-06-05 05:00:40.926376 I | clusterdisruption-controller: osd "rook-ceph-osd-4" is down but no node drain is detected
2026-06-05 05:00:40.926565 I | clusterdisruption-controller: osd "rook-ceph-osd-0" is down but no node drain is detected
2026-06-05 05:00:40.927144 I | clusterdisruption-controller: osd "rook-ceph-osd-5" is down but no node drain is detected
2026-06-05 05:00:43.676092 I | clusterdisruption-controller: osd is down in failure domain "host12-3". pg health: "cluster has no PGs"
2026-06-05 05:00:47.633043 E | clusterdisruption-controller: failed to update maintenance noout in cluster "rook-ceph/rook-ceph". failed to update flag on crush unit while setting noout.: failed to set flag host12-3 on noout: exit status 22
2026-06-05 05:00:54.499606 I | op-osd: waiting... 3 of 6 OSD prepare jobs have finished processing and 0 of 0 OSDs have been updated
2026-06-05 05:01:10.926565 I | clusterdisruption-controller: osd "rook-ceph-osd-5" is down but no node drain is detected
2026-06-05 05:01:10.926842 I | clusterdisruption-controller: osd "rook-ceph-osd-1" is down but no node drain is detected
2026-06-05 05:01:10.927077 I | clusterdisruption-controller: osd "rook-ceph-osd-3" is down but no node drain is detected
2026-06-05 05:01:10.927306 I | clusterdisruption-controller: osd "rook-ceph-osd-2" is down but no node drain is detected
2026-06-05 05:01:10.927499 I | clusterdisruption-controller: osd "rook-ceph-osd-4" is down but no node drain is detected
2026-06-05 05:01:10.927785 I | clusterdisruption-controller: osd "rook-ceph-osd-0" is down but no node drain is detected
2026-06-05 05:01:10.940816 E | ceph-cluster-controller: failed to handle node failure. failed to get configmap value `ROOK_WATCH_FOR_NODE_FAILURE`.: error reading ConfigMap "rook-ceph-operator-config". etcdserver: leader changed
2026-06-05 05:01:25.942080 E | ceph-object-controller: failed to set object store "rook-ceph/dc-lab-ceph-store" status to "Progressing": failed to update object "rook-ceph/dc-lab-ceph-store" status: etcdserver: request timed out
2026-06-05 05:01:26.181971 I | clusterdisruption-controller: osd "rook-ceph-osd-0" is down but no node drain is detected
2026-06-05 05:01:26.182191 I | clusterdisruption-controller: osd "rook-ceph-osd-5" is down but no node drain is detected
2026-06-05 05:01:26.182402 I | clusterdisruption-controller: osd "rook-ceph-osd-4" is down but no node drain is detected
2026-06-05 05:01:26.182578 I | clusterdisruption-controller: osd "rook-ceph-osd-1" is down but no node drain is detected
2026-06-05 05:01:26.182781 I | clusterdisruption-controller: osd "rook-ceph-osd-3" is down but no node drain is detected
2026-06-05 05:01:26.182966 I | clusterdisruption-controller: osd "rook-ceph-osd-2" is down but no node drain is detected
2026-06-05 05:01:26.491579 E | ceph-cluster-controller: failed to handle node failure. failed to get configmap value `ROOK_WATCH_FOR_NODE_FAILURE`.: error reading ConfigMap "rook-ceph-operator-config". etcdserver: request timed out
2026-06-05 05:01:41.426231 I | clusterdisruption-controller: osd "rook-ceph-osd-3" is down but no node drain is detected
2026-06-05 05:01:41.426492 I | clusterdisruption-controller: osd "rook-ceph-osd-2" is down but no node drain is detected
2026-06-05 05:01:41.426806 I | clusterdisruption-controller: osd "rook-ceph-osd-4" is down but no node drain is detected
2026-06-05 05:01:41.427085 I | clusterdisruption-controller: osd "rook-ceph-osd-1" is down but no node drain is detected
2026-06-05 05:01:41.427304 I | clusterdisruption-controller: osd "rook-ceph-osd-0" is down but no node drain is detected
2026-06-05 05:01:41.427492 I | clusterdisruption-controller: osd "rook-ceph-osd-5" is down but no node drain is detected
2026-06-05 05:01:41.863358 E | ceph-cluster-controller: failed to handle node failure. failed to get configmap value `ROOK_WATCH_FOR_NODE_FAILURE`.: error reading ConfigMap "rook-ceph-operator-config". etcdserver: request timed out
E0605 05:01:50.688656       1 event.go:346] "Server rejected event (will not retry!)" err="etcdserver: leader changed" event="&Event{ObjectMeta:{dc-lab-ceph-store.18b61678f91512b0  rook-ceph   879730 0 0001-01-01 00:00:00 +0000 UTC <nil> <nil> map[] map[] [] [] []},InvolvedObject:ObjectReference{Kind:CephObjectStore,Namespace:rook-ceph,Name:dc-lab-ceph-store,UID:663a1cdd-8775-46ea-bc56-ff158ca504eb,APIVersion:ceph.rook.io/v1,ResourceVersion:877946,FieldPath:,},Reason:ReconcileSucceeded,Message:successfully configured CephObjectStore \"rook-ceph/dc-lab-ceph-store\",Source:EventSource{Component:rook-ceph-object-controller,Host:,},FirstTimestamp:2026-06-05 04:56:51 +0000 UTC,LastTimestamp:2026-06-05 05:01:25.94246477 +0000 UTC m=+1015.481407788,Count:21,Type:Normal,EventTime:0001-01-01 00:00:00 +0000 UTC,Series:nil,Action:,Related:nil,ReportingController:rook-ceph-object-controller,ReportingInstance:,}"
2026-06-05 05:01:54.500250 I | op-osd: waiting... 3 of 6 OSD prepare jobs have finished processing and 0 of 0 OSDs have been updated
2026-06-05 05:01:56.698903 I | clusterdisruption-controller: osd "rook-ceph-osd-3" is down but no node drain is detected
2026-06-05 05:01:56.699198 I | clusterdisruption-controller: osd "rook-ceph-osd-2" is down but no node drain is detected
2026-06-05 05:01:56.699469 I | clusterdisruption-controller: osd "rook-ceph-osd-4" is down but no node drain is detected
2026-06-05 05:01:56.699767 I | clusterdisruption-controller: osd "rook-ceph-osd-1" is down but no node drain is detected
2026-06-05 05:01:56.700023 I | clusterdisruption-controller: osd "rook-ceph-osd-0" is down but no node drain is detected
2026-06-05 05:01:56.700308 I | clusterdisruption-controller: osd "rook-ceph-osd-5" is down but no node drain is detected
2026-06-05 05:01:56.865416 E | ceph-object-controller: failed to set object store "rook-ceph/dc-lab-ceph-store" status to "Progressing": failed to update object "rook-ceph/dc-lab-ceph-store" status: etcdserver: request timed out
2026-06-05 05:02:05.691787 E | ceph-cluster-controller: failed to handle node failure. failed to get configmap value `ROOK_WATCH_FOR_NODE_FAILURE`.: error reading ConfigMap "rook-ceph-operator-config". etcdserver: request timed out
E0605 05:02:11.493257       1 event.go:346] "Server rejected event (will not retry!)" err="etcdserver: request timed out" event="&Event{ObjectMeta:{kube-rbd.18b61678eeb1981a  rook-ceph   879754 0 0001-01-01 00:00:00 +0000 UTC <nil> <nil> map[] map[] [] [] []},InvolvedObject:ObjectReference{Kind:CephBlockPool,Namespace:rook-ceph,Name:kube-rbd,UID:b4b22713-ddeb-4a1b-a138-bd6f095f8faa,APIVersion:ceph.rook.io/v1,ResourceVersion:877828,FieldPath:,},Reason:ReconcileSucceeded,Message:successfully configured CephBlockPool \"rook-ceph/kube-rbd\",Source:EventSource{Component:rook-ceph-block-pool-controller,Host:,},FirstTimestamp:2026-06-05 04:56:51 +0000 UTC,LastTimestamp:2026-06-05 05:01:51.375046151 +0000 UTC m=+1040.913989171,Count:31,Type:Normal,EventTime:0001-01-01 00:00:00 +0000 UTC,Series:nil,Action:,Related:nil,ReportingController:rook-ceph-block-pool-controller,ReportingInstance:,}"
2026-06-05 05:02:11.958528 I | clusterdisruption-controller: osd "rook-ceph-osd-0" is down but no node drain is detected
2026-06-05 05:02:11.958874 I | clusterdisruption-controller: osd "rook-ceph-osd-5" is down but no node drain is detected
2026-06-05 05:02:11.959230 I | clusterdisruption-controller: osd "rook-ceph-osd-3" is down but no node drain is detected
2026-06-05 05:02:11.959544 I | clusterdisruption-controller: osd "rook-ceph-osd-2" is down but no node drain is detected
2026-06-05 05:02:11.959878 I | clusterdisruption-controller: osd "rook-ceph-osd-4" is down but no node drain is detected
2026-06-05 05:02:11.960145 I | clusterdisruption-controller: osd "rook-ceph-osd-1" is down but no node drain is detected
2026-06-05 05:02:26.367807 E | ceph-object-controller: failed to set object store "rook-ceph/dc-lab-ceph-store" status to "Progressing": failed to update object "rook-ceph/dc-lab-ceph-store" status: etcdserver: leader changed
2026-06-05 05:02:26.869118 E | ceph-cluster-controller: failed to handle node failure. failed to get configmap value `ROOK_WATCH_FOR_NODE_FAILURE`.: error reading ConfigMap "rook-ceph-operator-config". etcdserver: request timed out
2026-06-05 05:02:27.241555 I | clusterdisruption-controller: osd "rook-ceph-osd-0" is down but no node drain is detected
2026-06-05 05:02:27.241811 I | clusterdisruption-controller: osd "rook-ceph-osd-5" is down but no node drain is detected
2026-06-05 05:02:27.242006 I | clusterdisruption-controller: osd "rook-ceph-osd-3" is down but no node drain is detected
2026-06-05 05:02:27.242193 I | clusterdisruption-controller: osd "rook-ceph-osd-2" is down but no node drain is detected
2026-06-05 05:02:27.242425 I | clusterdisruption-controller: osd "rook-ceph-osd-4" is down but no node drain is detected
2026-06-05 05:02:27.242616 I | clusterdisruption-controller: osd "rook-ceph-osd-1" is down but no node drain is detected
2026-06-05 05:02:29.748228 I | clusterdisruption-controller: osd is down in failure domain "host12-3". pg health: "cluster has no PGs"
2026-06-05 05:02:39.692236 E | ceph-cluster-controller: failed to handle node failure. failed to get configmap value `ROOK_WATCH_FOR_NODE_FAILURE`.: error reading ConfigMap "rook-ceph-operator-config". Get "https://10.233.0.1:443/api/v1/namespaces/rook-ceph/configmaps/rook-ceph-operator-config": dial tcp 10.233.0.1:443: connect: connection refused
2026-06-05 05:02:39.694168 E | ceph-cluster-controller: failed to handle node failure. failed to get configmap value `ROOK_WATCH_FOR_NODE_FAILURE`.: error reading ConfigMap "rook-ceph-operator-config". Get "https://10.233.0.1:443/api/v1/namespaces/rook-ceph/configmaps/rook-ceph-operator-config": dial tcp 10.233.0.1:443: connect: connection refused
2026-06-05 05:02:39.695589 E | ceph-cluster-controller: failed to handle node failure. failed to get configmap value `ROOK_WATCH_FOR_NODE_FAILURE`.: error reading ConfigMap "rook-ceph-operator-config". Get "https://10.233.0.1:443/api/v1/namespaces/rook-ceph/configmaps/rook-ceph-operator-config": dial tcp 10.233.0.1:443: connect: connection refused
E0605 05:02:45.499162       1 event.go:346] "Server rejected event (will not retry!)" err="Timeout: request did not complete within requested timeout - context deadline exceeded" event="&Event{ObjectMeta:{dc-lab-ceph-fs.18b61678f63aa743  rook-ceph   879679 0 0001-01-01 00:00:00 +0000 UTC <nil> <nil> map[] map[] [] [] []},InvolvedObject:ObjectReference{Kind:CephFilesystem,Namespace:rook-ceph,Name:dc-lab-ceph-fs,UID:7435c72e-e8bf-498e-9ca2-ae29ddb4bbfc,APIVersion:ceph.rook.io/v1,ResourceVersion:877846,FieldPath:,},Reason:ReconcileSucceeded,Message:successfully configured CephFilesystem \"rook-ceph/dc-lab-ceph-fs\",Source:EventSource{Component:rook-ceph-file-controller,Host:,},FirstTimestamp:2026-06-05 04:56:51 +0000 UTC,LastTimestamp:2026-06-05 05:01:51.493469151 +0000 UTC m=+1041.032412181,Count:31,Type:Normal,EventTime:0001-01-01 00:00:00 +0000 UTC,Series:nil,Action:,Related:nil,ReportingController:rook-ceph-file-controller,ReportingInstance:,}"
E0605 05:02:45.501179       1 event.go:355] "Unable to write event (may retry after sleeping)" err="Patch \"https://10.233.0.1:443/api/v1/namespaces/rook-ceph/events/dc-lab-ceph-store.18b61678f91512b0\": dial tcp 10.233.0.1:443: connect: connection refused" event="&Event{ObjectMeta:{dc-lab-ceph-store.18b61678f91512b0  rook-ceph   879730 0 0001-01-01 00:00:00 +0000 UTC <nil> <nil> map[] map[] [] [] []},InvolvedObject:ObjectReference{Kind:CephObjectStore,Namespace:rook-ceph,Name:dc-lab-ceph-store,UID:663a1cdd-8775-46ea-bc56-ff158ca504eb,APIVersion:ceph.rook.io/v1,ResourceVersion:877946,FieldPath:,},Reason:ReconcileSucceeded,Message:successfully configured CephObjectStore \"rook-ceph/dc-lab-ceph-store\",Source:EventSource{Component:rook-ceph-object-controller,Host:,},FirstTimestamp:2026-06-05 04:56:51 +0000 UTC,LastTimestamp:2026-06-05 05:01:56.865842436 +0000 UTC m=+1046.404785474,Count:22,Type:Normal,EventTime:0001-01-01 00:00:00 +0000 UTC,Series:nil,Action:,Related:nil,ReportingController:rook-ceph-object-controller,ReportingInstance:,}"
2026-06-05 05:02:48.092964 E | ceph-object-controller: failed to set object store "rook-ceph/dc-lab-ceph-store" status to "Progressing": failed to update object "rook-ceph/dc-lab-ceph-store" status: Put "https://10.233.0.1:443/apis/ceph.rook.io/v1/namespaces/rook-ceph/cephobjectstores/dc-lab-ceph-store/status": http2: server sent GOAWAY and closed the connection; LastStreamID=3395, ErrCode=NO_ERROR, debug=""
2026-06-05 05:02:48.094262 I | op-osd: restarting watcher for OSD provisioning status ConfigMaps. the watcher closed the channel
2026-06-05 05:02:48.097599 E | ceph-spec: failed to update cluster condition to {Type:Progressing Status:False Reason:ClusterProgressing Message:failed to create cluster: failed to start ceph osds: failed to update/create OSDs: failed to list OSD provisioning status ConfigMaps: Get "https://10.233.0.1:443/api/v1/namespaces/rook-ceph/configmaps?labelSelector=app%3Drook-ceph-osd%2Cstatus%3Dprovisioning": dial tcp 10.233.0.1:443: connect: connection refused LastHeartbeatTime:2026-06-05 05:02:48.095904067 +0000 UTC m=+1097.634847051 LastTransitionTime:2026-06-05 05:02:48.095903792 +0000 UTC m=+1097.634846835}. failed to update object "rook-ceph/rook-ceph" status: Put "https://10.233.0.1:443/apis/ceph.rook.io/v1/namespaces/rook-ceph/cephclusters/rook-ceph/status": dial tcp 10.233.0.1:443: connect: connection refused
2026-06-05 05:02:48.097807 E | ceph-cluster-controller: failed to reconcile CephCluster "rook-ceph/rook-ceph". failed to reconcile cluster "rook-ceph": failed to configure local ceph cluster: failed to create cluster: failed to start ceph osds: failed to update/create OSDs: failed to list OSD provisioning status ConfigMaps: Get "https://10.233.0.1:443/api/v1/namespaces/rook-ceph/configmaps?labelSelector=app%!D(MISSING)rook-ceph-osd%!C(MISSING)status%!D(MISSING)provisioning": dial tcp 10.233.0.1:443: connect: connection refused
2026-06-05 05:02:48.103394 I | ceph-cluster-controller: reconciling ceph cluster in namespace "rook-ceph"
2026-06-05 05:02:48.110229 E | ceph-cluster-controller: failed to reconcile CephCluster "rook-ceph/rook-ceph". failed to reconcile cluster "rook-ceph": failed to load cluster info: failed to get mon secrets: Get "https://10.233.0.1:443/api/v1/namespaces/rook-ceph/secrets/rook-ceph-mon": dial tcp 10.233.0.1:443: connect: connection refused
2026-06-05 05:02:48.121016 I | ceph-cluster-controller: reconciling ceph cluster in namespace "rook-ceph"
2026-06-05 05:02:48.122657 E | ceph-cluster-controller: failed to reconcile CephCluster "rook-ceph/rook-ceph". failed to reconcile cluster "rook-ceph": failed to load cluster info: failed to get mon secrets: Get "https://10.233.0.1:443/api/v1/namespaces/rook-ceph/secrets/rook-ceph-mon": dial tcp 10.233.0.1:443: connect: connection refused
2026-06-05 05:02:48.143562 I | ceph-cluster-controller: reconciling ceph cluster in namespace "rook-ceph"
2026-06-05 05:02:48.145318 E | ceph-cluster-controller: failed to reconcile CephCluster "rook-ceph/rook-ceph". failed to reconcile cluster "rook-ceph": failed to load cluster info: failed to get mon secrets: Get "https://10.233.0.1:443/api/v1/namespaces/rook-ceph/secrets/rook-ceph-mon": dial tcp 10.233.0.1:443: connect: connection refused
2026-06-05 05:02:48.186510 I | ceph-cluster-controller: reconciling ceph cluster in namespace "rook-ceph"
2026-06-05 05:02:48.188394 E | ceph-cluster-controller: failed to reconcile CephCluster "rook-ceph/rook-ceph". failed to reconcile cluster "rook-ceph": failed to load cluster info: failed to get mon secrets: Get "https://10.233.0.1:443/api/v1/namespaces/rook-ceph/secrets/rook-ceph-mon": dial tcp 10.233.0.1:443: connect: connection refused
2026-06-05 05:02:48.269540 I | ceph-cluster-controller: reconciling ceph cluster in namespace "rook-ceph"
2026-06-05 05:02:48.271471 E | ceph-cluster-controller: failed to reconcile CephCluster "rook-ceph/rook-ceph". failed to reconcile cluster "rook-ceph": failed to load cluster info: failed to get mon secrets: Get "https://10.233.0.1:443/api/v1/namespaces/rook-ceph/secrets/rook-ceph-mon": dial tcp 10.233.0.1:443: connect: connection refused
2026-06-05 05:02:48.432790 I | ceph-cluster-controller: reconciling ceph cluster in namespace "rook-ceph"
2026-06-05 05:02:48.434670 E | ceph-cluster-controller: failed to reconcile CephCluster "rook-ceph/rook-ceph". failed to reconcile cluster "rook-ceph": failed to load cluster info: failed to get mon secrets: Get "https://10.233.0.1:443/api/v1/namespaces/rook-ceph/secrets/rook-ceph-mon": dial tcp 10.233.0.1:443: connect: connection refused
2026-06-05 05:02:48.756081 I | ceph-cluster-controller: reconciling ceph cluster in namespace "rook-ceph"
2026-06-05 05:02:48.758012 E | ceph-cluster-controller: failed to reconcile CephCluster "rook-ceph/rook-ceph". failed to reconcile cluster "rook-ceph": failed to load cluster info: failed to get mon secrets: Get "https://10.233.0.1:443/api/v1/namespaces/rook-ceph/secrets/rook-ceph-mon": dial tcp 10.233.0.1:443: connect: connection refused
2026-06-05 05:02:49.399142 I | ceph-cluster-controller: reconciling ceph cluster in namespace "rook-ceph"
2026-06-05 05:02:49.401277 E | ceph-cluster-controller: failed to reconcile CephCluster "rook-ceph/rook-ceph". failed to reconcile cluster "rook-ceph": failed to load cluster info: failed to get mon secrets: Get "https://10.233.0.1:443/api/v1/namespaces/rook-ceph/secrets/rook-ceph-mon": dial tcp 10.233.0.1:443: connect: connection refused
2026-06-05 05:02:50.682039 I | ceph-cluster-controller: reconciling ceph cluster in namespace "rook-ceph"
2026-06-05 05:02:50.683922 E | ceph-cluster-controller: failed to reconcile CephCluster "rook-ceph/rook-ceph". failed to reconcile cluster "rook-ceph": failed to load cluster info: failed to get mon secrets: Get "https://10.233.0.1:443/api/v1/namespaces/rook-ceph/secrets/rook-ceph-mon": dial tcp 10.233.0.1:443: connect: connection refused
2026-06-05 05:02:53.244895 I | ceph-cluster-controller: reconciling ceph cluster in namespace "rook-ceph"
2026-06-05 05:02:53.246933 E | ceph-cluster-controller: failed to reconcile CephCluster "rook-ceph/rook-ceph". failed to reconcile cluster "rook-ceph": failed to load cluster info: failed to get mon secrets: Get "https://10.233.0.1:443/api/v1/namespaces/rook-ceph/secrets/rook-ceph-mon": dial tcp 10.233.0.1:443: connect: connection refused
E0605 05:02:54.842491       1 event.go:355] "Unable to write event (may retry after sleeping)" err="Patch \"https://10.233.0.1:443/api/v1/namespaces/rook-ceph/events/dc-lab-ceph-store.18b61678f91512b0\": dial tcp 10.233.0.1:443: connect: connection refused" event="&Event{ObjectMeta:{dc-lab-ceph-store.18b61678f91512b0  rook-ceph   879730 0 0001-01-01 00:00:00 +0000 UTC <nil> <nil> map[] map[] [] [] []},InvolvedObject:ObjectReference{Kind:CephObjectStore,Namespace:rook-ceph,Name:dc-lab-ceph-store,UID:663a1cdd-8775-46ea-bc56-ff158ca504eb,APIVersion:ceph.rook.io/v1,ResourceVersion:877946,FieldPath:,},Reason:ReconcileSucceeded,Message:successfully configured CephObjectStore \"rook-ceph/dc-lab-ceph-store\",Source:EventSource{Component:rook-ceph-object-controller,Host:,},FirstTimestamp:2026-06-05 04:56:51 +0000 UTC,LastTimestamp:2026-06-05 05:01:56.865842436 +0000 UTC m=+1046.404785474,Count:22,Type:Normal,EventTime:0001-01-01 00:00:00 +0000 UTC,Series:nil,Action:,Related:nil,ReportingController:rook-ceph-object-controller,ReportingInstance:,}"
2026-06-05 05:02:58.096008 E | ceph-object-controller: failed to set object store "rook-ceph/dc-lab-ceph-store" status to "Progressing": failed to update object "rook-ceph/dc-lab-ceph-store" status: Put "https://10.233.0.1:443/apis/ceph.rook.io/v1/namespaces/rook-ceph/cephobjectstores/dc-lab-ceph-store/status": dial tcp 10.233.0.1:443: connect: connection refused
2026-06-05 05:02:58.368785 I | ceph-cluster-controller: reconciling ceph cluster in namespace "rook-ceph"
2026-06-05 05:02:58.371087 E | ceph-cluster-controller: failed to reconcile CephCluster "rook-ceph/rook-ceph". failed to reconcile cluster "rook-ceph": failed to load cluster info: failed to get mon secrets: Get "https://10.233.0.1:443/api/v1/namespaces/rook-ceph/secrets/rook-ceph-mon": dial tcp 10.233.0.1:443: connect: connection refused
E0605 05:03:04.845804       1 event.go:355] "Unable to write event (may retry after sleeping)" err="Patch \"https://10.233.0.1:443/api/v1/namespaces/rook-ceph/events/dc-lab-ceph-store.18b61678f91512b0\": dial tcp 10.233.0.1:443: connect: connection refused" event="&Event{ObjectMeta:{dc-lab-ceph-store.18b61678f91512b0  rook-ceph   879730 0 0001-01-01 00:00:00 +0000 UTC <nil> <nil> map[] map[] [] [] []},InvolvedObject:ObjectReference{Kind:CephObjectStore,Namespace:rook-ceph,Name:dc-lab-ceph-store,UID:663a1cdd-8775-46ea-bc56-ff158ca504eb,APIVersion:ceph.rook.io/v1,ResourceVersion:877946,FieldPath:,},Reason:ReconcileSucceeded,Message:successfully configured CephObjectStore \"rook-ceph/dc-lab-ceph-store\",Source:EventSource{Component:rook-ceph-object-controller,Host:,},FirstTimestamp:2026-06-05 04:56:51 +0000 UTC,LastTimestamp:2026-06-05 05:01:56.865842436 +0000 UTC m=+1046.404785474,Count:22,Type:Normal,EventTime:0001-01-01 00:00:00 +0000 UTC,Series:nil,Action:,Related:nil,ReportingController:rook-ceph-object-controller,ReportingInstance:,}"
2026-06-05 05:03:08.098947 E | ceph-object-controller: failed to set object store "rook-ceph/dc-lab-ceph-store" status to "Progressing": failed to update object "rook-ceph/dc-lab-ceph-store" status: Put "https://10.233.0.1:443/apis/ceph.rook.io/v1/namespaces/rook-ceph/cephobjectstores/dc-lab-ceph-store/status": dial tcp 10.233.0.1:443: connect: connection refused
2026-06-05 05:03:08.611808 I | ceph-cluster-controller: reconciling ceph cluster in namespace "rook-ceph"
2026-06-05 05:03:08.613627 E | ceph-cluster-controller: failed to reconcile CephCluster "rook-ceph/rook-ceph". failed to reconcile cluster "rook-ceph": failed to load cluster info: failed to get mon secrets: Get "https://10.233.0.1:443/api/v1/namespaces/rook-ceph/secrets/rook-ceph-mon": dial tcp 10.233.0.1:443: connect: connection refused
2026-06-05 05:03:17.899218 E | clusterdisruption-controller: failed to update maintenance noout in cluster "rook-ceph/rook-ceph". failed to update flag on crush unit while setting noout.: failed to set flag host12-3 on noout: exit status 22
2026-06-05 05:03:17.922969 I | clusterdisruption-controller: osd "rook-ceph-osd-0" is down but no node drain is detected
2026-06-05 05:03:17.923201 I | clusterdisruption-controller: osd "rook-ceph-osd-5" is down but no node drain is detected
2026-06-05 05:03:17.923413 I | clusterdisruption-controller: osd "rook-ceph-osd-3" is down but no node drain is detected
2026-06-05 05:03:17.923714 I | clusterdisruption-controller: osd "rook-ceph-osd-2" is down but no node drain is detected
2026-06-05 05:03:17.923946 I | clusterdisruption-controller: osd "rook-ceph-osd-4" is down but no node drain is detected
2026-06-05 05:03:17.924135 I | clusterdisruption-controller: osd "rook-ceph-osd-1" is down but no node drain is detected
2026-06-05 05:03:19.170341 I | clusterdisruption-controller: osd is down in failure domain "host12-3". pg health: "cluster has no PGs"
2026-06-05 05:03:29.095437 I | ceph-cluster-controller: reconciling ceph cluster in namespace "rook-ceph"
2026-06-05 05:03:31.127007 I | ceph-spec: parsing mon endpoints: a=10.233.52.0:6789,c=10.233.19.169:6789,b=10.233.15.190:6789
2026-06-05 05:03:43.872080 I | ceph-cluster-controller: enabling ceph mon monitoring goroutine for cluster "rook-ceph"
2026-06-05 05:03:43.872224 I | op-osd: ceph osd status in namespace "rook-ceph" check interval "1m0s"
2026-06-05 05:03:43.872240 I | ceph-cluster-controller: enabling ceph osd monitoring goroutine for cluster "rook-ceph"
2026-06-05 05:03:43.872267 I | ceph-cluster-controller: ceph status check interval is 1m0s
2026-06-05 05:03:43.872277 I | ceph-cluster-controller: enabling ceph status monitoring goroutine for cluster "rook-ceph"
2026-06-05 05:03:45.209255 I | ceph-spec: detecting the ceph image version for image quay.io/ceph/ceph:v18...
2026-06-05 05:04:06.564071 I | clusterdisruption-controller: osd "rook-ceph-osd-3" is down but no node drain is detected
2026-06-05 05:04:06.564289 I | clusterdisruption-controller: osd "rook-ceph-osd-2" is down but no node drain is detected
2026-06-05 05:04:06.564515 I | clusterdisruption-controller: osd "rook-ceph-osd-4" is down but no node drain is detected
2026-06-05 05:04:06.564731 I | clusterdisruption-controller: osd "rook-ceph-osd-1" is down but no node drain is detected
2026-06-05 05:04:06.564898 I | clusterdisruption-controller: osd "rook-ceph-osd-0" is down but no node drain is detected
2026-06-05 05:04:06.565071 I | clusterdisruption-controller: osd "rook-ceph-osd-5" is down but no node drain is detected
2026-06-05 05:04:07.131040 I | op-discover: tolerations: []
2026-06-05 05:04:07.848889 I | clusterdisruption-controller: osd is down in failure domain "host12-3". pg health: "cluster has no PGs"
2026-06-05 05:04:08.424351 I | ceph-spec: parsing mon endpoints: a=10.233.52.0:6789,c=10.233.19.169:6789,b=10.233.15.190:6789
2026-06-05 05:04:08.424643 I | ceph-spec: detecting the ceph image version for image quay.io/ceph/ceph:v18...
2026-06-05 05:04:13.250610 I | ceph-spec: parsing mon endpoints: a=10.233.52.0:6789,c=10.233.19.169:6789,b=10.233.15.190:6789
2026-06-05 05:04:13.276429 I | ceph-spec: parsing mon endpoints: a=10.233.52.0:6789,c=10.233.19.169:6789,b=10.233.15.190:6789
2026-06-05 05:04:13.276715 I | ceph-spec: parsing mon endpoints: a=10.233.52.0:6789,c=10.233.19.169:6789,b=10.233.15.190:6789
2026-06-05 05:04:13.276792 I | ceph-spec: detecting the ceph image version for image quay.io/ceph/ceph:v18...
2026-06-05 05:04:16.229240 I | op-discover: rook-discover daemonset already exists, updating ...
2026-06-05 05:04:18.013734 I | operator: rook-ceph-operator-config-controller done reconciling
2026-06-05 05:04:18.112893 I | ceph-block-pool-controller: creating pool "kube-rbd" in namespace "rook-ceph"
2026-06-05 05:04:36.565071 I | clusterdisruption-controller: osd "rook-ceph-osd-5" is down but no node drain is detected
2026-06-05 05:04:36.565293 I | clusterdisruption-controller: osd "rook-ceph-osd-4" is down but no node drain is detected
2026-06-05 05:04:36.565489 I | clusterdisruption-controller: osd "rook-ceph-osd-1" is down but no node drain is detected
2026-06-05 05:04:36.565714 I | clusterdisruption-controller: osd "rook-ceph-osd-3" is down but no node drain is detected
2026-06-05 05:04:36.565894 I | clusterdisruption-controller: osd "rook-ceph-osd-2" is down but no node drain is detected
2026-06-05 05:04:36.566081 I | clusterdisruption-controller: osd "rook-ceph-osd-0" is down but no node drain is detected
2026-06-05 05:04:37.568650 I | ceph-spec: parsing mon endpoints: a=10.233.52.0:6789,c=10.233.19.169:6789,b=10.233.15.190:6789
2026-06-05 05:04:38.446089 I | clusterdisruption-controller: osd is down in failure domain "host12-3". pg health: "cluster has no PGs"
2026-06-05 05:04:50.405561 I | ceph-spec: parsing mon endpoints: a=10.233.52.0:6789,c=10.233.19.169:6789,b=10.233.15.190:6789
2026-06-05 05:04:57.476753 I | clusterdisruption-controller: osd "rook-ceph-osd-0" is down but no node drain is detected
2026-06-05 05:04:57.477004 I | clusterdisruption-controller: osd "rook-ceph-osd-5" is down but no node drain is detected
2026-06-05 05:04:57.477215 I | clusterdisruption-controller: osd "rook-ceph-osd-1" is down but no node drain is detected
2026-06-05 05:04:57.477422 I | clusterdisruption-controller: osd "rook-ceph-osd-3" is down but no node drain is detected
2026-06-05 05:04:57.477601 I | clusterdisruption-controller: osd "rook-ceph-osd-2" is down but no node drain is detected
2026-06-05 05:04:57.477814 I | clusterdisruption-controller: osd "rook-ceph-osd-4" is down but no node drain is detected
2026-06-05 05:05:04.067059 I | clusterdisruption-controller: osd is down in failure domain "host12-3". pg health: "cluster has no PGs"
2026-06-05 05:05:12.420520 E | ceph-nodedaemon-controller: node reconcile failed: failed to create ceph-exporter metrics service: failed to create service rook-ceph-exporter. Timeout: request did not complete within requested timeout - context deadline exceeded
2026-06-05 05:05:16.267895 I | ceph-spec: parsing mon endpoints: a=10.233.52.0:6789,c=10.233.19.169:6789,b=10.233.15.190:6789