PS C:\Users\nh1221\data-center\_v3> wsl -d Ubuntu-24.04
nh1221@Lab-ControlNode:/mnt/c/Users/nh1221/data-center/_v3$ ./deploy_lab_v3.sh preflight
/mnt/c/Users/nh1221/data-center/_v3/.deploy_lab_v3.env: line 4: $'\r': command not found
nh1221@Lab-ControlNode:/mnt/c/Users/nh1221/data-center/_v3$ ./deploy_lab_v3.sh remote-status
/mnt/c/Users/nh1221/data-center/_v3/.deploy_lab_v3.env: line 4: $'\r': command not found
nh1221@Lab-ControlNode:/mnt/c/Users/nh1221/data-center/_v3$ ./deploy_lab_v3.sh remote-status
/mnt/c/Users/nh1221/data-center/_v3/.deploy_lab_v3.env: line 4: $'\r': command not found
nh1221@Lab-ControlNode:/mnt/c/Users/nh1221/data-center/_v3$ ./deploy_lab_v3.sh kvm-validate
/mnt/c/Users/nh1221/data-center/_v3/.deploy_lab_v3.env: line 4: $'\r': command not found
nh1221@Lab-ControlNode:/mnt/c/Users/nh1221/data-center/_v3$ ./deploy_lab_v3.sh kvm-validate
/mnt/c/Users/nh1221/data-center/_v3/.deploy_lab_v3.env: line 6: $'\r': command not found
nh1221@Lab-ControlNode:/mnt/c/Users/nh1221/data-center/_v3$ ./deploy_lab_v3.sh kvm-validate
)INFO] Preflight: checking SSH connectivity to R810 (nh1221@R810
). Key-based SSH auth not working.nh1221@R810
[FAIL]
[FAIL] Options to fix:
[FAIL]   1. Set up SSH key:  ssh-copy-id nh1221@R810
[FAIL]   2. Specify key:     --ssh-key ~/.ssh/id_ed25519
[FAIL]   3. Allow password:  --allow-password  (will prompt during operations)
, then run deploy_lab_v13.sh directly21@R810
[FAIL] Aborting preflight.
nh1221@Lab-ControlNode:/mnt/c/Users/nh1221/data-center/_v3$ ./deploy_lab_v3.sh kvm-validate
)INFO] Preflight: checking SSH connectivity to R810 (nh1221@R810
). Key-based SSH auth not working.nh1221@R810
[FAIL]
[FAIL] Options to fix:
[FAIL]   1. Set up SSH key:  ssh-copy-id nh1221@R810
[FAIL]   2. Specify key:     --ssh-key ~/.ssh/id_ed25519
[FAIL]   3. Allow password:  --allow-password  (will prompt during operations)
, then run deploy_lab_v13.sh directly21@R810
[FAIL] Aborting preflight.
nh1221@Lab-ControlNode:/mnt/c/Users/nh1221/data-center/_v3$ ./deploy_lab_v3.sh preflight
)INFO] Preflight: checking SSH connectivity to R810 (nh1221@R810
). Key-based SSH auth not working.nh1221@R810
[FAIL]
[FAIL] Options to fix:
[FAIL]   1. Set up SSH key:  ssh-copy-id nh1221@R810
[FAIL]   2. Specify key:     --ssh-key ~/.ssh/id_ed25519
[FAIL]   3. Allow password:  --allow-password  (will prompt during operations)
, then run deploy_lab_v13.sh directly21@R810
[FAIL] Aborting preflight.
nh1221@Lab-ControlNode:/mnt/c/Users/nh1221/data-center/_v3$ ./deploy_lab_v3.sh remote-status
)INFO] Preflight: checking SSH connectivity to R810 (nh1221@R810
). Key-based SSH auth not working.nh1221@R810
[FAIL]
[FAIL] Options to fix:
[FAIL]   1. Set up SSH key:  ssh-copy-id nh1221@R810
[FAIL]   2. Specify key:     --ssh-key ~/.ssh/id_ed25519
[FAIL]   3. Allow password:  --allow-password  (will prompt during operations)
, then run deploy_lab_v13.sh directly21@R810
[FAIL] Aborting preflight.
nh1221@Lab-ControlNode:/mnt/c/Users/nh1221/data-center/_v3$ ./deploy_lab_v3.sh day0
)INFO] Preflight: checking SSH connectivity to R810 (nh1221@R810
). Key-based SSH auth not working.nh1221@R810
[FAIL]
[FAIL] Options to fix:
[FAIL]   1. Set up SSH key:  ssh-copy-id nh1221@R810
[FAIL]   2. Specify key:     --ssh-key ~/.ssh/id_ed25519
[FAIL]   3. Allow password:  --allow-password  (will prompt during operations)
, then run deploy_lab_v13.sh directly21@R810
[FAIL] Aborting preflight.
nh1221@Lab-ControlNode:/mnt/c/Users/nh1221/data-center/_v3$ cd ..
nh1221@Lab-ControlNode:/mnt/c/Users/nh1221/data-center$ source venv/bin/activate
(venv) nh1221@Lab-ControlNode:/mnt/c/Users/nh1221/data-center$ ansible-playbook playbooks/reused/deploy_day0.yml -i inventory/hosts.yml
[ERROR]: the playbook: playbooks/reused/deploy_day0.yml could not be found
(venv) nh1221@Lab-ControlNode:/mnt/c/Users/nh1221/data-center$ cd _v3/
(venv) nh1221@Lab-ControlNode:/mnt/c/Users/nh1221/data-center/_v3$ ansible-playbook playbooks/reused/deploy_day0.yml -i inventory/hosts.yml
[ERROR]: The 'community.general.yaml' callback plugin has been removed. The plugin has been superseded by the option `result_format=yaml` in callback plugin ansible.builtin.default from ansible-core 2.13 onwards. This feature was removed from collection 'community.general' version 12.0.0.
(venv) nh1221@Lab-ControlNode:/mnt/c/Users/nh1221/data-center/_v3$
