(venv) nh1221@Lab-ControlNode:/mnt/c/Users/nh1221/data-center/_v3$ ansible-playbook playbooks/reused/deploy_day1.yml -i inventory/hosts.yml -e automation_profile=ubuntu_r810_kvm --limit "Exit_Router1:Exit_Router2" --tags deploy

PLAY [Day-1 Fabric Wiring — SONiC Switches] *********************************************************************************************************************************************************************
skipping: no hosts matched

PLAY [Day-1 BGP Wiring — MikroTik Exit Routers] *****************************************************************************************************************************************************************

TASK [Phase 0 | Build hypervisor tap-offload work list (profile-driven)] ****************************************************************************************************************************************
skipping: [Exit_Router2]
ok: [Exit_Router1 -> localhost]

TASK [Phase 0 | Build hypervisor tap-offload work list (profile-driven)] ****************************************************************************************************************************************
skipping: [Exit_Router2]
skipping: [Exit_Router1]

TASK [Phase 0 | Build hypervisor tap-offload work list] *********************************************************************************************************************************************************
skipping: [Exit_Router2]
skipping: [Exit_Router1]

TASK [Phase 0 | Disable hypervisor tap TX offload for KVM fabric VMs] *******************************************************************************************************************************************
skipping: [Exit_Router2]

TASK [Phase 0 | Report hypervisor tap TX offload result] ********************************************************************************************************************************************************
skipping: [Exit_Router2]

TASK [Phase 1 | Configure BGP peering (MikroTik)] ***************************************************************************************************************************************************************
included: mikrotik_base for Exit_Router2

TASK [mikrotik_base : day1 | Resolve fabric interfaces (profile-conditional)] ***********************************************************************************************************************************
ok: [Exit_Router2]

TASK [Phase 0 | Disable hypervisor tap TX offload for KVM fabric VMs] *******************************************************************************************************************************************
ok: [Exit_Router1 -> localhost] => (item=R810 => Exit_Router1,Exit_Router2)

TASK [Phase 0 | Report hypervisor tap TX offload result] ********************************************************************************************************************************************************
ok: [Exit_Router1 -> localhost] => (item=R810) =>
    msg: 'No matching hypervisor tap interfaces were found via R810 for: Exit_Router1,
        Exit_Router2'

TASK [Phase 1 | Configure BGP peering (MikroTik)] ***************************************************************************************************************************************************************
included: mikrotik_base for Exit_Router1

TASK [mikrotik_base : day1 | Resolve fabric interfaces (profile-conditional)] ***********************************************************************************************************************************
ok: [Exit_Router1]

TASK [mikrotik_base : day1 | Probe running ethernet interfaces on KVM CHR] **************************************************************************************************************************************
ok: [Exit_Router2]

TASK [mikrotik_base : day1 | Parse running data interfaces on KVM CHR] ******************************************************************************************************************************************
ok: [Exit_Router2]

TASK [mikrotik_base : day1 | Rebind KVM fabric interface to the live RouterOS port] *****************************************************************************************************************************
ok: [Exit_Router2]

TASK [mikrotik_base : day1 | Probe running ethernet interfaces on KVM CHR] **************************************************************************************************************************************
ok: [Exit_Router1]

TASK [mikrotik_base : day1 | Fail when the KVM fabric interface is ambiguous] ***********************************************************************************************************************************
skipping: [Exit_Router2]

TASK [mikrotik_base : day1 | Parse running data interfaces on KVM CHR] ******************************************************************************************************************************************
ok: [Exit_Router1]

TASK [mikrotik_base : day1 | Report resolved KVM fabric interface] **********************************************************************************************************************************************
ok: [Exit_Router2] =>
    msg: 'Using ether3 as the live fabric interface on Exit_Router2. Running RouterOS
        data ports: ether3'

TASK [mikrotik_base : day1 | Configure fabric-facing interface speed] *******************************************************************************************************************************************
skipping: [Exit_Router2] => (item=ether3 (Exit_Router2 ether2 → Border_Leaf2 Ethernet0 (KVM fabric NIC)))
skipping: [Exit_Router2]

TASK [mikrotik_base : day1 | Rebind KVM fabric interface to the live RouterOS port] *****************************************************************************************************************************
skipping: [Exit_Router1]

TASK [mikrotik_base : day1 | Fail when the KVM fabric interface is ambiguous] ***********************************************************************************************************************************
skipping: [Exit_Router1]

TASK [mikrotik_base : day1 | Report resolved KVM fabric interface] **********************************************************************************************************************************************
ok: [Exit_Router1] =>
    msg: 'Using ether2 as the live fabric interface on Exit_Router1. Running RouterOS
        data ports: ether2'

TASK [mikrotik_base : day1 | Configure fabric-facing interface speed] *******************************************************************************************************************************************
skipping: [Exit_Router1] => (item=ether2 (Exit_Router1 ether2 → Border_Leaf1 Ethernet0 (KVM fabric NIC)))
skipping: [Exit_Router1]

TASK [mikrotik_base : day1 | Remove existing IP on fabric interface (idempotent re-run)] ************************************************************************************************************************
changed: [Exit_Router2] => (item=ether3)

TASK [mikrotik_base : day1 | Remove existing IP on fabric interface (idempotent re-run)] ************************************************************************************************************************
changed: [Exit_Router1] => (item=ether2)

TASK [mikrotik_base : day1 | Add IP address to fabric interface] ************************************************************************************************************************************************
changed: [Exit_Router2] => (item=ether3)

TASK [mikrotik_base : day1 | Add IP address to fabric interface] ************************************************************************************************************************************************
changed: [Exit_Router1] => (item=ether2)

TASK [mikrotik_base : day1 | Verify IP is present on fabric interface] ******************************************************************************************************************************************
ok: [Exit_Router2] => (item=ether3)

TASK [mikrotik_base : day1 | Verify IP is present on fabric interface] ******************************************************************************************************************************************
ok: [Exit_Router1] => (item=ether2)

TASK [mikrotik_base : day1 | Remove stale BGP firewall accept rules (idempotent re-run)] ************************************************************************************************************************
changed: [Exit_Router2]

TASK [mikrotik_base : day1 | Remove stale BGP firewall accept rules (idempotent re-run)] ************************************************************************************************************************
changed: [Exit_Router1]

TASK [mikrotik_base : day1 | Ensure default RouterOS BGP template matches inventory] ****************************************************************************************************************************
changed: [Exit_Router2]

TASK [mikrotik_base : day1 | Ensure default RouterOS BGP template matches inventory] ****************************************************************************************************************************
changed: [Exit_Router1]

TASK [mikrotik_base : day1 | Ensure default RouterOS routing-id matches inventory] ******************************************************************************************************************************
changed: [Exit_Router2]

TASK [mikrotik_base : day1 | Ensure default RouterOS routing-id matches inventory] ******************************************************************************************************************************
changed: [Exit_Router1]

TASK [mikrotik_base : day1 | Remove stale RouterOS fabric BGP templates] ****************************************************************************************************************************************
changed: [Exit_Router2]

TASK [mikrotik_base : day1 | Remove stale RouterOS fabric BGP templates] ****************************************************************************************************************************************
changed: [Exit_Router1]

TASK [mikrotik_base : day1 | Create RouterOS fabric BGP template with inventory router-id] **********************************************************************************************************************
changed: [Exit_Router2]

TASK [mikrotik_base : day1 | Create RouterOS fabric BGP template with inventory router-id] **********************************************************************************************************************
changed: [Exit_Router1]

TASK [mikrotik_base : day1 | Probe legacy RouterOS BGP instance support] ****************************************************************************************************************************************
ok: [Exit_Router2]

TASK [mikrotik_base : day1 | Ensure legacy RouterOS BGP instance matches inventory] *****************************************************************************************************************************
skipping: [Exit_Router2]

TASK [mikrotik_base : day1 | Probe legacy RouterOS BGP instance support] ****************************************************************************************************************************************
ok: [Exit_Router1]

TASK [mikrotik_base : day1 | Ensure legacy RouterOS BGP instance matches inventory] *****************************************************************************************************************************
skipping: [Exit_Router1]

TASK [mikrotik_base : day1 | Add firewall rule to accept BGP (TCP/179) from fabric peer] ************************************************************************************************************************
changed: [Exit_Router2] => (item=BGP accept ← Border_Leaf2 (10.0.253.2))

TASK [mikrotik_base : day1 | Add firewall rule to accept BGP (TCP/179) from fabric peer] ************************************************************************************************************************
changed: [Exit_Router1] => (item=BGP accept ← Border_Leaf1 (10.0.253.0))

TASK [mikrotik_base : day1 | Remove existing BGP connections (idempotent re-run)] *******************************************************************************************************************************
changed: [Exit_Router2]

TASK [mikrotik_base : day1 | Remove existing BGP connections (idempotent re-run)] *******************************************************************************************************************************
changed: [Exit_Router1]

TASK [mikrotik_base : day1 | Configure BGP connection to neighbor] **********************************************************************************************************************************************
changed: [Exit_Router2] => (item=BGP → Border_Leaf2 (AS65022))

TASK [mikrotik_base : day1 | Configure BGP connection to neighbor] **********************************************************************************************************************************************
changed: [Exit_Router1] => (item=BGP → Border_Leaf1 (AS65021))

TASK [mikrotik_base : day1 | Gather BGP connection count] *******************************************************************************************************************************************************
ok: [Exit_Router2]

TASK [mikrotik_base : day1 | Parse BGP connection count] ********************************************************************************************************************************************************
ok: [Exit_Router2]

TASK [mikrotik_base : day1 | Gather BGP connection count] *******************************************************************************************************************************************************
ok: [Exit_Router1]

TASK [mikrotik_base : day1 | Parse BGP connection count] ********************************************************************************************************************************************************
ok: [Exit_Router1]

TASK [mikrotik_base : day1 | Gather immediate BGP session state after deploy] ***********************************************************************************************************************************
ok: [Exit_Router2]

TASK [mikrotik_base : day1 | Gather immediate BGP session state after deploy] ***********************************************************************************************************************************
ok: [Exit_Router1]

TASK [mikrotik_base : day1 | Gather immediate BGP session count after deploy] ***********************************************************************************************************************************
ok: [Exit_Router2]

TASK [mikrotik_base : day1 | Parse immediate BGP session count after deploy] ************************************************************************************************************************************
ok: [Exit_Router2]

TASK [mikrotik_base : day1 | Parse concrete BGP session rows after deploy] **************************************************************************************************************************************
ok: [Exit_Router2]

TASK [mikrotik_base : day1 | Gather immediate BGP session count after deploy] ***********************************************************************************************************************************
ok: [Exit_Router1]

TASK [mikrotik_base : day1 | Parse immediate BGP session count after deploy] ************************************************************************************************************************************
ok: [Exit_Router1]

TASK [mikrotik_base : day1 | Parse concrete BGP session rows after deploy] **************************************************************************************************************************************
ok: [Exit_Router1]

TASK [mikrotik_base : day1 | Warn when BGP connection exists but no live RouterOS session formed] ***************************************************************************************************************
ok: [Exit_Router2]

TASK [mikrotik_base : day1 | Report RouterOS BGP diagnostics when no live session formed] ***********************************************************************************************************************
ok: [Exit_Router2] =>
    msg: |-
        Exit_Router2 has a configured RouterOS BGP connection but no concrete
        /routing bgp session rows.

        RouterOS reported 1 configured BGP connections
        via /routing bgp connection print count-only.

        RouterOS reported 0 live BGP sessions
        via /routing bgp session print count-only.

        RouterOS diagnostic snapshot:
        Flags: X - disabled, D - dynamic, I - inactive
         0 D name="main" dynamic-id=10.0.99.2 select-dynamic-id=only-vrf
             select-from-vrf=main

         1   name="main" id=10.0.99.2

         2   name="main" id=10.0.99.2

         3   name="main" id=10.0.99.2

         4   name="main" id=10.0.99.2

         5   name="main" id=10.0.99.2

         6   name="default" id=10.0.99.2

        Flags: * - default; X - disabled, I - inactive
         0 *  name="default" routing-table=main router-id=10.0.99.2 as=65254
              hold-time=3m keepalive-time=1m address-families=ip

         1    name="fabric" routing-table=main router-id=10.0.99.2 as=65254
              hold-time=3m keepalive-time=1m address-families=ip

        Flags: D - dynamic, X - disabled, I - inactive
         0   name="to_Border_Leaf2"
             remote.address=10.0.253.2/32 .as=65022
             local.address=10.0.253.3 .role=ebgp
             connect=yes listen=no routing-table=main router-id=10.0.99.2
             templates=default as=65254 hold-time=3m keepalive-time=1m
             address-families=ip

         12:05:31 route,bgp,info EBGP peer is not on a shared network and multihop is not configured  {l_addr: (empty), r_addr: (empty)}

TASK [mikrotik_base : day1 | Fail deploy when RouterOS BGP connection exists but no live session formed] ********************************************************************************************************
[ERROR]: Task failed: Action failed: Exit_Router2 still has no concrete /routing bgp session rows after deploy. The BGP connection object exists, but RouterOS did not instantiate a live session. See the preceding diagnostic snapshot for routing-id, template, connection, and log state.
Origin: /mnt/c/Users/nh1221/data-center/_v3/roles/mikrotik_base/tasks/day1_bgp.yml:298:3

296   tags: [deploy, day1, bgp]
297
298 - name: "day1 | Fail deploy when RouterOS BGP connection exists but no live session formed"
      ^ column 3

fatal: [Exit_Router2]: FAILED! =>
    changed: false
    msg: Exit_Router2 still has no concrete /routing bgp session rows after deploy. The
        BGP connection object exists, but RouterOS did not instantiate a live session.
        See the preceding diagnostic snapshot for routing-id, template, connection, and
        log state.

TASK [mikrotik_base : day1 | Warn when BGP connection exists but no live RouterOS session formed] ***************************************************************************************************************
ok: [Exit_Router1]

TASK [mikrotik_base : day1 | Report RouterOS BGP diagnostics when no live session formed] ***********************************************************************************************************************
ok: [Exit_Router1] =>
    msg: |-
        Exit_Router1 has a configured RouterOS BGP connection but no concrete
        /routing bgp session rows.

        RouterOS reported 1 configured BGP connections
        via /routing bgp connection print count-only.

        RouterOS reported 0 live BGP sessions
        via /routing bgp session print count-only.

        RouterOS diagnostic snapshot:
        Flags: X - disabled, D - dynamic, I - inactive
         0 D name="main" dynamic-id=10.0.99.1 select-dynamic-id=only-vrf
             select-from-vrf=main

         1   name="main" id=10.0.99.1

         2   name="main" id=10.0.99.1

         3   name="main" id=10.0.99.1

         4   name="main" id=10.0.99.1

         5   name="main" id=10.0.99.1

         6   name="default" id=10.0.99.1

        Flags: * - default; X - disabled, I - inactive
         0 *  name="default" routing-table=main router-id=10.0.99.1 as=65253
              hold-time=3m keepalive-time=1m address-families=ip

         1    name="fabric" routing-table=main router-id=10.0.99.1 as=65253
              hold-time=3m keepalive-time=1m address-families=ip

        Flags: D - dynamic, X - disabled, I - inactive
         0   name="to_Border_Leaf1"
             remote.address=10.0.253.0/32 .as=65021
             local.address=10.0.253.1 .role=ebgp
             connect=yes listen=no routing-table=main router-id=10.0.99.1
             templates=default as=65253 hold-time=3m keepalive-time=1m
             address-families=ip

TASK [mikrotik_base : day1 | Fail deploy when RouterOS BGP connection exists but no live session formed] ********************************************************************************************************
[ERROR]: Task failed: Action failed: Exit_Router1 still has no concrete /routing bgp session rows after deploy. The BGP connection object exists, but RouterOS did not instantiate a live session. See the preceding diagnostic snapshot for routing-id, template, connection, and log state.
Origin: /mnt/c/Users/nh1221/data-center/_v3/roles/mikrotik_base/tasks/day1_bgp.yml:298:3

296   tags: [deploy, day1, bgp]
297
298 - name: "day1 | Fail deploy when RouterOS BGP connection exists but no live session formed"
      ^ column 3

fatal: [Exit_Router1]: FAILED! =>
    changed: false
    msg: Exit_Router1 still has no concrete /routing bgp session rows after deploy. The
        BGP connection object exists, but RouterOS did not instantiate a live session.
        See the preceding diagnostic snapshot for routing-id, template, connection, and
        log state.

PLAY RECAP ******************************************************************************************************************************************************************************************************
Exit_Router1               : ok=28   changed=10   unreachable=0    failed=1    skipped=6    rescued=0    ignored=0
Exit_Router2               : ok=26   changed=10   unreachable=0    failed=1    skipped=8    rescued=0    ignored=0

(venv) nh1221@Lab-ControlNode:/mnt/c/Users/nh1221/data-center/_v3$ ssh Border_Leaf1 "sudo vtysh -c 'show bgp summary'"
Warning: Permanently added '172.16.2.31' (RSA) to the list of known hosts.

IPv4 Unicast Summary (VRF default):
BGP router identifier 10.0.2.1, local AS number 65021 vrf-id 0
BGP table version 878
RIB entries 37, using 8288 bytes of memory
Peers 6, using 4348 KiB of memory

Neighbor        V         AS   MsgRcvd   MsgSent   TblVer  InQ OutQ  Up/Down State/PfxRcd   PfxSnt Desc
Ethernet20      4      65106      1506      1515        0    0    0 10:41:57            6       19 HostB12_1
Ethernet24      4      65107       726      6445        0    0    0 00:01:49            0       19 HostB12_2
Ethernet28      4      65108       722      6445        0    0    0 00:01:52            0       19 MonitorSrv
Ethernet120     4      65000      1800      1812        0    0    0 15:36:44           15       19 Spine_S2
Ethernet124     4      65000      1800      1812        0    0    0 15:36:28           15       19 Spine_S1
10.0.253.1      4      65253         0         0        0    0    0    never       Active        0 Exit_Router1

Total number of neighbors 6

IPv6 Unicast Summary (VRF default):
BGP router identifier 10.0.2.1, local AS number 65021 vrf-id 0
BGP table version 0
RIB entries 0, using 0 bytes of memory
Peers 5, using 3623 KiB of memory

Neighbor        V         AS   MsgRcvd   MsgSent   TblVer  InQ OutQ  Up/Down State/PfxRcd   PfxSnt Desc
Ethernet20      4      65106      1506      1515        0    0    0 10:41:57            0        0 HostB12_1
Ethernet24      4      65107       726      6445        0    0    0 00:01:49            0        0 HostB12_2
Ethernet28      4      65108       722      6445        0    0    0 00:01:52            0        0 MonitorSrv
Ethernet120     4      65000      1800      1812        0    0    0 15:36:44            0        0 Spine_S2
Ethernet124     4      65000      1800      1812        0    0    0 15:36:28            0        0 Spine_S1

Total number of neighbors 5
(venv) nh1221@Lab-ControlNode:/mnt/c/Users/nh1221/data-center/_v3$ ssh Border_Leaf2 "sudo vtysh -c 'show bgp summary'"
Warning: Permanently added '172.16.2.32' (RSA) to the list of known hosts.

IPv4 Unicast Summary (VRF default):
BGP router identifier 10.0.2.2, local AS number 65022 vrf-id 0
BGP table version 870
RIB entries 37, using 8288 bytes of memory
Peers 6, using 4348 KiB of memory

Neighbor        V         AS   MsgRcvd   MsgSent   TblVer  InQ OutQ  Up/Down State/PfxRcd   PfxSnt Desc
Ethernet20      4      65106      1507      1508        0    0    0 10:42:04           15       19 HostB12_1
Ethernet24      4      65107      1506      1508        0    0    0 10:42:04            2       19 HostB12_2
Ethernet28      4      65108      1506      1508        0    0    0 10:42:04            2       19 MonitorSrv
Ethernet120     4      65000      1800      1804        0    0    0 15:36:53           14       19 Spine_S2
Ethernet124     4      65000      1800      1804        0    0    0 15:36:26           14       19 Spine_S1
10.0.253.3      4      65254         0         0        0    0    0    never       Active        0 Exit_Router2

Total number of neighbors 6

IPv6 Unicast Summary (VRF default):
BGP router identifier 10.0.2.2, local AS number 65022 vrf-id 0
BGP table version 0
RIB entries 0, using 0 bytes of memory
Peers 5, using 3623 KiB of memory

Neighbor        V         AS   MsgRcvd   MsgSent   TblVer  InQ OutQ  Up/Down State/PfxRcd   PfxSnt Desc
Ethernet20      4      65106      1507      1508        0    0    0 10:42:04            0        0 HostB12_1
Ethernet24      4      65107      1506      1508        0    0    0 10:42:04            0        0 HostB12_2
Ethernet28      4      65108      1506      1508        0    0    0 10:42:04            0        0 MonitorSrv
Ethernet120     4      65000      1800      1804        0    0    0 15:36:53            0        0 Spine_S2
Ethernet124     4      65000      1800      1804        0    0    0 15:36:26            0        0 Spine_S1

Total number of neighbors 5
(venv) nh1221@Lab-ControlNode:/mnt/c/Users/nh1221/data-center/_v3$ ssh Exit_Router1 '/routing bgp template print detail; /routing bgp connection print detail; /routing bgp session print detail'
Warning: Permanently added '172.16.2.98' (RSA) to the list of known hosts.
Flags: * - default; X - disabled, I - inactive
 0 *  name="default" routing-table=main router-id=10.0.99.1 as=65253
      hold-time=3m keepalive-time=1m address-families=ip

 1    name="fabric" routing-table=main router-id=10.0.99.1 as=65253
      hold-time=3m keepalive-time=1m address-families=ip

Flags: D - dynamic, X - disabled, I - inactive
 0   name="to_Border_Leaf1"
     remote.address=10.0.253.0/32 .as=65021
     local.address=10.0.253.1 .role=ebgp
     connect=yes listen=no routing-table=main router-id=10.0.99.1
     templates=default as=65253 hold-time=3m keepalive-time=1m
     address-families=ip

Flags: E - established

(venv) nh1221@Lab-ControlNode:/mnt/c/Users/nh1221/data-center/_v3$ ssh Exit_Router2 '/routing bgp template print detail; /routing bgp connection print detail; /routing bgp session print detail'
Warning: Permanently added '172.16.2.99' (RSA) to the list of known hosts.
Flags: * - default; X - disabled, I - inactive
 0 *  name="default" routing-table=main router-id=10.0.99.2 as=65254
      hold-time=3m keepalive-time=1m address-families=ip

 1    name="fabric" routing-table=main router-id=10.0.99.2 as=65254
      hold-time=3m keepalive-time=1m address-families=ip

Flags: D - dynamic, X - disabled, I - inactive
 0   name="to_Border_Leaf2"
     remote.address=10.0.253.2/32 .as=65022
     local.address=10.0.253.3 .role=ebgp
     connect=yes listen=no routing-table=main router-id=10.0.99.2
     templates=default as=65254 hold-time=3m keepalive-time=1m
     address-families=ip

Flags: E - established

(venv) nh1221@Lab-ControlNode:/mnt/c/Users/nh1221/data-center/_v3$ ssh Border_Leaf1 "sudo vtysh -c 'show bgp neighbors 10.0.253.1'"
Warning: Permanently added '172.16.2.31' (RSA) to the list of known hosts.
BGP neighbor is 10.0.253.1, remote AS 65253, local AS 65021, external link
  Local Role: undefined
  Remote Role: undefined
 Description: Exit_Router1
  BGP version 4, remote router ID 0.0.0.0, local router ID 10.0.2.1
  BGP state = Active
  Last read 01:29:34, Last write never
  Hold time is 180 seconds, keepalive interval is 60 seconds
  Configured hold time is 180 seconds, keepalive interval is 60 seconds
  Configured conditional advertisements interval is 60 seconds
  Graceful restart information:
    Local GR Mode: Helper*

    Remote GR Mode: NotApplicable

    R bit: False
    N bit: False
    Timers:
      Configured Restart Time(sec): 120
      Received Restart Time(sec): 0
  Message statistics:
    Inq depth is 0
    Outq depth is 0
                         Sent       Rcvd
    Opens:                  0          0
    Notifications:          0          0
    Updates:                0          0
    Keepalives:             0          0
    Route Refresh:          0          0
    Capability:             0          0
    Total:                  0          0
  Minimum time between advertisement runs is 0 seconds
  Update source is 10.0.253.0

 For address family: IPv4 Unicast
  Not part of any update group
  Community attribute sent to this neighbor(all)
  0 accepted prefixes

  Connections established 0; dropped 0
  Last reset 01:29:34,  Waiting for peer OPEN
  External BGP neighbor may be up to 1 hops away.
BGP Connect Retry Timer in Seconds: 120
Next connect timer due in 27 seconds
Read thread: off  Write thread: off  FD used: -1


(venv) nh1221@Lab-ControlNode:/mnt/c/Users/nh1221/data-center/_v3$ ssh Border_Leaf2 "sudo vtysh -c 'show bgp neighbors 10.0.253.3'"
Warning: Permanently added '172.16.2.32' (RSA) to the list of known hosts.
BGP neighbor is 10.0.253.3, remote AS 65254, local AS 65022, external link
  Local Role: undefined
  Remote Role: undefined
 Description: Exit_Router2
  BGP version 4, remote router ID 0.0.0.0, local router ID 10.0.2.2
  BGP state = Active
  Last read 01:29:48, Last write never
  Hold time is 180 seconds, keepalive interval is 60 seconds
  Configured hold time is 180 seconds, keepalive interval is 60 seconds
  Configured conditional advertisements interval is 60 seconds
  Graceful restart information:
    Local GR Mode: Helper*

    Remote GR Mode: NotApplicable

    R bit: False
    N bit: False
    Timers:
      Configured Restart Time(sec): 120
      Received Restart Time(sec): 0
  Message statistics:
    Inq depth is 0
    Outq depth is 0
                         Sent       Rcvd
    Opens:                  0          0
    Notifications:          0          0
    Updates:                0          0
    Keepalives:             0          0
    Route Refresh:          0          0
    Capability:             0          0
    Total:                  0          0
  Minimum time between advertisement runs is 0 seconds
  Update source is 10.0.253.2

 For address family: IPv4 Unicast
  Not part of any update group
  Community attribute sent to this neighbor(all)
  0 accepted prefixes

  Connections established 0; dropped 0
  Last reset 01:29:48,  Waiting for peer OPEN
  External BGP neighbor may be up to 1 hops away.
BGP Connect Retry Timer in Seconds: 120
Next connect timer due in 13 seconds
Read thread: off  Write thread: off  FD used: -1


(venv) nh1221@Lab-ControlNode:/mnt/c/Users/nh1221/data-center/_v3$
