(venv) nh1221@Lab-ControlNode:/mnt/c/Users/nh1221/data-center/_v3$ ansible-playbook playbooks/reused/deploy_day1.yml -i inventory/hosts.yml -e automation_profile=ubuntu_r810_kvm --limit "Exit_Router1:Exit_Rout
er2" --tags deploy

PLAY [Day-1 Fabric Wiring — SONiC Switches] *********************************************************************************************************************************************************************
skipping: no hosts matched

PLAY [Day-1 BGP Wiring — MikroTik Exit Routers] *****************************************************************************************************************************************************************

TASK [Phase 0 | Build hypervisor tap-offload work list (profile-driven)] ****************************************************************************************************************************************
skipping: [Exit_Router2]
ok: [Exit_Router1 -> localhost]

TASK [Phase 0 | Build hypervisor tap-offload work list (profile-driven)] ****************************************************************************************************************************************
skipping: [Exit_Router2]
skipping: [Exit_Router1]

TASK [Phase 0 | Build hypervisor tap-offload work list] *********************************************************************************************************************************************************
skipping: [Exit_Router2]
skipping: [Exit_Router1]

TASK [Phase 0 | Disable hypervisor tap TX offload for KVM fabric VMs] *******************************************************************************************************************************************
skipping: [Exit_Router2]

TASK [Phase 0 | Report hypervisor tap TX offload result] ********************************************************************************************************************************************************
skipping: [Exit_Router2]

TASK [Phase 1 | Configure BGP peering (MikroTik)] ***************************************************************************************************************************************************************
included: mikrotik_base for Exit_Router2

TASK [mikrotik_base : day1 | Resolve fabric interfaces (profile-conditional)] ***********************************************************************************************************************************
ok: [Exit_Router2]

TASK [Phase 0 | Disable hypervisor tap TX offload for KVM fabric VMs] *******************************************************************************************************************************************
ok: [Exit_Router1 -> localhost] => (item=R810 => Exit_Router1,Exit_Router2)

TASK [Phase 0 | Report hypervisor tap TX offload result] ********************************************************************************************************************************************************
ok: [Exit_Router1 -> localhost] => (item=R810) =>
    msg: 'No matching hypervisor tap interfaces were found via R810 for: Exit_Router1,
        Exit_Router2'

TASK [Phase 1 | Configure BGP peering (MikroTik)] ***************************************************************************************************************************************************************
included: mikrotik_base for Exit_Router1

TASK [mikrotik_base : day1 | Resolve fabric interfaces (profile-conditional)] ***********************************************************************************************************************************
ok: [Exit_Router1]

TASK [mikrotik_base : day1 | Probe running ethernet interfaces on KVM CHR] **************************************************************************************************************************************
ok: [Exit_Router2]

TASK [mikrotik_base : day1 | Parse running data interfaces on KVM CHR] ******************************************************************************************************************************************
ok: [Exit_Router2]

TASK [mikrotik_base : day1 | Rebind KVM fabric interface to the live RouterOS port] *****************************************************************************************************************************
ok: [Exit_Router2]

TASK [mikrotik_base : day1 | Fail when the KVM fabric interface is ambiguous] ***********************************************************************************************************************************
skipping: [Exit_Router2]

TASK [mikrotik_base : day1 | Probe running ethernet interfaces on KVM CHR] **************************************************************************************************************************************
ok: [Exit_Router1]

TASK [mikrotik_base : day1 | Report resolved KVM fabric interface] **********************************************************************************************************************************************
ok: [Exit_Router2] =>
    msg: 'Using ether3 as the live fabric interface on Exit_Router2. Running RouterOS
        data ports: ether3'

TASK [mikrotik_base : day1 | Configure fabric-facing interface speed] *******************************************************************************************************************************************
skipping: [Exit_Router2] => (item=ether3 (Exit_Router2 ether2 → Border_Leaf2 Ethernet0 (KVM fabric NIC)))
skipping: [Exit_Router2]

TASK [mikrotik_base : day1 | Parse running data interfaces on KVM CHR] ******************************************************************************************************************************************
ok: [Exit_Router1]

TASK [mikrotik_base : day1 | Rebind KVM fabric interface to the live RouterOS port] *****************************************************************************************************************************
skipping: [Exit_Router1]

TASK [mikrotik_base : day1 | Fail when the KVM fabric interface is ambiguous] ***********************************************************************************************************************************
skipping: [Exit_Router1]

TASK [mikrotik_base : day1 | Report resolved KVM fabric interface] **********************************************************************************************************************************************
ok: [Exit_Router1] =>
    msg: 'Using ether2 as the live fabric interface on Exit_Router1. Running RouterOS
        data ports: ether2'

TASK [mikrotik_base : day1 | Configure fabric-facing interface speed] *******************************************************************************************************************************************
skipping: [Exit_Router1] => (item=ether2 (Exit_Router1 ether2 → Border_Leaf1 Ethernet0 (KVM fabric NIC)))
skipping: [Exit_Router1]

TASK [mikrotik_base : day1 | Remove existing IP on fabric interface (idempotent re-run)] ************************************************************************************************************************
changed: [Exit_Router2] => (item=ether3)

TASK [mikrotik_base : day1 | Remove existing IP on fabric interface (idempotent re-run)] ************************************************************************************************************************
changed: [Exit_Router1] => (item=ether2)

TASK [mikrotik_base : day1 | Add IP address to fabric interface] ************************************************************************************************************************************************
changed: [Exit_Router2] => (item=ether3)

TASK [mikrotik_base : day1 | Add IP address to fabric interface] ************************************************************************************************************************************************
changed: [Exit_Router1] => (item=ether2)

TASK [mikrotik_base : day1 | Verify IP is present on fabric interface] ******************************************************************************************************************************************
ok: [Exit_Router2] => (item=ether3)

TASK [mikrotik_base : day1 | Verify IP is present on fabric interface] ******************************************************************************************************************************************
ok: [Exit_Router1] => (item=ether2)

TASK [mikrotik_base : day1 | Remove stale BGP firewall accept rules (idempotent re-run)] ************************************************************************************************************************
changed: [Exit_Router2]

TASK [mikrotik_base : day1 | Remove stale BGP firewall accept rules (idempotent re-run)] ************************************************************************************************************************
changed: [Exit_Router1]

TASK [mikrotik_base : day1 | Ensure default RouterOS BGP template matches inventory] ****************************************************************************************************************************
changed: [Exit_Router2]

TASK [mikrotik_base : day1 | Ensure default RouterOS BGP template matches inventory] ****************************************************************************************************************************
changed: [Exit_Router1]

TASK [mikrotik_base : day1 | Ensure default RouterOS routing-id matches inventory] ******************************************************************************************************************************
changed: [Exit_Router2]

TASK [mikrotik_base : day1 | Ensure default RouterOS routing-id matches inventory] ******************************************************************************************************************************
changed: [Exit_Router1]

TASK [mikrotik_base : day1 | Remove stale RouterOS fabric BGP templates] ****************************************************************************************************************************************
changed: [Exit_Router2]

TASK [mikrotik_base : day1 | Remove stale RouterOS fabric BGP templates] ****************************************************************************************************************************************
changed: [Exit_Router1]

TASK [mikrotik_base : day1 | Create RouterOS fabric BGP template with inventory router-id] **********************************************************************************************************************
changed: [Exit_Router2]

TASK [mikrotik_base : day1 | Create RouterOS fabric BGP template with inventory router-id] **********************************************************************************************************************
changed: [Exit_Router1]

TASK [mikrotik_base : day1 | Probe legacy RouterOS BGP instance support] ****************************************************************************************************************************************
ok: [Exit_Router2]

TASK [mikrotik_base : day1 | Ensure legacy RouterOS BGP instance matches inventory] *****************************************************************************************************************************
skipping: [Exit_Router2]

TASK [mikrotik_base : day1 | Probe legacy RouterOS BGP instance support] ****************************************************************************************************************************************
ok: [Exit_Router1]

TASK [mikrotik_base : day1 | Ensure legacy RouterOS BGP instance matches inventory] *****************************************************************************************************************************
skipping: [Exit_Router1]

TASK [mikrotik_base : day1 | Add firewall rule to accept BGP (TCP/179) from fabric peer] ************************************************************************************************************************
changed: [Exit_Router2] => (item=BGP accept ← Border_Leaf2 (10.0.253.2))

TASK [mikrotik_base : day1 | Remove existing BGP connections (idempotent re-run)] *******************************************************************************************************************************
changed: [Exit_Router2]

TASK [mikrotik_base : day1 | Add firewall rule to accept BGP (TCP/179) from fabric peer] ************************************************************************************************************************
changed: [Exit_Router1] => (item=BGP accept ← Border_Leaf1 (10.0.253.0))

TASK [mikrotik_base : day1 | Remove existing BGP connections (idempotent re-run)] *******************************************************************************************************************************
changed: [Exit_Router1]

TASK [mikrotik_base : day1 | Configure BGP connection to neighbor] **********************************************************************************************************************************************
changed: [Exit_Router2] => (item=BGP → Border_Leaf2 (AS65022))

TASK [mikrotik_base : day1 | Gather BGP connection count] *******************************************************************************************************************************************************
ok: [Exit_Router2]

TASK [mikrotik_base : day1 | Configure BGP connection to neighbor] **********************************************************************************************************************************************
changed: [Exit_Router1] => (item=BGP → Border_Leaf1 (AS65021))

TASK [mikrotik_base : day1 | Parse BGP connection count] ********************************************************************************************************************************************************
ok: [Exit_Router2]

TASK [mikrotik_base : day1 | Gather BGP connection count] *******************************************************************************************************************************************************
ok: [Exit_Router1]

TASK [mikrotik_base : day1 | Gather immediate BGP session state after deploy] ***********************************************************************************************************************************
ok: [Exit_Router2]

TASK [mikrotik_base : day1 | Parse BGP connection count] ********************************************************************************************************************************************************
ok: [Exit_Router1]

TASK [mikrotik_base : day1 | Gather immediate BGP session count after deploy] ***********************************************************************************************************************************
ok: [Exit_Router2]

TASK [mikrotik_base : day1 | Gather immediate BGP session state after deploy] ***********************************************************************************************************************************
ok: [Exit_Router1]

TASK [mikrotik_base : day1 | Parse immediate BGP session count after deploy] ************************************************************************************************************************************
ok: [Exit_Router2]

TASK [mikrotik_base : day1 | Parse concrete BGP session rows after deploy] **************************************************************************************************************************************
ok: [Exit_Router2]

TASK [mikrotik_base : day1 | Gather immediate BGP session count after deploy] ***********************************************************************************************************************************
ok: [Exit_Router1]

TASK [mikrotik_base : day1 | Parse immediate BGP session count after deploy] ************************************************************************************************************************************
ok: [Exit_Router1]

TASK [mikrotik_base : day1 | Parse concrete BGP session rows after deploy] **************************************************************************************************************************************
ok: [Exit_Router1]

TASK [mikrotik_base : day1 | Warn when BGP connection exists but no live RouterOS session formed] ***************************************************************************************************************
ok: [Exit_Router2]

TASK [mikrotik_base : day1 | Report RouterOS BGP diagnostics when no live session formed] ***********************************************************************************************************************
ok: [Exit_Router2] =>
    msg: |-
        Exit_Router2 has a configured RouterOS BGP connection but no concrete
        /routing bgp session rows.

        RouterOS reported 1 configured BGP connections
        via /routing bgp connection print count-only.

        RouterOS reported 0 live BGP sessions
        via /routing bgp session print count-only.

        RouterOS diagnostic snapshot:
        Flags: X - disabled, D - dynamic, I - inactive
         0 D name="main" dynamic-id=10.0.99.2 select-dynamic-id=only-vrf
             select-from-vrf=main

         1   name="main" id=10.0.99.2

         2   name="main" id=10.0.99.2

         3   name="main" id=10.0.99.2

         4   name="main" id=10.0.99.2

         5   name="main" id=10.0.99.2

         6   name="default" id=10.0.99.2

        Flags: * - default; X - disabled, I - inactive
         0 *  name="default" routing-table=main router-id=10.0.99.2 as=65254
              hold-time=3m keepalive-time=1m address-families=ip

         1    name="fabric" routing-table=main router-id=10.0.99.2 as=65254
              hold-time=3m keepalive-time=1m address-families=ip

        Flags: D - dynamic, X - disabled, I - inactive
         0   name="to_Border_Leaf2"
             remote.address=10.0.253.2 .as=65022
             local.default-address=10.0.253.3 .role=ebgp
             connect=yes listen=no routing-table=main router-id=10.0.99.2
             templates=default as=65254 hold-time=3m keepalive-time=1m
             address-families=ip

TASK [mikrotik_base : day1 | Fail deploy when RouterOS BGP connection exists but no live session formed] ********************************************************************************************************
[ERROR]: Task failed: Action failed: Exit_Router2 still has no concrete /routing bgp session rows after deploy. The BGP connection object exists, but RouterOS did not instantiate a live session. See the preceding diagnostic snapshot for routing-id, template, connection, and log state.
Origin: /mnt/c/Users/nh1221/data-center/_v3/roles/mikrotik_base/tasks/day1_bgp.yml:298:3

296   tags: [deploy, day1, bgp]
297
298 - name: "day1 | Fail deploy when RouterOS BGP connection exists but no live session formed"
      ^ column 3

fatal: [Exit_Router2]: FAILED! =>
    changed: false
    msg: Exit_Router2 still has no concrete /routing bgp session rows after deploy. The
        BGP connection object exists, but RouterOS did not instantiate a live session.
        See the preceding diagnostic snapshot for routing-id, template, connection, and
        log state.

TASK [mikrotik_base : day1 | Warn when BGP connection exists but no live RouterOS session formed] ***************************************************************************************************************
ok: [Exit_Router1]

TASK [mikrotik_base : day1 | Report RouterOS BGP diagnostics when no live session formed] ***********************************************************************************************************************
ok: [Exit_Router1] =>
    msg: |-
        Exit_Router1 has a configured RouterOS BGP connection but no concrete
        /routing bgp session rows.

        RouterOS reported 1 configured BGP connections
        via /routing bgp connection print count-only.

        RouterOS reported 0 live BGP sessions
        via /routing bgp session print count-only.

        RouterOS diagnostic snapshot:
        Flags: X - disabled, D - dynamic, I - inactive
         0 D name="main" dynamic-id=10.0.99.1 select-dynamic-id=only-vrf
             select-from-vrf=main

         1   name="main" id=10.0.99.1

         2   name="main" id=10.0.99.1

         3   name="main" id=10.0.99.1

         4   name="main" id=10.0.99.1

         5   name="main" id=10.0.99.1

         6   name="default" id=10.0.99.1

        Flags: * - default; X - disabled, I - inactive
         0 *  name="default" routing-table=main router-id=10.0.99.1 as=65253
              hold-time=3m keepalive-time=1m address-families=ip

         1    name="fabric" routing-table=main router-id=10.0.99.1 as=65253
              hold-time=3m keepalive-time=1m address-families=ip

        Flags: D - dynamic, X - disabled, I - inactive
         0   name="to_Border_Leaf1"
             remote.address=10.0.253.0 .as=65021
             local.default-address=10.0.253.1 .role=ebgp
             connect=yes listen=no routing-table=main router-id=10.0.99.1
             templates=default as=65253 hold-time=3m keepalive-time=1m
             address-families=ip

TASK [mikrotik_base : day1 | Fail deploy when RouterOS BGP connection exists but no live session formed] ********************************************************************************************************
[ERROR]: Task failed: Action failed: Exit_Router1 still has no concrete /routing bgp session rows after deploy. The BGP connection object exists, but RouterOS did not instantiate a live session. See the preceding diagnostic snapshot for routing-id, template, connection, and log state.
Origin: /mnt/c/Users/nh1221/data-center/_v3/roles/mikrotik_base/tasks/day1_bgp.yml:298:3

296   tags: [deploy, day1, bgp]
297
298 - name: "day1 | Fail deploy when RouterOS BGP connection exists but no live session formed"
      ^ column 3

fatal: [Exit_Router1]: FAILED! =>
    changed: false
    msg: Exit_Router1 still has no concrete /routing bgp session rows after deploy. The
        BGP connection object exists, but RouterOS did not instantiate a live session.
        See the preceding diagnostic snapshot for routing-id, template, connection, and
        log state.

PLAY RECAP ******************************************************************************************************************************************************************************************************
Exit_Router1               : ok=28   changed=10   unreachable=0    failed=1    skipped=6    rescued=0    ignored=0
Exit_Router2               : ok=26   changed=10   unreachable=0    failed=1    skipped=8    rescued=0    ignored=0

(venv) nh1221@Lab-ControlNode:/mnt/c/Users/nh1221/data-center/_v3$ ssh Border_Leaf1 "sudo vtysh -c 'show bgp summary'"
Warning: Permanently added '172.16.2.31' (RSA) to the list of known hosts.

IPv4 Unicast Summary (VRF default):
BGP router identifier 10.0.2.1, local AS number 65021 vrf-id 0
BGP table version 786
RIB entries 37, using 8288 bytes of memory
Peers 6, using 4348 KiB of memory

Neighbor        V         AS   MsgRcvd   MsgSent   TblVer  InQ OutQ  Up/Down State/PfxRcd   PfxSnt Desc
Ethernet20      4      65106      1346      1355        0    0    0 09:33:56            6       19 HostB12_1
Ethernet24      4      65107       648      5769        0    0    0 00:00:15            0       19 HostB12_2
Ethernet28      4      65108       650      5774        0    0    0 00:00:17            0       19 MonitorSrv
Ethernet120     4      65000      1640      1652        0    0    0 14:28:43           15       19 Spine_S2
Ethernet124     4      65000      1640      1652        0    0    0 14:28:27           15       19 Spine_S1
10.0.253.1      4      65253         0         0        0    0    0    never       Active        0 Exit_Router1

Total number of neighbors 6

IPv6 Unicast Summary (VRF default):
BGP router identifier 10.0.2.1, local AS number 65021 vrf-id 0
BGP table version 0
RIB entries 0, using 0 bytes of memory
Peers 5, using 3623 KiB of memory

Neighbor        V         AS   MsgRcvd   MsgSent   TblVer  InQ OutQ  Up/Down State/PfxRcd   PfxSnt Desc
Ethernet20      4      65106      1346      1355        0    0    0 09:33:56            0        0 HostB12_1
Ethernet24      4      65107       648      5769        0    0    0 00:00:15            0        0 HostB12_2
Ethernet28      4      65108       650      5774        0    0    0 00:00:17            0        0 MonitorSrv
Ethernet120     4      65000      1640      1652        0    0    0 14:28:43            0        0 Spine_S2
Ethernet124     4      65000      1640      1652        0    0    0 14:28:27            0        0 Spine_S1

Total number of neighbors 5
(venv) nh1221@Lab-ControlNode:/mnt/c/Users/nh1221/data-center/_v3$ ssh Border_Leaf2 "sudo vtysh -c 'show bgp summary'"
Warning: Permanently added '172.16.2.32' (RSA) to the list of known hosts.

IPv4 Unicast Summary (VRF default):
BGP router identifier 10.0.2.2, local AS number 65022 vrf-id 0
BGP table version 778
RIB entries 37, using 8288 bytes of memory
Peers 6, using 4348 KiB of memory

Neighbor        V         AS   MsgRcvd   MsgSent   TblVer  InQ OutQ  Up/Down State/PfxRcd   PfxSnt Desc
Ethernet20      4      65106      1347      1348        0    0    0 09:34:05           15       19 HostB12_1
Ethernet24      4      65107      1346      1348        0    0    0 09:34:05            2       19 HostB12_2
Ethernet28      4      65108      1346      1348        0    0    0 09:34:05            2       19 MonitorSrv
Ethernet120     4      65000      1640      1644        0    0    0 14:28:54           14       19 Spine_S2
Ethernet124     4      65000      1640      1644        0    0    0 14:28:27           14       19 Spine_S1
10.0.253.3      4      65254         0         0        0    0    0    never       Active        0 Exit_Router2

Total number of neighbors 6

IPv6 Unicast Summary (VRF default):
BGP router identifier 10.0.2.2, local AS number 65022 vrf-id 0
BGP table version 0
RIB entries 0, using 0 bytes of memory
Peers 5, using 3623 KiB of memory

Neighbor        V         AS   MsgRcvd   MsgSent   TblVer  InQ OutQ  Up/Down State/PfxRcd   PfxSnt Desc
Ethernet20      4      65106      1347      1348        0    0    0 09:34:05            0        0 HostB12_1
Ethernet24      4      65107      1346      1348        0    0    0 09:34:05            0        0 HostB12_2
Ethernet28      4      65108      1346      1348        0    0    0 09:34:05            0        0 MonitorSrv
Ethernet120     4      65000      1640      1644        0    0    0 14:28:54            0        0 Spine_S2
Ethernet124     4      65000      1640      1644        0    0    0 14:28:27            0        0 Spine_S1

Total number of neighbors 5
(venv) nh1221@Lab-ControlNode:/mnt/c/Users/nh1221/data-center/_v3$ ssh Exit_Router1 '/routing bgp template print detail; /routing bgp connection print detail; /routing bgp session print detail'
Warning: Permanently added '172.16.2.98' (RSA) to the list of known hosts.
Flags: * - default; X - disabled, I - inactive
 0 *  name="default" routing-table=main router-id=10.0.99.1 as=65253
      hold-time=3m keepalive-time=1m address-families=ip

 1    name="fabric" routing-table=main router-id=10.0.99.1 as=65253
      hold-time=3m keepalive-time=1m address-families=ip

Flags: D - dynamic, X - disabled, I - inactive
 0   name="to_Border_Leaf1"
     remote.address=10.0.253.0 .as=65021
     local.default-address=10.0.253.1 .role=ebgp
     connect=yes listen=no routing-table=main router-id=10.0.99.1
     templates=default as=65253 hold-time=3m keepalive-time=1m
     address-families=ip

Flags: E - established

(venv) nh1221@Lab-ControlNode:/mnt/c/Users/nh1221/data-center/_v3$ ssh Exit_Router2 '/routing bgp template print detail; /routing bgp connection print detail; /routing bgp session print detail'
Warning: Permanently added '172.16.2.99' (RSA) to the list of known hosts.
Flags: * - default; X - disabled, I - inactive
 0 *  name="default" routing-table=main router-id=10.0.99.2 as=65254
      hold-time=3m keepalive-time=1m address-families=ip

 1    name="fabric" routing-table=main router-id=10.0.99.2 as=65254
      hold-time=3m keepalive-time=1m address-families=ip

Flags: D - dynamic, X - disabled, I - inactive
 0   name="to_Border_Leaf2"
     remote.address=10.0.253.2 .as=65022
     local.default-address=10.0.253.3 .role=ebgp
     connect=yes listen=no routing-table=main router-id=10.0.99.2
     templates=default as=65254 hold-time=3m keepalive-time=1m
     address-families=ip

Flags: E - established

(venv) nh1221@Lab-ControlNode:/mnt/c/Users/nh1221/data-center/_v3$ ssh Border_Leaf1 "sudo vtysh -c 'show bgp neighbors 10.0.253.1'"
Warning: Permanently added '172.16.2.31' (RSA) to the list of known hosts.
BGP neighbor is 10.0.253.1, remote AS 65253, local AS 65021, external link
  Local Role: undefined
  Remote Role: undefined
 Description: Exit_Router1
  BGP version 4, remote router ID 0.0.0.0, local router ID 10.0.2.1
  BGP state = Active
  Last read 00:21:36, Last write never
  Hold time is 180 seconds, keepalive interval is 60 seconds
  Configured hold time is 180 seconds, keepalive interval is 60 seconds
  Configured conditional advertisements interval is 60 seconds
  Graceful restart information:
    Local GR Mode: Helper*

    Remote GR Mode: NotApplicable

    R bit: False
    N bit: False
    Timers:
      Configured Restart Time(sec): 120
      Received Restart Time(sec): 0
  Message statistics:
    Inq depth is 0
    Outq depth is 0
                         Sent       Rcvd
    Opens:                  0          0
    Notifications:          0          0
    Updates:                0          0
    Keepalives:             0          0
    Route Refresh:          0          0
    Capability:             0          0
    Total:                  0          0
  Minimum time between advertisement runs is 0 seconds
  Update source is 10.0.253.0

 For address family: IPv4 Unicast
  Not part of any update group
  Community attribute sent to this neighbor(all)
  0 accepted prefixes

  Connections established 0; dropped 0
  Last reset 00:21:36,  Waiting for peer OPEN
  External BGP neighbor may be up to 1 hops away.
BGP Connect Retry Timer in Seconds: 120
Next connect timer due in 25 seconds
Read thread: off  Write thread: off  FD used: -1


(venv) nh1221@Lab-ControlNode:/mnt/c/Users/nh1221/data-center/_v3$ ssh Border_Leaf2 "sudo vtysh -c 'show bgp neighbors 10.0.253.3'"
Warning: Permanently added '172.16.2.32' (RSA) to the list of known hosts.
BGP neighbor is 10.0.253.3, remote AS 65254, local AS 65022, external link
  Local Role: undefined
  Remote Role: undefined
 Description: Exit_Router2
  BGP version 4, remote router ID 0.0.0.0, local router ID 10.0.2.2
  BGP state = Active
  Last read 00:21:54, Last write never
  Hold time is 180 seconds, keepalive interval is 60 seconds
  Configured hold time is 180 seconds, keepalive interval is 60 seconds
  Configured conditional advertisements interval is 60 seconds
  Graceful restart information:
    Local GR Mode: Helper*

    Remote GR Mode: NotApplicable

    R bit: False
    N bit: False
    Timers:
      Configured Restart Time(sec): 120
      Received Restart Time(sec): 0
  Message statistics:
    Inq depth is 0
    Outq depth is 0
                         Sent       Rcvd
    Opens:                  0          0
    Notifications:          0          0
    Updates:                0          0
    Keepalives:             0          0
    Route Refresh:          0          0
    Capability:             0          0
    Total:                  0          0
  Minimum time between advertisement runs is 0 seconds
  Update source is 10.0.253.2

 For address family: IPv4 Unicast
  Not part of any update group
  Community attribute sent to this neighbor(all)
  0 accepted prefixes

  Connections established 0; dropped 0
  Last reset 00:21:54,  Waiting for peer OPEN
  External BGP neighbor may be up to 1 hops away.
BGP Connect Retry Timer in Seconds: 120
Next connect timer due in 6 seconds
Read thread: off  Write thread: off  FD used: -1


(venv) nh1221@Lab-ControlNode:/mnt/c/Users/nh1221/data-center/_v3$ cd /mnt/c/Users/nh1221/data-center/_v1/troubleshooting-scripts
(venv) nh1221@Lab-ControlNode:/mnt/c/Users/nh1221/data-center/_v1/troubleshooting-scripts$ ./test_tcp179.sh
=== Test 1: TCP 179 from BL1 → ER1 (10.0.253.1:179) ===
Warning: Permanently added '172.16.2.31' (RSA) to the list of known hosts.
bash: connect: Connection refused
bash: line 1: /dev/tcp/10.0.253.1/179: Connection refused
CLOSED

=== Test 2: TCP 179 from ER1 → BL1 (10.0.253.0:179) ===
Warning: Permanently added '172.16.2.98' (RSA) to the list of known hosts.
  status: connecting

  status: connecting

  status: connecting


=== Test 3: Check what's listening on ER1 ===
Warning: Permanently added '172.16.2.98' (RSA) to the list of known hosts.
  status: connecting

  status: connecting

  status: connecting


=== Test 4: BL1 — FRR BGP neighbor detail for 10.0.253.1 ===
  BGP state = Active
  Last read 00:37:13, Last write never
    Opens:                  0          0
  Connections established 0; dropped 0
  Last reset 00:37:13,  Waiting for peer OPEN
BGP Connect Retry Timer in Seconds: 120

=== Test 5: BL1 — ss for port 179 connections ===
ESTAB 0      0                                   127.0.0.1:32886                  127.0.0.1:3161  users:(("bgpd",pid=1011791,fd=23))
ESTAB 0      2074    [fe80::2e0:ecff:fe57:1201]%Ethernet24:45844  [fe80::5054:ff:fea1:1e4f]:179   users:(("bgpd",pid=1011791,fd=30))
ESTAB 0      2074    [fe80::2e0:ecff:fe57:1201]%Ethernet28:179    [fe80::5054:ff:feb2:f6fe]:59400 users:(("bgpd",pid=1011791,fd=26))
ESTAB 0      0      [fe80::2e0:ecff:fe57:1201]%Ethernet124:179   [fe80::2e0:ecff:fe8a:1a38]:36166 users:(("bgpd",pid=1011791,fd=28))
ESTAB 0      0      [fe80::2e0:ecff:fe57:1201]%Ethernet120:179   [fe80::2e0:ecff:fe8a:1b48]:48956 users:(("bgpd",pid=1011791,fd=27))
ESTAB 0      0       [fe80::2e0:ecff:fe57:1201]%Ethernet20:34902  [fe80::5054:ff:fef9:6195]:179   users:(("bgpd",pid=1011791,fd=29))
(venv) nh1221@Lab-ControlNode:/mnt/c/Users/nh1221/data-center/_v1/troubleshooting-scripts$ ./test_tcp_direction.sh
=== Test: BL1 listening sockets (before) ===
LISTEN 0      3          127.0.0.1:2605      0.0.0.0:*    users:(("bgpd",pid=1011791,fd=19))
LISTEN 0      512          0.0.0.0:179       0.0.0.0:*    users:(("bgpd",pid=1011791,fd=24))
LISTEN 0      512             [::]:179          [::]:*    users:(("bgpd",pid=1011791,fd=25))

=== Test: BL1 all connections involving 10.0.253.x ===

=== Test: tcpdump on BL1 Ethernet0 for 5 seconds ===
Warning: Permanently added '172.16.2.31' (RSA) to the list of known hosts.
tcpdump: verbose output suppressed, use -v[v]... for full protocol decode
listening on Ethernet0, link-type EN10MB (Ethernet), snapshot length 262144 bytes
11:26:03.246635 IP 10.0.253.1.36809 > 10.0.253.0.179: Flags [S], seq 3672280292, win 64240, options [mss 1460,sackOK,TS val 3349875780 ecr 0,nop,wscale 7], length 0

1 packet captured
1 packet received by filter
0 packets dropped by kernel

=== Test: ER1 routing table for 10.0.253.0 ===
Warning: Permanently added '172.16.2.98' (RSA) to the list of known hosts.
Flags: D - DYNAMIC; A - ACTIVE; c - CONNECT
Columns: DST-ADDRESS, GATEWAY, DISTANCE
    DST-ADDRESS    GATEWAY  DISTANCE
DAc 10.0.253.0/31  ether2          0

(venv) nh1221@Lab-ControlNode:/mnt/c/Users/nh1221/data-center/_v1/troubleshooting-scripts$ ./debug_bl1_bgp_ns.sh
=== BL1: Docker bgp container network mode ===
host

=== BL1: Check if bgpd PID is in host namespace ===
lrwxrwxrwx 1 root root 0 May 31 11:26 /proc/1/ns/net -> net:[4026531840]

=== BL1: iptables -L INPUT -v (with counters) ===
Chain INPUT (policy ACCEPT 11137 packets, 1546K bytes)
 pkts bytes target     prot opt in     out     source               destination
4224K  474M ACCEPT     0    --  lo     *       127.0.0.1            0.0.0.0/0
27853  110M ACCEPT     0    --  *      *       0.0.0.0/0            0.0.0.0/0            ctstate RELATED,ESTABLISHED
    0     0 ACCEPT     1    --  *      *       0.0.0.0/0            0.0.0.0/0            icmptype 8
    0     0 ACCEPT     1    --  *      *       0.0.0.0/0            0.0.0.0/0            icmptype 0
    0     0 ACCEPT     1    --  *      *       0.0.0.0/0            0.0.0.0/0            icmptype 3
    0     0 ACCEPT     1    --  *      *       0.0.0.0/0            0.0.0.0/0            icmptype 11
    0     0 ACCEPT     17   --  *      *       0.0.0.0/0            0.0.0.0/0            udp dpts:67:68
    0     0 ACCEPT     17   --  *      *       0.0.0.0/0            0.0.0.0/0            udp dpts:546:547
21240 1274K ACCEPT     6    --  *      *       0.0.0.0/0            0.0.0.0/0            tcp dpt:179
    0     0 DROP       0    --  *      *       0.0.0.0/0            10.0.2.1
    0     0 ACCEPT     1    --  *      *       0.0.0.0/0            0.0.0.0/0            TTL match TTL < 2
    0     0 ACCEPT     17   --  *      *       0.0.0.0/0            0.0.0.0/0            TTL match TTL < 2 udp dpts:1025:65535
    0     0 ACCEPT     6    --  *      *       0.0.0.0/0            0.0.0.0/0            TTL match TTL < 2 tcp dpts:1025:65535

=== BL1: Check DOCKER-related chains ===
Chain PREROUTING (policy ACCEPT)
target     prot opt source               destination

Chain INPUT (policy ACCEPT)
target     prot opt source               destination

Chain OUTPUT (policy ACCEPT)
target     prot opt source               destination

Chain POSTROUTING (policy ACCEPT)
target     prot opt source               destination

=== BL1: FRR neighbor config ===
Warning: Permanently added '172.16.2.31' (RSA) to the list of known hosts.
 neighbor 10.0.253.1 remote-as 65253
 neighbor 10.0.253.1 description Exit_Router1
 neighbor 10.0.253.1 disable-connected-check
 neighbor 10.0.253.1 update-source 10.0.253.0
 !
 address-family ipv4 unicast
--
  neighbor 10.0.253.1 activate
 exit-address-family
 !
(venv) nh1221@Lab-ControlNode:/mnt/c/Users/nh1221/data-center/_v1/troubleshooting-scripts$ ./diagnose_port_bridge.sh
Usage: ./diagnose_port_bridge.sh <vm_name> <sonic_port> <mgmt_ip>

Examples:
  ./diagnose_port_bridge.sh Border_Leaf1 Ethernet124 172.16.2.31
  ./diagnose_port_bridge.sh Leaf_L1 Ethernet0 172.16.2.21
(venv) nh1221@Lab-ControlNode:/mnt/c/Users/nh1221/data-center/_v1/troubleshooting-scripts$ ./diagnose_port_bridge.sh Border_Leaf1 Ethernet124 172.16.2.31
═══════════════════════════════════════════════════════════════════════
 Port-to-Bridge Diagnosis
 VM: Border_Leaf1 | Port: Ethernet124 | IP: 172.16.2.31
 Date: 2026-05-31T06:27:59-05:00
═══════════════════════════════════════════════════════════════════════

┌─── Step 1: Actual ethN Mapping (from syslog) ──────────────────────
(venv) nh1221@Lab-ControlNode:/mnt/c/Users/nh1221/data-center/_v1/troubleshooting-scripts$ ./diagnose_port_bridge.sh Border_Leaf2 Ethernet124 172.16.2.32
═══════════════════════════════════════════════════════════════════════
 Port-to-Bridge Diagnosis
 VM: Border_Leaf2 | Port: Ethernet124 | IP: 172.16.2.32
 Date: 2026-05-31T06:28:18-05:00
═══════════════════════════════════════════════════════════════════════

┌─── Step 1: Actual ethN Mapping (from syslog) ──────────────────────
(venv) nh1221@Lab-ControlNode:/mnt/c/Users/nh1221/data-center/_v1/troubleshooting-scripts$
(venv) nh1221@Lab-ControlNode:/mnt/c/Users/nh1221/data-center/_v3/troubleshooting-scripts$ ./diagnose_border_exit_bgp.sh --profile bl1-er1
====================================================================
 Border-Leaf <-> Exit-Router BGP Diagnosis
 Border Leaf: Border_Leaf1 (172.16.2.31)
 Exit Router: Exit_Router1 (172.16.2.98)
 Fabric Link: Ethernet0 | 10.0.253.0 <-> 10.0.253.1
 Capture:     5s
====================================================================

=== TCP 179 from Border_Leaf1 -> Exit_Router1 (10.0.253.1:179) ===
Note: a refusal here is informational if RouterOS is configured with listen=no.
Warning: Permanently added '172.16.2.31' (RSA) to the list of known hosts.
bash: connect: Connection refused
bash: line 1: /dev/tcp/10.0.253.1/179: Connection refused
CLOSED

=== TCP probe from Exit_Router1 -> Border_Leaf1 (10.0.253.0:179) ===
Warning: Permanently added '172.16.2.98' (RSA) to the list of known hosts.
  status: connecting

  status: connecting

  status: connecting


=== Loopback TCP probe on Exit_Router1 (informational) ===
Warning: Permanently added '172.16.2.98' (RSA) to the list of known hosts.
  status: connecting

  status: connecting

  status: connecting


=== Border_Leaf1 BGP neighbor detail for 10.0.253.1 ===
  BGP state = Active
  Last read 01:01:57, Last write never
    Opens:                  0          0
  Connections established 0; dropped 0
  Last reset 01:01:57,  Waiting for peer OPEN
BGP Connect Retry Timer in Seconds: 120
Read thread: off  Write thread: off  FD used: -1

=== Exit_Router1 BGP template/connection/session detail ===
Warning: Permanently added '172.16.2.98' (RSA) to the list of known hosts.
Flags: * - default; X - disabled, I - inactive
 0 *  name="default" routing-table=main router-id=10.0.99.1 as=65253
      hold-time=3m keepalive-time=1m address-families=ip

 1    name="fabric" routing-table=main router-id=10.0.99.1 as=65253
      hold-time=3m keepalive-time=1m address-families=ip

Flags: D - dynamic, X - disabled, I - inactive
 0   name="to_Border_Leaf1"
     remote.address=10.0.253.0 .as=65021
     local.default-address=10.0.253.1 .role=ebgp
     connect=yes listen=no routing-table=main router-id=10.0.99.1
     templates=default as=65253 hold-time=3m keepalive-time=1m
     address-families=ip

Flags: E - established


=== Border_Leaf1 listening sockets on TCP/179 ===
LISTEN 0      3          127.0.0.1:2605      0.0.0.0:*    users:(("bgpd",pid=1011791,fd=19))
LISTEN 0      512          0.0.0.0:179       0.0.0.0:*    users:(("bgpd",pid=1011791,fd=24))
LISTEN 0      512             [::]:179          [::]:*    users:(("bgpd",pid=1011791,fd=25))

=== Border_Leaf1 active connections involving 10.0.253.x ===

=== Border_Leaf1 interface state for Ethernet0 ===
416: Ethernet0: <BROADCAST,MULTICAST,UP,LOWER_UP> mtu 9100 qdisc mq state UNKNOWN group default qlen 1000
    link/ether 00:e0:ec:57:12:01 brd ff:ff:ff:ff:ff:ff
    inet 10.0.253.0/31 scope global Ethernet0
       valid_lft forever preferred_lft forever
    inet6 fe80::2e0:ecff:fe57:1201/64 scope link
       valid_lft forever preferred_lft forever

10.0.253.0/31 dev Ethernet0 proto kernel scope link src 10.0.253.0

rp_filter(Ethernet0):
0
rp_filter(all):
0

=== Border_Leaf1 iptables port-179 view ===
Chain INPUT (policy ACCEPT)
num  target     prot opt source               destination
1    ACCEPT     0    --  127.0.0.1            0.0.0.0/0
2    ACCEPT     0    --  0.0.0.0/0            0.0.0.0/0            ctstate RELATED,ESTABLISHED
3    ACCEPT     1    --  0.0.0.0/0            0.0.0.0/0            icmptype 8
4    ACCEPT     1    --  0.0.0.0/0            0.0.0.0/0            icmptype 0
5    ACCEPT     1    --  0.0.0.0/0            0.0.0.0/0            icmptype 3
6    ACCEPT     1    --  0.0.0.0/0            0.0.0.0/0            icmptype 11
7    ACCEPT     17   --  0.0.0.0/0            0.0.0.0/0            udp dpts:67:68
8    ACCEPT     17   --  0.0.0.0/0            0.0.0.0/0            udp dpts:546:547
9    ACCEPT     6    --  0.0.0.0/0            0.0.0.0/0            tcp dpt:179
10   DROP       0    --  0.0.0.0/0            10.0.2.1
11   ACCEPT     1    --  0.0.0.0/0            0.0.0.0/0            TTL match TTL < 2
12   ACCEPT     17   --  0.0.0.0/0            0.0.0.0/0            TTL match TTL < 2 udp dpts:1025:65535
13   ACCEPT     6    --  0.0.0.0/0            0.0.0.0/0            TTL match TTL < 2 tcp dpts:1025:65535

ACCEPT     6    --  0.0.0.0/0            0.0.0.0/0            tcp dpt:179

=== Border_Leaf1 tcpdump on Ethernet0 for 5s ===
Warning: Permanently added '172.16.2.31' (RSA) to the list of known hosts.
tcpdump: listening on Ethernet0, link-type EN10MB (Ethernet), snapshot length 262144 bytes
11:50:31.555265 IP (tos 0xc0, ttl 255, id 39379, offset 0, flags [DF], proto TCP (6), length 60)
    10.0.253.1.46397 > 10.0.253.0.179: Flags [S], cksum 0x0e31 (incorrect -> 0xae2d), seq 447579264, win 64240, options [mss 1460,sackOK,TS val 3351344127 ecr 0,nop,wscale 7], length 0
11:50:32.568303 IP (tos 0xc0, ttl 255, id 39380, offset 0, flags [DF], proto TCP (6), length 60)
    10.0.253.1.46397 > 10.0.253.0.179: Flags [S], cksum 0x0e31 (incorrect -> 0xaa38), seq 447579264, win 64240, options [mss 1460,sackOK,TS val 3351345140 ecr 0,nop,wscale 7], length 0

2 packets captured
3 packets received by filter
0 packets dropped by kernel

=== Exit_Router1 route for 10.0.253.0/31 ===
Warning: Permanently added '172.16.2.98' (RSA) to the list of known hosts.
Flags: D - DYNAMIC; A - ACTIVE; c - CONNECT
Columns: DST-ADDRESS, GATEWAY, DISTANCE
    DST-ADDRESS    GATEWAY  DISTANCE
DAc 10.0.253.0/31  ether2          0


=== Border_Leaf1 port-to-bridge trace for Ethernet0 ===
═══════════════════════════════════════════════════════════════════════
 Port-to-Bridge Diagnosis
 VM: Border_Leaf1 | Port: Ethernet0 | IP: 172.16.2.31
 Date: 2026-05-31T06:50:52-05:00
═══════════════════════════════════════════════════════════════════════

┌─── Step 1: Actual ethN Mapping (from syslog) ──────────────────────

Diagnosis complete.
(venv) nh1221@Lab-ControlNode:/mnt/c/Users/nh1221/data-center/_v3/troubleshooting-scripts$ ./diagnose_border_exit_bgp.sh --profile bl2-er2
====================================================================
 Border-Leaf <-> Exit-Router BGP Diagnosis
 Border Leaf: Border_Leaf2 (172.16.2.32)
 Exit Router: Exit_Router2 (172.16.2.99)
 Fabric Link: Ethernet0 | 10.0.253.2 <-> 10.0.253.3
 Capture:     5s
====================================================================

=== TCP 179 from Border_Leaf2 -> Exit_Router2 (10.0.253.3:179) ===
Note: a refusal here is informational if RouterOS is configured with listen=no.
Warning: Permanently added '172.16.2.32' (RSA) to the list of known hosts.
bash: connect: Connection refused
bash: line 1: /dev/tcp/10.0.253.3/179: Connection refused
CLOSED

=== TCP probe from Exit_Router2 -> Border_Leaf2 (10.0.253.2:179) ===
Warning: Permanently added '172.16.2.99' (RSA) to the list of known hosts.
  status: connecting

  status: connecting

  status: connecting


=== Loopback TCP probe on Exit_Router2 (informational) ===
Warning: Permanently added '172.16.2.99' (RSA) to the list of known hosts.
  status: connecting

  status: connecting

  status: connecting


=== Border_Leaf2 BGP neighbor detail for 10.0.253.3 ===
  BGP state = Active
  Last read 01:02:29, Last write never
    Opens:                  0          0
  Connections established 0; dropped 0
  Last reset 01:02:29,  Waiting for peer OPEN
BGP Connect Retry Timer in Seconds: 120
Read thread: off  Write thread: off  FD used: -1

=== Exit_Router2 BGP template/connection/session detail ===
Warning: Permanently added '172.16.2.99' (RSA) to the list of known hosts.
Flags: * - default; X - disabled, I - inactive
 0 *  name="default" routing-table=main router-id=10.0.99.2 as=65254
      hold-time=3m keepalive-time=1m address-families=ip

 1    name="fabric" routing-table=main router-id=10.0.99.2 as=65254
      hold-time=3m keepalive-time=1m address-families=ip

Flags: D - dynamic, X - disabled, I - inactive
 0   name="to_Border_Leaf2"
     remote.address=10.0.253.2 .as=65022
     local.default-address=10.0.253.3 .role=ebgp
     connect=yes listen=no routing-table=main router-id=10.0.99.2
     templates=default as=65254 hold-time=3m keepalive-time=1m
     address-families=ip

Flags: E - established
 0   remote.address=10.0.253.2 .as=0 .hold-time=infinity
     local.address=10.0.253.3 .as=0 ebgp
     prefix-count=0


=== Border_Leaf2 listening sockets on TCP/179 ===
LISTEN 0      512          0.0.0.0:179       0.0.0.0:*    users:(("bgpd",pid=1002110,fd=24))
LISTEN 0      512             [::]:179          [::]:*    users:(("bgpd",pid=1002110,fd=25))

=== Border_Leaf2 active connections involving 10.0.253.x ===

=== Border_Leaf2 interface state for Ethernet0 ===
376: Ethernet0: <BROADCAST,MULTICAST,UP,LOWER_UP> mtu 9100 qdisc mq state UNKNOWN group default qlen 1000
    link/ether 00:e0:ec:57:12:02 brd ff:ff:ff:ff:ff:ff
    inet 10.0.253.2/31 scope global Ethernet0
       valid_lft forever preferred_lft forever
    inet6 fe80::2e0:ecff:fe57:1202/64 scope link
       valid_lft forever preferred_lft forever

10.0.253.2/31 dev Ethernet0 proto kernel scope link src 10.0.253.2

rp_filter(Ethernet0):
0
rp_filter(all):
0

=== Border_Leaf2 iptables port-179 view ===
Chain INPUT (policy ACCEPT)
num  target     prot opt source               destination
1    ACCEPT     0    --  127.0.0.1            0.0.0.0/0
2    ACCEPT     0    --  0.0.0.0/0            0.0.0.0/0            ctstate RELATED,ESTABLISHED
3    ACCEPT     1    --  0.0.0.0/0            0.0.0.0/0            icmptype 8
4    ACCEPT     1    --  0.0.0.0/0            0.0.0.0/0            icmptype 0
5    ACCEPT     1    --  0.0.0.0/0            0.0.0.0/0            icmptype 3
6    ACCEPT     1    --  0.0.0.0/0            0.0.0.0/0            icmptype 11
7    ACCEPT     17   --  0.0.0.0/0            0.0.0.0/0            udp dpts:67:68
8    ACCEPT     17   --  0.0.0.0/0            0.0.0.0/0            udp dpts:546:547
9    ACCEPT     6    --  0.0.0.0/0            0.0.0.0/0            tcp dpt:179
10   DROP       0    --  0.0.0.0/0            10.0.2.2
11   ACCEPT     1    --  0.0.0.0/0            0.0.0.0/0            TTL match TTL < 2
12   ACCEPT     17   --  0.0.0.0/0            0.0.0.0/0            TTL match TTL < 2 udp dpts:1025:65535
13   ACCEPT     6    --  0.0.0.0/0            0.0.0.0/0            TTL match TTL < 2 tcp dpts:1025:65535

ACCEPT     6    --  0.0.0.0/0            0.0.0.0/0            tcp dpt:179

=== Border_Leaf2 tcpdump on Ethernet0 for 5s ===
Warning: Permanently added '172.16.2.32' (RSA) to the list of known hosts.
tcpdump: listening on Ethernet0, link-type EN10MB (Ethernet), snapshot length 262144 bytes
11:51:01.720533 IP (tos 0xc0, ttl 255, id 3943, offset 0, flags [DF], proto TCP (6), length 60)
    10.0.253.3.36353 > 10.0.253.2.179: Flags [S], cksum 0x0e35 (incorrect -> 0x7771), seq 2686980579, win 64240, options [mss 1460,sackOK,TS val 959073709 ecr 0,nop,wscale 7], length 0
11:51:02.759530 IP (tos 0xc0, ttl 255, id 3944, offset 0, flags [DF], proto TCP (6), length 60)
    10.0.253.3.36353 > 10.0.253.2.179: Flags [S], cksum 0x0e35 (incorrect -> 0x7363), seq 2686980579, win 64240, options [mss 1460,sackOK,TS val 959074747 ecr 0,nop,wscale 7], length 0

2 packets captured
2 packets received by filter
0 packets dropped by kernel

=== Exit_Router2 route for 10.0.253.2/31 ===
Warning: Permanently added '172.16.2.99' (RSA) to the list of known hosts.
Flags: D - DYNAMIC; A - ACTIVE; c - CONNECT
Columns: DST-ADDRESS, GATEWAY, DISTANCE
    DST-ADDRESS    GATEWAY  DISTANCE
DAc 10.0.253.2/31  ether3          0


=== Border_Leaf2 port-to-bridge trace for Ethernet0 ===
═══════════════════════════════════════════════════════════════════════
 Port-to-Bridge Diagnosis
 VM: Border_Leaf2 | Port: Ethernet0 | IP: 172.16.2.32
 Date: 2026-05-31T06:51:21-05:00
═══════════════════════════════════════════════════════════════════════

┌─── Step 1: Actual ethN Mapping (from syslog) ──────────────────────

Diagnosis complete.
(venv) nh1221@Lab-ControlNode:/mnt/c/Users/nh1221/data-center/_v3/troubleshooting-scripts$
