
(venv) nh1221@Lab-ControlNode:/mnt/c/Users/nh1221/data-center/_v3$ ansible-playbook -i inventory/hosts.yml playbooks/reused/deploy_day1.yml --limit Border_Leaf2,Exit_Router2

PLAY [Day-1 Fabric Wiring — SONiC Switches] *********************************************************************************************************************************************************************

TASK [Phase 0 | Assert automation profile is supported] *********************************************************************************************************************************************************
ok: [Border_Leaf2 -> localhost] =>
    changed: false
    msg: automation_profile=ubuntu_r810_kvm (QEMU/KVM on Ubuntu for Dell R810 (256GB/64CPU/5TB))

TASK [Phase 0 | Build hypervisor tap-offload work list (profile-driven)] ****************************************************************************************************************************************
ok: [Border_Leaf2 -> localhost]

TASK [Phase 0 | Build hypervisor tap-offload work list (profile-driven)] ****************************************************************************************************************************************
skipping: [Border_Leaf2]

TASK [Phase 0 | Build hypervisor tap-offload work list] *********************************************************************************************************************************************************
skipping: [Border_Leaf2]

TASK [Phase 0 | Disable hypervisor tap TX offload for KVM fabric VMs] *******************************************************************************************************************************************
changed: [Border_Leaf2 -> localhost] => (item=R810 => Border_Leaf2)

TASK [Phase 0 | Report hypervisor tap TX offload result] ********************************************************************************************************************************************************
ok: [Border_Leaf2 -> localhost] => (item=R810) =>
    msg: 'Applied hypervisor tap offload fix via R810 for: Border_Leaf2:vnet285, Border_Leaf2:vnet316,
        Border_Leaf2:vnet315, Border_Leaf2:vnet2, Border_Leaf2:vnet290, Border_Leaf2:vnet291,
        Border_Leaf2:vnet292, Border_Leaf2:vnet28, Border_Leaf2:vnet286, Border_Leaf2:vnet287,
        Border_Leaf2:vnet288, Border_Leaf2:vnet289, Border_Leaf2:vnet29, Border_Leaf2:vnet293,
        Border_Leaf2:vnet294, Border_Leaf2:vnet295, Border_Leaf2:vnet296, Border_Leaf2:vnet297,
        Border_Leaf2:vnet298, Border_Leaf2:vnet299, Border_Leaf2:vnet30, Border_Leaf2:vnet300,
        Border_Leaf2:vnet301, Border_Leaf2:vnet302, Border_Leaf2:vnet303, Border_Leaf2:vnet304,
        Border_Leaf2:vnet305, Border_Leaf2:vnet306, Border_Leaf2:vnet307, Border_Leaf2:vnet308,
        Border_Leaf2:vnet309, Border_Leaf2:vnet31, Border_Leaf2:vnet310, Border_Leaf2:vnet311,
        Border_Leaf2:vnet312, Border_Leaf2:vnet313, Border_Leaf2:vnet314'

TASK [Phase 0 | Pre-flight connectivity] ************************************************************************************************************************************************************************
included: sonic_base for Border_Leaf2

TASK [sonic_base : preflight | Connectivity phase] **************************************************************************************************************************************************************
included: /mnt/c/Users/nh1221/data-center/_v3/roles/sonic_base/tasks/preflight_connectivity.yml for Border_Leaf2

TASK [sonic_base : preflight | Kill any stale SSH ControlMaster process] ****************************************************************************************************************************************
ok: [Border_Leaf2 -> localhost]

TASK [sonic_base : preflight | Wait for SSH port 22 to accept connections] **************************************************************************************************************************************
ok: [Border_Leaf2 -> localhost]

TASK [sonic_base : preflight | Probe SSH password (primary)] ****************************************************************************************************************************************************
ok: [Border_Leaf2 -> localhost]

TASK [sonic_base : preflight | Try alternate password (factory default)] ****************************************************************************************************************************************
skipping: [Border_Leaf2]

TASK [sonic_base : preflight | Switch to alternate password] ****************************************************************************************************************************************************
skipping: [Border_Leaf2]

TASK [sonic_base : preflight | Initialize raw SSH stability probe state] ****************************************************************************************************************************************
ok: [Border_Leaf2]

TASK [sonic_base : preflight | Confirm raw SSH is stable before Ansible session] ********************************************************************************************************************************
included: /mnt/c/Users/nh1221/data-center/_v3/roles/sonic_base/tasks/preflight_ssh_probe_attempt.yml for Border_Leaf2 => (item=1)
included: /mnt/c/Users/nh1221/data-center/_v3/roles/sonic_base/tasks/preflight_ssh_probe_attempt.yml for Border_Leaf2 => (item=2)
included: /mnt/c/Users/nh1221/data-center/_v3/roles/sonic_base/tasks/preflight_ssh_probe_attempt.yml for Border_Leaf2 => (item=3)
included: /mnt/c/Users/nh1221/data-center/_v3/roles/sonic_base/tasks/preflight_ssh_probe_attempt.yml for Border_Leaf2 => (item=4)

TASK [sonic_base : preflight | Probe raw SSH stability before Ansible session] **********************************************************************************************************************************
ok: [Border_Leaf2 -> localhost]

TASK [sonic_base : preflight | Record raw SSH stability before Ansible session result] **************************************************************************************************************************
ok: [Border_Leaf2]

TASK [sonic_base : preflight | Report raw SSH stability before Ansible session progress] ************************************************************************************************************************
skipping: [Border_Leaf2]

TASK [sonic_base : preflight | Wait before retrying raw SSH stability before Ansible session] *******************************************************************************************************************
skipping: [Border_Leaf2]

TASK [sonic_base : preflight | Probe raw SSH stability before Ansible session] **********************************************************************************************************************************
skipping: [Border_Leaf2]

TASK [sonic_base : preflight | Record raw SSH stability before Ansible session result] **************************************************************************************************************************
skipping: [Border_Leaf2]

TASK [sonic_base : preflight | Report raw SSH stability before Ansible session progress] ************************************************************************************************************************
skipping: [Border_Leaf2]

TASK [sonic_base : preflight | Wait before retrying raw SSH stability before Ansible session] *******************************************************************************************************************
skipping: [Border_Leaf2]

TASK [sonic_base : preflight | Probe raw SSH stability before Ansible session] **********************************************************************************************************************************
skipping: [Border_Leaf2]

TASK [sonic_base : preflight | Record raw SSH stability before Ansible session result] **************************************************************************************************************************
skipping: [Border_Leaf2]

TASK [sonic_base : preflight | Report raw SSH stability before Ansible session progress] ************************************************************************************************************************
skipping: [Border_Leaf2]

TASK [sonic_base : preflight | Wait before retrying raw SSH stability before Ansible session] *******************************************************************************************************************
skipping: [Border_Leaf2]

TASK [sonic_base : preflight | Probe raw SSH stability before Ansible session] **********************************************************************************************************************************
skipping: [Border_Leaf2]

TASK [sonic_base : preflight | Record raw SSH stability before Ansible session result] **************************************************************************************************************************
skipping: [Border_Leaf2]

TASK [sonic_base : preflight | Report raw SSH stability before Ansible session progress] ************************************************************************************************************************
skipping: [Border_Leaf2]

TASK [sonic_base : preflight | Wait before retrying raw SSH stability before Ansible session] *******************************************************************************************************************
skipping: [Border_Leaf2]

TASK [sonic_base : preflight | Fail fast when raw SSH is unstable] **********************************************************************************************************************************************
skipping: [Border_Leaf2]

TASK [sonic_base : preflight | Initialize SSH handoff probe state] **********************************************************************************************************************************************
ok: [Border_Leaf2]

TASK [sonic_base : preflight | Confirm SSH is reachable for Ansible handoff] ************************************************************************************************************************************
included: /mnt/c/Users/nh1221/data-center/_v3/roles/sonic_base/tasks/preflight_ssh_probe_attempt.yml for Border_Leaf2 => (item=1)
included: /mnt/c/Users/nh1221/data-center/_v3/roles/sonic_base/tasks/preflight_ssh_probe_attempt.yml for Border_Leaf2 => (item=2)
included: /mnt/c/Users/nh1221/data-center/_v3/roles/sonic_base/tasks/preflight_ssh_probe_attempt.yml for Border_Leaf2 => (item=3)
included: /mnt/c/Users/nh1221/data-center/_v3/roles/sonic_base/tasks/preflight_ssh_probe_attempt.yml for Border_Leaf2 => (item=4)
included: /mnt/c/Users/nh1221/data-center/_v3/roles/sonic_base/tasks/preflight_ssh_probe_attempt.yml for Border_Leaf2 => (item=5)
included: /mnt/c/Users/nh1221/data-center/_v3/roles/sonic_base/tasks/preflight_ssh_probe_attempt.yml for Border_Leaf2 => (item=6)

TASK [sonic_base : preflight | Probe SSH handoff to Ansible] ****************************************************************************************************************************************************
ok: [Border_Leaf2 -> localhost]

TASK [sonic_base : preflight | Record SSH handoff to Ansible result] ********************************************************************************************************************************************
ok: [Border_Leaf2]

TASK [sonic_base : preflight | Report SSH handoff to Ansible progress] ******************************************************************************************************************************************
skipping: [Border_Leaf2]

TASK [sonic_base : preflight | Wait before retrying SSH handoff to Ansible] *************************************************************************************************************************************
skipping: [Border_Leaf2]

TASK [sonic_base : preflight | Probe SSH handoff to Ansible] ****************************************************************************************************************************************************
skipping: [Border_Leaf2]

TASK [sonic_base : preflight | Record SSH handoff to Ansible result] ********************************************************************************************************************************************
skipping: [Border_Leaf2]

TASK [sonic_base : preflight | Report SSH handoff to Ansible progress] ******************************************************************************************************************************************
skipping: [Border_Leaf2]

TASK [sonic_base : preflight | Wait before retrying SSH handoff to Ansible] *************************************************************************************************************************************
skipping: [Border_Leaf2]

TASK [sonic_base : preflight | Probe SSH handoff to Ansible] ****************************************************************************************************************************************************
skipping: [Border_Leaf2]

TASK [sonic_base : preflight | Record SSH handoff to Ansible result] ********************************************************************************************************************************************
skipping: [Border_Leaf2]

TASK [sonic_base : preflight | Report SSH handoff to Ansible progress] ******************************************************************************************************************************************
skipping: [Border_Leaf2]

TASK [sonic_base : preflight | Wait before retrying SSH handoff to Ansible] *************************************************************************************************************************************
skipping: [Border_Leaf2]

TASK [sonic_base : preflight | Probe SSH handoff to Ansible] ****************************************************************************************************************************************************
skipping: [Border_Leaf2]

TASK [sonic_base : preflight | Record SSH handoff to Ansible result] ********************************************************************************************************************************************
skipping: [Border_Leaf2]

TASK [sonic_base : preflight | Report SSH handoff to Ansible progress] ******************************************************************************************************************************************
skipping: [Border_Leaf2]

TASK [sonic_base : preflight | Wait before retrying SSH handoff to Ansible] *************************************************************************************************************************************
skipping: [Border_Leaf2]

TASK [sonic_base : preflight | Probe SSH handoff to Ansible] ****************************************************************************************************************************************************
skipping: [Border_Leaf2]

TASK [sonic_base : preflight | Record SSH handoff to Ansible result] ********************************************************************************************************************************************
skipping: [Border_Leaf2]

TASK [sonic_base : preflight | Report SSH handoff to Ansible progress] ******************************************************************************************************************************************
skipping: [Border_Leaf2]

TASK [sonic_base : preflight | Wait before retrying SSH handoff to Ansible] *************************************************************************************************************************************
skipping: [Border_Leaf2]

TASK [sonic_base : preflight | Probe SSH handoff to Ansible] ****************************************************************************************************************************************************
skipping: [Border_Leaf2]

TASK [sonic_base : preflight | Record SSH handoff to Ansible result] ********************************************************************************************************************************************
skipping: [Border_Leaf2]

TASK [sonic_base : preflight | Report SSH handoff to Ansible progress] ******************************************************************************************************************************************
skipping: [Border_Leaf2]

TASK [sonic_base : preflight | Wait before retrying SSH handoff to Ansible] *************************************************************************************************************************************
skipping: [Border_Leaf2]

TASK [sonic_base : preflight | Fail fast when SSH handoff is unstable] ******************************************************************************************************************************************
skipping: [Border_Leaf2]

TASK [sonic_base : preflight | Wait for critical SONiC services to be active] ***********************************************************************************************************************************
ok: [Border_Leaf2 -> localhost]

TASK [sonic_base : preflight | Kill stale ControlMaster after services gate] ************************************************************************************************************************************
ok: [Border_Leaf2 -> localhost]

TASK [sonic_base : preflight | Wait for SSH port 22 to stabilize after services gate] ***************************************************************************************************************************
ok: [Border_Leaf2 -> localhost]

TASK [sonic_base : preflight | Re-establish SSH after services gate] ********************************************************************************************************************************************
ok: [Border_Leaf2 -> localhost]

TASK [sonic_base : preflight | Pin conservative SSH transport for remaining preflight] **************************************************************************************************************************
ok: [Border_Leaf2]

TASK [sonic_base : preflight | Host prep phase] *****************************************************************************************************************************************************************
included: /mnt/c/Users/nh1221/data-center/_v3/roles/sonic_base/tasks/preflight_host_prep.yml for Border_Leaf2

TASK [sonic_base : preflight | Wait for Ansible connection to stabilise before host prep] ***********************************************************************************************************************
ok: [Border_Leaf2]

TASK [sonic_base : preflight | Check if swap is already active] *************************************************************************************************************************************************
ok: [Border_Leaf2]

TASK [sonic_base : preflight | Check if /swapfile exists] *******************************************************************************************************************************************************
ok: [Border_Leaf2]

TASK [sonic_base : preflight | Activate existing swapfile] ******************************************************************************************************************************************************
ok: [Border_Leaf2]

TASK [sonic_base : preflight | Re-check swap status] ************************************************************************************************************************************************************
ok: [Border_Leaf2]

TASK [sonic_base : preflight | Create 1GB swap for OOM protection] **********************************************************************************************************************************************
changed: [Border_Leaf2]

TASK [sonic_base : preflight | Kill stale ControlMaster after swap setup] ***************************************************************************************************************************************
ok: [Border_Leaf2 -> localhost]

TASK [sonic_base : preflight | Wait for SSH port 22 after swap setup] *******************************************************************************************************************************************
ok: [Border_Leaf2 -> localhost]

TASK [sonic_base : preflight | Re-establish SSH after swap setup] ***********************************************************************************************************************************************
ok: [Border_Leaf2 -> localhost]

TASK [sonic_base : preflight | Identity phase] ******************************************************************************************************************************************************************
included: /mnt/c/Users/nh1221/data-center/_v3/roles/sonic_base/tasks/preflight_identity.yml for Border_Leaf2

TASK [sonic_base : preflight | Gather SONiC build version (probe)] **********************************************************************************************************************************************
ok: [Border_Leaf2 -> localhost]

TASK [sonic_base : preflight | Mark whether SONiC probe needs recovery] *****************************************************************************************************************************************
ok: [Border_Leaf2]

TASK [sonic_base : preflight | Kill stale ControlMaster (recovery after probe failure)] *************************************************************************************************************************
skipping: [Border_Leaf2]

TASK [sonic_base : preflight | Wait for SSH port 22 (recovery after probe failure)] *****************************************************************************************************************************
skipping: [Border_Leaf2]

TASK [sonic_base : preflight | Re-establish SSH (recovery after probe failure)] *********************************************************************************************************************************
skipping: [Border_Leaf2]

TASK [sonic_base : preflight | Gather SONiC build version (retry)] **********************************************************************************************************************************************
skipping: [Border_Leaf2]

TASK [sonic_base : preflight | Set sonic hostname fact] *********************************************************************************************************************************************************
ok: [Border_Leaf2]

TASK [sonic_base : preflight | Gather platform identity from ConfigDB] ******************************************************************************************************************************************
ok: [Border_Leaf2 -> localhost]

TASK [sonic_base : preflight | Display platform identity] *******************************************************************************************************************************************************
ok: [Border_Leaf2] =>
    msg: |-
        hostname=Warning: Permanently added '192.168.9.198' (ED25519) to the list of known hosts.
        Warning: Permanently added '172.16.2.32' (RSA) to the list of known hosts.
        Border_Leaf2 | metadata=Warning: Permanently added '192.168.9.198' (ED25519) to the list of known hosts.
        Warning: Permanently added '172.16.2.32' (RSA) to the list of known hosts.
        {'buffer_model': 'traditional', 'default_bgp_status': 'up', 'default_pfcwd_status': 'disable', 'docker_routing_config_mode': 'split', 'hostname': 'Border_Leaf2', 'hwsku': 'Arista-7050QX-32S', 'mac': '00:e0:ec:57:12:02', 'platform': 'x86_64-kvm_x86_64-r0', 'synchronous_mode': 'enable', 'timezone': 'UTC', 'type': 'LeafRouter'}

TASK [sonic_base : preflight | Verify config_db.json exists] ****************************************************************************************************************************************************
ok: [Border_Leaf2 -> localhost]

TASK [sonic_base : preflight | Report config_db.json status] ****************************************************************************************************************************************************
ok: [Border_Leaf2] =>
    msg: config_db.json exists at /etc/sonic/config_db.json

TASK [sonic_fabric : fabric | Validate required variables] ******************************************************************************************************************************************************
ok: [Border_Leaf2]

TASK [sonic_fabric : fabric | Set unified interface list] *******************************************************************************************************************************************************
ok: [Border_Leaf2]

TASK [sonic_fabric : fabric | Resolve local hardware profile paths] *********************************************************************************************************************************************
ok: [Border_Leaf2]

TASK [sonic_fabric : fabric | Validate local hardware profile mapping] ******************************************************************************************************************************************
ok: [Border_Leaf2]

TASK [sonic_fabric : fabric | Check current port breakout mode matches expected (real hardware)] ****************************************************************************************************************
skipping: [Border_Leaf2]

TASK [sonic_fabric : fabric | Report breakout pre-check result] *************************************************************************************************************************************************
skipping: [Border_Leaf2]

TASK [sonic_fabric : fabric | Fail if no interfaces match play hosts] *******************************************************************************************************************************************
skipping: [Border_Leaf2]

TASK [sonic_fabric : fabric | Resolve interface metadata from hardware files] ***********************************************************************************************************************************
ok: [Border_Leaf2 -> localhost]

TASK [sonic_fabric : fabric | Use hardware-resolved interface metadata] *****************************************************************************************************************************************
ok: [Border_Leaf2]

TASK [sonic_fabric : fabric | Display target interfaces] ********************************************************************************************************************************************************
ok: [Border_Leaf2] =>
    msg: 'Configuring 6 fabric interface(s) on Border_Leaf2: Ethernet124(speed=40000,
        hw=40000, breakout=1x40G[10G]), Ethernet120(speed=40000, hw=40000, breakout=1x40G[10G]),
        Ethernet0(speed=10000, hw=40000, breakout=1x40G[10G]), Ethernet20(speed=40000,
        hw=40000, breakout=1x40G[10G]), Ethernet24(speed=40000, hw=40000, breakout=1x40G[10G]),
        Ethernet28(speed=40000, hw=40000, breakout=1x40G[10G])'

TASK [sonic_fabric : fabric | Ensure local render directory exists] *********************************************************************************************************************************************
ok: [Border_Leaf2 -> localhost]

TASK [sonic_fabric : fabric | Render fabric config_db.json] *****************************************************************************************************************************************************
ok: [Border_Leaf2 -> localhost]

TASK [sonic_fabric : fabric | Validate rendered JSON syntax] ****************************************************************************************************************************************************
ok: [Border_Leaf2 -> localhost]

TASK [sonic_fabric : fabric | Set rendered_config_path for push] ************************************************************************************************************************************************
ok: [Border_Leaf2]

TASK [sonic_fabric : apply | Wait for SSH to be reachable before config push] ***********************************************************************************************************************************
ok: [Border_Leaf2]

TASK [sonic_fabric : apply | Check fabric port exists in running config] ****************************************************************************************************************************************
ok: [Border_Leaf2] => (item=Ethernet124)
ok: [Border_Leaf2] => (item=Ethernet120)
ok: [Border_Leaf2] => (item=Ethernet0)
ok: [Border_Leaf2] => (item=Ethernet20)
ok: [Border_Leaf2] => (item=Ethernet24)
ok: [Border_Leaf2] => (item=Ethernet28)

TASK [sonic_fabric : apply | Fail if a fabric port is missing from APPL_DB] *************************************************************************************************************************************
skipping: [Border_Leaf2] => (item=Ethernet124)
skipping: [Border_Leaf2] => (item=Ethernet120)
skipping: [Border_Leaf2] => (item=Ethernet0)
skipping: [Border_Leaf2] => (item=Ethernet20)
skipping: [Border_Leaf2] => (item=Ethernet24)
skipping: [Border_Leaf2] => (item=Ethernet28)
skipping: [Border_Leaf2]

TASK [sonic_fabric : apply | Check current lane count for target fabric ports] **********************************************************************************************************************************
ok: [Border_Leaf2] => (item=Ethernet0)

TASK [sonic_fabric : apply | Apply target breakout mode before patch merge] *************************************************************************************************************************************
skipping: [Border_Leaf2] => (item=Ethernet0)
skipping: [Border_Leaf2]

TASK [sonic_fabric : apply | Record whether breakout changed] ***************************************************************************************************************************************************
ok: [Border_Leaf2]

TASK [sonic_fabric : apply | Wait for SSH after breakout change] ************************************************************************************************************************************************
skipping: [Border_Leaf2]

TASK [sonic_fabric : apply | Copy fabric patch JSON to switch] **************************************************************************************************************************************************
changed: [Border_Leaf2 -> localhost]

TASK [sonic_fabric : apply | Re-establish Ansible SSH after patch copy] *****************************************************************************************************************************************
ok: [Border_Leaf2]

TASK [sonic_fabric : apply | Merge patch tables into running ConfigDB (Redis)] **********************************************************************************************************************************
changed: [Border_Leaf2]

TASK [sonic_fabric : apply | Wait for SSH to stabilise after ConfigDB merge] ************************************************************************************************************************************
ok: [Border_Leaf2]

TASK [sonic_fabric : apply | Check current port speed in ConfigDB before applying] ******************************************************************************************************************************
ok: [Border_Leaf2] => (item=Ethernet124)
ok: [Border_Leaf2] => (item=Ethernet120)
ok: [Border_Leaf2] => (item=Ethernet0)
ok: [Border_Leaf2] => (item=Ethernet20)
ok: [Border_Leaf2] => (item=Ethernet24)
ok: [Border_Leaf2] => (item=Ethernet28)

TASK [sonic_fabric : apply | Set live fabric port speed after patch merge] **************************************************************************************************************************************
skipping: [Border_Leaf2] => (item=Ethernet124=40000)
skipping: [Border_Leaf2] => (item=Ethernet120=40000)
changed: [Border_Leaf2] => (item=Ethernet0=10000)
skipping: [Border_Leaf2] => (item=Ethernet20=40000)
skipping: [Border_Leaf2] => (item=Ethernet24=40000)
skipping: [Border_Leaf2] => (item=Ethernet28=40000)

TASK [sonic_fabric : apply | Wait for SSH after port speed changes] *********************************************************************************************************************************************
ok: [Border_Leaf2]

TASK [sonic_fabric : apply | Persist merged config to /etc/sonic/config_db.json] ********************************************************************************************************************************
changed: [Border_Leaf2]

TASK [sonic_fabric : apply | Wait for SSH after config save (if connection dropped)] ****************************************************************************************************************************
skipping: [Border_Leaf2]

TASK [sonic_fabric : apply | Retry config save after SSH recovery] **********************************************************************************************************************************************
skipping: [Border_Leaf2]

TASK [sonic_fabric : apply | [ROLLBACK] Bring fabric ports admin-down] ******************************************************************************************************************************************
skipping: [Border_Leaf2] => (item=Ethernet124)
skipping: [Border_Leaf2] => (item=Ethernet120)
skipping: [Border_Leaf2] => (item=Ethernet0)
skipping: [Border_Leaf2] => (item=Ethernet20)
skipping: [Border_Leaf2] => (item=Ethernet24)
skipping: [Border_Leaf2] => (item=Ethernet28)
skipping: [Border_Leaf2]

TASK [sonic_fabric : apply | [ROLLBACK] Remove BGP_NEIGHBOR entries from ConfigDB] ******************************************************************************************************************************
skipping: [Border_Leaf2]

TASK [sonic_fabric : apply | [ROLLBACK] Remove INTERFACE IPv6 entries from ConfigDB] ****************************************************************************************************************************
skipping: [Border_Leaf2]

TASK [sonic_fabric : apply | [ROLLBACK] Persist rolled-back config to disk] *************************************************************************************************************************************
skipping: [Border_Leaf2]

TASK [sonic_fabric : apply | Bring fabric interface(s) admin-up] ************************************************************************************************************************************************
changed: [Border_Leaf2] => (item=Ethernet124)
changed: [Border_Leaf2] => (item=Ethernet120)
changed: [Border_Leaf2] => (item=Ethernet0)
changed: [Border_Leaf2] => (item=Ethernet20)
changed: [Border_Leaf2] => (item=Ethernet24)
changed: [Border_Leaf2] => (item=Ethernet28)

TASK [sonic_fabric : apply | Kill stale ControlMaster socket after config interface startup] ********************************************************************************************************************
ok: [Border_Leaf2 -> localhost]

TASK [sonic_fabric : apply | Wait for SSH port 22 to recover after interface startup] ***************************************************************************************************************************
ok: [Border_Leaf2 -> localhost]

TASK [sonic_fabric : apply | Re-establish SSH after config interface startup] ***********************************************************************************************************************************
ok: [Border_Leaf2 -> localhost]

TASK [sonic_fabric : apply | Retry startup for ports that hit SSH drop] *****************************************************************************************************************************************
skipping: [Border_Leaf2] => (item=Ethernet124)
skipping: [Border_Leaf2] => (item=Ethernet120)
skipping: [Border_Leaf2] => (item=Ethernet0)
skipping: [Border_Leaf2] => (item=Ethernet20)
skipping: [Border_Leaf2] => (item=Ethernet24)
skipping: [Border_Leaf2] => (item=Ethernet28)
skipping: [Border_Leaf2]

TASK [sonic_fabric : apply | Check configured fabric port speed after merge] ************************************************************************************************************************************
ok: [Border_Leaf2] => (item=Ethernet124)
ok: [Border_Leaf2] => (item=Ethernet120)
ok: [Border_Leaf2] => (item=Ethernet0)
ok: [Border_Leaf2] => (item=Ethernet20)
ok: [Border_Leaf2] => (item=Ethernet24)
ok: [Border_Leaf2] => (item=Ethernet28)

TASK [sonic_fabric : apply | Fail if configured fabric port speed does not match rendered speed] ****************************************************************************************************************
ok: [Border_Leaf2] => (item=Ethernet124)
ok: [Border_Leaf2] => (item=Ethernet120)
ok: [Border_Leaf2] => (item=Ethernet0)
ok: [Border_Leaf2] => (item=Ethernet20)
ok: [Border_Leaf2] => (item=Ethernet24)
ok: [Border_Leaf2] => (item=Ethernet28)

TASK [sonic_fabric : apply | Check live fabric port speed after merge] ******************************************************************************************************************************************
ok: [Border_Leaf2] => (item=Ethernet124)
ok: [Border_Leaf2] => (item=Ethernet120)
ok: [Border_Leaf2] => (item=Ethernet0)
ok: [Border_Leaf2] => (item=Ethernet20)
ok: [Border_Leaf2] => (item=Ethernet24)
ok: [Border_Leaf2] => (item=Ethernet28)

TASK [sonic_fabric : apply | Report live fabric port speed after merge] *****************************************************************************************************************************************
ok: [Border_Leaf2] => (item=Ethernet124) =>
    msg: 'Border_Leaf2 Ethernet124: CONFIG_DB speed=40000 Mbps (authoritative), APPL_DB
        live speed=40000 Mbps. On KVM VS the virtual ASIC always reports hardware-native
        speed in APPL_DB regardless of CONFIG_DB — this discrepancy is expected and non-fatal.'
ok: [Border_Leaf2] => (item=Ethernet120) =>
    msg: 'Border_Leaf2 Ethernet120: CONFIG_DB speed=40000 Mbps (authoritative), APPL_DB
        live speed=40000 Mbps. On KVM VS the virtual ASIC always reports hardware-native
        speed in APPL_DB regardless of CONFIG_DB — this discrepancy is expected and non-fatal.'
ok: [Border_Leaf2] => (item=Ethernet0) =>
    msg: 'Border_Leaf2 Ethernet0: CONFIG_DB speed=10000 Mbps (authoritative), APPL_DB
        live speed=10000 Mbps. On KVM VS the virtual ASIC always reports hardware-native
        speed in APPL_DB regardless of CONFIG_DB — this discrepancy is expected and non-fatal.'
ok: [Border_Leaf2] => (item=Ethernet20) =>
    msg: 'Border_Leaf2 Ethernet20: CONFIG_DB speed=40000 Mbps (authoritative), APPL_DB
        live speed=40000 Mbps. On KVM VS the virtual ASIC always reports hardware-native
        speed in APPL_DB regardless of CONFIG_DB — this discrepancy is expected and non-fatal.'
ok: [Border_Leaf2] => (item=Ethernet24) =>
    msg: 'Border_Leaf2 Ethernet24: CONFIG_DB speed=40000 Mbps (authoritative), APPL_DB
        live speed=40000 Mbps. On KVM VS the virtual ASIC always reports hardware-native
        speed in APPL_DB regardless of CONFIG_DB — this discrepancy is expected and non-fatal.'
ok: [Border_Leaf2] => (item=Ethernet28) =>
    msg: 'Border_Leaf2 Ethernet28: CONFIG_DB speed=40000 Mbps (authoritative), APPL_DB
        live speed=40000 Mbps. On KVM VS the virtual ASIC always reports hardware-native
        speed in APPL_DB regardless of CONFIG_DB — this discrepancy is expected and non-fatal.'

TASK [sonic_fabric : apply | Clear stale FRR BGP router config before container restart] ************************************************************************************************************************
skipping: [Border_Leaf2]

TASK [sonic_fabric : apply | Stop bgp service before restart (no-block)] ****************************************************************************************************************************************
skipping: [Border_Leaf2]

TASK [sonic_fabric : apply | Recover SSH after bgp stop] ********************************************************************************************************************************************************
skipping: [Border_Leaf2]

TASK [sonic_fabric : apply | Wait for bgp container to fully stop] **********************************************************************************************************************************************
skipping: [Border_Leaf2]

TASK [sonic_fabric : apply | Recover SSH after bgp stop wait] ***************************************************************************************************************************************************
skipping: [Border_Leaf2]

TASK [sonic_fabric : apply | Drop page cache after bgp stop (prevent OOM on 2GB KVM VS)] ************************************************************************************************************************
skipping: [Border_Leaf2]

TASK [sonic_fabric : apply | Recover SSH after page cache drop] *************************************************************************************************************************************************
skipping: [Border_Leaf2]

TASK [sonic_fabric : apply | Start bgp service after stop (no-block)] *******************************************************************************************************************************************
skipping: [Border_Leaf2]

TASK [sonic_fabric : apply | Wait for bgp container to become active] *******************************************************************************************************************************************
skipping: [Border_Leaf2]

TASK [sonic_fabric : apply | Recover SSH after bgp start] *******************************************************************************************************************************************************
skipping: [Border_Leaf2]

TASK [sonic_fabric : apply | Wait for bgpd to be responsive inside bgp container] *******************************************************************************************************************************
ok: [Border_Leaf2]

TASK [sonic_fabric : apply | Confirm bgpd is stable after responsive check] *************************************************************************************************************************************
ok: [Border_Leaf2]

TASK [sonic_fabric : apply | Read all BGP neighbors from ConfigDB (full topology)] ******************************************************************************************************************************
ok: [Border_Leaf2]

TASK [sonic_fabric : apply | Parse full BGP neighbor list from ConfigDB] ****************************************************************************************************************************************
ok: [Border_Leaf2]

TASK [sonic_fabric : apply | Identify IP-based BGP peers from fabric_links] *************************************************************************************************************************************
ok: [Border_Leaf2]

TASK [sonic_fabric : apply | Compute valid unnumbered port set] *************************************************************************************************************************************************
ok: [Border_Leaf2]

TASK [sonic_fabric : apply | Remove stale interface-based BGP_NEIGHBOR entries from ConfigDB] *******************************************************************************************************************
skipping: [Border_Leaf2]

TASK [sonic_fabric : apply | Report stale entry cleanup] ********************************************************************************************************************************************************
skipping: [Border_Leaf2]

TASK [sonic_fabric : apply | Compute effective BGP neighbor list (fabric_mode=incremental)] *********************************************************************************************************************
ok: [Border_Leaf2]

TASK [sonic_fabric : apply | Display effective BGP neighbors for this run] **************************************************************************************************************************************
ok: [Border_Leaf2] =>
    msg: |-
        fabric_mode=incremental on Border_Leaf2: PRESERVING 2 unnumbered: Ethernet124, Ethernet120;
          downlinks: Ethernet20, Ethernet24, Ethernet28;
          IP-based: 10.0.253.3

TASK [sonic_fabric : apply | Check live IPv4 address on IP-based fabric interfaces] *****************************************************************************************************************************
ok: [Border_Leaf2] => (item=Ethernet0=10.0.253.2/31)

TASK [sonic_fabric : apply | Assign live IPv4 address on IP-based fabric interfaces] ****************************************************************************************************************************
skipping: [Border_Leaf2] => (item=Ethernet0=10.0.253.2/31)
skipping: [Border_Leaf2]

TASK [sonic_fabric : apply | Configure FRR BGP via vtysh (fabric_mode=incremental)] *****************************************************************************************************************************
changed: [Border_Leaf2]

TASK [sonic_fabric : apply | Verify FRR BGP ASN after vtysh config] *********************************************************************************************************************************************
ok: [Border_Leaf2]

TASK [sonic_fabric : apply | Report FRR BGP ASN] ****************************************************************************************************************************************************************
ok: [Border_Leaf2] =>
    msg: 'Border_Leaf2 FRR BGP: BGP router identifier 10.0.2.2, local AS number 65022
        vrf-id 0. Expected local AS number 65022.'

TASK [sonic_fabric : apply | Kill stale SSH ControlMaster process after bgp restart] ****************************************************************************************************************************
ok: [Border_Leaf2 -> localhost]

TASK [sonic_fabric : apply | Re-establish SSH connection after bgp restart] *************************************************************************************************************************************
ok: [Border_Leaf2]

TASK [sonic_fabric : apply | Confirm fabric operation completed] ************************************************************************************************************************************************
ok: [Border_Leaf2] =>
    msg: 'INCREMENTAL deploy on Border_Leaf2: new_links=Ethernet124, Ethernet120, Ethernet0,
        Ethernet20, Ethernet24, Ethernet28, total_bgp_neighbors=2+3dl+1ip, bgp_asn=65022,
        router_id=10.0.2.2. bgp container is active. swss/syncd were NOT restarted.'

TASK [sonic_fabric : verify | Set unified interface list] *******************************************************************************************************************************************************
ok: [Border_Leaf2]

TASK [sonic_fabric : verify | Fail if no fabric interfaces are defined] *****************************************************************************************************************************************
skipping: [Border_Leaf2]

TASK [sonic_fabric : verify | Kill stale ControlMaster socket before verify] ************************************************************************************************************************************
ok: [Border_Leaf2 -> localhost]

TASK [sonic_fabric : verify | Wait for SSH port 22 before verify] ***********************************************************************************************************************************************
ok: [Border_Leaf2 -> localhost]

TASK [sonic_fabric : verify | Re-establish SSH before verify] ***************************************************************************************************************************************************
ok: [Border_Leaf2]

TASK [sonic_fabric : verify | Wait for bgp + swss + syncd to stabilize] *****************************************************************************************************************************************
ok: [Border_Leaf2]

TASK [sonic_fabric : verify | Kill stale ControlMaster after stability gate] ************************************************************************************************************************************
ok: [Border_Leaf2 -> localhost]

TASK [sonic_fabric : verify | Re-establish SSH after stability gate] ********************************************************************************************************************************************
ok: [Border_Leaf2]

TASK [sonic_fabric : verify | Check fabric port admin status] ***************************************************************************************************************************************************
ok: [Border_Leaf2] => (item=Ethernet124)
ok: [Border_Leaf2] => (item=Ethernet120)
ok: [Border_Leaf2] => (item=Ethernet0)
ok: [Border_Leaf2] => (item=Ethernet20)
ok: [Border_Leaf2] => (item=Ethernet24)
ok: [Border_Leaf2] => (item=Ethernet28)

TASK [sonic_fabric : verify | Check fabric port oper status] ****************************************************************************************************************************************************
ok: [Border_Leaf2] => (item=Ethernet124)
ok: [Border_Leaf2] => (item=Ethernet120)
ok: [Border_Leaf2] => (item=Ethernet0)
ok: [Border_Leaf2] => (item=Ethernet20)
ok: [Border_Leaf2] => (item=Ethernet24)
ok: [Border_Leaf2] => (item=Ethernet28)

TASK [sonic_fabric : verify | Report port status] ***************************************************************************************************************************************************************
ok: [Border_Leaf2] => (item=Ethernet124) =>
    msg: 'Ethernet124 admin=up oper=up ✓ LINK UP '
ok: [Border_Leaf2] => (item=Ethernet120) =>
    msg: 'Ethernet120 admin=up oper=up ✓ LINK UP '
ok: [Border_Leaf2] => (item=Ethernet0) =>
    msg: 'Ethernet0 admin=up oper=up ✓ LINK UP '
ok: [Border_Leaf2] => (item=Ethernet20) =>
    msg: 'Ethernet20 admin=up oper=up ✓ LINK UP '
ok: [Border_Leaf2] => (item=Ethernet24) =>
    msg: 'Ethernet24 admin=up oper=up ✓ LINK UP '
ok: [Border_Leaf2] => (item=Ethernet28) =>
    msg: 'Ethernet28 admin=up oper=up ✓ LINK UP '

TASK [sonic_fabric : verify | Dump port detail when oper=down (KVM bridge diagnostic)] **************************************************************************************************************************
skipping: [Border_Leaf2] => (item=Ethernet124)
skipping: [Border_Leaf2] => (item=Ethernet120)
skipping: [Border_Leaf2] => (item=Ethernet0)
skipping: [Border_Leaf2] => (item=Ethernet20)
skipping: [Border_Leaf2] => (item=Ethernet24)
skipping: [Border_Leaf2] => (item=Ethernet28)
skipping: [Border_Leaf2]

TASK [sonic_fabric : verify | Show port diagnostic output] ******************************************************************************************************************************************************
skipping: [Border_Leaf2] => (item=Ethernet124)
skipping: [Border_Leaf2] => (item=Ethernet120)
skipping: [Border_Leaf2] => (item=Ethernet0)
skipping: [Border_Leaf2] => (item=Ethernet20)
skipping: [Border_Leaf2] => (item=Ethernet24)
skipping: [Border_Leaf2] => (item=Ethernet28)
skipping: [Border_Leaf2]

TASK [sonic_fabric : verify | Check BGP session summary] ********************************************************************************************************************************************************
ok: [Border_Leaf2]

TASK [sonic_fabric : verify | Parse BGP session state] **********************************************************************************************************************************************************
ok: [Border_Leaf2]

TASK [sonic_fabric : verify | Report BGP neighbor states] *******************************************************************************************************************************************************
ok: [Border_Leaf2] =>
    msg: |-
        BGP Summary for Border_Leaf2 (AS 65022):
          Ethernet20: state=Established, pfxRcd=0
          Ethernet24: state=Established, pfxRcd=0
          Ethernet28: state=Established, pfxRcd=2
          Ethernet120: state=Established, pfxRcd=16
          Ethernet124: state=Established, pfxRcd=0
          10.0.253.3: state=Established, pfxRcd=0

TASK [sonic_fabric : verify | Check BFD session states] *********************************************************************************************************************************************************
ok: [Border_Leaf2]

TASK [sonic_fabric : verify | Parse BFD peer data] **************************************************************************************************************************************************************
skipping: [Border_Leaf2]

TASK [sonic_fabric : verify | Report BFD session status] ********************************************************************************************************************************************************
ok: [Border_Leaf2] =>
    msg: |-
        BFD Sessions for Border_Leaf2:
          BFD sessions not yet established (peers may still be negotiating)

TASK [sonic_fabric : verify | Warn if BFD sessions not all Up] **************************************************************************************************************************************************
skipping: [Border_Leaf2]

TASK [sonic_fabric : verify | Check LLDP neighbors] *************************************************************************************************************************************************************
ok: [Border_Leaf2]

TASK [sonic_fabric : verify | Report LLDP neighbors] ************************************************************************************************************************************************************
ok: [Border_Leaf2] =>
    msg: |-
        LLDP Neighbors on fabric ports:
        Interface:    Ethernet120, via: LLDP, RID: 2, Time: 0 day, 00:09:58
        Interface:    Ethernet124, via: LLDP, RID: 1, Time: 0 day, 00:09:58
        Interface:    Ethernet0, via: LLDP, RID: 3, Time: 0 day, 00:09:47
        Interface:    Ethernet20, via: LLDP, RID: 4, Time: 0 day, 00:09:09
        Interface:    Ethernet24, via: LLDP, RID: 5, Time: 0 day, 00:08:57
        Interface:    Ethernet28, via: LLDP, RID: 6, Time: 0 day, 00:08:48

TASK [sonic_fabric : verify | Assert expected LLDP neighbor count (real hardware)] ******************************************************************************************************************************
skipping: [Border_Leaf2]

TASK [sonic_fabric : verify | Report LLDP mismatch (real hardware)] *********************************************************************************************************************************************
skipping: [Border_Leaf2]

TASK [sonic_fabric : verify | Check IPv6 link-local addresses on fabric ports] **********************************************************************************************************************************
ok: [Border_Leaf2]

TASK [sonic_fabric : verify | Report IPv6 link-local] ***********************************************************************************************************************************************************
ok: [Border_Leaf2] =>
    msg: |-
        IPv6 link-local on fabric ports:
        Ethernet0              fe80::2e0:ecff:fe57:1202%Ethernet0/64    up/up         N/A             N/A
        Ethernet20             fe80::2e0:ecff:fe57:1202%Ethernet20/64   up/up         N/A             N/A
        Ethernet24             fe80::2e0:ecff:fe57:1202%Ethernet24/64   up/up         N/A             N/A
        Ethernet28             fe80::2e0:ecff:fe57:1202%Ethernet28/64   up/up         N/A             N/A
        Ethernet120            fe80::2e0:ecff:fe57:1202%Ethernet120/64  up/up         N/A             N/A
        Ethernet124            fe80::2e0:ecff:fe57:1202%Ethernet124/64  up/up         N/A             N/A

TASK [sonic_fabric : verify | Fabric integration summary] *******************************************************************************************************************************************************
ok: [Border_Leaf2] =>
    msg: |-
        ============================================
        Fabric Integration Complete: Border_Leaf2
        ============================================
        ASN:            65022
        Router-ID:      10.0.2.2
        Fabric Ports:   Ethernet124, Ethernet120, Ethernet0, Ethernet20, Ethernet24, Ethernet28
        BGP Mode:       eBGP unnumbered (IPv6 link-local)
        LLDP:           Enabled (Tx+Rx)
        Neighbors:      Spine_S1, Spine_S2, Exit_Router2, HostB12_1, HostB12_2, MonitorSrv
        ============================================

TASK [sonic_fabric : verify | Wait for at least one BGP session to reach Established] ***************************************************************************************************************************
ok: [Border_Leaf2]

TASK [sonic_fabric : verify | Report BGP establish result before ping test] *************************************************************************************************************************************
ok: [Border_Leaf2] =>
    msg: 'BGP establish check on Border_Leaf2: at least one session Established — proceeding
        with ping'

TASK [sonic_fabric : verify | Discover peer IPv6 link-local from FRR BGP neighbor state] ************************************************************************************************************************
ok: [Border_Leaf2] => (item=Ethernet124)
ok: [Border_Leaf2] => (item=Ethernet120)
ok: [Border_Leaf2] => (item=Ethernet0)
ok: [Border_Leaf2] => (item=Ethernet20)
ok: [Border_Leaf2] => (item=Ethernet24)
ok: [Border_Leaf2] => (item=Ethernet28)

TASK [sonic_fabric : verify | Ping peer IPv6 link-local via fabric interface] ***********************************************************************************************************************************
ok: [Border_Leaf2] => (item=Ethernet124 → Spine_S1)
ok: [Border_Leaf2] => (item=Ethernet120 → Spine_S2)
ok: [Border_Leaf2] => (item=Ethernet0 → Exit_Router2)
ok: [Border_Leaf2] => (item=Ethernet20 → HostB12_1)
ok: [Border_Leaf2] => (item=Ethernet24 → HostB12_2)
ok: [Border_Leaf2] => (item=Ethernet28 → MonitorSrv)

TASK [sonic_fabric : verify | Report ping connectivity results] *************************************************************************************************************************************************
ok: [Border_Leaf2] => (item=Ethernet124 → Spine_S1) =>
    msg: 'SKIP: peer link-local not yet known for Ethernet124 → Spine_S1 (BGP not Established
        yet)'
ok: [Border_Leaf2] => (item=Ethernet120 → Spine_S2) =>
    msg: 'SKIP: peer link-local not yet known for Ethernet120 → Spine_S2 (BGP not Established
        yet)'
ok: [Border_Leaf2] => (item=Ethernet0 → Exit_Router2) =>
    msg: 'SKIP: peer link-local not yet known for Ethernet0 → Exit_Router2 (BGP not Established
        yet)'
ok: [Border_Leaf2] => (item=Ethernet20 → HostB12_1) =>
    msg: 'SKIP: peer link-local not yet known for Ethernet20 → HostB12_1 (BGP not Established
        yet)'
ok: [Border_Leaf2] => (item=Ethernet24 → HostB12_2) =>
    msg: 'SKIP: peer link-local not yet known for Ethernet24 → HostB12_2 (BGP not Established
        yet)'
ok: [Border_Leaf2] => (item=Ethernet28 → MonitorSrv) =>
    msg: 'SKIP: peer link-local not yet known for Ethernet28 → MonitorSrv (BGP not Established
        yet)'

TASK [Phase 2 | Verify BGP neighbors are established] ***********************************************************************************************************************************************************
ok: [Border_Leaf2]

TASK [Phase 2 | Report BGP state] *******************************************************************************************************************************************************************************
ok: [Border_Leaf2] =>
    msg: |-
        BGP summary: {
        "ipv4Unicast":{
          "routerId":"10.0.2.2",
          "as":65022,
          "vrfId":0,
          "vrfName":"default",
          "tableVersion":63,
          "ribCount":37,
          "ribMemory":8288,
          "peerCount":6,
          "peerMemory":4451856,
          "peers":{
            "Ethernet20":{
              "hostname":"hostb12-1",
              "remoteAs":65106,
              "localAs":65022,
              "version":4,
              "msgRcvd":9,
              "msgSent":69,
              "tableVersion":0,
              "outq":0,
              "inq":0,
              "peerUptime":"00:02:15",
              "peerUptimeMsec":135000,
              "peerUptimeEstablishedEpoch":1780689860,
              "pfxRcd":0,
              "pfxSnt":19,
              "state":"Established",
              "peerState":"OK",
              "connectionsEstablished":3,
              "connectionsDropped":2,
              "desc":"HostB12_1",
              "idType":"interface"
            },
            "Ethernet24":{
              "hostname":"hostb12-2",
              "remoteAs":65107,
              "localAs":65022,
              "version":4,
              "msgRcvd":9,
              "msgSent":68,
              "tableVersion":0,
              "outq":0,
              "inq":0,
              "peerUptime":"00:02:14",
              "peerUptimeMsec":134000,
              "peerUptimeEstablishedEpoch":1780689861,
              "pfxRcd":0,
              "pfxSnt":19,
              "state":"Established",
              "peerState":"OK",
              "connectionsEstablished":3,
              "connectionsDropped":2,
              "desc":"HostB12_2",
              "idType":"interface"
            },
            "Ethernet28":{
              "hostname":"monitorsrv",
              "remoteAs":65108,
              "localAs":65022,
              "version":4,
              "msgRcvd":34,
              "msgSent":36,
              "tableVersion":0,
              "outq":0,
              "inq":0,
              "peerUptime":"00:08:10",
              "peerUptimeMsec":490000,
              "peerUptimeEstablishedEpoch":1780689505,
              "pfxRcd":2,
              "pfxSnt":19,
              "state":"Established",
              "peerState":"OK",
              "connectionsEstablished":1,
              "connectionsDropped":0,
              "desc":"MonitorSrv",
              "idType":"interface"
            },
            "Ethernet120":{
              "hostname":"sonic",
              "remoteAs":65000,
              "localAs":65022,
              "version":4,
              "msgRcvd":32,
              "msgSent":45,
              "tableVersion":0,
              "outq":0,
              "inq":0,
              "peerUptime":"00:05:10",
              "peerUptimeMsec":310000,
              "peerUptimeEstablishedEpoch":1780689685,
              "pfxRcd":15,
              "pfxSnt":19,
              "state":"Established",
              "peerState":"OK",
              "connectionsEstablished":2,
              "connectionsDropped":1,
              "desc":"Spine_S2",
              "idType":"interface"
            },
            "Ethernet124":{
              "hostname":"sonic",
              "remoteAs":65000,
              "localAs":65022,
              "version":4,
              "msgRcvd":49,
              "msgSent":75,
              "tableVersion":0,
              "outq":0,
              "inq":0,
              "peerUptime":"00:00:16",
              "peerUptimeMsec":16000,
              "peerUptimeEstablishedEpoch":1780689979,
              "pfxRcd":15,
              "pfxSnt":19,
              "state":"Established",
              "peerState":"OK",
              "connectionsEstablished":3,
              "connectionsDropped":2,
              "desc":"Spine_S1",
              "idType":"interface"
            },
            "10.0.253.3":{
              "remoteAs":65254,
              "localAs":65022,
              "version":4,
              "msgRcvd":11,
              "msgSent":35,
              "tableVersion":0,
              "outq":0,
              "inq":0,
              "peerUptime":"00:08:12",
              "peerUptimeMsec":492000,
              "peerUptimeEstablishedEpoch":1780689503,
              "pfxRcd":0,
              "pfxSnt":19,
              "state":"Established",
              "peerState":"OK",
              "connectionsEstablished":1,
              "connectionsDropped":0,
              "desc":"Exit_Router2",
              "idType":"ipv4"
            }
          },
          "failedPeers":0,
          "displayedPeers":6,
          "totalPeers":6,
          "dynamicPeers":0,
          "bestPath":{
            "multiPathRelax":"false"
          }
        }
        ,
        "ipv6Unicast":{
          "routerId":"10.0.2.2",
          "as":65022,
          "vrfId":0,
          "vrfName":"default",
          "tableVersion":0,
          "ribCount":0,
          "ribMemory":0,
          "peerCount":5,
          "peerMemory":3709880,
          "peers":{
            "Ethernet20":{
              "hostname":"hostb12-1",
              "remoteAs":65106,
              "localAs":65022,
              "version":4,
              "msgRcvd":9,
              "msgSent":69,
              "tableVersion":0,
              "outq":0,
              "inq":0,
              "peerUptime":"00:02:15",
              "peerUptimeMsec":135000,
              "peerUptimeEstablishedEpoch":1780689860,
              "pfxRcd":0,
              "pfxSnt":0,
              "state":"Established",
              "peerState":"OK",
              "connectionsEstablished":3,
              "connectionsDropped":2,
              "desc":"HostB12_1",
              "idType":"interface"
            },
            "Ethernet24":{
              "hostname":"hostb12-2",
              "remoteAs":65107,
              "localAs":65022,
              "version":4,
              "msgRcvd":9,
              "msgSent":68,
              "tableVersion":0,
              "outq":0,
              "inq":0,
              "peerUptime":"00:02:14",
              "peerUptimeMsec":134000,
              "peerUptimeEstablishedEpoch":1780689861,
              "pfxRcd":0,
              "pfxSnt":0,
              "state":"Established",
              "peerState":"OK",
              "connectionsEstablished":3,
              "connectionsDropped":2,
              "desc":"HostB12_2",
              "idType":"interface"
            },
            "Ethernet28":{
              "hostname":"monitorsrv",
              "remoteAs":65108,
              "localAs":65022,
              "version":4,
              "msgRcvd":34,
              "msgSent":36,
              "tableVersion":0,
              "outq":0,
              "inq":0,
              "peerUptime":"00:08:10",
              "peerUptimeMsec":490000,
              "peerUptimeEstablishedEpoch":1780689505,
              "pfxRcd":0,
              "pfxSnt":0,
              "state":"Established",
              "peerState":"OK",
              "connectionsEstablished":1,
              "connectionsDropped":0,
              "desc":"MonitorSrv",
              "idType":"interface"
            },
            "Ethernet120":{
              "hostname":"sonic",
              "remoteAs":65000,
              "localAs":65022,
              "version":4,
              "msgRcvd":32,
              "msgSent":45,
              "tableVersion":0,
              "outq":0,
              "inq":0,
              "peerUptime":"00:05:10",
              "peerUptimeMsec":310000,
              "peerUptimeEstablishedEpoch":1780689685,
              "pfxRcd":0,
              "pfxSnt":0,
              "state":"Established",
              "peerState":"OK",
              "connectionsEstablished":2,
              "connectionsDropped":1,
              "desc":"Spine_S2",
              "idType":"interface"
            },
            "Ethernet124":{
              "hostname":"sonic",
              "remoteAs":65000,
              "localAs":65022,
              "version":4,
              "msgRcvd":49,
              "msgSent":75,
              "tableVersion":0,
              "outq":0,
              "inq":0,
              "peerUptime":"00:00:16",
              "peerUptimeMsec":16000,
              "peerUptimeEstablishedEpoch":1780689979,
              "pfxRcd":0,
              "pfxSnt":0,
              "state":"Established",
              "peerState":"OK",
              "connectionsEstablished":3,
              "connectionsDropped":2,
              "desc":"Spine_S1",
              "idType":"interface"
            }
          },
          "failedPeers":0,
          "displayedPeers":5,
          "totalPeers":5,
          "dynamicPeers":0,
          "bestPath":{
            "multiPathRelax":"false"
          }
        }
        }

PLAY [Day-1 BGP Wiring — MikroTik Exit Routers] *****************************************************************************************************************************************************************

TASK [Phase 0 | Build hypervisor tap-offload work list (profile-driven)] ****************************************************************************************************************************************
ok: [Exit_Router2 -> localhost]

TASK [Phase 0 | Build hypervisor tap-offload work list (profile-driven)] ****************************************************************************************************************************************
skipping: [Exit_Router2]

TASK [Phase 0 | Build hypervisor tap-offload work list] *********************************************************************************************************************************************************
skipping: [Exit_Router2]

TASK [Phase 0 | Disable hypervisor tap TX offload for KVM fabric VMs] *******************************************************************************************************************************************
changed: [Exit_Router2 -> localhost] => (item=R810 => Exit_Router2)

TASK [Phase 0 | Report hypervisor tap TX offload result] ********************************************************************************************************************************************************
ok: [Exit_Router2 -> localhost] => (item=R810) =>
    msg: 'Applied hypervisor tap offload fix via R810 for: Exit_Router2:vnet88, Exit_Router2:vnet8'

TASK [Phase 0 | Pre-flight connectivity (MikroTik)] *************************************************************************************************************************************************************
included: mikrotik_base for Exit_Router2

TASK [mikrotik_base : preflight | Wait for SSH port 22 to accept connections] ***********************************************************************************************************************************
ok: [Exit_Router2]

TASK [mikrotik_base : preflight | Probe SSH connectivity] *******************************************************************************************************************************************************
ok: [Exit_Router2]

TASK [mikrotik_base : preflight | Assert SSH connectivity succeeded] ********************************************************************************************************************************************
ok: [Exit_Router2] =>
    changed: false
    msg: SSH to Exit_Router2 (172.16.2.99) — OK

TASK [mikrotik_base : preflight | Gather RouterOS version] ******************************************************************************************************************************************************
ok: [Exit_Router2]

TASK [mikrotik_base : preflight | Display RouterOS identity] ****************************************************************************************************************************************************
ok: [Exit_Router2] =>
    msg: 'Exit_Router2: RouterOS device reachable | version: 7.16 (stable)'

TASK [Phase 1 | Configure BGP peering (MikroTik)] ***************************************************************************************************************************************************************
included: mikrotik_base for Exit_Router2

TASK [mikrotik_base : day1 | Resolve fabric interfaces (profile-conditional)] ***********************************************************************************************************************************
ok: [Exit_Router2]

TASK [mikrotik_base : day1 | Probe running ethernet interfaces on KVM CHR] **************************************************************************************************************************************
ok: [Exit_Router2]

TASK [mikrotik_base : day1 | Parse running data interfaces on KVM CHR] ******************************************************************************************************************************************
ok: [Exit_Router2]

TASK [mikrotik_base : day1 | Rebind KVM fabric interface to the live RouterOS port] *****************************************************************************************************************************
skipping: [Exit_Router2]

TASK [mikrotik_base : day1 | Fail when the KVM fabric interface is ambiguous] ***********************************************************************************************************************************
skipping: [Exit_Router2]

TASK [mikrotik_base : day1 | Report resolved KVM fabric interface] **********************************************************************************************************************************************
ok: [Exit_Router2] =>
    msg: 'Using ether2 as the live fabric interface on Exit_Router2. Running RouterOS
        data ports: ether2'

TASK [mikrotik_base : day1 | Configure fabric-facing interface speed] *******************************************************************************************************************************************
skipping: [Exit_Router2] => (item=ether2 (Exit_Router2 ether2 → Border_Leaf2 Ethernet0 (KVM fabric NIC)))
skipping: [Exit_Router2]

TASK [mikrotik_base : day1 | Remove existing IP on fabric interface (idempotent re-run)] ************************************************************************************************************************
changed: [Exit_Router2] => (item=ether2)

TASK [mikrotik_base : day1 | Add IP address to fabric interface] ************************************************************************************************************************************************
changed: [Exit_Router2] => (item=ether2)

TASK [mikrotik_base : day1 | Verify IP is present on fabric interface] ******************************************************************************************************************************************
ok: [Exit_Router2] => (item=ether2)

TASK [mikrotik_base : day1 | Remove stale BGP firewall accept rules (idempotent re-run)] ************************************************************************************************************************
changed: [Exit_Router2]

TASK [mikrotik_base : day1 | Ensure default RouterOS BGP template matches inventory] ****************************************************************************************************************************
changed: [Exit_Router2]

TASK [mikrotik_base : day1 | Ensure default RouterOS routing-id matches inventory] ******************************************************************************************************************************
changed: [Exit_Router2]

TASK [mikrotik_base : day1 | Remove stale RouterOS fabric BGP templates] ****************************************************************************************************************************************
changed: [Exit_Router2]

TASK [mikrotik_base : day1 | Create RouterOS fabric BGP template with inventory router-id] **********************************************************************************************************************
changed: [Exit_Router2]

TASK [mikrotik_base : day1 | Probe legacy RouterOS BGP instance support] ****************************************************************************************************************************************
ok: [Exit_Router2]

TASK [mikrotik_base : day1 | Ensure legacy RouterOS BGP instance matches inventory] *****************************************************************************************************************************
skipping: [Exit_Router2]

TASK [mikrotik_base : day1 | Add firewall rule to accept BGP (TCP/179) from fabric peer] ************************************************************************************************************************
changed: [Exit_Router2] => (item=BGP accept ← Border_Leaf2 (10.0.253.2))

TASK [mikrotik_base : day1 | Remove existing BGP connections (idempotent re-run)] *******************************************************************************************************************************
changed: [Exit_Router2]

TASK [mikrotik_base : day1 | Configure BGP connection to neighbor] **********************************************************************************************************************************************
changed: [Exit_Router2] => (item=BGP → Border_Leaf2 (AS65022))

TASK [mikrotik_base : day1 | Verify BGP connections] ************************************************************************************************************************************************************
ok: [Exit_Router2]

TASK [mikrotik_base : day1 | Gather BGP connection count] *******************************************************************************************************************************************************
ok: [Exit_Router2]

TASK [mikrotik_base : day1 | Parse BGP connection count] ********************************************************************************************************************************************************
ok: [Exit_Router2]

TASK [mikrotik_base : day1 | Gather immediate BGP session state after deploy] ***********************************************************************************************************************************
ok: [Exit_Router2]

TASK [mikrotik_base : day1 | Gather immediate BGP session count after deploy] ***********************************************************************************************************************************
ok: [Exit_Router2]

TASK [mikrotik_base : day1 | Parse immediate BGP session count after deploy] ************************************************************************************************************************************
ok: [Exit_Router2]

TASK [mikrotik_base : day1 | Parse concrete BGP session rows after deploy] **************************************************************************************************************************************
ok: [Exit_Router2]

TASK [mikrotik_base : day1 | Warn when BGP connection exists but no live RouterOS session formed] ***************************************************************************************************************
skipping: [Exit_Router2]

TASK [mikrotik_base : day1 | Report RouterOS BGP diagnostics when no live session formed] ***********************************************************************************************************************
skipping: [Exit_Router2]

TASK [mikrotik_base : day1 | Fail deploy when RouterOS BGP connection exists but no live session formed] ********************************************************************************************************
skipping: [Exit_Router2]

TASK [mikrotik_base : day1 | Gather BGP peer/session state] *****************************************************************************************************************************************************
ok: [Exit_Router2]

TASK [mikrotik_base : day1 | Gather BGP peer/session count] *****************************************************************************************************************************************************
ok: [Exit_Router2]

TASK [mikrotik_base : day1 | Parse BGP peer/session count] ******************************************************************************************************************************************************
ok: [Exit_Router2]

TASK [mikrotik_base : day1 | Parse concrete BGP session rows] ***************************************************************************************************************************************************
ok: [Exit_Router2]

TASK [mikrotik_base : day1 | Display BGP neighbor sessions] *****************************************************************************************************************************************************
ok: [Exit_Router2] =>
    msg: |-
        ┌─── BGP Neighbor Sessions ────────────────────────────────────────────
        Flags: E - established
         0 E name="to_Border_Leaf2-1"
             remote.address=10.0.253.2 .as=65022 .id=10.0.2.2
             .capabilities=mp,rr,em,gr,as4,ap,err,llgr,fqdn .afi=ip .messages=19
             .bytes=1063 .gr-time=120 .eor=ip
             local.address=10.0.253.3 .as=65254 .id=10.0.99.2 .cluster-id=10.0.99.2
             .capabilities=mp,rr,gr,as4 .afi=ip .messages=1 .bytes=19 .eor=""
             output.procid=20
             input.procid=20 ebgp
             hold-time=3m keepalive-time=1m uptime=7s780ms
             last-started=2026-06-05 20:07:26 prefix-count=0
        └──────────────────────────────────────────────────────────────────────

TASK [mikrotik_base : day1 | Assert at least one BGP session exists] ********************************************************************************************************************************************
ok: [Exit_Router2] =>
    changed: false
    msg: RouterOS returned 1 live BGP session(s) on Exit_Router2.

TASK [mikrotik_base : day1 | Gather BGP advertised routes] ******************************************************************************************************************************************************
ok: [Exit_Router2]

TASK [mikrotik_base : day1 | Display BGP advertised routes] *****************************************************************************************************************************************************
ok: [Exit_Router2] =>
    msg: |-
        ┌─── BGP Advertised Routes ───────────────────────────────────────────

        └──────────────────────────────────────────────────────────────────────

TASK [mikrotik_base : day1 | Assert OOB management subnet is not advertised via BGP] ****************************************************************************************************************************
ok: [Exit_Router2] =>
    changed: false
    msg: 'OOB policy OK on Exit_Router2: management subnet ''172.16.2.0/24'' is not advertised
        to fabric peers.'

TASK [mikrotik_base : day1 | Gather BGP received routes (IP routes from BGP)] ***********************************************************************************************************************************
ok: [Exit_Router2]

TASK [mikrotik_base : day1 | Display BGP received routes] *******************************************************************************************************************************************************
ok: [Exit_Router2] =>
    msg: |-
        ┌─── BGP Received Routes (IP Routing Table) ──────────────────────────
        Flags: D - DYNAMIC; A - ACTIVE; b - BGP
        Columns: DST-ADDRESS, GATEWAY, DISTANCE
            DST-ADDRESS       GATEWAY     DISTANCE
        DAb 10.0.0.1/32       10.0.253.2        20
        DAb 10.0.0.2/32       10.0.253.2        20
        DAb 10.0.1.1/32       10.0.253.2        20
        DAb 10.0.1.2/32       10.0.253.2        20
        DAb 10.0.1.3/32       10.0.253.2        20
        DAb 10.0.1.4/32       10.0.253.2        20
        DAb 10.0.2.1/32       10.0.253.2        20
        DAb 10.0.2.2/32       10.0.253.2        20
        DAb 10.0.253.0/31     10.0.253.2        20
        D b 10.0.253.2/31     10.0.253.2        20
        DAb 10.10.255.1/32    10.0.253.2        20
        DAb 10.10.255.2/32    10.0.253.2        20
        DAb 10.10.255.3/32    10.0.253.2        20
        DAb 10.10.255.11/32   10.0.253.2        20
        DAb 10.10.255.12/32   10.0.253.2        20
        DAb 10.10.255.100/32  10.0.253.2        20
        DAb 10.10.255.101/32  10.0.253.2        20
        DAb 10.10.255.102/32  10.0.253.2        20
        D b 172.16.2.0/24     10.0.253.2        20
        └──────────────────────────────────────────────────────────────────────

TASK [mikrotik_base : day1 | Assert OOB management subnet is not learned from fabric BGP] ***********************************************************************************************************************
[ERROR]: Task failed: Action failed: OOB policy violation on Exit_Router2: management subnet token '172.16.2.' was found in BGP-received routes. This indicates management-route leakage from fabric.
Origin: /mnt/c/Users/nh1221/data-center/_v3/roles/mikrotik_base/tasks/day1_bgp.yml:410:3

408   tags: [day1, verify]
409
410 - name: "day1 | Assert OOB management subnet is not learned from fabric BGP"
      ^ column 3

fatal: [Exit_Router2]: FAILED! =>
    assertion: (_bgp_routes_received.stdout | default('')) is not search(oob_management_route_token
        | default('172.16.2.'))
    changed: false
    evaluated_to: false
    msg: 'OOB policy violation on Exit_Router2: management subnet token ''172.16.2.''
        was found in BGP-received routes. This indicates management-route leakage from
        fabric.'

PLAY RECAP ******************************************************************************************************************************************************************************************************
Border_Leaf2               : ok=121  changed=8    unreachable=0    failed=0    skipped=79   rescued=0    ignored=0
Exit_Router2               : ok=44   changed=11   unreachable=0    failed=1    skipped=9    rescued=0    ignored=0

(venv) nh1221@Lab-ControlNode:/mnt/c/Users/nh1221/data-center/_v3$
