(venv) nh1221@Lab-ControlNode:/mnt/c/Users/nh1221/data-center/_v3$ ./deploy_lab_v3.sh day0
[INFO] Preflight: checking SSH connectivity to R810 (nh1221@R810)
[INFO] Preflight: R810 — key-based auth OK
[INFO] Preflight: checking SSH connectivity to REMOTE_V13_HOST (nh1221@R810)
[INFO] Preflight: REMOTE_V13_HOST — key-based auth OK
[INFO] Preflight: checking deploy_lab_v13.sh on remote (/home/nh1221/deploy_lab_v13.sh)
[INFO] Remote deploy_lab_v13.sh differs from local copy; syncing latest version...
[INFO] Copying deploy_lab_v13.sh to nh1221@R810:/home/nh1221/deploy_lab_v13.sh
Warning: Permanently added '192.168.9.198' (ED25519) to the list of known hosts.
deploy_lab_v13.sh                                                                                                                                                              100%  118KB 729.2KB/s   00:00
[INFO] Preflight completed successfully.
[INFO] Running ansible-playbook playbooks/reused/deploy_day0.yml (profile=ubuntu_r810_kvm)

PLAY [Day-0 Base Provisioning — SONiC Switches] *****************************************************************************************************************************************************************
[WARNING]: Using run_once with the free strategy is not currently supported. This task will still be executed for every host in the inventory list.

TASK [Phase 0 | Assert automation profile is supported] *********************************************************************************************************************************************************
ok: [Spine_S1 -> localhost] =>
    changed: false
    msg: automation_profile=ubuntu_r810_kvm (QEMU/KVM on Ubuntu for Dell R810 (256GB/64CPU/5TB))
ok: [Spine_S2 -> localhost] =>
    changed: false
    msg: automation_profile=ubuntu_r810_kvm (QEMU/KVM on Ubuntu for Dell R810 (256GB/64CPU/5TB))

TASK [Phase 0 | Assert ansible_host is reachable subnet (real hardware)] ****************************************************************************************************************************************
skipping: [Spine_S1]
skipping: [Spine_S2]

TASK [Phase 0 | Assert automation profile is supported] *********************************************************************************************************************************************************
ok: [Border_Leaf1 -> localhost] =>
    changed: false
    msg: automation_profile=ubuntu_r810_kvm (QEMU/KVM on Ubuntu for Dell R810 (256GB/64CPU/5TB))

TASK [Phase 0 | Assert iDRAC PXE map is populated (real hardware)] **********************************************************************************************************************************************
skipping: [Spine_S1]
skipping: [Spine_S2]

TASK [Phase 0 | Assert ansible_host is reachable subnet (real hardware)] ****************************************************************************************************************************************
skipping: [Border_Leaf1]

TASK [Phase 0 | Assert automation profile is supported] *********************************************************************************************************************************************************
ok: [Border_Leaf2 -> localhost] =>
    changed: false
    msg: automation_profile=ubuntu_r810_kvm (QEMU/KVM on Ubuntu for Dell R810 (256GB/64CPU/5TB))

TASK [Phase 0 | Assert iDRAC PXE map is populated (real hardware)] **********************************************************************************************************************************************
skipping: [Border_Leaf1]

TASK [Phase 0 | Assert ansible_host is reachable subnet (real hardware)] ****************************************************************************************************************************************
skipping: [Border_Leaf2]

TASK [Phase 0 | Pre-flight connectivity and platform verification] **********************************************************************************************************************************************
included: sonic_base for Spine_S2, Spine_S1

TASK [sonic_base : preflight | Connectivity phase] **************************************************************************************************************************************************************
included: sonic_base for Border_Leaf1
included: /mnt/c/Users/nh1221/data-center/_v3/roles/sonic_base/tasks/preflight_connectivity.yml for Spine_S1, Spine_S2

TASK [Phase 0 | Assert iDRAC PXE map is populated (real hardware)] **********************************************************************************************************************************************
skipping: [Border_Leaf2]

TASK [sonic_base : preflight | Connectivity phase] **************************************************************************************************************************************************************
included: /mnt/c/Users/nh1221/data-center/_v3/roles/sonic_base/tasks/preflight_connectivity.yml for Border_Leaf1

TASK [Phase 0 | Pre-flight connectivity and platform verification] **********************************************************************************************************************************************
included: sonic_base for Border_Leaf2

TASK [sonic_base : preflight | Connectivity phase] **************************************************************************************************************************************************************
included: /mnt/c/Users/nh1221/data-center/_v3/roles/sonic_base/tasks/preflight_connectivity.yml for Border_Leaf2

TASK [sonic_base : preflight | Kill any stale SSH ControlMaster process] ****************************************************************************************************************************************
ok: [Spine_S2 -> localhost]

TASK [sonic_base : preflight | Kill any stale SSH ControlMaster process] ****************************************************************************************************************************************
ok: [Border_Leaf2 -> localhost]

TASK [sonic_base : preflight | Kill any stale SSH ControlMaster process] ****************************************************************************************************************************************
ok: [Spine_S1 -> localhost]

TASK [sonic_base : preflight | Kill any stale SSH ControlMaster process] ****************************************************************************************************************************************
ok: [Border_Leaf1 -> localhost]

TASK [sonic_base : preflight | Wait for SSH port 22 to accept connections] **************************************************************************************************************************************
ok: [Spine_S2 -> localhost]
ok: [Spine_S1 -> localhost]

TASK [sonic_base : preflight | Wait for SSH port 22 to accept connections] **************************************************************************************************************************************
ok: [Border_Leaf2 -> localhost]

TASK [sonic_base : preflight | Wait for SSH port 22 to accept connections] **************************************************************************************************************************************
ok: [Border_Leaf1 -> localhost]

TASK [sonic_base : preflight | Probe SSH password (primary)] ****************************************************************************************************************************************************
ok: [Border_Leaf2 -> localhost]

TASK [sonic_base : preflight | Probe SSH password (primary)] ****************************************************************************************************************************************************
ok: [Spine_S1 -> localhost]

TASK [sonic_base : preflight | Probe SSH password (primary)] ****************************************************************************************************************************************************
ok: [Border_Leaf1 -> localhost]

TASK [sonic_base : preflight | Try alternate password (factory default)] ****************************************************************************************************************************************
ok: [Border_Leaf2 -> localhost]

TASK [sonic_base : preflight | Try alternate password (factory default)] ****************************************************************************************************************************************
ok: [Spine_S1 -> localhost]

TASK [sonic_base : preflight | Switch to alternate password] ****************************************************************************************************************************************************
ok: [Border_Leaf2]

TASK [sonic_base : preflight | Switch to alternate password] ****************************************************************************************************************************************************
ok: [Spine_S1]

TASK [sonic_base : preflight | Try alternate password (factory default)] ****************************************************************************************************************************************
ok: [Border_Leaf1 -> localhost]

TASK [sonic_base : preflight | Probe SSH password (primary)] ****************************************************************************************************************************************************
ok: [Spine_S2 -> localhost]

TASK [sonic_base : preflight | Initialize raw SSH stability probe state] ****************************************************************************************************************************************
ok: [Border_Leaf2]

TASK [sonic_base : preflight | Initialize raw SSH stability probe state] ****************************************************************************************************************************************
ok: [Spine_S1]

TASK [sonic_base : preflight | Switch to alternate password] ****************************************************************************************************************************************************
ok: [Border_Leaf1]

TASK [sonic_base : preflight | Confirm raw SSH is stable before Ansible session] ********************************************************************************************************************************
included: /mnt/c/Users/nh1221/data-center/_v3/roles/sonic_base/tasks/preflight_ssh_probe_attempt.yml for Border_Leaf2 => (item=1)
included: /mnt/c/Users/nh1221/data-center/_v3/roles/sonic_base/tasks/preflight_ssh_probe_attempt.yml for Border_Leaf2 => (item=2)
included: /mnt/c/Users/nh1221/data-center/_v3/roles/sonic_base/tasks/preflight_ssh_probe_attempt.yml for Border_Leaf2 => (item=3)
included: /mnt/c/Users/nh1221/data-center/_v3/roles/sonic_base/tasks/preflight_ssh_probe_attempt.yml for Border_Leaf2 => (item=4)

TASK [sonic_base : preflight | Confirm raw SSH is stable before Ansible session] ********************************************************************************************************************************
included: /mnt/c/Users/nh1221/data-center/_v3/roles/sonic_base/tasks/preflight_ssh_probe_attempt.yml for Spine_S1 => (item=1)
included: /mnt/c/Users/nh1221/data-center/_v3/roles/sonic_base/tasks/preflight_ssh_probe_attempt.yml for Spine_S1 => (item=2)
included: /mnt/c/Users/nh1221/data-center/_v3/roles/sonic_base/tasks/preflight_ssh_probe_attempt.yml for Spine_S1 => (item=3)
included: /mnt/c/Users/nh1221/data-center/_v3/roles/sonic_base/tasks/preflight_ssh_probe_attempt.yml for Spine_S1 => (item=4)

TASK [sonic_base : preflight | Initialize raw SSH stability probe state] ****************************************************************************************************************************************
ok: [Border_Leaf1]

TASK [sonic_base : preflight | Confirm raw SSH is stable before Ansible session] ********************************************************************************************************************************
included: /mnt/c/Users/nh1221/data-center/_v3/roles/sonic_base/tasks/preflight_ssh_probe_attempt.yml for Border_Leaf1 => (item=1)
included: /mnt/c/Users/nh1221/data-center/_v3/roles/sonic_base/tasks/preflight_ssh_probe_attempt.yml for Border_Leaf1 => (item=2)
included: /mnt/c/Users/nh1221/data-center/_v3/roles/sonic_base/tasks/preflight_ssh_probe_attempt.yml for Border_Leaf1 => (item=3)
included: /mnt/c/Users/nh1221/data-center/_v3/roles/sonic_base/tasks/preflight_ssh_probe_attempt.yml for Border_Leaf1 => (item=4)

TASK [sonic_base : preflight | Try alternate password (factory default)] ****************************************************************************************************************************************
ok: [Spine_S2 -> localhost]

TASK [sonic_base : preflight | Switch to alternate password] ****************************************************************************************************************************************************
ok: [Spine_S2]

TASK [sonic_base : preflight | Probe raw SSH stability before Ansible session] **********************************************************************************************************************************
ok: [Border_Leaf2 -> localhost]

TASK [sonic_base : preflight | Probe raw SSH stability before Ansible session] **********************************************************************************************************************************
ok: [Spine_S1 -> localhost]

TASK [sonic_base : preflight | Initialize raw SSH stability probe state] ****************************************************************************************************************************************
ok: [Spine_S2]

TASK [sonic_base : preflight | Record raw SSH stability before Ansible session result] **************************************************************************************************************************
ok: [Border_Leaf2]

TASK [sonic_base : preflight | Report raw SSH stability before Ansible session progress] ************************************************************************************************************************
skipping: [Border_Leaf2]

TASK [sonic_base : preflight | Wait before retrying raw SSH stability before Ansible session] *******************************************************************************************************************
skipping: [Border_Leaf2]

TASK [sonic_base : preflight | Confirm raw SSH is stable before Ansible session] ********************************************************************************************************************************
included: /mnt/c/Users/nh1221/data-center/_v3/roles/sonic_base/tasks/preflight_ssh_probe_attempt.yml for Spine_S2 => (item=1)
included: /mnt/c/Users/nh1221/data-center/_v3/roles/sonic_base/tasks/preflight_ssh_probe_attempt.yml for Spine_S2 => (item=2)
included: /mnt/c/Users/nh1221/data-center/_v3/roles/sonic_base/tasks/preflight_ssh_probe_attempt.yml for Spine_S2 => (item=3)
included: /mnt/c/Users/nh1221/data-center/_v3/roles/sonic_base/tasks/preflight_ssh_probe_attempt.yml for Spine_S2 => (item=4)

TASK [sonic_base : preflight | Probe raw SSH stability before Ansible session] **********************************************************************************************************************************
skipping: [Border_Leaf2]

TASK [sonic_base : preflight | Record raw SSH stability before Ansible session result] **************************************************************************************************************************
ok: [Spine_S1]

TASK [sonic_base : preflight | Report raw SSH stability before Ansible session progress] ************************************************************************************************************************
skipping: [Spine_S1]

TASK [sonic_base : preflight | Record raw SSH stability before Ansible session result] **************************************************************************************************************************
skipping: [Border_Leaf2]

TASK [sonic_base : preflight | Probe raw SSH stability before Ansible session] **********************************************************************************************************************************
ok: [Border_Leaf1 -> localhost]

TASK [sonic_base : preflight | Wait before retrying raw SSH stability before Ansible session] *******************************************************************************************************************
skipping: [Spine_S1]

TASK [sonic_base : preflight | Report raw SSH stability before Ansible session progress] ************************************************************************************************************************
skipping: [Border_Leaf2]

TASK [sonic_base : preflight | Probe raw SSH stability before Ansible session] **********************************************************************************************************************************
skipping: [Spine_S1]

TASK [sonic_base : preflight | Wait before retrying raw SSH stability before Ansible session] *******************************************************************************************************************
skipping: [Border_Leaf2]

TASK [sonic_base : preflight | Record raw SSH stability before Ansible session result] **************************************************************************************************************************
skipping: [Spine_S1]

TASK [sonic_base : preflight | Probe raw SSH stability before Ansible session] **********************************************************************************************************************************
skipping: [Border_Leaf2]

TASK [sonic_base : preflight | Report raw SSH stability before Ansible session progress] ************************************************************************************************************************
skipping: [Spine_S1]

TASK [sonic_base : preflight | Record raw SSH stability before Ansible session result] **************************************************************************************************************************
skipping: [Border_Leaf2]

TASK [sonic_base : preflight | Wait before retrying raw SSH stability before Ansible session] *******************************************************************************************************************
skipping: [Spine_S1]

TASK [sonic_base : preflight | Report raw SSH stability before Ansible session progress] ************************************************************************************************************************
skipping: [Border_Leaf2]

TASK [sonic_base : preflight | Probe raw SSH stability before Ansible session] **********************************************************************************************************************************
skipping: [Spine_S1]

TASK [sonic_base : preflight | Wait before retrying raw SSH stability before Ansible session] *******************************************************************************************************************
skipping: [Border_Leaf2]

TASK [sonic_base : preflight | Record raw SSH stability before Ansible session result] **************************************************************************************************************************
skipping: [Spine_S1]

TASK [sonic_base : preflight | Probe raw SSH stability before Ansible session] **********************************************************************************************************************************
skipping: [Border_Leaf2]

TASK [sonic_base : preflight | Record raw SSH stability before Ansible session result] **************************************************************************************************************************
ok: [Border_Leaf1]

TASK [sonic_base : preflight | Report raw SSH stability before Ansible session progress] ************************************************************************************************************************
skipping: [Spine_S1]

TASK [sonic_base : preflight | Record raw SSH stability before Ansible session result] **************************************************************************************************************************
skipping: [Border_Leaf2]

TASK [sonic_base : preflight | Wait before retrying raw SSH stability before Ansible session] *******************************************************************************************************************
skipping: [Spine_S1]

TASK [sonic_base : preflight | Report raw SSH stability before Ansible session progress] ************************************************************************************************************************
skipping: [Border_Leaf1]

TASK [sonic_base : preflight | Report raw SSH stability before Ansible session progress] ************************************************************************************************************************
skipping: [Border_Leaf2]

TASK [sonic_base : preflight | Probe raw SSH stability before Ansible session] **********************************************************************************************************************************
skipping: [Spine_S1]

TASK [sonic_base : preflight | Wait before retrying raw SSH stability before Ansible session] *******************************************************************************************************************
skipping: [Border_Leaf1]

TASK [sonic_base : preflight | Wait before retrying raw SSH stability before Ansible session] *******************************************************************************************************************
skipping: [Border_Leaf2]

TASK [sonic_base : preflight | Record raw SSH stability before Ansible session result] **************************************************************************************************************************
skipping: [Spine_S1]

TASK [sonic_base : preflight | Probe raw SSH stability before Ansible session] **********************************************************************************************************************************
skipping: [Border_Leaf1]

TASK [sonic_base : preflight | Report raw SSH stability before Ansible session progress] ************************************************************************************************************************
skipping: [Spine_S1]

TASK [sonic_base : preflight | Fail fast when raw SSH is unstable] **********************************************************************************************************************************************
skipping: [Border_Leaf2]

TASK [sonic_base : preflight | Wait before retrying raw SSH stability before Ansible session] *******************************************************************************************************************
skipping: [Spine_S1]

TASK [sonic_base : preflight | Record raw SSH stability before Ansible session result] **************************************************************************************************************************
skipping: [Border_Leaf1]

TASK [sonic_base : preflight | Fail fast when raw SSH is unstable] **********************************************************************************************************************************************
skipping: [Spine_S1]

TASK [sonic_base : preflight | Report raw SSH stability before Ansible session progress] ************************************************************************************************************************
skipping: [Border_Leaf1]

TASK [sonic_base : preflight | Wait before retrying raw SSH stability before Ansible session] *******************************************************************************************************************
skipping: [Border_Leaf1]

TASK [sonic_base : preflight | Probe raw SSH stability before Ansible session] **********************************************************************************************************************************
skipping: [Border_Leaf1]

TASK [sonic_base : preflight | Record raw SSH stability before Ansible session result] **************************************************************************************************************************
skipping: [Border_Leaf1]

TASK [sonic_base : preflight | Initialize SSH handoff probe state] **********************************************************************************************************************************************
ok: [Border_Leaf2]

TASK [sonic_base : preflight | Initialize SSH handoff probe state] **********************************************************************************************************************************************
ok: [Spine_S1]

TASK [sonic_base : preflight | Report raw SSH stability before Ansible session progress] ************************************************************************************************************************
skipping: [Border_Leaf1]

TASK [sonic_base : preflight | Wait before retrying raw SSH stability before Ansible session] *******************************************************************************************************************
skipping: [Border_Leaf1]

TASK [sonic_base : preflight | Probe raw SSH stability before Ansible session] **********************************************************************************************************************************
skipping: [Border_Leaf1]

TASK [sonic_base : preflight | Record raw SSH stability before Ansible session result] **************************************************************************************************************************
skipping: [Border_Leaf1]

TASK [sonic_base : preflight | Confirm SSH is reachable for Ansible handoff] ************************************************************************************************************************************
included: /mnt/c/Users/nh1221/data-center/_v3/roles/sonic_base/tasks/preflight_ssh_probe_attempt.yml for Border_Leaf2 => (item=1)
included: /mnt/c/Users/nh1221/data-center/_v3/roles/sonic_base/tasks/preflight_ssh_probe_attempt.yml for Border_Leaf2 => (item=2)
included: /mnt/c/Users/nh1221/data-center/_v3/roles/sonic_base/tasks/preflight_ssh_probe_attempt.yml for Border_Leaf2 => (item=3)
included: /mnt/c/Users/nh1221/data-center/_v3/roles/sonic_base/tasks/preflight_ssh_probe_attempt.yml for Border_Leaf2 => (item=4)
included: /mnt/c/Users/nh1221/data-center/_v3/roles/sonic_base/tasks/preflight_ssh_probe_attempt.yml for Border_Leaf2 => (item=5)
included: /mnt/c/Users/nh1221/data-center/_v3/roles/sonic_base/tasks/preflight_ssh_probe_attempt.yml for Border_Leaf2 => (item=6)

TASK [sonic_base : preflight | Confirm SSH is reachable for Ansible handoff] ************************************************************************************************************************************

TASK [sonic_base : preflight | Report raw SSH stability before Ansible session progress] ************************************************************************************************************************
skipping: [Border_Leaf1]

TASK [sonic_base : preflight | Probe raw SSH stability before Ansible session] **********************************************************************************************************************************
ok: [Spine_S2 -> localhost]
included: /mnt/c/Users/nh1221/data-center/_v3/roles/sonic_base/tasks/preflight_ssh_probe_attempt.yml for Spine_S1 => (item=1)
included: /mnt/c/Users/nh1221/data-center/_v3/roles/sonic_base/tasks/preflight_ssh_probe_attempt.yml for Spine_S1 => (item=2)
included: /mnt/c/Users/nh1221/data-center/_v3/roles/sonic_base/tasks/preflight_ssh_probe_attempt.yml for Spine_S1 => (item=3)
included: /mnt/c/Users/nh1221/data-center/_v3/roles/sonic_base/tasks/preflight_ssh_probe_attempt.yml for Spine_S1 => (item=4)
included: /mnt/c/Users/nh1221/data-center/_v3/roles/sonic_base/tasks/preflight_ssh_probe_attempt.yml for Spine_S1 => (item=5)
included: /mnt/c/Users/nh1221/data-center/_v3/roles/sonic_base/tasks/preflight_ssh_probe_attempt.yml for Spine_S1 => (item=6)

TASK [sonic_base : preflight | Wait before retrying raw SSH stability before Ansible session] *******************************************************************************************************************
skipping: [Border_Leaf1]

TASK [sonic_base : preflight | Fail fast when raw SSH is unstable] **********************************************************************************************************************************************
skipping: [Border_Leaf1]

TASK [sonic_base : preflight | Record raw SSH stability before Ansible session result] **************************************************************************************************************************
ok: [Spine_S2]

TASK [sonic_base : preflight | Report raw SSH stability before Ansible session progress] ************************************************************************************************************************
skipping: [Spine_S2]

TASK [sonic_base : preflight | Wait before retrying raw SSH stability before Ansible session] *******************************************************************************************************************
skipping: [Spine_S2]

TASK [sonic_base : preflight | Initialize SSH handoff probe state] **********************************************************************************************************************************************
ok: [Border_Leaf1]

TASK [sonic_base : preflight | Probe raw SSH stability before Ansible session] **********************************************************************************************************************************
skipping: [Spine_S2]

TASK [sonic_base : preflight | Record raw SSH stability before Ansible session result] **************************************************************************************************************************
skipping: [Spine_S2]

TASK [sonic_base : preflight | Report raw SSH stability before Ansible session progress] ************************************************************************************************************************
skipping: [Spine_S2]

TASK [sonic_base : preflight | Wait before retrying raw SSH stability before Ansible session] *******************************************************************************************************************
skipping: [Spine_S2]

TASK [sonic_base : preflight | Probe raw SSH stability before Ansible session] **********************************************************************************************************************************
skipping: [Spine_S2]

TASK [sonic_base : preflight | Record raw SSH stability before Ansible session result] **************************************************************************************************************************
skipping: [Spine_S2]

TASK [sonic_base : preflight | Report raw SSH stability before Ansible session progress] ************************************************************************************************************************
skipping: [Spine_S2]

TASK [sonic_base : preflight | Confirm SSH is reachable for Ansible handoff] ************************************************************************************************************************************
included: /mnt/c/Users/nh1221/data-center/_v3/roles/sonic_base/tasks/preflight_ssh_probe_attempt.yml for Border_Leaf1 => (item=1)
included: /mnt/c/Users/nh1221/data-center/_v3/roles/sonic_base/tasks/preflight_ssh_probe_attempt.yml for Border_Leaf1 => (item=2)
included: /mnt/c/Users/nh1221/data-center/_v3/roles/sonic_base/tasks/preflight_ssh_probe_attempt.yml for Border_Leaf1 => (item=3)
included: /mnt/c/Users/nh1221/data-center/_v3/roles/sonic_base/tasks/preflight_ssh_probe_attempt.yml for Border_Leaf1 => (item=4)
included: /mnt/c/Users/nh1221/data-center/_v3/roles/sonic_base/tasks/preflight_ssh_probe_attempt.yml for Border_Leaf1 => (item=5)
included: /mnt/c/Users/nh1221/data-center/_v3/roles/sonic_base/tasks/preflight_ssh_probe_attempt.yml for Border_Leaf1 => (item=6)

TASK [sonic_base : preflight | Wait before retrying raw SSH stability before Ansible session] *******************************************************************************************************************
skipping: [Spine_S2]

TASK [sonic_base : preflight | Probe raw SSH stability before Ansible session] **********************************************************************************************************************************
skipping: [Spine_S2]

TASK [sonic_base : preflight | Record raw SSH stability before Ansible session result] **************************************************************************************************************************
skipping: [Spine_S2]

TASK [sonic_base : preflight | Report raw SSH stability before Ansible session progress] ************************************************************************************************************************
skipping: [Spine_S2]

TASK [sonic_base : preflight | Wait before retrying raw SSH stability before Ansible session] *******************************************************************************************************************
skipping: [Spine_S2]

TASK [sonic_base : preflight | Fail fast when raw SSH is unstable] **********************************************************************************************************************************************
skipping: [Spine_S2]

TASK [sonic_base : preflight | Probe SSH handoff to Ansible] ****************************************************************************************************************************************************
ok: [Border_Leaf2 -> localhost]

TASK [sonic_base : preflight | Initialize SSH handoff probe state] **********************************************************************************************************************************************
ok: [Spine_S2]

TASK [sonic_base : preflight | Probe SSH handoff to Ansible] ****************************************************************************************************************************************************
ok: [Spine_S1 -> localhost]

TASK [sonic_base : preflight | Record SSH handoff to Ansible result] ********************************************************************************************************************************************
ok: [Border_Leaf2]

TASK [sonic_base : preflight | Report SSH handoff to Ansible progress] ******************************************************************************************************************************************
skipping: [Border_Leaf2]

TASK [sonic_base : preflight | Wait before retrying SSH handoff to Ansible] *************************************************************************************************************************************
skipping: [Border_Leaf2]

TASK [sonic_base : preflight | Probe SSH handoff to Ansible] ****************************************************************************************************************************************************
skipping: [Border_Leaf2]

TASK [sonic_base : preflight | Confirm SSH is reachable for Ansible handoff] ************************************************************************************************************************************
included: /mnt/c/Users/nh1221/data-center/_v3/roles/sonic_base/tasks/preflight_ssh_probe_attempt.yml for Spine_S2 => (item=1)
included: /mnt/c/Users/nh1221/data-center/_v3/roles/sonic_base/tasks/preflight_ssh_probe_attempt.yml for Spine_S2 => (item=2)
included: /mnt/c/Users/nh1221/data-center/_v3/roles/sonic_base/tasks/preflight_ssh_probe_attempt.yml for Spine_S2 => (item=3)
included: /mnt/c/Users/nh1221/data-center/_v3/roles/sonic_base/tasks/preflight_ssh_probe_attempt.yml for Spine_S2 => (item=4)
included: /mnt/c/Users/nh1221/data-center/_v3/roles/sonic_base/tasks/preflight_ssh_probe_attempt.yml for Spine_S2 => (item=5)
included: /mnt/c/Users/nh1221/data-center/_v3/roles/sonic_base/tasks/preflight_ssh_probe_attempt.yml for Spine_S2 => (item=6)

TASK [sonic_base : preflight | Record SSH handoff to Ansible result] ********************************************************************************************************************************************
skipping: [Border_Leaf2]

TASK [sonic_base : preflight | Record SSH handoff to Ansible result] ********************************************************************************************************************************************
ok: [Spine_S1]

TASK [sonic_base : preflight | Report SSH handoff to Ansible progress] ******************************************************************************************************************************************
skipping: [Spine_S1]

TASK [sonic_base : preflight | Report SSH handoff to Ansible progress] ******************************************************************************************************************************************
skipping: [Border_Leaf2]

TASK [sonic_base : preflight | Wait before retrying SSH handoff to Ansible] *************************************************************************************************************************************
skipping: [Spine_S1]

TASK [sonic_base : preflight | Wait before retrying SSH handoff to Ansible] *************************************************************************************************************************************
skipping: [Border_Leaf2]

TASK [sonic_base : preflight | Probe SSH handoff to Ansible] ****************************************************************************************************************************************************
skipping: [Spine_S1]

TASK [sonic_base : preflight | Probe SSH handoff to Ansible] ****************************************************************************************************************************************************
skipping: [Border_Leaf2]

TASK [sonic_base : preflight | Record SSH handoff to Ansible result] ********************************************************************************************************************************************
skipping: [Spine_S1]

TASK [sonic_base : preflight | Record SSH handoff to Ansible result] ********************************************************************************************************************************************
skipping: [Border_Leaf2]

TASK [sonic_base : preflight | Report SSH handoff to Ansible progress] ******************************************************************************************************************************************
skipping: [Spine_S1]

TASK [sonic_base : preflight | Report SSH handoff to Ansible progress] ******************************************************************************************************************************************
skipping: [Border_Leaf2]

TASK [sonic_base : preflight | Wait before retrying SSH handoff to Ansible] *************************************************************************************************************************************
skipping: [Spine_S1]

TASK [sonic_base : preflight | Wait before retrying SSH handoff to Ansible] *************************************************************************************************************************************
skipping: [Border_Leaf2]

TASK [sonic_base : preflight | Probe SSH handoff to Ansible] ****************************************************************************************************************************************************
skipping: [Spine_S1]

TASK [sonic_base : preflight | Probe SSH handoff to Ansible] ****************************************************************************************************************************************************
skipping: [Border_Leaf2]

TASK [sonic_base : preflight | Record SSH handoff to Ansible result] ********************************************************************************************************************************************
skipping: [Spine_S1]

TASK [sonic_base : preflight | Record SSH handoff to Ansible result] ********************************************************************************************************************************************
skipping: [Border_Leaf2]

TASK [sonic_base : preflight | Report SSH handoff to Ansible progress] ******************************************************************************************************************************************
skipping: [Spine_S1]

TASK [sonic_base : preflight | Report SSH handoff to Ansible progress] ******************************************************************************************************************************************
skipping: [Border_Leaf2]

TASK [sonic_base : preflight | Wait before retrying SSH handoff to Ansible] *************************************************************************************************************************************
skipping: [Spine_S1]

TASK [sonic_base : preflight | Wait before retrying SSH handoff to Ansible] *************************************************************************************************************************************
skipping: [Border_Leaf2]

TASK [sonic_base : preflight | Probe SSH handoff to Ansible] ****************************************************************************************************************************************************
skipping: [Spine_S1]

TASK [sonic_base : preflight | Probe SSH handoff to Ansible] ****************************************************************************************************************************************************
ok: [Border_Leaf1 -> localhost]

TASK [sonic_base : preflight | Probe SSH handoff to Ansible] ****************************************************************************************************************************************************
skipping: [Border_Leaf2]

TASK [sonic_base : preflight | Record SSH handoff to Ansible result] ********************************************************************************************************************************************
skipping: [Spine_S1]

TASK [sonic_base : preflight | Record SSH handoff to Ansible result] ********************************************************************************************************************************************
skipping: [Border_Leaf2]

TASK [sonic_base : preflight | Report SSH handoff to Ansible progress] ******************************************************************************************************************************************
skipping: [Spine_S1]

TASK [sonic_base : preflight | Report SSH handoff to Ansible progress] ******************************************************************************************************************************************
skipping: [Border_Leaf2]

TASK [sonic_base : preflight | Wait before retrying SSH handoff to Ansible] *************************************************************************************************************************************
skipping: [Spine_S1]

TASK [sonic_base : preflight | Wait before retrying SSH handoff to Ansible] *************************************************************************************************************************************
skipping: [Border_Leaf2]

TASK [sonic_base : preflight | Probe SSH handoff to Ansible] ****************************************************************************************************************************************************
skipping: [Spine_S1]

TASK [sonic_base : preflight | Probe SSH handoff to Ansible] ****************************************************************************************************************************************************
skipping: [Border_Leaf2]

TASK [sonic_base : preflight | Record SSH handoff to Ansible result] ********************************************************************************************************************************************
skipping: [Spine_S1]

TASK [sonic_base : preflight | Record SSH handoff to Ansible result] ********************************************************************************************************************************************
skipping: [Border_Leaf2]

TASK [sonic_base : preflight | Report SSH handoff to Ansible progress] ******************************************************************************************************************************************
skipping: [Spine_S1]

TASK [sonic_base : preflight | Report SSH handoff to Ansible progress] ******************************************************************************************************************************************
skipping: [Border_Leaf2]

TASK [sonic_base : preflight | Wait before retrying SSH handoff to Ansible] *************************************************************************************************************************************
skipping: [Spine_S1]

TASK [sonic_base : preflight | Wait before retrying SSH handoff to Ansible] *************************************************************************************************************************************
skipping: [Border_Leaf2]

TASK [sonic_base : preflight | Probe SSH handoff to Ansible] ****************************************************************************************************************************************************
skipping: [Spine_S1]

TASK [sonic_base : preflight | Fail fast when SSH handoff is unstable] ******************************************************************************************************************************************
skipping: [Border_Leaf2]

TASK [sonic_base : preflight | Record SSH handoff to Ansible result] ********************************************************************************************************************************************
ok: [Border_Leaf1]

TASK [sonic_base : preflight | Record SSH handoff to Ansible result] ********************************************************************************************************************************************
skipping: [Spine_S1]

TASK [sonic_base : preflight | Report SSH handoff to Ansible progress] ******************************************************************************************************************************************
skipping: [Spine_S1]

TASK [sonic_base : preflight | Report SSH handoff to Ansible progress] ******************************************************************************************************************************************
skipping: [Border_Leaf1]

TASK [sonic_base : preflight | Wait before retrying SSH handoff to Ansible] *************************************************************************************************************************************
skipping: [Spine_S1]

TASK [sonic_base : preflight | Wait before retrying SSH handoff to Ansible] *************************************************************************************************************************************
skipping: [Border_Leaf1]

TASK [sonic_base : preflight | Fail fast when SSH handoff is unstable] ******************************************************************************************************************************************
skipping: [Spine_S1]

TASK [sonic_base : preflight | Probe SSH handoff to Ansible] ****************************************************************************************************************************************************
skipping: [Border_Leaf1]

TASK [sonic_base : preflight | Record SSH handoff to Ansible result] ********************************************************************************************************************************************
skipping: [Border_Leaf1]

TASK [sonic_base : preflight | Report SSH handoff to Ansible progress] ******************************************************************************************************************************************
skipping: [Border_Leaf1]

TASK [sonic_base : preflight | Wait before retrying SSH handoff to Ansible] *************************************************************************************************************************************
skipping: [Border_Leaf1]

TASK [sonic_base : preflight | Probe SSH handoff to Ansible] ****************************************************************************************************************************************************
skipping: [Border_Leaf1]

TASK [sonic_base : preflight | Record SSH handoff to Ansible result] ********************************************************************************************************************************************
skipping: [Border_Leaf1]

TASK [sonic_base : preflight | Report SSH handoff to Ansible progress] ******************************************************************************************************************************************
skipping: [Border_Leaf1]

TASK [sonic_base : preflight | Wait before retrying SSH handoff to Ansible] *************************************************************************************************************************************
skipping: [Border_Leaf1]

TASK [sonic_base : preflight | Probe SSH handoff to Ansible] ****************************************************************************************************************************************************
ok: [Spine_S2 -> localhost]

TASK [sonic_base : preflight | Probe SSH handoff to Ansible] ****************************************************************************************************************************************************
skipping: [Border_Leaf1]

TASK [sonic_base : preflight | Record SSH handoff to Ansible result] ********************************************************************************************************************************************
skipping: [Border_Leaf1]

TASK [sonic_base : preflight | Report SSH handoff to Ansible progress] ******************************************************************************************************************************************
skipping: [Border_Leaf1]

TASK [sonic_base : preflight | Wait before retrying SSH handoff to Ansible] *************************************************************************************************************************************
skipping: [Border_Leaf1]

TASK [sonic_base : preflight | Probe SSH handoff to Ansible] ****************************************************************************************************************************************************
skipping: [Border_Leaf1]

TASK [sonic_base : preflight | Record SSH handoff to Ansible result] ********************************************************************************************************************************************
skipping: [Border_Leaf1]

TASK [sonic_base : preflight | Report SSH handoff to Ansible progress] ******************************************************************************************************************************************
skipping: [Border_Leaf1]

TASK [sonic_base : preflight | Wait before retrying SSH handoff to Ansible] *************************************************************************************************************************************
skipping: [Border_Leaf1]

TASK [sonic_base : preflight | Probe SSH handoff to Ansible] ****************************************************************************************************************************************************
skipping: [Border_Leaf1]

TASK [sonic_base : preflight | Record SSH handoff to Ansible result] ********************************************************************************************************************************************
skipping: [Border_Leaf1]

TASK [sonic_base : preflight | Record SSH handoff to Ansible result] ********************************************************************************************************************************************
ok: [Spine_S2]

TASK [sonic_base : preflight | Report SSH handoff to Ansible progress] ******************************************************************************************************************************************
skipping: [Border_Leaf1]

TASK [sonic_base : preflight | Report SSH handoff to Ansible progress] ******************************************************************************************************************************************
skipping: [Spine_S2]

TASK [sonic_base : preflight | Wait before retrying SSH handoff to Ansible] *************************************************************************************************************************************
skipping: [Border_Leaf1]

TASK [sonic_base : preflight | Wait before retrying SSH handoff to Ansible] *************************************************************************************************************************************
skipping: [Spine_S2]

TASK [sonic_base : preflight | Fail fast when SSH handoff is unstable] ******************************************************************************************************************************************
skipping: [Border_Leaf1]

TASK [sonic_base : preflight | Probe SSH handoff to Ansible] ****************************************************************************************************************************************************
skipping: [Spine_S2]

TASK [sonic_base : preflight | Record SSH handoff to Ansible result] ********************************************************************************************************************************************
skipping: [Spine_S2]

TASK [sonic_base : preflight | Report SSH handoff to Ansible progress] ******************************************************************************************************************************************
skipping: [Spine_S2]

TASK [sonic_base : preflight | Wait before retrying SSH handoff to Ansible] *************************************************************************************************************************************
skipping: [Spine_S2]

TASK [sonic_base : preflight | Probe SSH handoff to Ansible] ****************************************************************************************************************************************************
skipping: [Spine_S2]

TASK [sonic_base : preflight | Record SSH handoff to Ansible result] ********************************************************************************************************************************************
skipping: [Spine_S2]

TASK [sonic_base : preflight | Report SSH handoff to Ansible progress] ******************************************************************************************************************************************
skipping: [Spine_S2]

TASK [sonic_base : preflight | Wait before retrying SSH handoff to Ansible] *************************************************************************************************************************************
skipping: [Spine_S2]

TASK [sonic_base : preflight | Probe SSH handoff to Ansible] ****************************************************************************************************************************************************
skipping: [Spine_S2]

TASK [sonic_base : preflight | Record SSH handoff to Ansible result] ********************************************************************************************************************************************
skipping: [Spine_S2]

TASK [sonic_base : preflight | Report SSH handoff to Ansible progress] ******************************************************************************************************************************************
skipping: [Spine_S2]

TASK [sonic_base : preflight | Wait before retrying SSH handoff to Ansible] *************************************************************************************************************************************
skipping: [Spine_S2]

TASK [sonic_base : preflight | Wait for critical SONiC services to be active] ***********************************************************************************************************************************
ok: [Border_Leaf2 -> localhost]

TASK [sonic_base : preflight | Probe SSH handoff to Ansible] ****************************************************************************************************************************************************
skipping: [Spine_S2]

TASK [sonic_base : preflight | Record SSH handoff to Ansible result] ********************************************************************************************************************************************
skipping: [Spine_S2]

TASK [sonic_base : preflight | Report SSH handoff to Ansible progress] ******************************************************************************************************************************************
skipping: [Spine_S2]

TASK [sonic_base : preflight | Wait for critical SONiC services to be active] ***********************************************************************************************************************************
ok: [Spine_S1 -> localhost]

TASK [sonic_base : preflight | Wait before retrying SSH handoff to Ansible] *************************************************************************************************************************************
skipping: [Spine_S2]

TASK [sonic_base : preflight | Probe SSH handoff to Ansible] ****************************************************************************************************************************************************
skipping: [Spine_S2]

TASK [sonic_base : preflight | Record SSH handoff to Ansible result] ********************************************************************************************************************************************
skipping: [Spine_S2]

TASK [sonic_base : preflight | Report SSH handoff to Ansible progress] ******************************************************************************************************************************************
skipping: [Spine_S2]

TASK [sonic_base : preflight | Wait before retrying SSH handoff to Ansible] *************************************************************************************************************************************
skipping: [Spine_S2]

TASK [sonic_base : preflight | Fail fast when SSH handoff is unstable] ******************************************************************************************************************************************
skipping: [Spine_S2]

TASK [sonic_base : preflight | Kill stale ControlMaster after services gate] ************************************************************************************************************************************
ok: [Border_Leaf2 -> localhost]

TASK [sonic_base : preflight | Kill stale ControlMaster after services gate] ************************************************************************************************************************************
ok: [Spine_S1 -> localhost]

TASK [sonic_base : preflight | Wait for critical SONiC services to be active] ***********************************************************************************************************************************
ok: [Border_Leaf1 -> localhost]

TASK [sonic_base : preflight | Wait for critical SONiC services to be active] ***********************************************************************************************************************************
ok: [Spine_S2 -> localhost]

TASK [sonic_base : preflight | Kill stale ControlMaster after services gate] ************************************************************************************************************************************
ok: [Border_Leaf1 -> localhost]

TASK [sonic_base : preflight | Kill stale ControlMaster after services gate] ************************************************************************************************************************************
ok: [Spine_S2 -> localhost]

TASK [sonic_base : preflight | Wait for SSH port 22 to stabilize after services gate] ***************************************************************************************************************************
ok: [Border_Leaf2 -> localhost]

TASK [sonic_base : preflight | Wait for SSH port 22 to stabilize after services gate] ***************************************************************************************************************************
ok: [Spine_S1 -> localhost]

TASK [sonic_base : preflight | Wait for SSH port 22 to stabilize after services gate] ***************************************************************************************************************************
ok: [Border_Leaf1 -> localhost]

TASK [sonic_base : preflight | Wait for SSH port 22 to stabilize after services gate] ***************************************************************************************************************************
ok: [Spine_S2 -> localhost]

TASK [sonic_base : preflight | Re-establish SSH after services gate] ********************************************************************************************************************************************
ok: [Spine_S1 -> localhost]

TASK [sonic_base : preflight | Re-establish SSH after services gate] ********************************************************************************************************************************************
ok: [Border_Leaf2 -> localhost]

TASK [sonic_base : preflight | Pin conservative SSH transport for remaining preflight] **************************************************************************************************************************
ok: [Spine_S1]

TASK [sonic_base : preflight | Host prep phase] *****************************************************************************************************************************************************************
included: /mnt/c/Users/nh1221/data-center/_v3/roles/sonic_base/tasks/preflight_host_prep.yml for Spine_S1

TASK [sonic_base : preflight | Pin conservative SSH transport for remaining preflight] **************************************************************************************************************************
ok: [Border_Leaf2]

TASK [sonic_base : preflight | Host prep phase] *****************************************************************************************************************************************************************
included: /mnt/c/Users/nh1221/data-center/_v3/roles/sonic_base/tasks/preflight_host_prep.yml for Border_Leaf2

TASK [sonic_base : preflight | Re-establish SSH after services gate] ********************************************************************************************************************************************
ok: [Border_Leaf1 -> localhost]

TASK [sonic_base : preflight | Pin conservative SSH transport for remaining preflight] **************************************************************************************************************************
ok: [Border_Leaf1]

TASK [sonic_base : preflight | Host prep phase] *****************************************************************************************************************************************************************
included: /mnt/c/Users/nh1221/data-center/_v3/roles/sonic_base/tasks/preflight_host_prep.yml for Border_Leaf1

TASK [sonic_base : preflight | Re-establish SSH after services gate] ********************************************************************************************************************************************
ok: [Spine_S2 -> localhost]

TASK [sonic_base : preflight | Pin conservative SSH transport for remaining preflight] **************************************************************************************************************************
ok: [Spine_S2]

TASK [sonic_base : preflight | Host prep phase] *****************************************************************************************************************************************************************
included: /mnt/c/Users/nh1221/data-center/_v3/roles/sonic_base/tasks/preflight_host_prep.yml for Spine_S2

TASK [sonic_base : preflight | Wait for Ansible connection to stabilise before host prep] ***********************************************************************************************************************
ok: [Spine_S2]

TASK [sonic_base : preflight | Wait for Ansible connection to stabilise before host prep] ***********************************************************************************************************************
ok: [Spine_S1]

TASK [sonic_base : preflight | Wait for Ansible connection to stabilise before host prep] ***********************************************************************************************************************
ok: [Border_Leaf2]

TASK [sonic_base : preflight | Wait for Ansible connection to stabilise before host prep] ***********************************************************************************************************************
ok: [Border_Leaf1]

TASK [sonic_base : preflight | Check if swap is already active] *************************************************************************************************************************************************
ok: [Spine_S2]

TASK [sonic_base : preflight | Check if swap is already active] *************************************************************************************************************************************************
ok: [Spine_S1]

TASK [sonic_base : preflight | Check if swap is already active] *************************************************************************************************************************************************
ok: [Border_Leaf2]

TASK [sonic_base : preflight | Check if swap is already active] *************************************************************************************************************************************************
ok: [Border_Leaf1]

TASK [sonic_base : preflight | Check if /swapfile exists] *******************************************************************************************************************************************************
ok: [Spine_S1]

TASK [sonic_base : preflight | Check if /swapfile exists] *******************************************************************************************************************************************************
ok: [Border_Leaf2]

TASK [sonic_base : preflight | Activate existing swapfile] ******************************************************************************************************************************************************
skipping: [Spine_S1]

TASK [sonic_base : preflight | Check if /swapfile exists] *******************************************************************************************************************************************************
ok: [Border_Leaf1]

TASK [sonic_base : preflight | Activate existing swapfile] ******************************************************************************************************************************************************
skipping: [Border_Leaf2]

TASK [sonic_base : preflight | Check if /swapfile exists] *******************************************************************************************************************************************************
ok: [Spine_S2]

TASK [sonic_base : preflight | Activate existing swapfile] ******************************************************************************************************************************************************
skipping: [Border_Leaf1]

TASK [sonic_base : preflight | Activate existing swapfile] ******************************************************************************************************************************************************
skipping: [Spine_S2]

TASK [sonic_base : preflight | Re-check swap status] ************************************************************************************************************************************************************
ok: [Spine_S1]

TASK [sonic_base : preflight | Re-check swap status] ************************************************************************************************************************************************************
ok: [Spine_S2]

TASK [sonic_base : preflight | Re-check swap status] ************************************************************************************************************************************************************
ok: [Border_Leaf2]

TASK [sonic_base : preflight | Re-check swap status] ************************************************************************************************************************************************************
ok: [Border_Leaf1]

TASK [sonic_base : preflight | Create 1GB swap for OOM protection] **********************************************************************************************************************************************
changed: [Spine_S1]

TASK [sonic_base : preflight | Kill stale ControlMaster after swap setup] ***************************************************************************************************************************************
ok: [Spine_S1 -> localhost]

TASK [sonic_base : preflight | Wait for SSH port 22 after swap setup] *******************************************************************************************************************************************
ok: [Spine_S1 -> localhost]

TASK [sonic_base : preflight | Re-establish SSH after swap setup] ***********************************************************************************************************************************************
ok: [Spine_S1 -> localhost]

TASK [sonic_base : preflight | Identity phase] ******************************************************************************************************************************************************************
included: /mnt/c/Users/nh1221/data-center/_v3/roles/sonic_base/tasks/preflight_identity.yml for Spine_S1

TASK [sonic_base : preflight | Create 1GB swap for OOM protection] **********************************************************************************************************************************************
changed: [Border_Leaf2]

TASK [sonic_base : preflight | Gather SONiC build version (probe)] **********************************************************************************************************************************************
ok: [Spine_S1 -> localhost]

TASK [sonic_base : preflight | Kill stale ControlMaster after swap setup] ***************************************************************************************************************************************
ok: [Border_Leaf2 -> localhost]

TASK [sonic_base : preflight | Mark whether SONiC probe needs recovery] *****************************************************************************************************************************************
ok: [Spine_S1]

TASK [sonic_base : preflight | Kill stale ControlMaster (recovery after probe failure)] *************************************************************************************************************************
skipping: [Spine_S1]

TASK [sonic_base : preflight | Wait for SSH port 22 (recovery after probe failure)] *****************************************************************************************************************************
skipping: [Spine_S1]

TASK [sonic_base : preflight | Re-establish SSH (recovery after probe failure)] *********************************************************************************************************************************
skipping: [Spine_S1]

TASK [sonic_base : preflight | Gather SONiC build version (retry)] **********************************************************************************************************************************************
skipping: [Spine_S1]

TASK [sonic_base : preflight | Set sonic hostname fact] *********************************************************************************************************************************************************
ok: [Spine_S1]

TASK [sonic_base : preflight | Wait for SSH port 22 after swap setup] *******************************************************************************************************************************************
ok: [Border_Leaf2 -> localhost]

TASK [sonic_base : preflight | Gather platform identity from ConfigDB] ******************************************************************************************************************************************
ok: [Spine_S1 -> localhost]

TASK [sonic_base : preflight | Display platform identity] *******************************************************************************************************************************************************
ok: [Spine_S1] =>
    msg: |-
        hostname=Warning: Permanently added '192.168.9.198' (ED25519) to the list of known hosts.
        Warning: Permanently added '172.16.2.11' (RSA) to the list of known hosts.
        Debian GNU/Linux 12 \n \l

        sonic | metadata=Warning: Permanently added '192.168.9.198' (ED25519) to the list of known hosts.
        Warning: Permanently added '172.16.2.11' (RSA) to the list of known hosts.
        Debian GNU/Linux 12 \n \l

        {'bgp_asn': '65100', 'buffer_model': 'traditional', 'default_bgp_status': 'up', 'default_pfcwd_status': 'disable', 'hostname': 'sonic', 'hwsku': 'Force10-S6000', 'mac': '22:d9:c5:74:31:77', 'platform': 'x86_64-kvm_x86_64-r0', 'timezone': 'UTC', 'type': 'LeafRouter'}

TASK [sonic_base : preflight | Re-establish SSH after swap setup] ***********************************************************************************************************************************************
ok: [Border_Leaf2 -> localhost]

TASK [sonic_base : preflight | Identity phase] ******************************************************************************************************************************************************************
included: /mnt/c/Users/nh1221/data-center/_v3/roles/sonic_base/tasks/preflight_identity.yml for Border_Leaf2

TASK [sonic_base : preflight | Verify config_db.json exists] ****************************************************************************************************************************************************
ok: [Spine_S1 -> localhost]

TASK [sonic_base : preflight | Report config_db.json status] ****************************************************************************************************************************************************
ok: [Spine_S1] =>
    msg: config_db.json exists at /etc/sonic/config_db.json

TASK [Phase 0 | Apply system hardening (UseDNS, /etc/hosts)] ****************************************************************************************************************************************************
included: sonic_base for Spine_S1

TASK [sonic_base : hardening | Set target admin password fact] **************************************************************************************************************************************************
ok: [Spine_S1]

TASK [sonic_base : preflight | Gather SONiC build version (probe)] **********************************************************************************************************************************************
ok: [Border_Leaf2 -> localhost]

TASK [sonic_base : preflight | Create 1GB swap for OOM protection] **********************************************************************************************************************************************
changed: [Spine_S2]

TASK [sonic_base : preflight | Mark whether SONiC probe needs recovery] *****************************************************************************************************************************************
ok: [Border_Leaf2]

TASK [sonic_base : preflight | Kill stale ControlMaster (recovery after probe failure)] *************************************************************************************************************************
skipping: [Border_Leaf2]

TASK [sonic_base : preflight | Create 1GB swap for OOM protection] **********************************************************************************************************************************************
changed: [Border_Leaf1]

TASK [sonic_base : preflight | Wait for SSH port 22 (recovery after probe failure)] *****************************************************************************************************************************
skipping: [Border_Leaf2]

TASK [sonic_base : preflight | Re-establish SSH (recovery after probe failure)] *********************************************************************************************************************************
skipping: [Border_Leaf2]

TASK [sonic_base : preflight | Gather SONiC build version (retry)] **********************************************************************************************************************************************
skipping: [Border_Leaf2]

TASK [sonic_base : preflight | Set sonic hostname fact] *********************************************************************************************************************************************************
ok: [Border_Leaf2]

TASK [sonic_base : preflight | Kill stale ControlMaster after swap setup] ***************************************************************************************************************************************
ok: [Spine_S2 -> localhost]

TASK [sonic_base : preflight | Kill stale ControlMaster after swap setup] ***************************************************************************************************************************************
ok: [Border_Leaf1 -> localhost]

TASK [sonic_base : preflight | Wait for SSH port 22 after swap setup] *******************************************************************************************************************************************
ok: [Spine_S2 -> localhost]

TASK [sonic_base : preflight | Wait for SSH port 22 after swap setup] *******************************************************************************************************************************************
ok: [Border_Leaf1 -> localhost]

TASK [sonic_base : preflight | Gather platform identity from ConfigDB] ******************************************************************************************************************************************
ok: [Border_Leaf2 -> localhost]

TASK [sonic_base : preflight | Display platform identity] *******************************************************************************************************************************************************
ok: [Border_Leaf2] =>
    msg: |-
        hostname=Warning: Permanently added '192.168.9.198' (ED25519) to the list of known hosts.
        Warning: Permanently added '172.16.2.32' (RSA) to the list of known hosts.
        Debian GNU/Linux 12 \n \l

        sonic | metadata=Warning: Permanently added '192.168.9.198' (ED25519) to the list of known hosts.
        Warning: Permanently added '172.16.2.32' (RSA) to the list of known hosts.
        Debian GNU/Linux 12 \n \l

        {'bgp_asn': '65100', 'buffer_model': 'traditional', 'default_bgp_status': 'up', 'default_pfcwd_status': 'disable', 'hostname': 'sonic', 'hwsku': 'Force10-S6000', 'mac': '22:64:fa:5d:99:4e', 'platform': 'x86_64-kvm_x86_64-r0', 'timezone': 'UTC', 'type': 'LeafRouter'}

TASK [sonic_base : preflight | Re-establish SSH after swap setup] ***********************************************************************************************************************************************
ok: [Spine_S2 -> localhost]

TASK [sonic_base : preflight | Identity phase] ******************************************************************************************************************************************************************
included: /mnt/c/Users/nh1221/data-center/_v3/roles/sonic_base/tasks/preflight_identity.yml for Spine_S2

TASK [sonic_base : preflight | Verify config_db.json exists] ****************************************************************************************************************************************************
ok: [Border_Leaf2 -> localhost]

TASK [sonic_base : preflight | Re-establish SSH after swap setup] ***********************************************************************************************************************************************
ok: [Border_Leaf1 -> localhost]

TASK [sonic_base : preflight | Identity phase] ******************************************************************************************************************************************************************
included: /mnt/c/Users/nh1221/data-center/_v3/roles/sonic_base/tasks/preflight_identity.yml for Border_Leaf1

TASK [sonic_base : preflight | Report config_db.json status] ****************************************************************************************************************************************************
ok: [Border_Leaf2] =>
    msg: config_db.json exists at /etc/sonic/config_db.json

TASK [Phase 0 | Apply system hardening (UseDNS, /etc/hosts)] ****************************************************************************************************************************************************
included: sonic_base for Border_Leaf2

TASK [sonic_base : hardening | Set target admin password fact] **************************************************************************************************************************************************
ok: [Border_Leaf2]

TASK [sonic_base : preflight | Gather SONiC build version (probe)] **********************************************************************************************************************************************
ok: [Spine_S2 -> localhost]

TASK [sonic_base : preflight | Gather SONiC build version (probe)] **********************************************************************************************************************************************
ok: [Border_Leaf1 -> localhost]

TASK [sonic_base : preflight | Mark whether SONiC probe needs recovery] *****************************************************************************************************************************************
ok: [Spine_S2]

TASK [sonic_base : preflight | Kill stale ControlMaster (recovery after probe failure)] *************************************************************************************************************************
skipping: [Spine_S2]

TASK [sonic_base : preflight | Wait for SSH port 22 (recovery after probe failure)] *****************************************************************************************************************************
skipping: [Spine_S2]

TASK [sonic_base : preflight | Re-establish SSH (recovery after probe failure)] *********************************************************************************************************************************
skipping: [Spine_S2]

TASK [sonic_base : preflight | Gather SONiC build version (retry)] **********************************************************************************************************************************************
skipping: [Spine_S2]

TASK [sonic_base : preflight | Set sonic hostname fact] *********************************************************************************************************************************************************
ok: [Spine_S2]

TASK [sonic_base : preflight | Mark whether SONiC probe needs recovery] *****************************************************************************************************************************************
ok: [Border_Leaf1]

TASK [sonic_base : preflight | Kill stale ControlMaster (recovery after probe failure)] *************************************************************************************************************************
skipping: [Border_Leaf1]

TASK [sonic_base : preflight | Wait for SSH port 22 (recovery after probe failure)] *****************************************************************************************************************************
skipping: [Border_Leaf1]

TASK [sonic_base : preflight | Re-establish SSH (recovery after probe failure)] *********************************************************************************************************************************
skipping: [Border_Leaf1]

TASK [sonic_base : preflight | Gather SONiC build version (retry)] **********************************************************************************************************************************************
skipping: [Border_Leaf1]

TASK [sonic_base : preflight | Set sonic hostname fact] *********************************************************************************************************************************************************
ok: [Border_Leaf1]

TASK [sonic_base : preflight | Gather platform identity from ConfigDB] ******************************************************************************************************************************************
ok: [Spine_S2 -> localhost]

TASK [sonic_base : preflight | Display platform identity] *******************************************************************************************************************************************************
ok: [Spine_S2] =>
    msg: |-
        hostname=Warning: Permanently added '192.168.9.198' (ED25519) to the list of known hosts.
        Warning: Permanently added '172.16.2.12' (RSA) to the list of known hosts.
        Debian GNU/Linux 12 \n \l

        sonic | metadata=Warning: Permanently added '192.168.9.198' (ED25519) to the list of known hosts.
        Warning: Permanently added '172.16.2.12' (RSA) to the list of known hosts.
        Debian GNU/Linux 12 \n \l

        {'bgp_asn': '65100', 'buffer_model': 'traditional', 'default_bgp_status': 'up', 'default_pfcwd_status': 'disable', 'hostname': 'sonic', 'hwsku': 'Force10-S6000', 'mac': '22:66:c2:36:6e:84', 'platform': 'x86_64-kvm_x86_64-r0', 'timezone': 'UTC', 'type': 'LeafRouter'}

TASK [sonic_base : preflight | Gather platform identity from ConfigDB] ******************************************************************************************************************************************
ok: [Border_Leaf1 -> localhost]

TASK [sonic_base : preflight | Display platform identity] *******************************************************************************************************************************************************
ok: [Border_Leaf1] =>
    msg: |-
        hostname=Warning: Permanently added '192.168.9.198' (ED25519) to the list of known hosts.
        Warning: Permanently added '172.16.2.31' (RSA) to the list of known hosts.
        Debian GNU/Linux 12 \n \l

        sonic | metadata=Warning: Permanently added '192.168.9.198' (ED25519) to the list of known hosts.
        Warning: Permanently added '172.16.2.31' (RSA) to the list of known hosts.
        Debian GNU/Linux 12 \n \l

        {'bgp_asn': '65100', 'buffer_model': 'traditional', 'default_bgp_status': 'up', 'default_pfcwd_status': 'disable', 'hostname': 'sonic', 'hwsku': 'Force10-S6000', 'mac': '22:4f:7f:ed:ee:45', 'platform': 'x86_64-kvm_x86_64-r0', 'timezone': 'UTC', 'type': 'LeafRouter'}

TASK [sonic_base : preflight | Verify config_db.json exists] ****************************************************************************************************************************************************
ok: [Spine_S2 -> localhost]

TASK [sonic_base : preflight | Report config_db.json status] ****************************************************************************************************************************************************
ok: [Spine_S2] =>
    msg: config_db.json exists at /etc/sonic/config_db.json

TASK [Phase 0 | Apply system hardening (UseDNS, /etc/hosts)] ****************************************************************************************************************************************************
included: sonic_base for Spine_S2

TASK [sonic_base : preflight | Verify config_db.json exists] ****************************************************************************************************************************************************
ok: [Border_Leaf1 -> localhost]

TASK [sonic_base : hardening | Set target admin password fact] **************************************************************************************************************************************************
ok: [Spine_S2]

TASK [sonic_base : preflight | Report config_db.json status] ****************************************************************************************************************************************************
ok: [Border_Leaf1] =>
    msg: config_db.json exists at /etc/sonic/config_db.json

TASK [Phase 0 | Apply system hardening (UseDNS, /etc/hosts)] ****************************************************************************************************************************************************
included: sonic_base for Border_Leaf1

TASK [sonic_base : hardening | Set target admin password fact] **************************************************************************************************************************************************
ok: [Border_Leaf1]

TASK [sonic_base : hardening | Ensure admin password is synchronized] *******************************************************************************************************************************************
[ERROR]: Task failed: Failed to connect to the host via ssh: <error censored due to no log>

Task failed.
Origin: /mnt/c/Users/nh1221/data-center/_v3/roles/sonic_base/tasks/system_hardening.yml:23:3

21 # value inventory has. The broken 'su' check (which always returned 'ok' when
22 # running as root) is removed.
23 - name: "hardening | Ensure admin password is synchronized"
     ^ column 3

<<< caused by >>>

Failed to connect to the host via ssh: <error censored due to no log>

fatal: [Spine_S1]: UNREACHABLE! =>
    censored: 'the output has been hidden due to the fact that ''no_log: true'' was specified
        for this result'
    changed: false

TASK [sonic_base : hardening | Ensure admin password is synchronized] *******************************************************************************************************************************************
fatal: [Border_Leaf2]: UNREACHABLE! =>
    censored: 'the output has been hidden due to the fact that ''no_log: true'' was specified
        for this result'
    changed: false

TASK [sonic_base : hardening | Ensure admin password is synchronized] *******************************************************************************************************************************************
fatal: [Spine_S2]: UNREACHABLE! =>
    censored: 'the output has been hidden due to the fact that ''no_log: true'' was specified
        for this result'
    changed: false

TASK [sonic_base : hardening | Ensure admin password is synchronized] *******************************************************************************************************************************************
fatal: [Border_Leaf1]: UNREACHABLE! =>
    censored: 'the output has been hidden due to the fact that ''no_log: true'' was specified
        for this result'
    changed: false

NO MORE HOSTS LEFT **********************************************************************************************************************************************************************************************

PLAY RECAP ******************************************************************************************************************************************************************************************************
Border_Leaf1               : ok=48   changed=1    unreachable=1    failed=0    skipped=45   rescued=0    ignored=0
Border_Leaf2               : ok=48   changed=1    unreachable=1    failed=0    skipped=45   rescued=0    ignored=0
Spine_S1                   : ok=48   changed=1    unreachable=1    failed=0    skipped=45   rescued=0    ignored=0
Spine_S2                   : ok=48   changed=1    unreachable=1    failed=0    skipped=45   rescued=0    ignored=0

(venv) nh1221@Lab-ControlNode:/mnt/c/Users/nh1221/data-center/_v3$
