(venv) nh1221@Lab-ControlNode:/mnt/c/Users/nh1221/data-center/_v3$ ansible-playbook -i inventory/hosts.yml playbooks/reused/deploy_kubespray.yml -v
Using /mnt/c/Users/nh1221/data-center/_v3/ansible.cfg as config file

PLAY [Phase 1: Prepare Deployer Machine for KubeSpray] **********************************************************************************************************************************************************

TASK [Gathering Facts] ******************************************************************************************************************************************************************************************
ok: [localhost]

TASK [Check if preflight cache already has KubeSpray] ***********************************************************************************************************************************************************
ok: [localhost] =>
    changed: false
    stat:
        atime: 1780702676.2516725
        attr_flags: e
        attributes:
        - extents
        block_size: 4096
        blocks: 8
        charset: us-ascii
        checksum: 839788fd9abeb621a45d90f4402e50452d2c5fae
        ctime: 1780348752.9773448
        dev: 2096
        device_type: 0
        executable: false
        exists: true
        gid: 0
        gr_name: root
        inode: 215624
        isblk: false
        ischr: false
        isdir: false
        isfifo: false
        isgid: false
        islnk: false
        isreg: true
        issock: false
        isuid: false
        mimetype: text/plain
        mode: '0644'
        mtime: 1780348752.9773448
        nlink: 1
        path: /opt/fabric-cache/kubespray/src/cluster.yml
        pw_name: root
        readable: true
        rgrp: true
        roth: true
        rusr: true
        size: 88
        uid: 0
        version: '1215577206'
        wgrp: false
        woth: false
        writeable: true
        wusr: true
        xgrp: false
        xoth: false
        xusr: false

TASK [Display automation profile] *******************************************************************************************************************************************************************************
ok: [localhost] =>
    msg: |-
        Automation Profile: ubuntu_r810_kvm
        KubeSpray dir: /opt/fabric-cache/kubespray/src (already cached)
        Controllers: Host12_1, Host34_1, HostB12_1
        Workers: Host12_2, Host12_3, Host34_2
        All kube_nodes: Host12_1, Host34_1, HostB12_1, Host12_2, Host12_3, Host34_2

TASK [Install system packages for KubeSpray] ********************************************************************************************************************************************************************
ok: [localhost] =>
    cache_update_time: 1780713988
    cache_updated: false
    changed: false

TASK [Clone KubeSpray repository (skipped if preflight cache available)] ****************************************************************************************************************************************
skipping: [localhost] =>
    changed: false
    false_condition: not _cache_stat.stat.exists
    skip_reason: Conditional result was False

TASK [Create Python virtual environment] ************************************************************************************************************************************************************************
ok: [localhost] =>
    changed: false
    cmd:
    - python3
    - -m
    - venv
    - /opt/fabric-cache/kubespray/venv
    delta: null
    end: null
    msg: Did not run command since '/opt/fabric-cache/kubespray/venv/bin/activate' exists
    rc: 0
    start: null
    stderr: ''
    stderr_lines: <omitted>
    stdout: skipped, since /opt/fabric-cache/kubespray/venv/bin/activate exists
    stdout_lines: <omitted>

TASK [Install KubeSpray requirements in venv] *******************************************************************************************************************************************************************
ok: [localhost] =>
    changed: false
    cmd:
    - /opt/fabric-cache/kubespray/venv/bin/pip3
    - install
    - -r
    - /opt/fabric-cache/kubespray/src/requirements.txt
    name: null
    requirements: /opt/fabric-cache/kubespray/src/requirements.txt
    state: present
    stderr: ''
    stderr_lines: <omitted>
    stdout: |-
        Requirement already satisfied: ansible==9.5.1 in /opt/fabric-cache/kubespray/venv/lib/python3.12/site-packages (from -r /opt/fabric-cache/kubespray/src/requirements.txt (line 1)) (9.5.1)
        Requirement already satisfied: cryptography==42.0.7 in /opt/fabric-cache/kubespray/venv/lib/python3.12/site-packages (from -r /opt/fabric-cache/kubespray/src/requirements.txt (line 2)) (42.0.7)
        Requirement already satisfied: jinja2==3.1.4 in /opt/fabric-cache/kubespray/venv/lib/python3.12/site-packages (from -r /opt/fabric-cache/kubespray/src/requirements.txt (line 3)) (3.1.4)
        Requirement already satisfied: jmespath==1.0.1 in /opt/fabric-cache/kubespray/venv/lib/python3.12/site-packages (from -r /opt/fabric-cache/kubespray/src/requirements.txt (line 4)) (1.0.1)
        Requirement already satisfied: MarkupSafe==2.1.5 in /opt/fabric-cache/kubespray/venv/lib/python3.12/site-packages (from -r /opt/fabric-cache/kubespray/src/requirements.txt (line 5)) (2.1.5)
        Requirement already satisfied: netaddr==1.2.1 in /opt/fabric-cache/kubespray/venv/lib/python3.12/site-packages (from -r /opt/fabric-cache/kubespray/src/requirements.txt (line 6)) (1.2.1)
        Requirement already satisfied: pbr==6.0.0 in /opt/fabric-cache/kubespray/venv/lib/python3.12/site-packages (from -r /opt/fabric-cache/kubespray/src/requirements.txt (line 7)) (6.0.0)
        Requirement already satisfied: ruamel.yaml==0.18.6 in /opt/fabric-cache/kubespray/venv/lib/python3.12/site-packages (from -r /opt/fabric-cache/kubespray/src/requirements.txt (line 8)) (0.18.6)
        Requirement already satisfied: ruamel.yaml.clib==0.2.8 in /opt/fabric-cache/kubespray/venv/lib/python3.12/site-packages (from -r /opt/fabric-cache/kubespray/src/requirements.txt (line 9)) (0.2.8)
        Requirement already satisfied: jsonschema==4.22.0 in /opt/fabric-cache/kubespray/venv/lib/python3.12/site-packages (from -r /opt/fabric-cache/kubespray/src/requirements.txt (line 10)) (4.22.0)
        Requirement already satisfied: ansible-core~=2.16.6 in /opt/fabric-cache/kubespray/venv/lib/python3.12/site-packages (from ansible==9.5.1->-r /opt/fabric-cache/kubespray/src/requirements.txt (line 1)) (2.16.18)
        Requirement already satisfied: cffi>=1.12 in /opt/fabric-cache/kubespray/venv/lib/python3.12/site-packages (from cryptography==42.0.7->-r /opt/fabric-cache/kubespray/src/requirements.txt (line 2)) (2.0.0)
        Requirement already satisfied: attrs>=22.2.0 in /opt/fabric-cache/kubespray/venv/lib/python3.12/site-packages (from jsonschema==4.22.0->-r /opt/fabric-cache/kubespray/src/requirements.txt (line 10)) (26.1.0)
        Requirement already satisfied: jsonschema-specifications>=2023.03.6 in /opt/fabric-cache/kubespray/venv/lib/python3.12/site-packages (from jsonschema==4.22.0->-r /opt/fabric-cache/kubespray/src/requirements.txt (line 10)) (2025.9.1)
        Requirement already satisfied: referencing>=0.28.4 in /opt/fabric-cache/kubespray/venv/lib/python3.12/site-packages (from jsonschema==4.22.0->-r /opt/fabric-cache/kubespray/src/requirements.txt (line 10)) (0.37.0)
        Requirement already satisfied: rpds-py>=0.7.1 in /opt/fabric-cache/kubespray/venv/lib/python3.12/site-packages (from jsonschema==4.22.0->-r /opt/fabric-cache/kubespray/src/requirements.txt (line 10)) (2026.5.1)
        Requirement already satisfied: PyYAML>=5.1 in /opt/fabric-cache/kubespray/venv/lib/python3.12/site-packages (from ansible-core~=2.16.6->ansible==9.5.1->-r /opt/fabric-cache/kubespray/src/requirements.txt (line 1)) (6.0.3)
        Requirement already satisfied: packaging in /opt/fabric-cache/kubespray/venv/lib/python3.12/site-packages (from ansible-core~=2.16.6->ansible==9.5.1->-r /opt/fabric-cache/kubespray/src/requirements.txt (line 1)) (26.2)
        Requirement already satisfied: resolvelib<1.1.0,>=0.5.3 in /opt/fabric-cache/kubespray/venv/lib/python3.12/site-packages (from ansible-core~=2.16.6->ansible==9.5.1->-r /opt/fabric-cache/kubespray/src/requirements.txt (line 1)) (1.0.1)
        Requirement already satisfied: pycparser in /opt/fabric-cache/kubespray/venv/lib/python3.12/site-packages (from cffi>=1.12->cryptography==42.0.7->-r /opt/fabric-cache/kubespray/src/requirements.txt (line 2)) (3.0)
        Requirement already satisfied: typing-extensions>=4.4.0 in /opt/fabric-cache/kubespray/venv/lib/python3.12/site-packages (from referencing>=0.28.4->jsonschema==4.22.0->-r /opt/fabric-cache/kubespray/src/requirements.txt (line 10)) (4.15.0)
    stdout_lines: <omitted>
    version: null
    virtualenv: /opt/fabric-cache/kubespray/venv

TASK [Ensure KubeSpray download cache directory exists] *********************************************************************************************************************************************************
ok: [localhost] =>
    changed: false
    gid: 0
    group: root
    mode: '0755'
    owner: root
    path: /opt/fabric-cache/kubespray/download-cache
    size: 4096
    state: directory
    uid: 0

TASK [Verify tinyproxy is reachable on R810 hypervisor (air-gapped proxy)] **************************************************************************************************************************************
ok: [localhost] =>
    body: |-
        <?xml version="1.0" encoding="UTF-8" ?>
        <!DOCTYPE html PUBLIC "-//W3C//DTD XHTML 1.1//EN" "http://www.w3.org/TR/xhtml11/DTD/xhtml11.dtd">

        <html xmlns="http://www.w3.org/1999/xhtml" xml:lang="en">

        <head>
        <title>403 Access denied</title>
        <meta http-equiv="Content-Type" content="text/html; charset=UTF-8" />
        </head>

        <body>

        <h1>Access denied</h1>

        <p>The administrator of this proxy has not configured it to service requests from your host.</p>

        <hr />

        <p><em>Generated by <a href="https://tinyproxy.github.io/">tinyproxy</a>.</em></p>

        </body>

        </html>
    changed: false
    connection: close
    content_type: text/html
    elapsed: 0
    failed_when_result: false
    msg: 'HTTP Error 403: Access denied'
    redirected: false
    server: tinyproxy
    status: 403
    url: http://R810:8888

TASK [Warn if tinyproxy not reachable on R810] ******************************************************************************************************************************************************************
skipping: [localhost] =>
    false_condition: _proxy_check is failed or (_proxy_check.status | default(-1)) ==
        -1

TASK [Install Helm binary on deployer] **************************************************************************************************************************************************************************
ok: [localhost] =>
    changed: false
    cmd: |-
        if ! command -v helm &>/dev/null; then
          curl -fsSL https://raw.githubusercontent.com/helm/helm/main/scripts/get-helm-3 | bash
        fi
        helm version --short
    delta: '0:00:00.339422'
    end: '2026-06-06 06:56:18.419025'
    msg: ''
    rc: 0
    start: '2026-06-06 06:56:18.079603'
    stderr: ''
    stderr_lines: <omitted>
    stdout: |-
        /usr/local/bin/helm
        Helm v3.21.0 is already latest
        v3.21.0+ge0878d4
    stdout_lines: <omitted>

TASK [Display KubeSpray readiness] ******************************************************************************************************************************************************************************
ok: [localhost] =>
    msg: |-
        KubeSpray v2.24.1 ready at: /opt/fabric-cache/kubespray/src
        Virtual env: /opt/fabric-cache/kubespray/venv
        Helm: /usr/local/bin/helm
        Helm v3.21.0 is already latest
        v3.21.0+ge0878d4
        Profile: ubuntu_r810_kvm
        Source: preflight cache

PLAY [Phase 2: Generate KubeSpray Inventory (multi-node, profile-aware)] ****************************************************************************************************************************************

TASK [Validate kube_nodes group is populated] *******************************************************************************************************************************************************************
ok: [localhost] =>
    changed: false
    msg: All assertions passed

TASK [Create KubeSpray inventory directory] *********************************************************************************************************************************************************************
ok: [localhost] =>
    changed: false
    gid: 0
    group: root
    mode: '0755'
    owner: root
    path: /opt/fabric-cache/kubespray/src/inventory/dc-lab/group_vars/all
    size: 4096
    state: directory
    uid: 0

TASK [Create KubeSpray inventory directory (k8s-cluster)] *******************************************************************************************************************************************************
ok: [localhost] =>
    changed: false
    gid: 0
    group: root
    mode: '0755'
    owner: root
    path: /opt/fabric-cache/kubespray/src/inventory/dc-lab/group_vars/k8s_cluster
    size: 4096
    state: directory
    uid: 0

TASK [Generate KubeSpray hosts.yml] *****************************************************************************************************************************************************************************
ok: [localhost] =>
    changed: false
    checksum: ec13de1bebc11fa15b63382aca6bb63e5929d046
    dest: /opt/fabric-cache/kubespray/src/inventory/dc-lab/hosts.yml
    gid: 0
    group: root
    mode: '0644'
    owner: root
    path: /opt/fabric-cache/kubespray/src/inventory/dc-lab/hosts.yml
    size: 1734
    state: file
    uid: 0

TASK [Generate KubeSpray all.yml vars] **************************************************************************************************************************************************************************
ok: [localhost] =>
    changed: false
    checksum: dc73e891dc1ecd87b8a3633c7f8470ccd8b0567b
    dest: /opt/fabric-cache/kubespray/src/inventory/dc-lab/group_vars/all/all.yml
    gid: 0
    group: root
    mode: '0644'
    owner: root
    path: /opt/fabric-cache/kubespray/src/inventory/dc-lab/group_vars/all/all.yml
    size: 2402
    state: file
    uid: 0

TASK [Generate KubeSpray k8s-cluster.yml vars] ******************************************************************************************************************************************************************
ok: [localhost] =>
    changed: false
    checksum: 17dae6501499b01aed972ca7749614e675243583
    dest: /opt/fabric-cache/kubespray/src/inventory/dc-lab/group_vars/k8s_cluster/k8s-cluster.yml
    gid: 0
    group: root
    mode: '0644'
    owner: root
    path: /opt/fabric-cache/kubespray/src/inventory/dc-lab/group_vars/k8s_cluster/k8s-cluster.yml
    size: 1759
    state: file
    uid: 0

TASK [Generate KubeSpray addons.yml] ****************************************************************************************************************************************************************************
ok: [localhost] =>
    changed: false
    checksum: 3784ee4db54f6a123647a3b6f79c7883dc57782a
    dest: /opt/fabric-cache/kubespray/src/inventory/dc-lab/group_vars/k8s_cluster/addons.yml
    gid: 0
    group: root
    mode: '0644'
    owner: root
    path: /opt/fabric-cache/kubespray/src/inventory/dc-lab/group_vars/k8s_cluster/addons.yml
    size: 1032
    state: file
    uid: 0

TASK [Display generated inventory summary] **********************************************************************************************************************************************************************
ok: [localhost] =>
    msg: |-
        KubeSpray inventory generated at: /opt/fabric-cache/kubespray/src/inventory/dc-lab
        Profile: ubuntu_r810_kvm
        Controllers (kube_control_plane + etcd): Host12_1, Host34_1, HostB12_1
        Workers (kube_node): Host12_2, Host12_3, Host34_2

PLAY [Phase 3: Prepare All Kubernetes Nodes] ********************************************************************************************************************************************************************

TASK [Gathering Facts] ******************************************************************************************************************************************************************************************
ok: [HostB12_1]
ok: [Host34_1]
ok: [Host12_1]
ok: [Host12_2]
ok: [Host12_3]
ok: [Host34_2]

TASK [Disable swap (required by kubelet)] ***********************************************************************************************************************************************************************
changed: [Host34_1] =>
    changed: true
    cmd: |-
        swapoff -a
        sed -i '/\sswap\s/d' /etc/fstab
    delta: '0:00:00.014082'
    end: '2026-06-06 11:56:37.504342'
    msg: ''
    rc: 0
    start: '2026-06-06 11:56:37.490260'
    stderr: ''
    stderr_lines: <omitted>
    stdout: ''
    stdout_lines: <omitted>
changed: [Host12_2] =>
    changed: true
    cmd: |-
        swapoff -a
        sed -i '/\sswap\s/d' /etc/fstab
    delta: '0:00:00.012749'
    end: '2026-06-06 11:56:38.297110'
    msg: ''
    rc: 0
    start: '2026-06-06 11:56:38.284361'
    stderr: ''
    stderr_lines: <omitted>
    stdout: ''
    stdout_lines: <omitted>
changed: [Host12_1] =>
    changed: true
    cmd: |-
        swapoff -a
        sed -i '/\sswap\s/d' /etc/fstab
    delta: '0:00:00.017336'
    end: '2026-06-06 11:56:38.393213'
    msg: ''
    rc: 0
    start: '2026-06-06 11:56:38.375877'
    stderr: ''
    stderr_lines: <omitted>
    stdout: ''
    stdout_lines: <omitted>
changed: [HostB12_1] =>
    changed: true
    cmd: |-
        swapoff -a
        sed -i '/\sswap\s/d' /etc/fstab
    delta: '0:00:00.014088'
    end: '2026-06-06 11:56:38.509070'
    msg: ''
    rc: 0
    start: '2026-06-06 11:56:38.494982'
    stderr: ''
    stderr_lines: <omitted>
    stdout: ''
    stdout_lines: <omitted>
changed: [Host12_3] =>
    changed: true
    cmd: |-
        swapoff -a
        sed -i '/\sswap\s/d' /etc/fstab
    delta: '0:00:00.014659'
    end: '2026-06-06 11:56:38.504349'
    msg: ''
    rc: 0
    start: '2026-06-06 11:56:38.489690'
    stderr: ''
    stderr_lines: <omitted>
    stdout: ''
    stdout_lines: <omitted>
changed: [Host34_2] =>
    changed: true
    cmd: |-
        swapoff -a
        sed -i '/\sswap\s/d' /etc/fstab
    delta: '0:00:00.014402'
    end: '2026-06-06 11:56:39.958619'
    msg: ''
    rc: 0
    start: '2026-06-06 11:56:39.944217'
    stderr: ''
    stderr_lines: <omitted>
    stdout: ''
    stdout_lines: <omitted>

TASK [Stop and disable unattended-upgrades and apt-daily (prevents apt lock)] ***********************************************************************************************************************************
changed: [Host34_1] =>
    changed: true
    cmd: |-
        systemctl stop unattended-upgrades.service 2>/dev/null || true
        systemctl disable unattended-upgrades.service 2>/dev/null || true
        systemctl stop apt-daily.timer apt-daily-upgrade.timer 2>/dev/null || true
        systemctl disable apt-daily.timer apt-daily-upgrade.timer 2>/dev/null || true
        systemctl stop apt-daily.service apt-daily-upgrade.service 2>/dev/null || true
        systemctl kill --signal=SIGTERM apt-daily.service 2>/dev/null || true
        # Wait for any running apt/dpkg process to finish (max 60s)
        for i in $(seq 1 60); do
          if fuser /var/lib/apt/lists/lock /var/lib/dpkg/lock-frontend /var/lib/dpkg/lock 2>/dev/null; then
            sleep 1
          else
            break
          fi
        done
        # Remove stale lock files only if no process holds them
        if ! fuser /var/lib/apt/lists/lock 2>/dev/null; then
          rm -f /var/lib/apt/lists/lock
        fi
        if ! fuser /var/lib/dpkg/lock-frontend 2>/dev/null; then
          rm -f /var/lib/dpkg/lock-frontend
        fi
        if ! fuser /var/lib/dpkg/lock 2>/dev/null; then
          rm -f /var/lib/dpkg/lock
        fi
    delta: '0:00:02.864491'
    end: '2026-06-06 11:56:45.475814'
    msg: ''
    rc: 0
    start: '2026-06-06 11:56:42.611323'
    stderr: ''
    stderr_lines: <omitted>
    stdout: ''
    stdout_lines: <omitted>
changed: [Host12_1] =>
    changed: true
    cmd: |-
        systemctl stop unattended-upgrades.service 2>/dev/null || true
        systemctl disable unattended-upgrades.service 2>/dev/null || true
        systemctl stop apt-daily.timer apt-daily-upgrade.timer 2>/dev/null || true
        systemctl disable apt-daily.timer apt-daily-upgrade.timer 2>/dev/null || true
        systemctl stop apt-daily.service apt-daily-upgrade.service 2>/dev/null || true
        systemctl kill --signal=SIGTERM apt-daily.service 2>/dev/null || true
        # Wait for any running apt/dpkg process to finish (max 60s)
        for i in $(seq 1 60); do
          if fuser /var/lib/apt/lists/lock /var/lib/dpkg/lock-frontend /var/lib/dpkg/lock 2>/dev/null; then
            sleep 1
          else
            break
          fi
        done
        # Remove stale lock files only if no process holds them
        if ! fuser /var/lib/apt/lists/lock 2>/dev/null; then
          rm -f /var/lib/apt/lists/lock
        fi
        if ! fuser /var/lib/dpkg/lock-frontend 2>/dev/null; then
          rm -f /var/lib/dpkg/lock-frontend
        fi
        if ! fuser /var/lib/dpkg/lock 2>/dev/null; then
          rm -f /var/lib/dpkg/lock
        fi
    delta: '0:00:02.860429'
    end: '2026-06-06 11:56:45.722598'
    msg: ''
    rc: 0
    start: '2026-06-06 11:56:42.862169'
    stderr: ''
    stderr_lines: <omitted>
    stdout: ''
    stdout_lines: <omitted>
changed: [Host12_3] =>
    changed: true
    cmd: |-
        systemctl stop unattended-upgrades.service 2>/dev/null || true
        systemctl disable unattended-upgrades.service 2>/dev/null || true
        systemctl stop apt-daily.timer apt-daily-upgrade.timer 2>/dev/null || true
        systemctl disable apt-daily.timer apt-daily-upgrade.timer 2>/dev/null || true
        systemctl stop apt-daily.service apt-daily-upgrade.service 2>/dev/null || true
        systemctl kill --signal=SIGTERM apt-daily.service 2>/dev/null || true
        # Wait for any running apt/dpkg process to finish (max 60s)
        for i in $(seq 1 60); do
          if fuser /var/lib/apt/lists/lock /var/lib/dpkg/lock-frontend /var/lib/dpkg/lock 2>/dev/null; then
            sleep 1
          else
            break
          fi
        done
        # Remove stale lock files only if no process holds them
        if ! fuser /var/lib/apt/lists/lock 2>/dev/null; then
          rm -f /var/lib/apt/lists/lock
        fi
        if ! fuser /var/lib/dpkg/lock-frontend 2>/dev/null; then
          rm -f /var/lib/dpkg/lock-frontend
        fi
        if ! fuser /var/lib/dpkg/lock 2>/dev/null; then
          rm -f /var/lib/dpkg/lock
        fi
    delta: '0:00:02.791357'
    end: '2026-06-06 11:56:45.903746'
    msg: ''
    rc: 0
    start: '2026-06-06 11:56:43.112389'
    stderr: ''
    stderr_lines: <omitted>
    stdout: ''
    stdout_lines: <omitted>
changed: [Host12_2] =>
    changed: true
    cmd: |-
        systemctl stop unattended-upgrades.service 2>/dev/null || true
        systemctl disable unattended-upgrades.service 2>/dev/null || true
        systemctl stop apt-daily.timer apt-daily-upgrade.timer 2>/dev/null || true
        systemctl disable apt-daily.timer apt-daily-upgrade.timer 2>/dev/null || true
        systemctl stop apt-daily.service apt-daily-upgrade.service 2>/dev/null || true
        systemctl kill --signal=SIGTERM apt-daily.service 2>/dev/null || true
        # Wait for any running apt/dpkg process to finish (max 60s)
        for i in $(seq 1 60); do
          if fuser /var/lib/apt/lists/lock /var/lib/dpkg/lock-frontend /var/lib/dpkg/lock 2>/dev/null; then
            sleep 1
          else
            break
          fi
        done
        # Remove stale lock files only if no process holds them
        if ! fuser /var/lib/apt/lists/lock 2>/dev/null; then
          rm -f /var/lib/apt/lists/lock
        fi
        if ! fuser /var/lib/dpkg/lock-frontend 2>/dev/null; then
          rm -f /var/lib/dpkg/lock-frontend
        fi
        if ! fuser /var/lib/dpkg/lock 2>/dev/null; then
          rm -f /var/lib/dpkg/lock
        fi
    delta: '0:00:02.742512'
    end: '2026-06-06 11:56:45.858966'
    msg: ''
    rc: 0
    start: '2026-06-06 11:56:43.116454'
    stderr: ''
    stderr_lines: <omitted>
    stdout: ''
    stdout_lines: <omitted>
changed: [HostB12_1] =>
    changed: true
    cmd: |-
        systemctl stop unattended-upgrades.service 2>/dev/null || true
        systemctl disable unattended-upgrades.service 2>/dev/null || true
        systemctl stop apt-daily.timer apt-daily-upgrade.timer 2>/dev/null || true
        systemctl disable apt-daily.timer apt-daily-upgrade.timer 2>/dev/null || true
        systemctl stop apt-daily.service apt-daily-upgrade.service 2>/dev/null || true
        systemctl kill --signal=SIGTERM apt-daily.service 2>/dev/null || true
        # Wait for any running apt/dpkg process to finish (max 60s)
        for i in $(seq 1 60); do
          if fuser /var/lib/apt/lists/lock /var/lib/dpkg/lock-frontend /var/lib/dpkg/lock 2>/dev/null; then
            sleep 1
          else
            break
          fi
        done
        # Remove stale lock files only if no process holds them
        if ! fuser /var/lib/apt/lists/lock 2>/dev/null; then
          rm -f /var/lib/apt/lists/lock
        fi
        if ! fuser /var/lib/dpkg/lock-frontend 2>/dev/null; then
          rm -f /var/lib/dpkg/lock-frontend
        fi
        if ! fuser /var/lib/dpkg/lock 2>/dev/null; then
          rm -f /var/lib/dpkg/lock
        fi
    delta: '0:00:03.107186'
    end: '2026-06-06 11:56:45.945419'
    msg: ''
    rc: 0
    start: '2026-06-06 11:56:42.838233'
    stderr: ''
    stderr_lines: <omitted>
    stdout: ''
    stdout_lines: <omitted>
changed: [Host34_2] =>
    changed: true
    cmd: |-
        systemctl stop unattended-upgrades.service 2>/dev/null || true
        systemctl disable unattended-upgrades.service 2>/dev/null || true
        systemctl stop apt-daily.timer apt-daily-upgrade.timer 2>/dev/null || true
        systemctl disable apt-daily.timer apt-daily-upgrade.timer 2>/dev/null || true
        systemctl stop apt-daily.service apt-daily-upgrade.service 2>/dev/null || true
        systemctl kill --signal=SIGTERM apt-daily.service 2>/dev/null || true
        # Wait for any running apt/dpkg process to finish (max 60s)
        for i in $(seq 1 60); do
          if fuser /var/lib/apt/lists/lock /var/lib/dpkg/lock-frontend /var/lib/dpkg/lock 2>/dev/null; then
            sleep 1
          else
            break
          fi
        done
        # Remove stale lock files only if no process holds them
        if ! fuser /var/lib/apt/lists/lock 2>/dev/null; then
          rm -f /var/lib/apt/lists/lock
        fi
        if ! fuser /var/lib/dpkg/lock-frontend 2>/dev/null; then
          rm -f /var/lib/dpkg/lock-frontend
        fi
        if ! fuser /var/lib/dpkg/lock 2>/dev/null; then
          rm -f /var/lib/dpkg/lock
        fi
    delta: '0:00:47.599076'
    end: '2026-06-06 11:57:35.242640'
    msg: ''
    rc: 0
    start: '2026-06-06 11:56:47.643564'
    stderr: ''
    stderr_lines: <omitted>
    stdout: ' 93658 93658 93658 93658 93658 93658 93658 93658 93658 93658 93658 93658
        93658 93658 93658 93658 93658 93658 93658 93658 93658 93658 93658 93658 93658
        93658 93658 93658 93658 93658 93658 93658 93658 93658 93658 93658 93658 93658
        93658 93658 93658 93658 93658'
    stdout_lines: <omitted>

TASK [Load required kernel modules] *****************************************************************************************************************************************************************************
ok: [HostB12_1] => (item=br_netfilter) =>
    ansible_loop_var: item
    changed: false
    item: br_netfilter
    name: br_netfilter
    params: ''
    state: present
ok: [Host12_2] => (item=br_netfilter) =>
    ansible_loop_var: item
    changed: false
    item: br_netfilter
    name: br_netfilter
    params: ''
    state: present
ok: [Host34_1] => (item=br_netfilter) =>
    ansible_loop_var: item
    changed: false
    item: br_netfilter
    name: br_netfilter
    params: ''
    state: present
ok: [Host12_3] => (item=br_netfilter) =>
    ansible_loop_var: item
    changed: false
    item: br_netfilter
    name: br_netfilter
    params: ''
    state: present
ok: [Host12_1] => (item=br_netfilter) =>
    ansible_loop_var: item
    changed: false
    item: br_netfilter
    name: br_netfilter
    params: ''
    state: present
ok: [HostB12_1] => (item=overlay) =>
    ansible_loop_var: item
    changed: false
    item: overlay
    name: overlay
    params: ''
    state: present
ok: [Host12_2] => (item=overlay) =>
    ansible_loop_var: item
    changed: false
    item: overlay
    name: overlay
    params: ''
    state: present
ok: [Host12_3] => (item=overlay) =>
    ansible_loop_var: item
    changed: false
    item: overlay
    name: overlay
    params: ''
    state: present
ok: [Host34_1] => (item=overlay) =>
    ansible_loop_var: item
    changed: false
    item: overlay
    name: overlay
    params: ''
    state: present
ok: [Host12_1] => (item=overlay) =>
    ansible_loop_var: item
    changed: false
    item: overlay
    name: overlay
    params: ''
    state: present
ok: [HostB12_1] => (item=ip_vs) =>
    ansible_loop_var: item
    changed: false
    item: ip_vs
    name: ip_vs
    params: ''
    state: present
ok: [Host12_2] => (item=ip_vs) =>
    ansible_loop_var: item
    changed: false
    item: ip_vs
    name: ip_vs
    params: ''
    state: present
ok: [Host12_3] => (item=ip_vs) =>
    ansible_loop_var: item
    changed: false
    item: ip_vs
    name: ip_vs
    params: ''
    state: present
ok: [Host34_1] => (item=ip_vs) =>
    ansible_loop_var: item
    changed: false
    item: ip_vs
    name: ip_vs
    params: ''
    state: present
ok: [Host12_1] => (item=ip_vs) =>
    ansible_loop_var: item
    changed: false
    item: ip_vs
    name: ip_vs
    params: ''
    state: present
ok: [HostB12_1] => (item=ip_vs_rr) =>
    ansible_loop_var: item
    changed: false
    item: ip_vs_rr
    name: ip_vs_rr
    params: ''
    state: present
ok: [Host12_2] => (item=ip_vs_rr) =>
    ansible_loop_var: item
    changed: false
    item: ip_vs_rr
    name: ip_vs_rr
    params: ''
    state: present
ok: [Host12_3] => (item=ip_vs_rr) =>
    ansible_loop_var: item
    changed: false
    item: ip_vs_rr
    name: ip_vs_rr
    params: ''
    state: present
ok: [Host34_1] => (item=ip_vs_rr) =>
    ansible_loop_var: item
    changed: false
    item: ip_vs_rr
    name: ip_vs_rr
    params: ''
    state: present
ok: [Host12_1] => (item=ip_vs_rr) =>
    ansible_loop_var: item
    changed: false
    item: ip_vs_rr
    name: ip_vs_rr
    params: ''
    state: present
ok: [HostB12_1] => (item=ip_vs_wrr) =>
    ansible_loop_var: item
    changed: false
    item: ip_vs_wrr
    name: ip_vs_wrr
    params: ''
    state: present
ok: [Host12_2] => (item=ip_vs_wrr) =>
    ansible_loop_var: item
    changed: false
    item: ip_vs_wrr
    name: ip_vs_wrr
    params: ''
    state: present
ok: [Host12_3] => (item=ip_vs_wrr) =>
    ansible_loop_var: item
    changed: false
    item: ip_vs_wrr
    name: ip_vs_wrr
    params: ''
    state: present
ok: [Host34_1] => (item=ip_vs_wrr) =>
    ansible_loop_var: item
    changed: false
    item: ip_vs_wrr
    name: ip_vs_wrr
    params: ''
    state: present
ok: [Host12_1] => (item=ip_vs_wrr) =>
    ansible_loop_var: item
    changed: false
    item: ip_vs_wrr
    name: ip_vs_wrr
    params: ''
    state: present
ok: [HostB12_1] => (item=ip_vs_sh) =>
    ansible_loop_var: item
    changed: false
    item: ip_vs_sh
    name: ip_vs_sh
    params: ''
    state: present
ok: [Host12_2] => (item=ip_vs_sh) =>
    ansible_loop_var: item
    changed: false
    item: ip_vs_sh
    name: ip_vs_sh
    params: ''
    state: present
ok: [Host12_3] => (item=ip_vs_sh) =>
    ansible_loop_var: item
    changed: false
    item: ip_vs_sh
    name: ip_vs_sh
    params: ''
    state: present
ok: [Host34_1] => (item=ip_vs_sh) =>
    ansible_loop_var: item
    changed: false
    item: ip_vs_sh
    name: ip_vs_sh
    params: ''
    state: present
ok: [Host12_1] => (item=ip_vs_sh) =>
    ansible_loop_var: item
    changed: false
    item: ip_vs_sh
    name: ip_vs_sh
    params: ''
    state: present
ok: [Host34_2] => (item=br_netfilter) =>
    ansible_loop_var: item
    changed: false
    item: br_netfilter
    name: br_netfilter
    params: ''
    state: present
ok: [Host34_2] => (item=overlay) =>
    ansible_loop_var: item
    changed: false
    item: overlay
    name: overlay
    params: ''
    state: present
ok: [Host34_2] => (item=ip_vs) =>
    ansible_loop_var: item
    changed: false
    item: ip_vs
    name: ip_vs
    params: ''
    state: present
ok: [Host34_2] => (item=ip_vs_rr) =>
    ansible_loop_var: item
    changed: false
    item: ip_vs_rr
    name: ip_vs_rr
    params: ''
    state: present
ok: [Host34_2] => (item=ip_vs_wrr) =>
    ansible_loop_var: item
    changed: false
    item: ip_vs_wrr
    name: ip_vs_wrr
    params: ''
    state: present
ok: [Host34_2] => (item=ip_vs_sh) =>
    ansible_loop_var: item
    changed: false
    item: ip_vs_sh
    name: ip_vs_sh
    params: ''
    state: present

TASK [Persist kernel modules] ***********************************************************************************************************************************************************************************
ok: [HostB12_1] =>
    changed: false
    checksum: 8b5cfdb1c25aa2f17b8c7fdc34af47a30030e535
    dest: /etc/modules-load.d/k8s.conf
    gid: 0
    group: root
    mode: '0644'
    owner: root
    path: /etc/modules-load.d/k8s.conf
    size: 55
    state: file
    uid: 0
ok: [Host34_1] =>
    changed: false
    checksum: 8b5cfdb1c25aa2f17b8c7fdc34af47a30030e535
    dest: /etc/modules-load.d/k8s.conf
    gid: 0
    group: root
    mode: '0644'
    owner: root
    path: /etc/modules-load.d/k8s.conf
    size: 55
    state: file
    uid: 0
ok: [Host12_3] =>
    changed: false
    checksum: 8b5cfdb1c25aa2f17b8c7fdc34af47a30030e535
    dest: /etc/modules-load.d/k8s.conf
    gid: 0
    group: root
    mode: '0644'
    owner: root
    path: /etc/modules-load.d/k8s.conf
    size: 55
    state: file
    uid: 0
ok: [Host12_1] =>
    changed: false
    checksum: 8b5cfdb1c25aa2f17b8c7fdc34af47a30030e535
    dest: /etc/modules-load.d/k8s.conf
    gid: 0
    group: root
    mode: '0644'
    owner: root
    path: /etc/modules-load.d/k8s.conf
    size: 55
    state: file
    uid: 0
ok: [Host12_2] =>
    changed: false
    checksum: 8b5cfdb1c25aa2f17b8c7fdc34af47a30030e535
    dest: /etc/modules-load.d/k8s.conf
    gid: 0
    group: root
    mode: '0644'
    owner: root
    path: /etc/modules-load.d/k8s.conf
    size: 55
    state: file
    uid: 0
ok: [Host34_2] =>
    changed: false
    checksum: 8b5cfdb1c25aa2f17b8c7fdc34af47a30030e535
    dest: /etc/modules-load.d/k8s.conf
    gid: 0
    group: root
    mode: '0644'
    owner: root
    path: /etc/modules-load.d/k8s.conf
    size: 55
    state: file
    uid: 0

TASK [Set sysctl parameters for Kubernetes] *********************************************************************************************************************************************************************
ok: [Host12_1] => (item={'key': 'net.bridge.bridge-nf-call-iptables', 'value': '1'}) =>
    ansible_loop_var: item
    changed: false
    item:
        key: net.bridge.bridge-nf-call-iptables
        value: '1'
ok: [HostB12_1] => (item={'key': 'net.bridge.bridge-nf-call-iptables', 'value': '1'}) =>
    ansible_loop_var: item
    changed: false
    item:
        key: net.bridge.bridge-nf-call-iptables
        value: '1'
ok: [Host34_1] => (item={'key': 'net.bridge.bridge-nf-call-iptables', 'value': '1'}) =>
    ansible_loop_var: item
    changed: false
    item:
        key: net.bridge.bridge-nf-call-iptables
        value: '1'
ok: [Host12_2] => (item={'key': 'net.bridge.bridge-nf-call-iptables', 'value': '1'}) =>
    ansible_loop_var: item
    changed: false
    item:
        key: net.bridge.bridge-nf-call-iptables
        value: '1'
ok: [Host12_3] => (item={'key': 'net.bridge.bridge-nf-call-iptables', 'value': '1'}) =>
    ansible_loop_var: item
    changed: false
    item:
        key: net.bridge.bridge-nf-call-iptables
        value: '1'
ok: [Host12_1] => (item={'key': 'net.bridge.bridge-nf-call-ip6tables', 'value': '1'}) =>
    ansible_loop_var: item
    changed: false
    item:
        key: net.bridge.bridge-nf-call-ip6tables
        value: '1'
ok: [HostB12_1] => (item={'key': 'net.bridge.bridge-nf-call-ip6tables', 'value': '1'}) =>
    ansible_loop_var: item
    changed: false
    item:
        key: net.bridge.bridge-nf-call-ip6tables
        value: '1'
ok: [Host34_1] => (item={'key': 'net.bridge.bridge-nf-call-ip6tables', 'value': '1'}) =>
    ansible_loop_var: item
    changed: false
    item:
        key: net.bridge.bridge-nf-call-ip6tables
        value: '1'
ok: [Host12_2] => (item={'key': 'net.bridge.bridge-nf-call-ip6tables', 'value': '1'}) =>
    ansible_loop_var: item
    changed: false
    item:
        key: net.bridge.bridge-nf-call-ip6tables
        value: '1'
ok: [Host12_3] => (item={'key': 'net.bridge.bridge-nf-call-ip6tables', 'value': '1'}) =>
    ansible_loop_var: item
    changed: false
    item:
        key: net.bridge.bridge-nf-call-ip6tables
        value: '1'
ok: [Host12_1] => (item={'key': 'net.ipv4.ip_forward', 'value': '1'}) =>
    ansible_loop_var: item
    changed: false
    item:
        key: net.ipv4.ip_forward
        value: '1'
ok: [HostB12_1] => (item={'key': 'net.ipv4.ip_forward', 'value': '1'}) =>
    ansible_loop_var: item
    changed: false
    item:
        key: net.ipv4.ip_forward
        value: '1'
ok: [Host34_1] => (item={'key': 'net.ipv4.ip_forward', 'value': '1'}) =>
    ansible_loop_var: item
    changed: false
    item:
        key: net.ipv4.ip_forward
        value: '1'
ok: [Host12_2] => (item={'key': 'net.ipv4.ip_forward', 'value': '1'}) =>
    ansible_loop_var: item
    changed: false
    item:
        key: net.ipv4.ip_forward
        value: '1'
ok: [Host12_3] => (item={'key': 'net.ipv4.ip_forward', 'value': '1'}) =>
    ansible_loop_var: item
    changed: false
    item:
        key: net.ipv4.ip_forward
        value: '1'
ok: [Host12_1] => (item={'key': 'net.ipv6.conf.all.forwarding', 'value': '1'}) =>
    ansible_loop_var: item
    changed: false
    item:
        key: net.ipv6.conf.all.forwarding
        value: '1'
ok: [HostB12_1] => (item={'key': 'net.ipv6.conf.all.forwarding', 'value': '1'}) =>
    ansible_loop_var: item
    changed: false
    item:
        key: net.ipv6.conf.all.forwarding
        value: '1'
ok: [Host34_1] => (item={'key': 'net.ipv6.conf.all.forwarding', 'value': '1'}) =>
    ansible_loop_var: item
    changed: false
    item:
        key: net.ipv6.conf.all.forwarding
        value: '1'
ok: [Host12_2] => (item={'key': 'net.ipv6.conf.all.forwarding', 'value': '1'}) =>
    ansible_loop_var: item
    changed: false
    item:
        key: net.ipv6.conf.all.forwarding
        value: '1'
ok: [Host12_3] => (item={'key': 'net.ipv6.conf.all.forwarding', 'value': '1'}) =>
    ansible_loop_var: item
    changed: false
    item:
        key: net.ipv6.conf.all.forwarding
        value: '1'
ok: [Host34_2] => (item={'key': 'net.bridge.bridge-nf-call-iptables', 'value': '1'}) =>
    ansible_loop_var: item
    changed: false
    item:
        key: net.bridge.bridge-nf-call-iptables
        value: '1'
ok: [Host34_2] => (item={'key': 'net.bridge.bridge-nf-call-ip6tables', 'value': '1'}) =>
    ansible_loop_var: item
    changed: false
    item:
        key: net.bridge.bridge-nf-call-ip6tables
        value: '1'
ok: [Host34_2] => (item={'key': 'net.ipv4.ip_forward', 'value': '1'}) =>
    ansible_loop_var: item
    changed: false
    item:
        key: net.ipv4.ip_forward
        value: '1'
ok: [Host34_2] => (item={'key': 'net.ipv6.conf.all.forwarding', 'value': '1'}) =>
    ansible_loop_var: item
    changed: false
    item:
        key: net.ipv6.conf.all.forwarding
        value: '1'

TASK [Identify missing prerequisite packages] *******************************************************************************************************************************************************************
ok: [Host34_1] =>
    changed: false
    cmd: |-
        missing=""
        for pkg in apt-transport-https ca-certificates curl gnupg lsb-release conntrack socat ipset ipvsadm; do
          if ! dpkg -s "$pkg" >/dev/null 2>&1; then
            missing="$missing $pkg"
          fi
        done
        echo "$missing"
    delta: '0:00:00.161360'
    end: '2026-06-06 11:58:37.126302'
    failed_when_result: false
    msg: ''
    rc: 0
    start: '2026-06-06 11:58:36.964942'
    stderr: ''
    stderr_lines: <omitted>
    stdout: ' apt-transport-https conntrack socat ipset ipvsadm'
    stdout_lines: <omitted>
ok: [Host12_1] =>
    changed: false
    cmd: |-
        missing=""
        for pkg in apt-transport-https ca-certificates curl gnupg lsb-release conntrack socat ipset ipvsadm; do
          if ! dpkg -s "$pkg" >/dev/null 2>&1; then
            missing="$missing $pkg"
          fi
        done
        echo "$missing"
    delta: '0:00:00.156352'
    end: '2026-06-06 11:58:37.446940'
    failed_when_result: false
    msg: ''
    rc: 0
    start: '2026-06-06 11:58:37.290588'
    stderr: ''
    stderr_lines: <omitted>
    stdout: ' apt-transport-https conntrack socat ipset ipvsadm'
    stdout_lines: <omitted>
ok: [HostB12_1] =>
    changed: false
    cmd: |-
        missing=""
        for pkg in apt-transport-https ca-certificates curl gnupg lsb-release conntrack socat ipset ipvsadm; do
          if ! dpkg -s "$pkg" >/dev/null 2>&1; then
            missing="$missing $pkg"
          fi
        done
        echo "$missing"
    delta: '0:00:00.182776'
    end: '2026-06-06 11:58:38.109961'
    failed_when_result: false
    msg: ''
    rc: 0
    start: '2026-06-06 11:58:37.927185'
    stderr: ''
    stderr_lines: <omitted>
    stdout: ' apt-transport-https conntrack socat ipset ipvsadm'
    stdout_lines: <omitted>
ok: [Host12_2] =>
    changed: false
    cmd: |-
        missing=""
        for pkg in apt-transport-https ca-certificates curl gnupg lsb-release conntrack socat ipset ipvsadm; do
          if ! dpkg -s "$pkg" >/dev/null 2>&1; then
            missing="$missing $pkg"
          fi
        done
        echo "$missing"
    delta: '0:00:00.191125'
    end: '2026-06-06 11:58:38.059443'
    failed_when_result: false
    msg: ''
    rc: 0
    start: '2026-06-06 11:58:37.868318'
    stderr: ''
    stderr_lines: <omitted>
    stdout: ' apt-transport-https conntrack socat ipset ipvsadm'
    stdout_lines: <omitted>
ok: [Host12_3] =>
    changed: false
    cmd: |-
        missing=""
        for pkg in apt-transport-https ca-certificates curl gnupg lsb-release conntrack socat ipset ipvsadm; do
          if ! dpkg -s "$pkg" >/dev/null 2>&1; then
            missing="$missing $pkg"
          fi
        done
        echo "$missing"
    delta: '0:00:00.192051'
    end: '2026-06-06 11:58:38.221279'
    failed_when_result: false
    msg: ''
    rc: 0
    start: '2026-06-06 11:58:38.029228'
    stderr: ''
    stderr_lines: <omitted>
    stdout: ' apt-transport-https conntrack socat ipset ipvsadm'
    stdout_lines: <omitted>
ok: [Host34_2] =>
    changed: false
    cmd: |-
        missing=""
        for pkg in apt-transport-https ca-certificates curl gnupg lsb-release conntrack socat ipset ipvsadm; do
          if ! dpkg -s "$pkg" >/dev/null 2>&1; then
            missing="$missing $pkg"
          fi
        done
        echo "$missing"
    delta: '0:00:00.170779'
    end: '2026-06-06 11:58:39.485358'
    failed_when_result: false
    msg: ''
    rc: 0
    start: '2026-06-06 11:58:39.314579'
    stderr: ''
    stderr_lines: <omitted>
    stdout: ' apt-transport-https conntrack socat ipset ipvsadm'
    stdout_lines: <omitted>

TASK [Install prerequisite packages (no cache update - air-gapped)] *********************************************************************************************************************************************
[ERROR]: Task failed: Module failed: '/usr/bin/apt-get -y -o "Dpkg::Options::=--force-confdef" -o "Dpkg::Options::=--force-confold" -o DPkg::Lock::Timeout=60       install 'apt-transport-https=2.8.3' 'conntrack=1:1.4.8-1ubuntu1' 'socat=1.8.0.0-4build3' 'ipset=7.19-1ubuntu2' 'ipvsadm=1:1.31-1ubuntu0.1'' failed: E: Failed to fetch http://archive.ubuntu.com/ubuntu/pool/universe/a/apt/apt-transport-https_2.8.3_all.deb  Temporary failure resolving 'archive.ubuntu.com'
E: Failed to fetch http://archive.ubuntu.com/ubuntu/pool/main/c/conntrack-tools/conntrack_1.4.8-1ubuntu1_amd64.deb  Temporary failure resolving 'archive.ubuntu.com'
E: Failed to fetch http://archive.ubuntu.com/ubuntu/pool/main/i/ipset/libipset13_7.19-1ubuntu2_amd64.deb  Temporary failure resolving 'archive.ubuntu.com'
E: Failed to fetch http://archive.ubuntu.com/ubuntu/pool/main/i/ipset/ipset_7.19-1ubuntu2_amd64.deb  Temporary failure resolving 'archive.ubuntu.com'
E: Failed to fetch http://archive.ubuntu.com/ubuntu/pool/main/i/ipvsadm/ipvsadm_1.31-1ubuntu0.1_amd64.deb  Temporary failure resolving 'archive.ubuntu.com'
E: Failed to fetch http://archive.ubuntu.com/ubuntu/pool/main/s/socat/socat_1.8.0.0-4build3_amd64.deb  Temporary failure resolving 'archive.ubuntu.com'
E: Unable to fetch some archives, maybe run apt-get update or try with --fix-missing?

Origin: /mnt/c/Users/nh1221/data-center/_v3/playbooks/reused/deploy_kubespray.yml:302:7

300       failed_when: false
301
302     - name: Install prerequisite packages (no cache update - air-gapped)
          ^ column 7

fatal: [Host34_1]: FAILED! =>
    cache_update_time: 1780687020
    cache_updated: false
    changed: false
    msg: |-
        '/usr/bin/apt-get -y -o "Dpkg::Options::=--force-confdef" -o "Dpkg::Options::=--force-confold" -o DPkg::Lock::Timeout=60       install 'apt-transport-https=2.8.3' 'conntrack=1:1.4.8-1ubuntu1' 'socat=1.8.0.0-4build3' 'ipset=7.19-1ubuntu2' 'ipvsadm=1:1.31-1ubuntu0.1'' failed: E: Failed to fetch http://archive.ubuntu.com/ubuntu/pool/universe/a/apt/apt-transport-https_2.8.3_all.deb  Temporary failure resolving 'archive.ubuntu.com'
        E: Failed to fetch http://archive.ubuntu.com/ubuntu/pool/main/c/conntrack-tools/conntrack_1.4.8-1ubuntu1_amd64.deb  Temporary failure resolving 'archive.ubuntu.com'
        E: Failed to fetch http://archive.ubuntu.com/ubuntu/pool/main/i/ipset/libipset13_7.19-1ubuntu2_amd64.deb  Temporary failure resolving 'archive.ubuntu.com'
        E: Failed to fetch http://archive.ubuntu.com/ubuntu/pool/main/i/ipset/ipset_7.19-1ubuntu2_amd64.deb  Temporary failure resolving 'archive.ubuntu.com'
        E: Failed to fetch http://archive.ubuntu.com/ubuntu/pool/main/i/ipvsadm/ipvsadm_1.31-1ubuntu0.1_amd64.deb  Temporary failure resolving 'archive.ubuntu.com'
        E: Failed to fetch http://archive.ubuntu.com/ubuntu/pool/main/s/socat/socat_1.8.0.0-4build3_amd64.deb  Temporary failure resolving 'archive.ubuntu.com'
        E: Unable to fetch some archives, maybe run apt-get update or try with --fix-missing?
    rc: 100
    stderr: |-
        E: Failed to fetch http://archive.ubuntu.com/ubuntu/pool/universe/a/apt/apt-transport-https_2.8.3_all.deb  Temporary failure resolving 'archive.ubuntu.com'
        E: Failed to fetch http://archive.ubuntu.com/ubuntu/pool/main/c/conntrack-tools/conntrack_1.4.8-1ubuntu1_amd64.deb  Temporary failure resolving 'archive.ubuntu.com'
        E: Failed to fetch http://archive.ubuntu.com/ubuntu/pool/main/i/ipset/libipset13_7.19-1ubuntu2_amd64.deb  Temporary failure resolving 'archive.ubuntu.com'
        E: Failed to fetch http://archive.ubuntu.com/ubuntu/pool/main/i/ipset/ipset_7.19-1ubuntu2_amd64.deb  Temporary failure resolving 'archive.ubuntu.com'
        E: Failed to fetch http://archive.ubuntu.com/ubuntu/pool/main/i/ipvsadm/ipvsadm_1.31-1ubuntu0.1_amd64.deb  Temporary failure resolving 'archive.ubuntu.com'
        E: Failed to fetch http://archive.ubuntu.com/ubuntu/pool/main/s/socat/socat_1.8.0.0-4build3_amd64.deb  Temporary failure resolving 'archive.ubuntu.com'
        E: Unable to fetch some archives, maybe run apt-get update or try with --fix-missing?
    stderr_lines: <omitted>
    stdout: |-
        Reading package lists...
        Building dependency tree...
        Reading state information...
        The following additional packages will be installed:
          libipset13
        Suggested packages:
          heartbeat keepalived ldirectord
        The following NEW packages will be installed:
          apt-transport-https conntrack ipset ipvsadm libipset13 socat
        0 upgraded, 6 newly installed, 0 to remove and 27 not upgraded.
        Need to get 550 kB of archives.
        After this operation, 2304 kB of additional disk space will be used.
        Ign:1 http://archive.ubuntu.com/ubuntu noble-updates/universe amd64 apt-transport-https all 2.8.3
        Ign:2 http://archive.ubuntu.com/ubuntu noble/main amd64 conntrack amd64 1:1.4.8-1ubuntu1
        Ign:3 http://archive.ubuntu.com/ubuntu noble/main amd64 libipset13 amd64 7.19-1ubuntu2
        Ign:4 http://archive.ubuntu.com/ubuntu noble/main amd64 ipset amd64 7.19-1ubuntu2
        Ign:5 http://archive.ubuntu.com/ubuntu noble-updates/main amd64 ipvsadm amd64 1:1.31-1ubuntu0.1
        Ign:6 http://archive.ubuntu.com/ubuntu noble/main amd64 socat amd64 1.8.0.0-4build3
        Ign:1 http://archive.ubuntu.com/ubuntu noble-updates/universe amd64 apt-transport-https all 2.8.3
        Ign:2 http://archive.ubuntu.com/ubuntu noble/main amd64 conntrack amd64 1:1.4.8-1ubuntu1
        Ign:3 http://archive.ubuntu.com/ubuntu noble/main amd64 libipset13 amd64 7.19-1ubuntu2
        Ign:4 http://archive.ubuntu.com/ubuntu noble/main amd64 ipset amd64 7.19-1ubuntu2
        Ign:5 http://archive.ubuntu.com/ubuntu noble-updates/main amd64 ipvsadm amd64 1:1.31-1ubuntu0.1
        Ign:6 http://archive.ubuntu.com/ubuntu noble/main amd64 socat amd64 1.8.0.0-4build3
        Ign:1 http://archive.ubuntu.com/ubuntu noble-updates/universe amd64 apt-transport-https all 2.8.3
        Ign:2 http://archive.ubuntu.com/ubuntu noble/main amd64 conntrack amd64 1:1.4.8-1ubuntu1
        Ign:3 http://archive.ubuntu.com/ubuntu noble/main amd64 libipset13 amd64 7.19-1ubuntu2
        Ign:4 http://archive.ubuntu.com/ubuntu noble/main amd64 ipset amd64 7.19-1ubuntu2
        Ign:5 http://archive.ubuntu.com/ubuntu noble-updates/main amd64 ipvsadm amd64 1:1.31-1ubuntu0.1
        Ign:6 http://archive.ubuntu.com/ubuntu noble/main amd64 socat amd64 1.8.0.0-4build3
        Err:1 http://archive.ubuntu.com/ubuntu noble-updates/universe amd64 apt-transport-https all 2.8.3
          Temporary failure resolving 'archive.ubuntu.com'
        Err:2 http://archive.ubuntu.com/ubuntu noble/main amd64 conntrack amd64 1:1.4.8-1ubuntu1
          Temporary failure resolving 'archive.ubuntu.com'
        Err:3 http://archive.ubuntu.com/ubuntu noble/main amd64 libipset13 amd64 7.19-1ubuntu2
          Temporary failure resolving 'archive.ubuntu.com'
        Err:4 http://archive.ubuntu.com/ubuntu noble/main amd64 ipset amd64 7.19-1ubuntu2
          Temporary failure resolving 'archive.ubuntu.com'
        Err:5 http://archive.ubuntu.com/ubuntu noble-updates/main amd64 ipvsadm amd64 1:1.31-1ubuntu0.1
          Temporary failure resolving 'archive.ubuntu.com'
        Err:6 http://archive.ubuntu.com/ubuntu noble/main amd64 socat amd64 1.8.0.0-4build3
          Temporary failure resolving 'archive.ubuntu.com'
    stdout_lines: <omitted>
...ignoring
fatal: [Host12_1]: FAILED! =>
    cache_update_time: 1780687194
    cache_updated: false
    changed: false
    msg: |-
        '/usr/bin/apt-get -y -o "Dpkg::Options::=--force-confdef" -o "Dpkg::Options::=--force-confold" -o DPkg::Lock::Timeout=60       install 'apt-transport-https=2.8.3' 'conntrack=1:1.4.8-1ubuntu1' 'socat=1.8.0.0-4build3' 'ipset=7.19-1ubuntu2' 'ipvsadm=1:1.31-1ubuntu0.1'' failed: E: Failed to fetch http://archive.ubuntu.com/ubuntu/pool/universe/a/apt/apt-transport-https_2.8.3_all.deb  Temporary failure resolving 'archive.ubuntu.com'
        E: Failed to fetch http://archive.ubuntu.com/ubuntu/pool/main/c/conntrack-tools/conntrack_1.4.8-1ubuntu1_amd64.deb  Temporary failure resolving 'archive.ubuntu.com'
        E: Failed to fetch http://archive.ubuntu.com/ubuntu/pool/main/i/ipset/libipset13_7.19-1ubuntu2_amd64.deb  Temporary failure resolving 'archive.ubuntu.com'
        E: Failed to fetch http://archive.ubuntu.com/ubuntu/pool/main/i/ipset/ipset_7.19-1ubuntu2_amd64.deb  Temporary failure resolving 'archive.ubuntu.com'
        E: Failed to fetch http://archive.ubuntu.com/ubuntu/pool/main/i/ipvsadm/ipvsadm_1.31-1ubuntu0.1_amd64.deb  Temporary failure resolving 'archive.ubuntu.com'
        E: Failed to fetch http://archive.ubuntu.com/ubuntu/pool/main/s/socat/socat_1.8.0.0-4build3_amd64.deb  Temporary failure resolving 'archive.ubuntu.com'
        E: Unable to fetch some archives, maybe run apt-get update or try with --fix-missing?
    rc: 100
    stderr: |-
        E: Failed to fetch http://archive.ubuntu.com/ubuntu/pool/universe/a/apt/apt-transport-https_2.8.3_all.deb  Temporary failure resolving 'archive.ubuntu.com'
        E: Failed to fetch http://archive.ubuntu.com/ubuntu/pool/main/c/conntrack-tools/conntrack_1.4.8-1ubuntu1_amd64.deb  Temporary failure resolving 'archive.ubuntu.com'
        E: Failed to fetch http://archive.ubuntu.com/ubuntu/pool/main/i/ipset/libipset13_7.19-1ubuntu2_amd64.deb  Temporary failure resolving 'archive.ubuntu.com'
        E: Failed to fetch http://archive.ubuntu.com/ubuntu/pool/main/i/ipset/ipset_7.19-1ubuntu2_amd64.deb  Temporary failure resolving 'archive.ubuntu.com'
        E: Failed to fetch http://archive.ubuntu.com/ubuntu/pool/main/i/ipvsadm/ipvsadm_1.31-1ubuntu0.1_amd64.deb  Temporary failure resolving 'archive.ubuntu.com'
        E: Failed to fetch http://archive.ubuntu.com/ubuntu/pool/main/s/socat/socat_1.8.0.0-4build3_amd64.deb  Temporary failure resolving 'archive.ubuntu.com'
        E: Unable to fetch some archives, maybe run apt-get update or try with --fix-missing?
    stderr_lines: <omitted>
    stdout: |-
        Reading package lists...
        Building dependency tree...
        Reading state information...
        The following additional packages will be installed:
          libipset13
        Suggested packages:
          heartbeat keepalived ldirectord
        The following NEW packages will be installed:
          apt-transport-https conntrack ipset ipvsadm libipset13 socat
        0 upgraded, 6 newly installed, 0 to remove and 27 not upgraded.
        Need to get 550 kB of archives.
        After this operation, 2304 kB of additional disk space will be used.
        Ign:1 http://archive.ubuntu.com/ubuntu noble-updates/universe amd64 apt-transport-https all 2.8.3
        Ign:2 http://archive.ubuntu.com/ubuntu noble/main amd64 conntrack amd64 1:1.4.8-1ubuntu1
        Ign:3 http://archive.ubuntu.com/ubuntu noble/main amd64 libipset13 amd64 7.19-1ubuntu2
        Ign:4 http://archive.ubuntu.com/ubuntu noble/main amd64 ipset amd64 7.19-1ubuntu2
        Ign:5 http://archive.ubuntu.com/ubuntu noble-updates/main amd64 ipvsadm amd64 1:1.31-1ubuntu0.1
        Ign:6 http://archive.ubuntu.com/ubuntu noble/main amd64 socat amd64 1.8.0.0-4build3
        Ign:1 http://archive.ubuntu.com/ubuntu noble-updates/universe amd64 apt-transport-https all 2.8.3
        Ign:2 http://archive.ubuntu.com/ubuntu noble/main amd64 conntrack amd64 1:1.4.8-1ubuntu1
        Ign:3 http://archive.ubuntu.com/ubuntu noble/main amd64 libipset13 amd64 7.19-1ubuntu2
        Ign:4 http://archive.ubuntu.com/ubuntu noble/main amd64 ipset amd64 7.19-1ubuntu2
        Ign:5 http://archive.ubuntu.com/ubuntu noble-updates/main amd64 ipvsadm amd64 1:1.31-1ubuntu0.1
        Ign:6 http://archive.ubuntu.com/ubuntu noble/main amd64 socat amd64 1.8.0.0-4build3
        Ign:1 http://archive.ubuntu.com/ubuntu noble-updates/universe amd64 apt-transport-https all 2.8.3
        Ign:2 http://archive.ubuntu.com/ubuntu noble/main amd64 conntrack amd64 1:1.4.8-1ubuntu1
        Ign:3 http://archive.ubuntu.com/ubuntu noble/main amd64 libipset13 amd64 7.19-1ubuntu2
        Ign:4 http://archive.ubuntu.com/ubuntu noble/main amd64 ipset amd64 7.19-1ubuntu2
        Ign:5 http://archive.ubuntu.com/ubuntu noble-updates/main amd64 ipvsadm amd64 1:1.31-1ubuntu0.1
        Ign:6 http://archive.ubuntu.com/ubuntu noble/main amd64 socat amd64 1.8.0.0-4build3
        Err:1 http://archive.ubuntu.com/ubuntu noble-updates/universe amd64 apt-transport-https all 2.8.3
          Temporary failure resolving 'archive.ubuntu.com'
        Err:2 http://archive.ubuntu.com/ubuntu noble/main amd64 conntrack amd64 1:1.4.8-1ubuntu1
          Temporary failure resolving 'archive.ubuntu.com'
        Err:3 http://archive.ubuntu.com/ubuntu noble/main amd64 libipset13 amd64 7.19-1ubuntu2
          Temporary failure resolving 'archive.ubuntu.com'
        Err:4 http://archive.ubuntu.com/ubuntu noble/main amd64 ipset amd64 7.19-1ubuntu2
          Temporary failure resolving 'archive.ubuntu.com'
        Err:5 http://archive.ubuntu.com/ubuntu noble-updates/main amd64 ipvsadm amd64 1:1.31-1ubuntu0.1
          Temporary failure resolving 'archive.ubuntu.com'
        Err:6 http://archive.ubuntu.com/ubuntu noble/main amd64 socat amd64 1.8.0.0-4build3
          Temporary failure resolving 'archive.ubuntu.com'
    stdout_lines: <omitted>
...ignoring
fatal: [HostB12_1]: FAILED! =>
    cache_update_time: 1780687106
    cache_updated: false
    changed: false
    msg: |-
        '/usr/bin/apt-get -y -o "Dpkg::Options::=--force-confdef" -o "Dpkg::Options::=--force-confold" -o DPkg::Lock::Timeout=60       install 'apt-transport-https=2.8.3' 'conntrack=1:1.4.8-1ubuntu1' 'socat=1.8.0.0-4build3' 'ipset=7.19-1ubuntu2' 'ipvsadm=1:1.31-1ubuntu0.1'' failed: E: Failed to fetch http://archive.ubuntu.com/ubuntu/pool/universe/a/apt/apt-transport-https_2.8.3_all.deb  Temporary failure resolving 'archive.ubuntu.com'
        E: Failed to fetch http://archive.ubuntu.com/ubuntu/pool/main/c/conntrack-tools/conntrack_1.4.8-1ubuntu1_amd64.deb  Temporary failure resolving 'archive.ubuntu.com'
        E: Failed to fetch http://archive.ubuntu.com/ubuntu/pool/main/i/ipset/libipset13_7.19-1ubuntu2_amd64.deb  Temporary failure resolving 'archive.ubuntu.com'
        E: Failed to fetch http://archive.ubuntu.com/ubuntu/pool/main/i/ipset/ipset_7.19-1ubuntu2_amd64.deb  Temporary failure resolving 'archive.ubuntu.com'
        E: Failed to fetch http://archive.ubuntu.com/ubuntu/pool/main/i/ipvsadm/ipvsadm_1.31-1ubuntu0.1_amd64.deb  Temporary failure resolving 'archive.ubuntu.com'
        E: Failed to fetch http://archive.ubuntu.com/ubuntu/pool/main/s/socat/socat_1.8.0.0-4build3_amd64.deb  Temporary failure resolving 'archive.ubuntu.com'
        E: Unable to fetch some archives, maybe run apt-get update or try with --fix-missing?
    rc: 100
    stderr: |-
        E: Failed to fetch http://archive.ubuntu.com/ubuntu/pool/universe/a/apt/apt-transport-https_2.8.3_all.deb  Temporary failure resolving 'archive.ubuntu.com'
        E: Failed to fetch http://archive.ubuntu.com/ubuntu/pool/main/c/conntrack-tools/conntrack_1.4.8-1ubuntu1_amd64.deb  Temporary failure resolving 'archive.ubuntu.com'
        E: Failed to fetch http://archive.ubuntu.com/ubuntu/pool/main/i/ipset/libipset13_7.19-1ubuntu2_amd64.deb  Temporary failure resolving 'archive.ubuntu.com'
        E: Failed to fetch http://archive.ubuntu.com/ubuntu/pool/main/i/ipset/ipset_7.19-1ubuntu2_amd64.deb  Temporary failure resolving 'archive.ubuntu.com'
        E: Failed to fetch http://archive.ubuntu.com/ubuntu/pool/main/i/ipvsadm/ipvsadm_1.31-1ubuntu0.1_amd64.deb  Temporary failure resolving 'archive.ubuntu.com'
        E: Failed to fetch http://archive.ubuntu.com/ubuntu/pool/main/s/socat/socat_1.8.0.0-4build3_amd64.deb  Temporary failure resolving 'archive.ubuntu.com'
        E: Unable to fetch some archives, maybe run apt-get update or try with --fix-missing?
    stderr_lines: <omitted>
    stdout: |-
        Reading package lists...
        Building dependency tree...
        Reading state information...
        The following additional packages will be installed:
          libipset13
        Suggested packages:
          heartbeat keepalived ldirectord
        The following NEW packages will be installed:
          apt-transport-https conntrack ipset ipvsadm libipset13 socat
        0 upgraded, 6 newly installed, 0 to remove and 27 not upgraded.
        Need to get 550 kB of archives.
        After this operation, 2304 kB of additional disk space will be used.
        Ign:1 http://archive.ubuntu.com/ubuntu noble-updates/universe amd64 apt-transport-https all 2.8.3
        Ign:2 http://archive.ubuntu.com/ubuntu noble/main amd64 conntrack amd64 1:1.4.8-1ubuntu1
        Ign:3 http://archive.ubuntu.com/ubuntu noble/main amd64 libipset13 amd64 7.19-1ubuntu2
        Ign:4 http://archive.ubuntu.com/ubuntu noble/main amd64 ipset amd64 7.19-1ubuntu2
        Ign:5 http://archive.ubuntu.com/ubuntu noble-updates/main amd64 ipvsadm amd64 1:1.31-1ubuntu0.1
        Ign:6 http://archive.ubuntu.com/ubuntu noble/main amd64 socat amd64 1.8.0.0-4build3
        Ign:1 http://archive.ubuntu.com/ubuntu noble-updates/universe amd64 apt-transport-https all 2.8.3
        Ign:2 http://archive.ubuntu.com/ubuntu noble/main amd64 conntrack amd64 1:1.4.8-1ubuntu1
        Ign:3 http://archive.ubuntu.com/ubuntu noble/main amd64 libipset13 amd64 7.19-1ubuntu2
        Ign:4 http://archive.ubuntu.com/ubuntu noble/main amd64 ipset amd64 7.19-1ubuntu2
        Ign:5 http://archive.ubuntu.com/ubuntu noble-updates/main amd64 ipvsadm amd64 1:1.31-1ubuntu0.1
        Ign:6 http://archive.ubuntu.com/ubuntu noble/main amd64 socat amd64 1.8.0.0-4build3
        Ign:1 http://archive.ubuntu.com/ubuntu noble-updates/universe amd64 apt-transport-https all 2.8.3
        Ign:2 http://archive.ubuntu.com/ubuntu noble/main amd64 conntrack amd64 1:1.4.8-1ubuntu1
        Ign:3 http://archive.ubuntu.com/ubuntu noble/main amd64 libipset13 amd64 7.19-1ubuntu2
        Ign:4 http://archive.ubuntu.com/ubuntu noble/main amd64 ipset amd64 7.19-1ubuntu2
        Ign:5 http://archive.ubuntu.com/ubuntu noble-updates/main amd64 ipvsadm amd64 1:1.31-1ubuntu0.1
        Ign:6 http://archive.ubuntu.com/ubuntu noble/main amd64 socat amd64 1.8.0.0-4build3
        Err:1 http://archive.ubuntu.com/ubuntu noble-updates/universe amd64 apt-transport-https all 2.8.3
          Temporary failure resolving 'archive.ubuntu.com'
        Err:2 http://archive.ubuntu.com/ubuntu noble/main amd64 conntrack amd64 1:1.4.8-1ubuntu1
          Temporary failure resolving 'archive.ubuntu.com'
        Err:3 http://archive.ubuntu.com/ubuntu noble/main amd64 libipset13 amd64 7.19-1ubuntu2
          Temporary failure resolving 'archive.ubuntu.com'
        Err:4 http://archive.ubuntu.com/ubuntu noble/main amd64 ipset amd64 7.19-1ubuntu2
          Temporary failure resolving 'archive.ubuntu.com'
        Err:5 http://archive.ubuntu.com/ubuntu noble-updates/main amd64 ipvsadm amd64 1:1.31-1ubuntu0.1
          Temporary failure resolving 'archive.ubuntu.com'
        Err:6 http://archive.ubuntu.com/ubuntu noble/main amd64 socat amd64 1.8.0.0-4build3
          Temporary failure resolving 'archive.ubuntu.com'
    stdout_lines: <omitted>
...ignoring
fatal: [Host12_3]: FAILED! =>
    cache_update_time: 1780687020
    cache_updated: false
    changed: false
    msg: |-
        '/usr/bin/apt-get -y -o "Dpkg::Options::=--force-confdef" -o "Dpkg::Options::=--force-confold" -o DPkg::Lock::Timeout=60       install 'apt-transport-https=2.8.3' 'conntrack=1:1.4.8-1ubuntu1' 'socat=1.8.0.0-4build3' 'ipset=7.19-1ubuntu2' 'ipvsadm=1:1.31-1ubuntu0.1'' failed: E: Failed to fetch http://archive.ubuntu.com/ubuntu/pool/universe/a/apt/apt-transport-https_2.8.3_all.deb  Temporary failure resolving 'archive.ubuntu.com'
        E: Failed to fetch http://archive.ubuntu.com/ubuntu/pool/main/c/conntrack-tools/conntrack_1.4.8-1ubuntu1_amd64.deb  Temporary failure resolving 'archive.ubuntu.com'
        E: Failed to fetch http://archive.ubuntu.com/ubuntu/pool/main/i/ipset/libipset13_7.19-1ubuntu2_amd64.deb  Temporary failure resolving 'archive.ubuntu.com'
        E: Failed to fetch http://archive.ubuntu.com/ubuntu/pool/main/i/ipset/ipset_7.19-1ubuntu2_amd64.deb  Temporary failure resolving 'archive.ubuntu.com'
        E: Failed to fetch http://archive.ubuntu.com/ubuntu/pool/main/i/ipvsadm/ipvsadm_1.31-1ubuntu0.1_amd64.deb  Temporary failure resolving 'archive.ubuntu.com'
        E: Failed to fetch http://archive.ubuntu.com/ubuntu/pool/main/s/socat/socat_1.8.0.0-4build3_amd64.deb  Temporary failure resolving 'archive.ubuntu.com'
        E: Unable to fetch some archives, maybe run apt-get update or try with --fix-missing?
    rc: 100
    stderr: |-
        E: Failed to fetch http://archive.ubuntu.com/ubuntu/pool/universe/a/apt/apt-transport-https_2.8.3_all.deb  Temporary failure resolving 'archive.ubuntu.com'
        E: Failed to fetch http://archive.ubuntu.com/ubuntu/pool/main/c/conntrack-tools/conntrack_1.4.8-1ubuntu1_amd64.deb  Temporary failure resolving 'archive.ubuntu.com'
        E: Failed to fetch http://archive.ubuntu.com/ubuntu/pool/main/i/ipset/libipset13_7.19-1ubuntu2_amd64.deb  Temporary failure resolving 'archive.ubuntu.com'
        E: Failed to fetch http://archive.ubuntu.com/ubuntu/pool/main/i/ipset/ipset_7.19-1ubuntu2_amd64.deb  Temporary failure resolving 'archive.ubuntu.com'
        E: Failed to fetch http://archive.ubuntu.com/ubuntu/pool/main/i/ipvsadm/ipvsadm_1.31-1ubuntu0.1_amd64.deb  Temporary failure resolving 'archive.ubuntu.com'
        E: Failed to fetch http://archive.ubuntu.com/ubuntu/pool/main/s/socat/socat_1.8.0.0-4build3_amd64.deb  Temporary failure resolving 'archive.ubuntu.com'
        E: Unable to fetch some archives, maybe run apt-get update or try with --fix-missing?
    stderr_lines: <omitted>
    stdout: |-
        Reading package lists...
        Building dependency tree...
        Reading state information...
        The following additional packages will be installed:
          libipset13
        Suggested packages:
          heartbeat keepalived ldirectord
        The following NEW packages will be installed:
          apt-transport-https conntrack ipset ipvsadm libipset13 socat
        0 upgraded, 6 newly installed, 0 to remove and 27 not upgraded.
        Need to get 550 kB of archives.
        After this operation, 2304 kB of additional disk space will be used.
        Ign:1 http://archive.ubuntu.com/ubuntu noble-updates/universe amd64 apt-transport-https all 2.8.3
        Ign:2 http://archive.ubuntu.com/ubuntu noble/main amd64 conntrack amd64 1:1.4.8-1ubuntu1
        Ign:3 http://archive.ubuntu.com/ubuntu noble/main amd64 libipset13 amd64 7.19-1ubuntu2
        Ign:4 http://archive.ubuntu.com/ubuntu noble/main amd64 ipset amd64 7.19-1ubuntu2
        Ign:5 http://archive.ubuntu.com/ubuntu noble-updates/main amd64 ipvsadm amd64 1:1.31-1ubuntu0.1
        Ign:6 http://archive.ubuntu.com/ubuntu noble/main amd64 socat amd64 1.8.0.0-4build3
        Ign:1 http://archive.ubuntu.com/ubuntu noble-updates/universe amd64 apt-transport-https all 2.8.3
        Ign:2 http://archive.ubuntu.com/ubuntu noble/main amd64 conntrack amd64 1:1.4.8-1ubuntu1
        Ign:3 http://archive.ubuntu.com/ubuntu noble/main amd64 libipset13 amd64 7.19-1ubuntu2
        Ign:4 http://archive.ubuntu.com/ubuntu noble/main amd64 ipset amd64 7.19-1ubuntu2
        Ign:5 http://archive.ubuntu.com/ubuntu noble-updates/main amd64 ipvsadm amd64 1:1.31-1ubuntu0.1
        Ign:6 http://archive.ubuntu.com/ubuntu noble/main amd64 socat amd64 1.8.0.0-4build3
        Ign:1 http://archive.ubuntu.com/ubuntu noble-updates/universe amd64 apt-transport-https all 2.8.3
        Ign:2 http://archive.ubuntu.com/ubuntu noble/main amd64 conntrack amd64 1:1.4.8-1ubuntu1
        Ign:3 http://archive.ubuntu.com/ubuntu noble/main amd64 libipset13 amd64 7.19-1ubuntu2
        Ign:4 http://archive.ubuntu.com/ubuntu noble/main amd64 ipset amd64 7.19-1ubuntu2
        Ign:5 http://archive.ubuntu.com/ubuntu noble-updates/main amd64 ipvsadm amd64 1:1.31-1ubuntu0.1
        Ign:6 http://archive.ubuntu.com/ubuntu noble/main amd64 socat amd64 1.8.0.0-4build3
        Err:1 http://archive.ubuntu.com/ubuntu noble-updates/universe amd64 apt-transport-https all 2.8.3
          Temporary failure resolving 'archive.ubuntu.com'
        Err:2 http://archive.ubuntu.com/ubuntu noble/main amd64 conntrack amd64 1:1.4.8-1ubuntu1
          Temporary failure resolving 'archive.ubuntu.com'
        Err:3 http://archive.ubuntu.com/ubuntu noble/main amd64 libipset13 amd64 7.19-1ubuntu2
          Temporary failure resolving 'archive.ubuntu.com'
        Err:4 http://archive.ubuntu.com/ubuntu noble/main amd64 ipset amd64 7.19-1ubuntu2
          Temporary failure resolving 'archive.ubuntu.com'
        Err:5 http://archive.ubuntu.com/ubuntu noble-updates/main amd64 ipvsadm amd64 1:1.31-1ubuntu0.1
          Temporary failure resolving 'archive.ubuntu.com'
        Err:6 http://archive.ubuntu.com/ubuntu noble/main amd64 socat amd64 1.8.0.0-4build3
          Temporary failure resolving 'archive.ubuntu.com'
    stdout_lines: <omitted>
...ignoring
fatal: [Host12_2]: FAILED! =>
    cache_update_time: 1780687022
    cache_updated: false
    changed: false
    msg: |-
        '/usr/bin/apt-get -y -o "Dpkg::Options::=--force-confdef" -o "Dpkg::Options::=--force-confold" -o DPkg::Lock::Timeout=60       install 'apt-transport-https=2.8.3' 'conntrack=1:1.4.8-1ubuntu1' 'socat=1.8.0.0-4build3' 'ipset=7.19-1ubuntu2' 'ipvsadm=1:1.31-1ubuntu0.1'' failed: E: Failed to fetch http://archive.ubuntu.com/ubuntu/pool/universe/a/apt/apt-transport-https_2.8.3_all.deb  Temporary failure resolving 'archive.ubuntu.com'
        E: Failed to fetch http://archive.ubuntu.com/ubuntu/pool/main/c/conntrack-tools/conntrack_1.4.8-1ubuntu1_amd64.deb  Temporary failure resolving 'archive.ubuntu.com'
        E: Failed to fetch http://archive.ubuntu.com/ubuntu/pool/main/i/ipset/libipset13_7.19-1ubuntu2_amd64.deb  Temporary failure resolving 'archive.ubuntu.com'
        E: Failed to fetch http://archive.ubuntu.com/ubuntu/pool/main/i/ipset/ipset_7.19-1ubuntu2_amd64.deb  Temporary failure resolving 'archive.ubuntu.com'
        E: Failed to fetch http://archive.ubuntu.com/ubuntu/pool/main/i/ipvsadm/ipvsadm_1.31-1ubuntu0.1_amd64.deb  Temporary failure resolving 'archive.ubuntu.com'
        E: Failed to fetch http://archive.ubuntu.com/ubuntu/pool/main/s/socat/socat_1.8.0.0-4build3_amd64.deb  Temporary failure resolving 'archive.ubuntu.com'
        E: Unable to fetch some archives, maybe run apt-get update or try with --fix-missing?
    rc: 100
    stderr: |-
        E: Failed to fetch http://archive.ubuntu.com/ubuntu/pool/universe/a/apt/apt-transport-https_2.8.3_all.deb  Temporary failure resolving 'archive.ubuntu.com'
        E: Failed to fetch http://archive.ubuntu.com/ubuntu/pool/main/c/conntrack-tools/conntrack_1.4.8-1ubuntu1_amd64.deb  Temporary failure resolving 'archive.ubuntu.com'
        E: Failed to fetch http://archive.ubuntu.com/ubuntu/pool/main/i/ipset/libipset13_7.19-1ubuntu2_amd64.deb  Temporary failure resolving 'archive.ubuntu.com'
        E: Failed to fetch http://archive.ubuntu.com/ubuntu/pool/main/i/ipset/ipset_7.19-1ubuntu2_amd64.deb  Temporary failure resolving 'archive.ubuntu.com'
        E: Failed to fetch http://archive.ubuntu.com/ubuntu/pool/main/i/ipvsadm/ipvsadm_1.31-1ubuntu0.1_amd64.deb  Temporary failure resolving 'archive.ubuntu.com'
        E: Failed to fetch http://archive.ubuntu.com/ubuntu/pool/main/s/socat/socat_1.8.0.0-4build3_amd64.deb  Temporary failure resolving 'archive.ubuntu.com'
        E: Unable to fetch some archives, maybe run apt-get update or try with --fix-missing?
    stderr_lines: <omitted>
    stdout: |-
        Reading package lists...
        Building dependency tree...
        Reading state information...
        The following additional packages will be installed:
          libipset13
        Suggested packages:
          heartbeat keepalived ldirectord
        The following NEW packages will be installed:
          apt-transport-https conntrack ipset ipvsadm libipset13 socat
        0 upgraded, 6 newly installed, 0 to remove and 27 not upgraded.
        Need to get 550 kB of archives.
        After this operation, 2304 kB of additional disk space will be used.
        Ign:1 http://archive.ubuntu.com/ubuntu noble-updates/universe amd64 apt-transport-https all 2.8.3
        Ign:2 http://archive.ubuntu.com/ubuntu noble/main amd64 conntrack amd64 1:1.4.8-1ubuntu1
        Ign:3 http://archive.ubuntu.com/ubuntu noble/main amd64 libipset13 amd64 7.19-1ubuntu2
        Ign:4 http://archive.ubuntu.com/ubuntu noble/main amd64 ipset amd64 7.19-1ubuntu2
        Ign:5 http://archive.ubuntu.com/ubuntu noble-updates/main amd64 ipvsadm amd64 1:1.31-1ubuntu0.1
        Ign:6 http://archive.ubuntu.com/ubuntu noble/main amd64 socat amd64 1.8.0.0-4build3
        Ign:1 http://archive.ubuntu.com/ubuntu noble-updates/universe amd64 apt-transport-https all 2.8.3
        Ign:2 http://archive.ubuntu.com/ubuntu noble/main amd64 conntrack amd64 1:1.4.8-1ubuntu1
        Ign:3 http://archive.ubuntu.com/ubuntu noble/main amd64 libipset13 amd64 7.19-1ubuntu2
        Ign:4 http://archive.ubuntu.com/ubuntu noble/main amd64 ipset amd64 7.19-1ubuntu2
        Ign:5 http://archive.ubuntu.com/ubuntu noble-updates/main amd64 ipvsadm amd64 1:1.31-1ubuntu0.1
        Ign:6 http://archive.ubuntu.com/ubuntu noble/main amd64 socat amd64 1.8.0.0-4build3
        Ign:1 http://archive.ubuntu.com/ubuntu noble-updates/universe amd64 apt-transport-https all 2.8.3
        Ign:2 http://archive.ubuntu.com/ubuntu noble/main amd64 conntrack amd64 1:1.4.8-1ubuntu1
        Ign:3 http://archive.ubuntu.com/ubuntu noble/main amd64 libipset13 amd64 7.19-1ubuntu2
        Ign:4 http://archive.ubuntu.com/ubuntu noble/main amd64 ipset amd64 7.19-1ubuntu2
        Ign:5 http://archive.ubuntu.com/ubuntu noble-updates/main amd64 ipvsadm amd64 1:1.31-1ubuntu0.1
        Ign:6 http://archive.ubuntu.com/ubuntu noble/main amd64 socat amd64 1.8.0.0-4build3
        Err:1 http://archive.ubuntu.com/ubuntu noble-updates/universe amd64 apt-transport-https all 2.8.3
          Temporary failure resolving 'archive.ubuntu.com'
        Err:2 http://archive.ubuntu.com/ubuntu noble/main amd64 conntrack amd64 1:1.4.8-1ubuntu1
          Temporary failure resolving 'archive.ubuntu.com'
        Err:3 http://archive.ubuntu.com/ubuntu noble/main amd64 libipset13 amd64 7.19-1ubuntu2
          Temporary failure resolving 'archive.ubuntu.com'
        Err:4 http://archive.ubuntu.com/ubuntu noble/main amd64 ipset amd64 7.19-1ubuntu2
          Temporary failure resolving 'archive.ubuntu.com'
        Err:5 http://archive.ubuntu.com/ubuntu noble-updates/main amd64 ipvsadm amd64 1:1.31-1ubuntu0.1
          Temporary failure resolving 'archive.ubuntu.com'
        Err:6 http://archive.ubuntu.com/ubuntu noble/main amd64 socat amd64 1.8.0.0-4build3
          Temporary failure resolving 'archive.ubuntu.com'
    stdout_lines: <omitted>
...ignoring
