(venv) nh1221@Lab-ControlNode:/mnt/c/Users/nh1221/data-center/_v3$ sudo apt update
[sudo] password for nh1221:
Get:1 http://security.ubuntu.com/ubuntu noble-security InRelease [126 kB]
Hit:2 http://archive.ubuntu.com/ubuntu noble InRelease
Get:3 http://security.ubuntu.com/ubuntu noble-security/main amd64 Components [42.4 kB]
Get:4 http://archive.ubuntu.com/ubuntu noble-updates InRelease [126 kB]
Get:5 http://security.ubuntu.com/ubuntu noble-security/universe amd64 Components [74.2 kB]
Get:6 http://archive.ubuntu.com/ubuntu noble-backports InRelease [126 kB]
Get:7 http://archive.ubuntu.com/ubuntu noble-updates/main amd64 Packages [2064 kB]
Get:8 http://archive.ubuntu.com/ubuntu noble-updates/main amd64 Components [177 kB]
Get:9 http://archive.ubuntu.com/ubuntu noble-updates/universe amd64 Components [386 kB]
Get:10 http://archive.ubuntu.com/ubuntu noble-updates/multiverse amd64 Components [940 B]
Get:11 http://archive.ubuntu.com/ubuntu noble-backports/main amd64 Components [5764 B]
Get:12 http://archive.ubuntu.com/ubuntu noble-backports/universe amd64 Components [10.5 kB]
Fetched 3140 kB in 3s (939 kB/s)
Reading package lists... Done
Building dependency tree... Done
Reading state information... Done
63 packages can be upgraded. Run 'apt list --upgradable' to see them.
(venv) nh1221@Lab-ControlNode:/mnt/c/Users/nh1221/data-center/_v3$ sudo mkdir -p /opt/fabric-cache/apt-packages
(venv) nh1221@Lab-ControlNode:/mnt/c/Users/nh1221/data-center/_v3$ ls -al /opt/fabric-cache/apt-packages
total 145744
drwxr-xr-x  2 root root      4096 May 31 18:52 .
drwxr-xr-x 10 root root      4096 May 31 18:22 ..
-rw-r--r--  1 root root     19566 Jun  5  2022 cloud-image-utils_0.33-1_all.deb
-rw-r--r--  1 root root    226530 May  4 06:42 curl_8.5.0-2ubuntu10.9_amd64.deb
-rw-r--r--  1 root root    705428 Apr  8  2024 freeipmi-tools_1.6.13-3_amd64.deb
-rw-r--r--  1 root root    377720 Apr  3  2024 genisoimage_9%3a1.1.11-3.5_amd64.deb
-rw-r--r--  1 root root 114840406 May 31 18:52 grafana_11.0.0_amd64.deb
-rw-r--r--  1 root root   2030482 Jun 13  2025 ipmitool_1.8.19-7ubuntu0.24.04.3_amd64.deb
-rw-r--r--  1 root root     65694 Apr 23 00:54 jq_1.7.1-3ubuntu0.24.04.2_amd64.deb
-rw-r--r--  1 root root    152208 May 21 15:33 libpq-dev_16.14-0ubuntu0.24.04.1_amd64.deb
-rw-r--r--  1 root root    438346 Mar 19 12:25 libvirt-clients_10.0.0-2ubuntu8.13_amd64.deb
-rw-r--r--  1 root root  15587994 May 21 15:33 postgresql-16_16.14-0ubuntu0.24.04.1_amd64.deb
-rw-r--r--  1 root root   1299716 May 21 15:33 postgresql-client-16_16.14-0ubuntu0.24.04.1_amd64.deb
-rw-r--r--  1 root root  11222394 Apr  9 13:11 qemu-system-x86_1%3a8.2.2+ds-0ubuntu1.16_amd64.deb
-rw-r--r--  1 root root   2221912 Apr  9 13:11 qemu-utils_1%3a8.2.2+ds-0ubuntu1.16_amd64.deb
-rw-r--r--  1 root root      9292 Jan  1  2021 wakeonlan_0.41-12.1_all.deb
(venv) nh1221@Lab-ControlNode:/mnt/c/Users/nh1221/data-center/_v3$ cd /opt/fabric-cache/apt-packages
(venv) nh1221@Lab-ControlNode:/opt/fabric-cache/apt-packages$ sudo apt-get download conntrack socat ipset ipvsadm lsb-release apt-transport-https ca-certificates curl gnupg
Get:1 http://archive.ubuntu.com/ubuntu noble/main amd64 ca-certificates all 20240203 [159 kB]
Get:2 http://archive.ubuntu.com/ubuntu noble/main amd64 conntrack amd64 1:1.4.8-1ubuntu1 [37.9 kB]
Get:3 http://archive.ubuntu.com/ubuntu noble/main amd64 ipset amd64 7.19-1ubuntu2 [32.6 kB]
Get:4 http://archive.ubuntu.com/ubuntu noble/main amd64 lsb-release all 12.0-2 [6564 B]
Get:5 http://archive.ubuntu.com/ubuntu noble/main amd64 socat amd64 1.8.0.0-4build3 [374 kB]
Get:6 http://archive.ubuntu.com/ubuntu noble-updates/main amd64 gnupg all 2.4.4-2ubuntu17.4 [359 kB]
Get:7 http://archive.ubuntu.com/ubuntu noble-updates/main amd64 ipvsadm amd64 1:1.31-1ubuntu0.1 [40.3 kB]
Get:8 http://archive.ubuntu.com/ubuntu noble-updates/universe amd64 apt-transport-https all 2.8.3 [3970 B]
Fetched 1013 kB in 1s (1071 kB/s)
W: Download is performed unsandboxed as root as file '/opt/fabric-cache/apt-packages/ca-certificates_20240203_all.deb' couldn't be accessed by user '_apt'. - pkgAcquire::Run (13: Permission denied)
(venv) nh1221@Lab-ControlNode:/opt/fabric-cache/apt-packages$
(venv) nh1221@Lab-ControlNode:/opt/fabric-cache/apt-packages$
(venv) nh1221@Lab-ControlNode:/opt/fabric-cache/apt-packages$ apt-cache depends --recurse --no-recommends --no-suggests \
  --no-conflicts --no-breaks --no-replaces --no-enhances \
  conntrack socat ipset ipvsadm | \
  grep "^\w" | sort -u | \
  xargs sudo apt-get download -o Dir::Cache::archives=/opt/fabric-cache/apt-packages/ 2>/dev/null || true
Get:1 http://archive.ubuntu.com/ubuntu noble/main amd64 libipset13 amd64 7.19-1ubuntu2 [61.5 kB]
Get:2 http://archive.ubuntu.com/ubuntu noble/main amd64 libmnl0 amd64 1.0.5-2build1 [12.3 kB]
Get:3 http://archive.ubuntu.com/ubuntu noble/main amd64 libnetfilter-conntrack3 amd64 1.0.9-6build1 [45.2 kB]
Get:4 http://archive.ubuntu.com/ubuntu noble/main amd64 libnfnetlink0 amd64 1.0.2-2build1 [14.8 kB]
Get:5 http://archive.ubuntu.com/ubuntu noble/main amd64 libpopt0 amd64 1.19+dfsg-1build1 [28.6 kB]
Get:6 http://archive.ubuntu.com/ubuntu noble/main amd64 libwrap0 amd64 7.6.q-33 [47.9 kB]
Get:7 http://archive.ubuntu.com/ubuntu noble/main amd64 lsb-base all 11.6 [4606 B]
Get:8 http://archive.ubuntu.com/ubuntu noble/main amd64 sysvinit-utils amd64 3.08-6ubuntu3 [34.2 kB]
Get:9 http://archive.ubuntu.com/ubuntu noble-updates/main amd64 gcc-14-base amd64 14.2.0-4ubuntu2~24.04.1 [51.0 kB]
Get:10 http://archive.ubuntu.com/ubuntu noble-updates/main amd64 libc6 amd64 2.39-0ubuntu8.7 [3263 kB]
Get:11 http://archive.ubuntu.com/ubuntu noble-updates/main amd64 libgcc-s1 amd64 14.2.0-4ubuntu2~24.04.1 [78.4 kB]
Get:12 http://archive.ubuntu.com/ubuntu noble-updates/main amd64 libnl-3-200 amd64 3.7.0-0.3build1.1 [55.7 kB]
Get:13 http://archive.ubuntu.com/ubuntu noble-updates/main amd64 libnl-genl-3-200 amd64 3.7.0-0.3build1.1 [12.2 kB]
Get:14 http://archive.ubuntu.com/ubuntu noble-updates/main amd64 libssl3t64 amd64 3.0.13-0ubuntu3.9 [1941 kB]
Fetched 5651 kB in 4s (1339 kB/s)
(venv) nh1221@Lab-ControlNode:/opt/fabric-cache/apt-packages$ ls /opt/fabric-cache/apt-packages/*.deb | wc -l
36
(venv) nh1221@Lab-ControlNode:/opt/fabric-cache/apt-packages$ sudo apt install -y conntrack socat ipset ipvsadm
Reading package lists... Done
Building dependency tree... Done
Reading state information... Done
The following package was automatically installed and is no longer required:
  libllvm19
Use 'sudo apt autoremove' to remove it.
The following additional packages will be installed:
  libipset13 libnl-3-200 libnl-genl-3-200 libwrap0
Suggested packages:
  heartbeat keepalived ldirectord
The following NEW packages will be installed:
  conntrack ipset ipvsadm libipset13 libnl-3-200 libnl-genl-3-200 libwrap0 socat
0 upgraded, 8 newly installed, 0 to remove and 63 not upgraded.
Need to get 662 kB of archives.
After this operation, 2607 kB of additional disk space will be used.
Get:1 http://archive.ubuntu.com/ubuntu noble-updates/main amd64 libnl-3-200 amd64 3.7.0-0.3build1.1 [55.7 kB]
Get:2 http://archive.ubuntu.com/ubuntu noble/main amd64 conntrack amd64 1:1.4.8-1ubuntu1 [37.9 kB]
Get:3 http://archive.ubuntu.com/ubuntu noble/main amd64 libipset13 amd64 7.19-1ubuntu2 [61.5 kB]
Get:4 http://archive.ubuntu.com/ubuntu noble-updates/main amd64 libnl-genl-3-200 amd64 3.7.0-0.3build1.1 [12.2 kB]
Get:5 http://archive.ubuntu.com/ubuntu noble/main amd64 libwrap0 amd64 7.6.q-33 [47.9 kB]
Get:6 http://archive.ubuntu.com/ubuntu noble/main amd64 ipset amd64 7.19-1ubuntu2 [32.6 kB]
Get:7 http://archive.ubuntu.com/ubuntu noble-updates/main amd64 ipvsadm amd64 1:1.31-1ubuntu0.1 [40.3 kB]
Get:8 http://archive.ubuntu.com/ubuntu noble/main amd64 socat amd64 1.8.0.0-4build3 [374 kB]
Fetched 662 kB in 1s (774 kB/s)
Selecting previously unselected package libnl-3-200:amd64.
(Reading database ... 48186 files and directories currently installed.)
Preparing to unpack .../0-libnl-3-200_3.7.0-0.3build1.1_amd64.deb ...
Unpacking libnl-3-200:amd64 (3.7.0-0.3build1.1) ...
Selecting previously unselected package conntrack.
Preparing to unpack .../1-conntrack_1%3a1.4.8-1ubuntu1_amd64.deb ...
Unpacking conntrack (1:1.4.8-1ubuntu1) ...
Selecting previously unselected package libipset13:amd64.
Preparing to unpack .../2-libipset13_7.19-1ubuntu2_amd64.deb ...
Unpacking libipset13:amd64 (7.19-1ubuntu2) ...
Selecting previously unselected package libnl-genl-3-200:amd64.
Preparing to unpack .../3-libnl-genl-3-200_3.7.0-0.3build1.1_amd64.deb ...
Unpacking libnl-genl-3-200:amd64 (3.7.0-0.3build1.1) ...
Selecting previously unselected package libwrap0:amd64.
Preparing to unpack .../4-libwrap0_7.6.q-33_amd64.deb ...
Unpacking libwrap0:amd64 (7.6.q-33) ...
Selecting previously unselected package ipset.
Preparing to unpack .../5-ipset_7.19-1ubuntu2_amd64.deb ...
Unpacking ipset (7.19-1ubuntu2) ...
Selecting previously unselected package ipvsadm.
Preparing to unpack .../6-ipvsadm_1%3a1.31-1ubuntu0.1_amd64.deb ...
Unpacking ipvsadm (1:1.31-1ubuntu0.1) ...
Selecting previously unselected package socat.
Preparing to unpack .../7-socat_1.8.0.0-4build3_amd64.deb ...
Unpacking socat (1.8.0.0-4build3) ...
Setting up conntrack (1:1.4.8-1ubuntu1) ...
Setting up libwrap0:amd64 (7.6.q-33) ...
Setting up socat (1.8.0.0-4build3) ...
Setting up libipset13:amd64 (7.19-1ubuntu2) ...
Setting up libnl-3-200:amd64 (3.7.0-0.3build1.1) ...
Setting up ipset (7.19-1ubuntu2) ...
Setting up libnl-genl-3-200:amd64 (3.7.0-0.3build1.1) ...
Setting up ipvsadm (1:1.31-1ubuntu0.1) ...
Processing triggers for man-db (2.12.0-4build2) ...
Processing triggers for libc-bin (2.39-0ubuntu8.7) ...
(venv) nh1221@Lab-ControlNode:/opt/fabric-cache/apt-packages$ sudo cp /var/cache/apt/archives/{conntrack,socat,ipset,ipvsadm,libipset*,libnetfilter*}*.deb \
  /opt/fabric-cache/apt-packages/ 2>/dev/null || true
(venv) nh1221@Lab-ControlNode:/opt/fabric-cache/apt-packages$ ls /opt/fabric-cache/apt-packages/
apt-transport-https_2.8.3_all.deb              grafana_11.0.0_amd64.deb                     libnetfilter-conntrack3_1.0.9-6build1_amd64.deb  lsb-base_11.6_all.deb
ca-certificates_20240203_all.deb               ipmitool_1.8.19-7ubuntu0.24.04.3_amd64.deb   libnfnetlink0_1.0.2-2build1_amd64.deb            lsb-release_12.0-2_all.deb
cloud-image-utils_0.33-1_all.deb               ipset_7.19-1ubuntu2_amd64.deb                libnl-3-200_3.7.0-0.3build1.1_amd64.deb          postgresql-16_16.14-0ubuntu0.24.04.1_amd64.deb
conntrack_1%3a1.4.8-1ubuntu1_amd64.deb         ipvsadm_1%3a1.31-1ubuntu0.1_amd64.deb        libnl-genl-3-200_3.7.0-0.3build1.1_amd64.deb     postgresql-client-16_16.14-0ubuntu0.24.04.1_amd64.deb
curl_8.5.0-2ubuntu10.9_amd64.deb               jq_1.7.1-3ubuntu0.24.04.2_amd64.deb          libpopt0_1.19+dfsg-1build1_amd64.deb             qemu-system-x86_1%3a8.2.2+ds-0ubuntu1.16_amd64.deb
freeipmi-tools_1.6.13-3_amd64.deb              libc6_2.39-0ubuntu8.7_amd64.deb              libpq-dev_16.14-0ubuntu0.24.04.1_amd64.deb       qemu-utils_1%3a8.2.2+ds-0ubuntu1.16_amd64.deb
gcc-14-base_14.2.0-4ubuntu2~24.04.1_amd64.deb  libgcc-s1_14.2.0-4ubuntu2~24.04.1_amd64.deb  libssl3t64_3.0.13-0ubuntu3.9_amd64.deb           socat_1.8.0.0-4build3_amd64.deb
genisoimage_9%3a1.1.11-3.5_amd64.deb           libipset13_7.19-1ubuntu2_amd64.deb           libvirt-clients_10.0.0-2ubuntu8.13_amd64.deb     sysvinit-utils_3.08-6ubuntu3_amd64.deb
gnupg_2.4.4-2ubuntu17.4_all.deb                libmnl0_1.0.5-2build1_amd64.deb              libwrap0_7.6.q-33_amd64.deb                      wakeonlan_0.41-12.1_all.deb
(venv) nh1221@Lab-ControlNode:/opt/fabric-cache/apt-packages$
(venv) nh1221@Lab-ControlNode:/opt/fabric-cache/apt-packages$
(venv) nh1221@Lab-ControlNode:/opt/fabric-cache/apt-packages$ cd /mnt/c/Users/nh1221/data-center/_v3
(venv) nh1221@Lab-ControlNode:/mnt/c/Users/nh1221/data-center/_v3$ ansible-playbook -i inventory/hosts.yml playbooks/reused/preflight_download.yml --tags apt_cache

PLAY [Preflight Download: Stage all deployment artifacts to /opt/fabric-cache/] *********************************************************************************************************************************

TASK [Gathering Facts] ******************************************************************************************************************************************************************************************
ok: [localhost]

TASK [Create cache directories] *********************************************************************************************************************************************************************************
ok: [localhost] => (item=/opt/fabric-cache/binaries)
ok: [localhost] => (item=/opt/fabric-cache/images)
ok: [localhost] => (item=/opt/fabric-cache/kubespray)
ok: [localhost] => (item=/opt/fabric-cache/kubespray/src)
ok: [localhost] => (item=/opt/fabric-cache/kubespray/venv)
ok: [localhost] => (item=/opt/fabric-cache/kubespray/download-cache)
ok: [localhost] => (item=/opt/fabric-cache/maas)
ok: [localhost] => (item=/opt/fabric-cache/helm-charts)
ok: [localhost] => (item=/opt/fabric-cache/apt-packages)
ok: [localhost] => (item=/opt/fabric-cache/pip-packages)

TASK [apt | Download .deb packages to cache (requires apt on deployer)] *****************************************************************************************************************************************
ok: [localhost]

TASK [summary | Report cache contents] **************************************************************************************************************************************************************************
ok: [localhost]

TASK [summary | Display] ****************************************************************************************************************************************************************************************
ok: [localhost] =>
    msg:
    - === /opt/fabric-cache/ contents ===
    - ''
    - '--- binaries/ ---'
    - total 492M
    - -rw-r--r-- 1 root root  30M May 31 18:52 alertmanager-0.27.0.linux-amd64.tar.gz
    - -rwxr-xr-x 1 root root 155M May 31 18:22 argocd-v2.11.3
    - -rwxr-xr-x 1 root root 208K May 31 18:32 cephadm-18.2.2
    - -rwxr-xr-x 1 1001  127  49M Apr 10  2024 helm
    - -rw-r--r-- 1 root root  29M May 31 18:22 k9s-v0.32.4.tar.gz
    - -rwxr-xr-x 1 root root  48M May 31 18:22 kubectl-v1.29.4
    - -rw-r--r-- 1 root root  22M May 31 18:52 loki-3.0.0-linux-amd64.zip
    - -rw-r--r-- 1 root root  11M May 31 18:52 node_exporter-1.8.1.linux-amd64.tar.gz
    - -rw-r--r-- 1 root root  16M May 31 18:50 packer_1.10.3_linux_amd64.zip
    - -rw-r--r-- 1 root root 100M May 31 18:52 prometheus-2.52.0.linux-amd64.tar.gz
    - -rw-r--r-- 1 root root  27M May 31 18:53 promtail-3.0.0-linux-amd64.zip
    - -rwxr-xr-x 1 root root 9.6M May 31 18:22 yq-v4.44.1
    - ''
    - '--- images/ ---'
    - total 1.3G
    - -rw-r--r-- 1 root root    0 May 31 18:22 cirros-0.6.2-x86_64-disk.img
    - -rw-r--r-- 1 root root 663M May 31 18:33 ubuntu-22.04-server-cloudimg-amd64.img
    - -rw-r--r-- 1 root root 599M May 31 18:50 ubuntu-24.04-server-cloudimg-amd64.img
    - ''
    - '--- kubespray/ ---'
    - "1.1G\t/opt/fabric-cache/kubespray/"
    - ''
    - '--- helm-charts/ ---'
    - 27 charts cached
    - ''
    - '--- apt-packages/ ---'
    - 36 .deb files cached
    - ''
    - '--- pip-packages/ ---'
    - 84 pip wheels cached
    - ''
    - 'Total cache size: 3.8G'

TASK [summary | Collect failed downloads] ***********************************************************************************************************************************************************************
ok: [localhost]

TASK [summary | Report failed downloads (if any)] ***************************************************************************************************************************************************************
skipping: [localhost]

TASK [summary | All downloads succeeded] ************************************************************************************************************************************************************************
ok: [localhost] =>
    msg: ✅ All preflight downloads completed successfully.

PLAY RECAP ******************************************************************************************************************************************************************************************************
localhost                  : ok=7    changed=0    unreachable=0    failed=0    skipped=1    rescued=0    ignored=0

(venv) nh1221@Lab-ControlNode:/mnt/c/Users/nh1221/data-center/_v3$ ansible-playbook -i inventory/hosts.yml playbooks/reused/deploy_kubespray.yml -v
Using /mnt/c/Users/nh1221/data-center/_v3/ansible.cfg as config file

PLAY [Phase 1: Prepare Deployer Machine for KubeSpray] **********************************************************************************************************************************************************

TASK [Gathering Facts] ******************************************************************************************************************************************************************************************
ok: [localhost]

TASK [Check if preflight cache already has KubeSpray] ***********************************************************************************************************************************************************
ok: [localhost] =>
    changed: false
    stat:
        atime: 1780702676.2516725
        attr_flags: e
        attributes:
        - extents
        block_size: 4096
        blocks: 8
        charset: us-ascii
        checksum: 839788fd9abeb621a45d90f4402e50452d2c5fae
        ctime: 1780348752.9773448
        dev: 2096
        device_type: 0
        executable: false
        exists: true
        gid: 0
        gr_name: root
        inode: 215624
        isblk: false
        ischr: false
        isdir: false
        isfifo: false
        isgid: false
        islnk: false
        isreg: true
        issock: false
        isuid: false
        mimetype: text/plain
        mode: '0644'
        mtime: 1780348752.9773448
        nlink: 1
        path: /opt/fabric-cache/kubespray/src/cluster.yml
        pw_name: root
        readable: true
        rgrp: true
        roth: true
        rusr: true
        size: 88
        uid: 0
        version: '1215577206'
        wgrp: false
        woth: false
        writeable: true
        wusr: true
        xgrp: false
        xoth: false
        xusr: false

TASK [Display automation profile] *******************************************************************************************************************************************************************************
ok: [localhost] =>
    msg: |-
        Automation Profile: ubuntu_r810_kvm
        KubeSpray dir: /opt/fabric-cache/kubespray/src (already cached)
        Controllers: Host12_1, Host34_1, HostB12_1
        Workers: Host12_2, Host12_3, Host34_2
        All kube_nodes: Host12_1, Host34_1, HostB12_1, Host12_2, Host12_3, Host34_2

TASK [Install system packages for KubeSpray] ********************************************************************************************************************************************************************
ok: [localhost] =>
    cache_update_time: 1780713988
    cache_updated: false
    changed: false

TASK [Clone KubeSpray repository (skipped if preflight cache available)] ****************************************************************************************************************************************
skipping: [localhost] =>
    changed: false
    false_condition: not _cache_stat.stat.exists
    skip_reason: Conditional result was False

TASK [Create Python virtual environment] ************************************************************************************************************************************************************************
ok: [localhost] =>
    changed: false
    cmd:
    - python3
    - -m
    - venv
    - /opt/fabric-cache/kubespray/venv
    delta: null
    end: null
    msg: Did not run command since '/opt/fabric-cache/kubespray/venv/bin/activate' exists
    rc: 0
    start: null
    stderr: ''
    stderr_lines: <omitted>
    stdout: skipped, since /opt/fabric-cache/kubespray/venv/bin/activate exists
    stdout_lines: <omitted>

TASK [Install KubeSpray requirements in venv] *******************************************************************************************************************************************************************
ok: [localhost] =>
    changed: false
    cmd:
    - /opt/fabric-cache/kubespray/venv/bin/pip3
    - install
    - -r
    - /opt/fabric-cache/kubespray/src/requirements.txt
    name: null
    requirements: /opt/fabric-cache/kubespray/src/requirements.txt
    state: present
    stderr: ''
    stderr_lines: <omitted>
    stdout: |-
        Requirement already satisfied: ansible==9.5.1 in /opt/fabric-cache/kubespray/venv/lib/python3.12/site-packages (from -r /opt/fabric-cache/kubespray/src/requirements.txt (line 1)) (9.5.1)
        Requirement already satisfied: cryptography==42.0.7 in /opt/fabric-cache/kubespray/venv/lib/python3.12/site-packages (from -r /opt/fabric-cache/kubespray/src/requirements.txt (line 2)) (42.0.7)
        Requirement already satisfied: jinja2==3.1.4 in /opt/fabric-cache/kubespray/venv/lib/python3.12/site-packages (from -r /opt/fabric-cache/kubespray/src/requirements.txt (line 3)) (3.1.4)
        Requirement already satisfied: jmespath==1.0.1 in /opt/fabric-cache/kubespray/venv/lib/python3.12/site-packages (from -r /opt/fabric-cache/kubespray/src/requirements.txt (line 4)) (1.0.1)
        Requirement already satisfied: MarkupSafe==2.1.5 in /opt/fabric-cache/kubespray/venv/lib/python3.12/site-packages (from -r /opt/fabric-cache/kubespray/src/requirements.txt (line 5)) (2.1.5)
        Requirement already satisfied: netaddr==1.2.1 in /opt/fabric-cache/kubespray/venv/lib/python3.12/site-packages (from -r /opt/fabric-cache/kubespray/src/requirements.txt (line 6)) (1.2.1)
        Requirement already satisfied: pbr==6.0.0 in /opt/fabric-cache/kubespray/venv/lib/python3.12/site-packages (from -r /opt/fabric-cache/kubespray/src/requirements.txt (line 7)) (6.0.0)
        Requirement already satisfied: ruamel.yaml==0.18.6 in /opt/fabric-cache/kubespray/venv/lib/python3.12/site-packages (from -r /opt/fabric-cache/kubespray/src/requirements.txt (line 8)) (0.18.6)
        Requirement already satisfied: ruamel.yaml.clib==0.2.8 in /opt/fabric-cache/kubespray/venv/lib/python3.12/site-packages (from -r /opt/fabric-cache/kubespray/src/requirements.txt (line 9)) (0.2.8)
        Requirement already satisfied: jsonschema==4.22.0 in /opt/fabric-cache/kubespray/venv/lib/python3.12/site-packages (from -r /opt/fabric-cache/kubespray/src/requirements.txt (line 10)) (4.22.0)
        Requirement already satisfied: ansible-core~=2.16.6 in /opt/fabric-cache/kubespray/venv/lib/python3.12/site-packages (from ansible==9.5.1->-r /opt/fabric-cache/kubespray/src/requirements.txt (line 1)) (2.16.18)
        Requirement already satisfied: cffi>=1.12 in /opt/fabric-cache/kubespray/venv/lib/python3.12/site-packages (from cryptography==42.0.7->-r /opt/fabric-cache/kubespray/src/requirements.txt (line 2)) (2.0.0)
        Requirement already satisfied: attrs>=22.2.0 in /opt/fabric-cache/kubespray/venv/lib/python3.12/site-packages (from jsonschema==4.22.0->-r /opt/fabric-cache/kubespray/src/requirements.txt (line 10)) (26.1.0)
        Requirement already satisfied: jsonschema-specifications>=2023.03.6 in /opt/fabric-cache/kubespray/venv/lib/python3.12/site-packages (from jsonschema==4.22.0->-r /opt/fabric-cache/kubespray/src/requirements.txt (line 10)) (2025.9.1)
        Requirement already satisfied: referencing>=0.28.4 in /opt/fabric-cache/kubespray/venv/lib/python3.12/site-packages (from jsonschema==4.22.0->-r /opt/fabric-cache/kubespray/src/requirements.txt (line 10)) (0.37.0)
        Requirement already satisfied: rpds-py>=0.7.1 in /opt/fabric-cache/kubespray/venv/lib/python3.12/site-packages (from jsonschema==4.22.0->-r /opt/fabric-cache/kubespray/src/requirements.txt (line 10)) (2026.5.1)
        Requirement already satisfied: PyYAML>=5.1 in /opt/fabric-cache/kubespray/venv/lib/python3.12/site-packages (from ansible-core~=2.16.6->ansible==9.5.1->-r /opt/fabric-cache/kubespray/src/requirements.txt (line 1)) (6.0.3)
        Requirement already satisfied: packaging in /opt/fabric-cache/kubespray/venv/lib/python3.12/site-packages (from ansible-core~=2.16.6->ansible==9.5.1->-r /opt/fabric-cache/kubespray/src/requirements.txt (line 1)) (26.2)
        Requirement already satisfied: resolvelib<1.1.0,>=0.5.3 in /opt/fabric-cache/kubespray/venv/lib/python3.12/site-packages (from ansible-core~=2.16.6->ansible==9.5.1->-r /opt/fabric-cache/kubespray/src/requirements.txt (line 1)) (1.0.1)
        Requirement already satisfied: pycparser in /opt/fabric-cache/kubespray/venv/lib/python3.12/site-packages (from cffi>=1.12->cryptography==42.0.7->-r /opt/fabric-cache/kubespray/src/requirements.txt (line 2)) (3.0)
        Requirement already satisfied: typing-extensions>=4.4.0 in /opt/fabric-cache/kubespray/venv/lib/python3.12/site-packages (from referencing>=0.28.4->jsonschema==4.22.0->-r /opt/fabric-cache/kubespray/src/requirements.txt (line 10)) (4.15.0)
    stdout_lines: <omitted>
    version: null
    virtualenv: /opt/fabric-cache/kubespray/venv

TASK [Ensure KubeSpray download cache directory exists] *********************************************************************************************************************************************************
ok: [localhost] =>
    changed: false
    gid: 0
    group: root
    mode: '0755'
    owner: root
    path: /opt/fabric-cache/kubespray/download-cache
    size: 4096
    state: directory
    uid: 0

TASK [Install Helm binary on deployer] **************************************************************************************************************************************************************************
ok: [localhost] =>
    changed: false
    cmd: |-
        if ! command -v helm &>/dev/null; then
          curl -fsSL https://raw.githubusercontent.com/helm/helm/main/scripts/get-helm-3 | bash
        fi
        helm version --short
    delta: '0:00:00.630356'
    end: '2026-06-05 21:59:31.767817'
    msg: ''
    rc: 0
    start: '2026-06-05 21:59:31.137461'
    stderr: ''
    stderr_lines: <omitted>
    stdout: |-
        /usr/local/bin/helm
        Helm v3.21.0 is already latest
        v3.21.0+ge0878d4
    stdout_lines: <omitted>

TASK [Display KubeSpray readiness] ******************************************************************************************************************************************************************************
ok: [localhost] =>
    msg: |-
        KubeSpray v2.24.1 ready at: /opt/fabric-cache/kubespray/src
        Virtual env: /opt/fabric-cache/kubespray/venv
        Helm: /usr/local/bin/helm
        Helm v3.21.0 is already latest
        v3.21.0+ge0878d4
        Profile: ubuntu_r810_kvm
        Source: preflight cache

PLAY [Phase 2: Generate KubeSpray Inventory (multi-node, profile-aware)] ****************************************************************************************************************************************

TASK [Validate kube_nodes group is populated] *******************************************************************************************************************************************************************
ok: [localhost] =>
    changed: false
    msg: All assertions passed

TASK [Create KubeSpray inventory directory] *********************************************************************************************************************************************************************
ok: [localhost] =>
    changed: false
    gid: 0
    group: root
    mode: '0755'
    owner: root
    path: /opt/fabric-cache/kubespray/src/inventory/dc-lab/group_vars/all
    size: 4096
    state: directory
    uid: 0

TASK [Create KubeSpray inventory directory (k8s-cluster)] *******************************************************************************************************************************************************
ok: [localhost] =>
    changed: false
    gid: 0
    group: root
    mode: '0755'
    owner: root
    path: /opt/fabric-cache/kubespray/src/inventory/dc-lab/group_vars/k8s_cluster
    size: 4096
    state: directory
    uid: 0

TASK [Generate KubeSpray hosts.yml] *****************************************************************************************************************************************************************************
ok: [localhost] =>
    changed: false
    checksum: ec13de1bebc11fa15b63382aca6bb63e5929d046
    dest: /opt/fabric-cache/kubespray/src/inventory/dc-lab/hosts.yml
    gid: 0
    group: root
    mode: '0644'
    owner: root
    path: /opt/fabric-cache/kubespray/src/inventory/dc-lab/hosts.yml
    size: 1734
    state: file
    uid: 0

TASK [Generate KubeSpray all.yml vars] **************************************************************************************************************************************************************************
ok: [localhost] =>
    changed: false
    checksum: c057a87e8e907a75a6d57a79aaf7bdc9f5deb112
    dest: /opt/fabric-cache/kubespray/src/inventory/dc-lab/group_vars/all/all.yml
    gid: 0
    group: root
    mode: '0644'
    owner: root
    path: /opt/fabric-cache/kubespray/src/inventory/dc-lab/group_vars/all/all.yml
    size: 2180
    state: file
    uid: 0

TASK [Generate KubeSpray k8s-cluster.yml vars] ******************************************************************************************************************************************************************
ok: [localhost] =>
    changed: false
    checksum: 17dae6501499b01aed972ca7749614e675243583
    dest: /opt/fabric-cache/kubespray/src/inventory/dc-lab/group_vars/k8s_cluster/k8s-cluster.yml
    gid: 0
    group: root
    mode: '0644'
    owner: root
    path: /opt/fabric-cache/kubespray/src/inventory/dc-lab/group_vars/k8s_cluster/k8s-cluster.yml
    size: 1759
    state: file
    uid: 0

TASK [Generate KubeSpray addons.yml] ****************************************************************************************************************************************************************************
ok: [localhost] =>
    changed: false
    checksum: 3784ee4db54f6a123647a3b6f79c7883dc57782a
    dest: /opt/fabric-cache/kubespray/src/inventory/dc-lab/group_vars/k8s_cluster/addons.yml
    gid: 0
    group: root
    mode: '0644'
    owner: root
    path: /opt/fabric-cache/kubespray/src/inventory/dc-lab/group_vars/k8s_cluster/addons.yml
    size: 1032
    state: file
    uid: 0

TASK [Display generated inventory summary] **********************************************************************************************************************************************************************
ok: [localhost] =>
    msg: |-
        KubeSpray inventory generated at: /opt/fabric-cache/kubespray/src/inventory/dc-lab
        Profile: ubuntu_r810_kvm
        Controllers (kube_control_plane + etcd): Host12_1, Host34_1, HostB12_1
        Workers (kube_node): Host12_2, Host12_3, Host34_2

PLAY [Phase 3: Prepare All Kubernetes Nodes] ********************************************************************************************************************************************************************

TASK [Gathering Facts] ******************************************************************************************************************************************************************************************
ok: [HostB12_1]
ok: [Host12_1]
ok: [Host12_3]
ok: [Host34_1]
ok: [Host12_2]
ok: [Host34_2]

TASK [Disable swap (required by kubelet)] ***********************************************************************************************************************************************************************
changed: [Host12_2] =>
    changed: true
    cmd: |-
        swapoff -a
        sed -i '/\sswap\s/d' /etc/fstab
    delta: '0:00:00.011730'
    end: '2026-06-06 02:59:51.062395'
    msg: ''
    rc: 0
    start: '2026-06-06 02:59:51.050665'
    stderr: ''
    stderr_lines: <omitted>
    stdout: ''
    stdout_lines: <omitted>
changed: [Host34_1] =>
    changed: true
    cmd: |-
        swapoff -a
        sed -i '/\sswap\s/d' /etc/fstab
    delta: '0:00:00.014466'
    end: '2026-06-06 02:59:51.166934'
    msg: ''
    rc: 0
    start: '2026-06-06 02:59:51.152468'
    stderr: ''
    stderr_lines: <omitted>
    stdout: ''
    stdout_lines: <omitted>
changed: [HostB12_1] =>
    changed: true
    cmd: |-
        swapoff -a
        sed -i '/\sswap\s/d' /etc/fstab
    delta: '0:00:00.014259'
    end: '2026-06-06 02:59:51.286734'
    msg: ''
    rc: 0
    start: '2026-06-06 02:59:51.272475'
    stderr: ''
    stderr_lines: <omitted>
    stdout: ''
    stdout_lines: <omitted>
changed: [Host12_1] =>
    changed: true
    cmd: |-
        swapoff -a
        sed -i '/\sswap\s/d' /etc/fstab
    delta: '0:00:00.013151'
    end: '2026-06-06 02:59:51.295582'
    msg: ''
    rc: 0
    start: '2026-06-06 02:59:51.282431'
    stderr: ''
    stderr_lines: <omitted>
    stdout: ''
    stdout_lines: <omitted>
changed: [Host12_3] =>
    changed: true
    cmd: |-
        swapoff -a
        sed -i '/\sswap\s/d' /etc/fstab
    delta: '0:00:00.013172'
    end: '2026-06-06 02:59:51.366774'
    msg: ''
    rc: 0
    start: '2026-06-06 02:59:51.353602'
    stderr: ''
    stderr_lines: <omitted>
    stdout: ''
    stdout_lines: <omitted>
changed: [Host34_2] =>
    changed: true
    cmd: |-
        swapoff -a
        sed -i '/\sswap\s/d' /etc/fstab
    delta: '0:00:00.013408'
    end: '2026-06-06 02:59:53.217655'
    msg: ''
    rc: 0
    start: '2026-06-06 02:59:53.204247'
    stderr: ''
    stderr_lines: <omitted>
    stdout: ''
    stdout_lines: <omitted>

TASK [Load required kernel modules] *****************************************************************************************************************************************************************************
ok: [Host12_2] => (item=br_netfilter) =>
    ansible_loop_var: item
    changed: false
    item: br_netfilter
    name: br_netfilter
    params: ''
    state: present
ok: [Host12_3] => (item=br_netfilter) =>
    ansible_loop_var: item
    changed: false
    item: br_netfilter
    name: br_netfilter
    params: ''
    state: present
ok: [Host34_1] => (item=br_netfilter) =>
    ansible_loop_var: item
    changed: false
    item: br_netfilter
    name: br_netfilter
    params: ''
    state: present
ok: [Host12_1] => (item=br_netfilter) =>
    ansible_loop_var: item
    changed: false
    item: br_netfilter
    name: br_netfilter
    params: ''
    state: present
ok: [HostB12_1] => (item=br_netfilter) =>
    ansible_loop_var: item
    changed: false
    item: br_netfilter
    name: br_netfilter
    params: ''
    state: present
ok: [Host12_2] => (item=overlay) =>
    ansible_loop_var: item
    changed: false
    item: overlay
    name: overlay
    params: ''
    state: present
ok: [Host12_3] => (item=overlay) =>
    ansible_loop_var: item
    changed: false
    item: overlay
    name: overlay
    params: ''
    state: present
ok: [Host34_1] => (item=overlay) =>
    ansible_loop_var: item
    changed: false
    item: overlay
    name: overlay
    params: ''
    state: present
ok: [HostB12_1] => (item=overlay) =>
    ansible_loop_var: item
    changed: false
    item: overlay
    name: overlay
    params: ''
    state: present
ok: [Host12_1] => (item=overlay) =>
    ansible_loop_var: item
    changed: false
    item: overlay
    name: overlay
    params: ''
    state: present
ok: [Host12_2] => (item=ip_vs) =>
    ansible_loop_var: item
    changed: false
    item: ip_vs
    name: ip_vs
    params: ''
    state: present
ok: [Host12_3] => (item=ip_vs) =>
    ansible_loop_var: item
    changed: false
    item: ip_vs
    name: ip_vs
    params: ''
    state: present
ok: [HostB12_1] => (item=ip_vs) =>
    ansible_loop_var: item
    changed: false
    item: ip_vs
    name: ip_vs
    params: ''
    state: present
ok: [Host34_1] => (item=ip_vs) =>
    ansible_loop_var: item
    changed: false
    item: ip_vs
    name: ip_vs
    params: ''
    state: present
ok: [Host12_1] => (item=ip_vs) =>
    ansible_loop_var: item
    changed: false
    item: ip_vs
    name: ip_vs
    params: ''
    state: present
ok: [Host12_2] => (item=ip_vs_rr) =>
    ansible_loop_var: item
    changed: false
    item: ip_vs_rr
    name: ip_vs_rr
    params: ''
    state: present
ok: [Host12_3] => (item=ip_vs_rr) =>
    ansible_loop_var: item
    changed: false
    item: ip_vs_rr
    name: ip_vs_rr
    params: ''
    state: present
ok: [HostB12_1] => (item=ip_vs_rr) =>
    ansible_loop_var: item
    changed: false
    item: ip_vs_rr
    name: ip_vs_rr
    params: ''
    state: present
ok: [Host34_1] => (item=ip_vs_rr) =>
    ansible_loop_var: item
    changed: false
    item: ip_vs_rr
    name: ip_vs_rr
    params: ''
    state: present
ok: [Host12_1] => (item=ip_vs_rr) =>
    ansible_loop_var: item
    changed: false
    item: ip_vs_rr
    name: ip_vs_rr
    params: ''
    state: present
ok: [Host12_2] => (item=ip_vs_wrr) =>
    ansible_loop_var: item
    changed: false
    item: ip_vs_wrr
    name: ip_vs_wrr
    params: ''
    state: present
ok: [Host12_3] => (item=ip_vs_wrr) =>
    ansible_loop_var: item
    changed: false
    item: ip_vs_wrr
    name: ip_vs_wrr
    params: ''
    state: present
ok: [HostB12_1] => (item=ip_vs_wrr) =>
    ansible_loop_var: item
    changed: false
    item: ip_vs_wrr
    name: ip_vs_wrr
    params: ''
    state: present
ok: [Host34_1] => (item=ip_vs_wrr) =>
    ansible_loop_var: item
    changed: false
    item: ip_vs_wrr
    name: ip_vs_wrr
    params: ''
    state: present
ok: [Host12_1] => (item=ip_vs_wrr) =>
    ansible_loop_var: item
    changed: false
    item: ip_vs_wrr
    name: ip_vs_wrr
    params: ''
    state: present
ok: [Host12_2] => (item=ip_vs_sh) =>
    ansible_loop_var: item
    changed: false
    item: ip_vs_sh
    name: ip_vs_sh
    params: ''
    state: present
ok: [HostB12_1] => (item=ip_vs_sh) =>
    ansible_loop_var: item
    changed: false
    item: ip_vs_sh
    name: ip_vs_sh
    params: ''
    state: present
ok: [Host34_1] => (item=ip_vs_sh) =>
    ansible_loop_var: item
    changed: false
    item: ip_vs_sh
    name: ip_vs_sh
    params: ''
    state: present
ok: [Host12_3] => (item=ip_vs_sh) =>
    ansible_loop_var: item
    changed: false
    item: ip_vs_sh
    name: ip_vs_sh
    params: ''
    state: present
ok: [Host12_1] => (item=ip_vs_sh) =>
    ansible_loop_var: item
    changed: false
    item: ip_vs_sh
    name: ip_vs_sh
    params: ''
    state: present
ok: [Host34_2] => (item=br_netfilter) =>
    ansible_loop_var: item
    changed: false
    item: br_netfilter
    name: br_netfilter
    params: ''
    state: present
ok: [Host34_2] => (item=overlay) =>
    ansible_loop_var: item
    changed: false
    item: overlay
    name: overlay
    params: ''
    state: present
ok: [Host34_2] => (item=ip_vs) =>
    ansible_loop_var: item
    changed: false
    item: ip_vs
    name: ip_vs
    params: ''
    state: present
ok: [Host34_2] => (item=ip_vs_rr) =>
    ansible_loop_var: item
    changed: false
    item: ip_vs_rr
    name: ip_vs_rr
    params: ''
    state: present
ok: [Host34_2] => (item=ip_vs_wrr) =>
    ansible_loop_var: item
    changed: false
    item: ip_vs_wrr
    name: ip_vs_wrr
    params: ''
    state: present
ok: [Host34_2] => (item=ip_vs_sh) =>
    ansible_loop_var: item
    changed: false
    item: ip_vs_sh
    name: ip_vs_sh
    params: ''
    state: present

TASK [Persist kernel modules] ***********************************************************************************************************************************************************************************
ok: [Host34_1] =>
    changed: false
    checksum: 8b5cfdb1c25aa2f17b8c7fdc34af47a30030e535
    dest: /etc/modules-load.d/k8s.conf
    gid: 0
    group: root
    mode: '0644'
    owner: root
    path: /etc/modules-load.d/k8s.conf
    size: 55
    state: file
    uid: 0
ok: [HostB12_1] =>
    changed: false
    checksum: 8b5cfdb1c25aa2f17b8c7fdc34af47a30030e535
    dest: /etc/modules-load.d/k8s.conf
    gid: 0
    group: root
    mode: '0644'
    owner: root
    path: /etc/modules-load.d/k8s.conf
    size: 55
    state: file
    uid: 0
ok: [Host12_1] =>
    changed: false
    checksum: 8b5cfdb1c25aa2f17b8c7fdc34af47a30030e535
    dest: /etc/modules-load.d/k8s.conf
    gid: 0
    group: root
    mode: '0644'
    owner: root
    path: /etc/modules-load.d/k8s.conf
    size: 55
    state: file
    uid: 0
ok: [Host12_2] =>
    changed: false
    checksum: 8b5cfdb1c25aa2f17b8c7fdc34af47a30030e535
    dest: /etc/modules-load.d/k8s.conf
    gid: 0
    group: root
    mode: '0644'
    owner: root
    path: /etc/modules-load.d/k8s.conf
    size: 55
    state: file
    uid: 0
ok: [Host12_3] =>
    changed: false
    checksum: 8b5cfdb1c25aa2f17b8c7fdc34af47a30030e535
    dest: /etc/modules-load.d/k8s.conf
    gid: 0
    group: root
    mode: '0644'
    owner: root
    path: /etc/modules-load.d/k8s.conf
    size: 55
    state: file
    uid: 0
ok: [Host34_2] =>
    changed: false
    checksum: 8b5cfdb1c25aa2f17b8c7fdc34af47a30030e535
    dest: /etc/modules-load.d/k8s.conf
    gid: 0
    group: root
    mode: '0644'
    owner: root
    path: /etc/modules-load.d/k8s.conf
    size: 55
    state: file
    uid: 0

TASK [Set sysctl parameters for Kubernetes] *********************************************************************************************************************************************************************
ok: [HostB12_1] => (item={'key': 'net.bridge.bridge-nf-call-iptables', 'value': '1'}) =>
    ansible_loop_var: item
    changed: false
    item:
        key: net.bridge.bridge-nf-call-iptables
        value: '1'
ok: [Host34_1] => (item={'key': 'net.bridge.bridge-nf-call-iptables', 'value': '1'}) =>
    ansible_loop_var: item
    changed: false
    item:
        key: net.bridge.bridge-nf-call-iptables
        value: '1'
ok: [Host12_3] => (item={'key': 'net.bridge.bridge-nf-call-iptables', 'value': '1'}) =>
    ansible_loop_var: item
    changed: false
    item:
        key: net.bridge.bridge-nf-call-iptables
        value: '1'
ok: [Host12_1] => (item={'key': 'net.bridge.bridge-nf-call-iptables', 'value': '1'}) =>
    ansible_loop_var: item
    changed: false
    item:
        key: net.bridge.bridge-nf-call-iptables
        value: '1'
ok: [Host12_2] => (item={'key': 'net.bridge.bridge-nf-call-iptables', 'value': '1'}) =>
    ansible_loop_var: item
    changed: false
    item:
        key: net.bridge.bridge-nf-call-iptables
        value: '1'
ok: [HostB12_1] => (item={'key': 'net.bridge.bridge-nf-call-ip6tables', 'value': '1'}) =>
    ansible_loop_var: item
    changed: false
    item:
        key: net.bridge.bridge-nf-call-ip6tables
        value: '1'
ok: [Host34_1] => (item={'key': 'net.bridge.bridge-nf-call-ip6tables', 'value': '1'}) =>
    ansible_loop_var: item
    changed: false
    item:
        key: net.bridge.bridge-nf-call-ip6tables
        value: '1'
ok: [Host12_2] => (item={'key': 'net.bridge.bridge-nf-call-ip6tables', 'value': '1'}) =>
    ansible_loop_var: item
    changed: false
    item:
        key: net.bridge.bridge-nf-call-ip6tables
        value: '1'
ok: [Host12_3] => (item={'key': 'net.bridge.bridge-nf-call-ip6tables', 'value': '1'}) =>
    ansible_loop_var: item
    changed: false
    item:
        key: net.bridge.bridge-nf-call-ip6tables
        value: '1'
ok: [Host12_1] => (item={'key': 'net.bridge.bridge-nf-call-ip6tables', 'value': '1'}) =>
    ansible_loop_var: item
    changed: false
    item:
        key: net.bridge.bridge-nf-call-ip6tables
        value: '1'
ok: [HostB12_1] => (item={'key': 'net.ipv4.ip_forward', 'value': '1'}) =>
    ansible_loop_var: item
    changed: false
    item:
        key: net.ipv4.ip_forward
        value: '1'
ok: [Host34_1] => (item={'key': 'net.ipv4.ip_forward', 'value': '1'}) =>
    ansible_loop_var: item
    changed: false
    item:
        key: net.ipv4.ip_forward
        value: '1'
ok: [Host12_2] => (item={'key': 'net.ipv4.ip_forward', 'value': '1'}) =>
    ansible_loop_var: item
    changed: false
    item:
        key: net.ipv4.ip_forward
        value: '1'
ok: [Host12_3] => (item={'key': 'net.ipv4.ip_forward', 'value': '1'}) =>
    ansible_loop_var: item
    changed: false
    item:
        key: net.ipv4.ip_forward
        value: '1'
ok: [Host12_1] => (item={'key': 'net.ipv4.ip_forward', 'value': '1'}) =>
    ansible_loop_var: item
    changed: false
    item:
        key: net.ipv4.ip_forward
        value: '1'
ok: [HostB12_1] => (item={'key': 'net.ipv6.conf.all.forwarding', 'value': '1'}) =>
    ansible_loop_var: item
    changed: false
    item:
        key: net.ipv6.conf.all.forwarding
        value: '1'
ok: [Host34_1] => (item={'key': 'net.ipv6.conf.all.forwarding', 'value': '1'}) =>
    ansible_loop_var: item
    changed: false
    item:
        key: net.ipv6.conf.all.forwarding
        value: '1'
ok: [Host12_2] => (item={'key': 'net.ipv6.conf.all.forwarding', 'value': '1'}) =>
    ansible_loop_var: item
    changed: false
    item:
        key: net.ipv6.conf.all.forwarding
        value: '1'
ok: [Host12_3] => (item={'key': 'net.ipv6.conf.all.forwarding', 'value': '1'}) =>
    ansible_loop_var: item
    changed: false
    item:
        key: net.ipv6.conf.all.forwarding
        value: '1'
ok: [Host12_1] => (item={'key': 'net.ipv6.conf.all.forwarding', 'value': '1'}) =>
    ansible_loop_var: item
    changed: false
    item:
        key: net.ipv6.conf.all.forwarding
        value: '1'
ok: [Host34_2] => (item={'key': 'net.bridge.bridge-nf-call-iptables', 'value': '1'}) =>
    ansible_loop_var: item
    changed: false
    item:
        key: net.bridge.bridge-nf-call-iptables
        value: '1'
ok: [Host34_2] => (item={'key': 'net.bridge.bridge-nf-call-ip6tables', 'value': '1'}) =>
    ansible_loop_var: item
    changed: false
    item:
        key: net.bridge.bridge-nf-call-ip6tables
        value: '1'
ok: [Host34_2] => (item={'key': 'net.ipv4.ip_forward', 'value': '1'}) =>
    ansible_loop_var: item
    changed: false
    item:
        key: net.ipv4.ip_forward
        value: '1'
ok: [Host34_2] => (item={'key': 'net.ipv6.conf.all.forwarding', 'value': '1'}) =>
    ansible_loop_var: item
    changed: false
    item:
        key: net.ipv6.conf.all.forwarding
        value: '1'

TASK [Check if prerequisite packages are already installed] *****************************************************************************************************************************************************
ok: [HostB12_1] =>
    changed: false
    cmd: |-
        dpkg -s apt-transport-https ca-certificates curl gnupg lsb-release conntrack socat ipset ipvsadm 2>&1 | grep -c "^Status: install ok installed" || true
    delta: '0:00:00.028732'
    end: '2026-06-06 03:00:51.907364'
    failed_when_result: false
    msg: ''
    rc: 0
    start: '2026-06-06 03:00:51.878632'
    stderr: ''
    stderr_lines: <omitted>
    stdout: '4'
    stdout_lines: <omitted>
ok: [Host12_3] =>
    changed: false
    cmd: |-
        dpkg -s apt-transport-https ca-certificates curl gnupg lsb-release conntrack socat ipset ipvsadm 2>&1 | grep -c "^Status: install ok installed" || true
    delta: '0:00:00.025258'
    end: '2026-06-06 03:00:52.065734'
    failed_when_result: false
    msg: ''
    rc: 0
    start: '2026-06-06 03:00:52.040476'
    stderr: ''
    stderr_lines: <omitted>
    stdout: '4'
    stdout_lines: <omitted>
ok: [Host12_1] =>
    changed: false
    cmd: |-
        dpkg -s apt-transport-https ca-certificates curl gnupg lsb-release conntrack socat ipset ipvsadm 2>&1 | grep -c "^Status: install ok installed" || true
    delta: '0:00:00.025648'
    end: '2026-06-06 03:00:52.128892'
    failed_when_result: false
    msg: ''
    rc: 0
    start: '2026-06-06 03:00:52.103244'
    stderr: ''
    stderr_lines: <omitted>
    stdout: '4'
    stdout_lines: <omitted>
ok: [Host12_2] =>
    changed: false
    cmd: |-
        dpkg -s apt-transport-https ca-certificates curl gnupg lsb-release conntrack socat ipset ipvsadm 2>&1 | grep -c "^Status: install ok installed" || true
    delta: '0:00:00.026375'
    end: '2026-06-06 03:00:52.267081'
    failed_when_result: false
    msg: ''
    rc: 0
    start: '2026-06-06 03:00:52.240706'
    stderr: ''
    stderr_lines: <omitted>
    stdout: '4'
    stdout_lines: <omitted>
ok: [Host34_1] =>
    changed: false
    cmd: |-
        dpkg -s apt-transport-https ca-certificates curl gnupg lsb-release conntrack socat ipset ipvsadm 2>&1 | grep -c "^Status: install ok installed" || true
    delta: '0:00:00.026110'
    end: '2026-06-06 03:00:52.366306'
    failed_when_result: false
    msg: ''
    rc: 0
    start: '2026-06-06 03:00:52.340196'
    stderr: ''
    stderr_lines: <omitted>
    stdout: '4'
    stdout_lines: <omitted>
ok: [Host34_2] =>
    changed: false
    cmd: |-
        dpkg -s apt-transport-https ca-certificates curl gnupg lsb-release conntrack socat ipset ipvsadm 2>&1 | grep -c "^Status: install ok installed" || true
    delta: '0:00:00.025915'
    end: '2026-06-06 03:00:54.364374'
    failed_when_result: false
    msg: ''
    rc: 0
    start: '2026-06-06 03:00:54.338459'
    stderr: ''
    stderr_lines: <omitted>
    stdout: '4'
    stdout_lines: <omitted>

TASK [Install prerequisite packages] ****************************************************************************************************************************************************************************
[WARNING]: Failed to update cache after 1 retries due to , retrying
[WARNING]: Sleeping for 1 seconds, before attempting to refresh the cache again
[WARNING]: Failed to update cache after 2 retries due to , retrying
[WARNING]: Sleeping for 2 seconds, before attempting to refresh the cache again
[WARNING]: Failed to update cache after 3 retries due to , retrying
[WARNING]: Sleeping for 4 seconds, before attempting to refresh the cache again
[WARNING]: Failed to update cache after 4 retries due to , retrying
[WARNING]: Sleeping for 8 seconds, before attempting to refresh the cache again
[WARNING]: Failed to update cache after 5 retries due to , retrying
[WARNING]: Sleeping for 12 seconds, before attempting to refresh the cache again
[ERROR]: Task failed: Module failed: Failed to update apt cache after 5 retries:
Origin: /mnt/c/Users/nh1221/data-center/_v3/playbooks/reused/deploy_kubespray.yml:240:7

238       failed_when: false
239
240     - name: Install prerequisite packages
          ^ column 7

fatal: [Host34_1]: FAILED! =>
    changed: false
    msg: 'Failed to update apt cache after 5 retries: '
fatal: [HostB12_1]: FAILED! =>
    changed: false
    msg: 'Failed to update apt cache after 5 retries: '
[WARNING]: Sleeping for 3 seconds, before attempting to refresh the cache again
[WARNING]: Sleeping for 5 seconds, before attempting to refresh the cache again
[WARNING]: Sleeping for 9 seconds, before attempting to refresh the cache again
[WARNING]: Sleeping for 13 seconds, before attempting to refresh the cache again
fatal: [Host12_3]: FAILED! =>
    changed: false
    msg: 'Failed to update apt cache after 5 retries: '
fatal: [Host12_2]: FAILED! =>
    changed: false
    msg: 'Failed to update apt cache after 5 retries: '
fatal: [Host12_1]: FAILED! =>
    changed: false
    msg: 'Failed to update apt cache after 5 retries: '
