Is it going to fail again:


(venv) nh1221@Lab-ControlNode:/mnt/c/Users/nh1221/data-center/_v3$ ansible-playbook -i inventory/hosts.yml playbooks/reused/deploy_kubespray.yml -v
Using /mnt/c/Users/nh1221/data-center/_v3/ansible.cfg as config file

PLAY [Phase 1: Prepare Deployer Machine for KubeSpray] **********************************************************************************************************************************************************

TASK [Gathering Facts] ******************************************************************************************************************************************************************************************
ok: [localhost]

TASK [Check if preflight cache already has KubeSpray] ***********************************************************************************************************************************************************
ok: [localhost] =>
    changed: false
    stat:
        atime: 1780702676.2516725
        attr_flags: e
        attributes:
        - extents
        block_size: 4096
        blocks: 8
        charset: us-ascii
        checksum: 839788fd9abeb621a45d90f4402e50452d2c5fae
        ctime: 1780348752.9773448
        dev: 2096
        device_type: 0
        executable: false
        exists: true
        gid: 0
        gr_name: root
        inode: 215624
        isblk: false
        ischr: false
        isdir: false
        isfifo: false
        isgid: false
        islnk: false
        isreg: true
        issock: false
        isuid: false
        mimetype: text/plain
        mode: '0644'
        mtime: 1780348752.9773448
        nlink: 1
        path: /opt/fabric-cache/kubespray/src/cluster.yml
        pw_name: root
        readable: true
        rgrp: true
        roth: true
        rusr: true
        size: 88
        uid: 0
        version: '1215577206'
        wgrp: false
        woth: false
        writeable: true
        wusr: true
        xgrp: false
        xoth: false
        xusr: false

TASK [Display automation profile] *******************************************************************************************************************************************************************************
ok: [localhost] =>
    msg: |-
        Automation Profile: ubuntu_r810_kvm
        KubeSpray dir: /opt/fabric-cache/kubespray/src (already cached)
        Controllers: Host12_1, Host34_1, HostB12_1
        Workers: Host12_2, Host12_3, Host34_2
        All kube_nodes: Host12_1, Host34_1, HostB12_1, Host12_2, Host12_3, Host34_2

TASK [Install system packages for KubeSpray] ********************************************************************************************************************************************************************
ok: [localhost] =>
    cache_update_time: 1780713988
    cache_updated: false
    changed: false

TASK [Clone KubeSpray repository (skipped if preflight cache available)] ****************************************************************************************************************************************
skipping: [localhost] =>
    changed: false
    false_condition: not _cache_stat.stat.exists
    skip_reason: Conditional result was False

TASK [Create Python virtual environment] ************************************************************************************************************************************************************************
ok: [localhost] =>
    changed: false
    cmd:
    - python3
    - -m
    - venv
    - /opt/fabric-cache/kubespray/venv
    delta: null
    end: null
    msg: Did not run command since '/opt/fabric-cache/kubespray/venv/bin/activate' exists
    rc: 0
    start: null
    stderr: ''
    stderr_lines: <omitted>
    stdout: skipped, since /opt/fabric-cache/kubespray/venv/bin/activate exists
    stdout_lines: <omitted>

TASK [Install KubeSpray requirements in venv] *******************************************************************************************************************************************************************
ok: [localhost] =>
    changed: false
    cmd:
    - /opt/fabric-cache/kubespray/venv/bin/pip3
    - install
    - -r
    - /opt/fabric-cache/kubespray/src/requirements.txt
    name: null
    requirements: /opt/fabric-cache/kubespray/src/requirements.txt
    state: present
    stderr: ''
    stderr_lines: <omitted>
    stdout: |-
        Requirement already satisfied: ansible==9.5.1 in /opt/fabric-cache/kubespray/venv/lib/python3.12/site-packages (from -r /opt/fabric-cache/kubespray/src/requirements.txt (line 1)) (9.5.1)
        Requirement already satisfied: cryptography==42.0.7 in /opt/fabric-cache/kubespray/venv/lib/python3.12/site-packages (from -r /opt/fabric-cache/kubespray/src/requirements.txt (line 2)) (42.0.7)
        Requirement already satisfied: jinja2==3.1.4 in /opt/fabric-cache/kubespray/venv/lib/python3.12/site-packages (from -r /opt/fabric-cache/kubespray/src/requirements.txt (line 3)) (3.1.4)
        Requirement already satisfied: jmespath==1.0.1 in /opt/fabric-cache/kubespray/venv/lib/python3.12/site-packages (from -r /opt/fabric-cache/kubespray/src/requirements.txt (line 4)) (1.0.1)
        Requirement already satisfied: MarkupSafe==2.1.5 in /opt/fabric-cache/kubespray/venv/lib/python3.12/site-packages (from -r /opt/fabric-cache/kubespray/src/requirements.txt (line 5)) (2.1.5)
        Requirement already satisfied: netaddr==1.2.1 in /opt/fabric-cache/kubespray/venv/lib/python3.12/site-packages (from -r /opt/fabric-cache/kubespray/src/requirements.txt (line 6)) (1.2.1)
        Requirement already satisfied: pbr==6.0.0 in /opt/fabric-cache/kubespray/venv/lib/python3.12/site-packages (from -r /opt/fabric-cache/kubespray/src/requirements.txt (line 7)) (6.0.0)
        Requirement already satisfied: ruamel.yaml==0.18.6 in /opt/fabric-cache/kubespray/venv/lib/python3.12/site-packages (from -r /opt/fabric-cache/kubespray/src/requirements.txt (line 8)) (0.18.6)
        Requirement already satisfied: ruamel.yaml.clib==0.2.8 in /opt/fabric-cache/kubespray/venv/lib/python3.12/site-packages (from -r /opt/fabric-cache/kubespray/src/requirements.txt (line 9)) (0.2.8)
        Requirement already satisfied: jsonschema==4.22.0 in /opt/fabric-cache/kubespray/venv/lib/python3.12/site-packages (from -r /opt/fabric-cache/kubespray/src/requirements.txt (line 10)) (4.22.0)
        Requirement already satisfied: ansible-core~=2.16.6 in /opt/fabric-cache/kubespray/venv/lib/python3.12/site-packages (from ansible==9.5.1->-r /opt/fabric-cache/kubespray/src/requirements.txt (line 1)) (2.16.18)
        Requirement already satisfied: cffi>=1.12 in /opt/fabric-cache/kubespray/venv/lib/python3.12/site-packages (from cryptography==42.0.7->-r /opt/fabric-cache/kubespray/src/requirements.txt (line 2)) (2.0.0)
        Requirement already satisfied: attrs>=22.2.0 in /opt/fabric-cache/kubespray/venv/lib/python3.12/site-packages (from jsonschema==4.22.0->-r /opt/fabric-cache/kubespray/src/requirements.txt (line 10)) (26.1.0)
        Requirement already satisfied: jsonschema-specifications>=2023.03.6 in /opt/fabric-cache/kubespray/venv/lib/python3.12/site-packages (from jsonschema==4.22.0->-r /opt/fabric-cache/kubespray/src/requirements.txt (line 10)) (2025.9.1)
        Requirement already satisfied: referencing>=0.28.4 in /opt/fabric-cache/kubespray/venv/lib/python3.12/site-packages (from jsonschema==4.22.0->-r /opt/fabric-cache/kubespray/src/requirements.txt (line 10)) (0.37.0)
        Requirement already satisfied: rpds-py>=0.7.1 in /opt/fabric-cache/kubespray/venv/lib/python3.12/site-packages (from jsonschema==4.22.0->-r /opt/fabric-cache/kubespray/src/requirements.txt (line 10)) (2026.5.1)
        Requirement already satisfied: PyYAML>=5.1 in /opt/fabric-cache/kubespray/venv/lib/python3.12/site-packages (from ansible-core~=2.16.6->ansible==9.5.1->-r /opt/fabric-cache/kubespray/src/requirements.txt (line 1)) (6.0.3)
        Requirement already satisfied: packaging in /opt/fabric-cache/kubespray/venv/lib/python3.12/site-packages (from ansible-core~=2.16.6->ansible==9.5.1->-r /opt/fabric-cache/kubespray/src/requirements.txt (line 1)) (26.2)
        Requirement already satisfied: resolvelib<1.1.0,>=0.5.3 in /opt/fabric-cache/kubespray/venv/lib/python3.12/site-packages (from ansible-core~=2.16.6->ansible==9.5.1->-r /opt/fabric-cache/kubespray/src/requirements.txt (line 1)) (1.0.1)
        Requirement already satisfied: pycparser in /opt/fabric-cache/kubespray/venv/lib/python3.12/site-packages (from cffi>=1.12->cryptography==42.0.7->-r /opt/fabric-cache/kubespray/src/requirements.txt (line 2)) (3.0)
        Requirement already satisfied: typing-extensions>=4.4.0 in /opt/fabric-cache/kubespray/venv/lib/python3.12/site-packages (from referencing>=0.28.4->jsonschema==4.22.0->-r /opt/fabric-cache/kubespray/src/requirements.txt (line 10)) (4.15.0)
    stdout_lines: <omitted>
    version: null
    virtualenv: /opt/fabric-cache/kubespray/venv

TASK [Ensure KubeSpray download cache directory exists] *********************************************************************************************************************************************************
ok: [localhost] =>
    changed: false
    gid: 0
    group: root
    mode: '0755'
    owner: root
    path: /opt/fabric-cache/kubespray/download-cache
    size: 4096
    state: directory
    uid: 0

TASK [Verify tinyproxy is reachable on R810 hypervisor (air-gapped proxy)] **************************************************************************************************************************************
ok: [localhost] =>
    changed: false
    elapsed: 5
    failed_when_result: false
    failed_when_suppressed_exception: (traceback unavailable)
    msg: 'Status code was -1 and not [200, 400, 403, 405]: Request failed: <urlopen error
        timed out>'
    redirected: false
    status: -1
    url: http://172.16.2.1:8888

TASK [Warn if tinyproxy not reachable on R810] ******************************************************************************************************************************************************************
ok: [localhost] =>
    msg: 'WARNING: tinyproxy on 172.16.2.1:8888 is not reachable from deployer. SSH to
        R810 and run: sudo apt install -y tinyproxy && sudo sed -i ''/^Allow 127.0.0.1/a
        Allow 172.16.2.0/24'' /etc/tinyproxy/tinyproxy.conf && sudo sed -i ''s/^#\?Listen
        .*/Listen 0.0.0.0/'' /etc/tinyproxy/tinyproxy.conf && sudo systemctl restart tinyproxy
        && sudo systemctl enable tinyproxy'

TASK [Install Helm binary on deployer] **************************************************************************************************************************************************************************
ok: [localhost] =>
    changed: false
    cmd: |-
        if ! command -v helm &>/dev/null; then
          curl -fsSL https://raw.githubusercontent.com/helm/helm/main/scripts/get-helm-3 | bash
        fi
        helm version --short
    delta: '0:00:00.604178'
    end: '2026-06-06 05:11:58.970513'
    msg: ''
    rc: 0
    start: '2026-06-06 05:11:58.366335'
    stderr: ''
    stderr_lines: <omitted>
    stdout: |-
        /usr/local/bin/helm
        Helm v3.21.0 is already latest
        v3.21.0+ge0878d4
    stdout_lines: <omitted>

TASK [Display KubeSpray readiness] ******************************************************************************************************************************************************************************
ok: [localhost] =>
    msg: |-
        KubeSpray v2.24.1 ready at: /opt/fabric-cache/kubespray/src
        Virtual env: /opt/fabric-cache/kubespray/venv
        Helm: /usr/local/bin/helm
        Helm v3.21.0 is already latest
        v3.21.0+ge0878d4
        Profile: ubuntu_r810_kvm
        Source: preflight cache

PLAY [Phase 2: Generate KubeSpray Inventory (multi-node, profile-aware)] ****************************************************************************************************************************************

TASK [Validate kube_nodes group is populated] *******************************************************************************************************************************************************************
ok: [localhost] =>
    changed: false
    msg: All assertions passed

TASK [Create KubeSpray inventory directory] *********************************************************************************************************************************************************************
ok: [localhost] =>
    changed: false
    gid: 0
    group: root
    mode: '0755'
    owner: root
    path: /opt/fabric-cache/kubespray/src/inventory/dc-lab/group_vars/all
    size: 4096
    state: directory
    uid: 0

TASK [Create KubeSpray inventory directory (k8s-cluster)] *******************************************************************************************************************************************************
ok: [localhost] =>
    changed: false
    gid: 0
    group: root
    mode: '0755'
    owner: root
    path: /opt/fabric-cache/kubespray/src/inventory/dc-lab/group_vars/k8s_cluster
    size: 4096
    state: directory
    uid: 0

TASK [Generate KubeSpray hosts.yml] *****************************************************************************************************************************************************************************
ok: [localhost] =>
    changed: false
    checksum: ec13de1bebc11fa15b63382aca6bb63e5929d046
    dest: /opt/fabric-cache/kubespray/src/inventory/dc-lab/hosts.yml
    gid: 0
    group: root
    mode: '0644'
    owner: root
    path: /opt/fabric-cache/kubespray/src/inventory/dc-lab/hosts.yml
    size: 1734
    state: file
    uid: 0

TASK [Generate KubeSpray all.yml vars] **************************************************************************************************************************************************************************
changed: [localhost] =>
    changed: true
    checksum: dc73e891dc1ecd87b8a3633c7f8470ccd8b0567b
    dest: /opt/fabric-cache/kubespray/src/inventory/dc-lab/group_vars/all/all.yml
    gid: 0
    group: root
    md5sum: 7bc85a294d7ebf7c80ef2322fdeb204d
    mode: '0644'
    owner: root
    size: 2402
    src: /home/nh1221/.ansible/tmp/ansible-tmp-1780740722.6327896-434453-151378620946657/.source.yml
    state: file
    uid: 0

TASK [Generate KubeSpray k8s-cluster.yml vars] ******************************************************************************************************************************************************************
ok: [localhost] =>
    changed: false
    checksum: 17dae6501499b01aed972ca7749614e675243583
    dest: /opt/fabric-cache/kubespray/src/inventory/dc-lab/group_vars/k8s_cluster/k8s-cluster.yml
    gid: 0
    group: root
    mode: '0644'
    owner: root
    path: /opt/fabric-cache/kubespray/src/inventory/dc-lab/group_vars/k8s_cluster/k8s-cluster.yml
    size: 1759
    state: file
    uid: 0

TASK [Generate KubeSpray addons.yml] ****************************************************************************************************************************************************************************
ok: [localhost] =>
    changed: false
    checksum: 3784ee4db54f6a123647a3b6f79c7883dc57782a
    dest: /opt/fabric-cache/kubespray/src/inventory/dc-lab/group_vars/k8s_cluster/addons.yml
    gid: 0
    group: root
    mode: '0644'
    owner: root
    path: /opt/fabric-cache/kubespray/src/inventory/dc-lab/group_vars/k8s_cluster/addons.yml
    size: 1032
    state: file
    uid: 0

TASK [Display generated inventory summary] **********************************************************************************************************************************************************************
ok: [localhost] =>
    msg: |-
        KubeSpray inventory generated at: /opt/fabric-cache/kubespray/src/inventory/dc-lab
        Profile: ubuntu_r810_kvm
        Controllers (kube_control_plane + etcd): Host12_1, Host34_1, HostB12_1
        Workers (kube_node): Host12_2, Host12_3, Host34_2

PLAY [Phase 3: Prepare All Kubernetes Nodes] ********************************************************************************************************************************************************************

TASK [Gathering Facts] ******************************************************************************************************************************************************************************************
ok: [Host34_1]
ok: [Host12_2]
ok: [Host12_3]
ok: [HostB12_1]
ok: [Host12_1]
ok: [Host34_2]

TASK [Disable swap (required by kubelet)] ***********************************************************************************************************************************************************************
changed: [HostB12_1] =>
    changed: true
    cmd: |-
        swapoff -a
        sed -i '/\sswap\s/d' /etc/fstab
    delta: '0:00:00.015036'
    end: '2026-06-06 10:12:20.238607'
    msg: ''
    rc: 0
    start: '2026-06-06 10:12:20.223571'
    stderr: ''
    stderr_lines: <omitted>
    stdout: ''
    stdout_lines: <omitted>
changed: [Host34_1] =>
    changed: true
    cmd: |-
        swapoff -a
        sed -i '/\sswap\s/d' /etc/fstab
    delta: '0:00:00.021874'
    end: '2026-06-06 10:12:20.585718'
    msg: ''
    rc: 0
    start: '2026-06-06 10:12:20.563844'
    stderr: ''
    stderr_lines: <omitted>
    stdout: ''
    stdout_lines: <omitted>
changed: [Host12_2] =>
    changed: true
    cmd: |-
        swapoff -a
        sed -i '/\sswap\s/d' /etc/fstab
    delta: '0:00:00.014148'
    end: '2026-06-06 10:12:20.563361'
    msg: ''
    rc: 0
    start: '2026-06-06 10:12:20.549213'
    stderr: ''
    stderr_lines: <omitted>
    stdout: ''
    stdout_lines: <omitted>
changed: [Host12_1] =>
    changed: true
    cmd: |-
        swapoff -a
        sed -i '/\sswap\s/d' /etc/fstab
    delta: '0:00:00.017795'
    end: '2026-06-06 10:12:20.643018'
    msg: ''
    rc: 0
    start: '2026-06-06 10:12:20.625223'
    stderr: ''
    stderr_lines: <omitted>
    stdout: ''
    stdout_lines: <omitted>
changed: [Host12_3] =>
    changed: true
    cmd: |-
        swapoff -a
        sed -i '/\sswap\s/d' /etc/fstab
    delta: '0:00:00.016257'
    end: '2026-06-06 10:12:20.691564'
    msg: ''
    rc: 0
    start: '2026-06-06 10:12:20.675307'
    stderr: ''
    stderr_lines: <omitted>
    stdout: ''
    stdout_lines: <omitted>
changed: [Host34_2] =>
    changed: true
    cmd: |-
        swapoff -a
        sed -i '/\sswap\s/d' /etc/fstab
    delta: '0:00:00.013588'
    end: '2026-06-06 10:12:23.032805'
    msg: ''
    rc: 0
    start: '2026-06-06 10:12:23.019217'
    stderr: ''
    stderr_lines: <omitted>
    stdout: ''
    stdout_lines: <omitted>

TASK [Load required kernel modules] *****************************************************************************************************************************************************************************
ok: [Host12_2] => (item=br_netfilter) =>
    ansible_loop_var: item
    changed: false
    item: br_netfilter
    name: br_netfilter
    params: ''
    state: present
[ERROR]: Task failed: Data could not be sent to remote host "172.16.2.41". Make sure this host can be reached over ssh: ssh: connect to host 192.168.9.198 port 22: Network is unreachable
Connection closed by UNKNOWN port 65535
Origin: /mnt/c/Users/nh1221/data-center/_v3/playbooks/reused/deploy_kubespray.yml:219:7

217       changed_when: true
218
219     - name: Load required kernel modules
          ^ column 7

failed: [Host12_2] (item=overlay) =>
    ansible_loop_var: item
    changed: false
    item: overlay
    msg: |-
        Task failed: Data could not be sent to remote host "172.16.2.41". Make sure this host can be reached over ssh: ssh: connect to host 192.168.9.198 port 22: Network is unreachable
        Connection closed by UNKNOWN port 65535
    unreachable: true
ok: [Host34_1] => (item=br_netfilter) =>
    ansible_loop_var: item
    changed: false
    item: br_netfilter
    name: br_netfilter
    params: ''
    state: present
ok: [Host12_3] => (item=br_netfilter) =>
    ansible_loop_var: item
    changed: false
    item: br_netfilter
    name: br_netfilter
    params: ''
    state: present
ok: [Host12_1] => (item=br_netfilter) =>
    ansible_loop_var: item
    changed: false
    item: br_netfilter
    name: br_netfilter
    params: ''
    state: present
ok: [HostB12_1] => (item=br_netfilter) =>
    ansible_loop_var: item
    changed: false
    item: br_netfilter
    name: br_netfilter
    params: ''
    state: present
ok: [Host12_2] => (item=ip_vs) =>
    ansible_loop_var: item
    changed: false
    item: ip_vs
    name: ip_vs
    params: ''
    state: present
ok: [Host34_1] => (item=overlay) =>
    ansible_loop_var: item
    changed: false
    item: overlay
    name: overlay
    params: ''
    state: present
ok: [Host12_3] => (item=overlay) =>
    ansible_loop_var: item
    changed: false
    item: overlay
    name: overlay
    params: ''
    state: present
ok: [HostB12_1] => (item=overlay) =>
    ansible_loop_var: item
    changed: false
    item: overlay
    name: overlay
    params: ''
    state: present
ok: [Host12_1] => (item=overlay) =>
    ansible_loop_var: item
    changed: false
    item: overlay
    name: overlay
    params: ''
    state: present
ok: [Host12_2] => (item=ip_vs_rr) =>
    ansible_loop_var: item
    changed: false
    item: ip_vs_rr
    name: ip_vs_rr
    params: ''
    state: present
ok: [Host34_1] => (item=ip_vs) =>
    ansible_loop_var: item
    changed: false
    item: ip_vs
    name: ip_vs
    params: ''
    state: present
ok: [Host12_3] => (item=ip_vs) =>
    ansible_loop_var: item
    changed: false
    item: ip_vs
    name: ip_vs
    params: ''
    state: present
ok: [HostB12_1] => (item=ip_vs) =>
    ansible_loop_var: item
    changed: false
    item: ip_vs
    name: ip_vs
    params: ''
    state: present
ok: [Host12_1] => (item=ip_vs) =>
    ansible_loop_var: item
    changed: false
    item: ip_vs
    name: ip_vs
    params: ''
    state: present
ok: [Host12_2] => (item=ip_vs_wrr) =>
    ansible_loop_var: item
    changed: false
    item: ip_vs_wrr
    name: ip_vs_wrr
    params: ''
    state: present
ok: [Host34_1] => (item=ip_vs_rr) =>
    ansible_loop_var: item
    changed: false
    item: ip_vs_rr
    name: ip_vs_rr
    params: ''
    state: present
ok: [Host12_3] => (item=ip_vs_rr) =>
    ansible_loop_var: item
    changed: false
    item: ip_vs_rr
    name: ip_vs_rr
    params: ''
    state: present
ok: [HostB12_1] => (item=ip_vs_rr) =>
    ansible_loop_var: item
    changed: false
    item: ip_vs_rr
    name: ip_vs_rr
    params: ''
    state: present
ok: [Host12_1] => (item=ip_vs_rr) =>
    ansible_loop_var: item
    changed: false
    item: ip_vs_rr
    name: ip_vs_rr
    params: ''
    state: present
ok: [Host12_2] => (item=ip_vs_sh) =>
    ansible_loop_var: item
    changed: false
    item: ip_vs_sh
    name: ip_vs_sh
    params: ''
    state: present
fatal: [Host12_2]: UNREACHABLE! =>
    changed: false
    msg: All items completed
    results:
    -   ansible_loop_var: item
        changed: false
        failed: false
        invocation:
            module_args:
                name: br_netfilter
                params: ''
                persistent: disabled
                state: present
        item: br_netfilter
        name: br_netfilter
        params: ''
        state: present
    -   ansible_loop_var: item
        changed: false
        exception: (traceback unavailable)
        item: overlay
        msg: |-
            Task failed: Data could not be sent to remote host "172.16.2.41". Make sure this host can be reached over ssh: ssh: connect to host 192.168.9.198 port 22: Network is unreachable
            Connection closed by UNKNOWN port 65535
        unreachable: true
    -   ansible_loop_var: item
        changed: false
        failed: false
        invocation:
            module_args:
                name: ip_vs
                params: ''
                persistent: disabled
                state: present
        item: ip_vs
        name: ip_vs
        params: ''
        state: present
    -   ansible_loop_var: item
        changed: false
        failed: false
        invocation:
            module_args:
                name: ip_vs_rr
                params: ''
                persistent: disabled
                state: present
        item: ip_vs_rr
        name: ip_vs_rr
        params: ''
        state: present
    -   ansible_loop_var: item
        changed: false
        failed: false
        invocation:
            module_args:
                name: ip_vs_wrr
                params: ''
                persistent: disabled
                state: present
        item: ip_vs_wrr
        name: ip_vs_wrr
        params: ''
        state: present
    -   ansible_loop_var: item
        changed: false
        failed: false
        invocation:
            module_args:
                name: ip_vs_sh
                params: ''
                persistent: disabled
                state: present
        item: ip_vs_sh
        name: ip_vs_sh
        params: ''
        state: present
    unreachable: true
ok: [Host34_1] => (item=ip_vs_wrr) =>
    ansible_loop_var: item
    changed: false
    item: ip_vs_wrr
    name: ip_vs_wrr
    params: ''
    state: present
ok: [Host12_3] => (item=ip_vs_wrr) =>
    ansible_loop_var: item
    changed: false
    item: ip_vs_wrr
    name: ip_vs_wrr
    params: ''
    state: present
ok: [HostB12_1] => (item=ip_vs_wrr) =>
    ansible_loop_var: item
    changed: false
    item: ip_vs_wrr
    name: ip_vs_wrr
    params: ''
    state: present
ok: [Host12_1] => (item=ip_vs_wrr) =>
    ansible_loop_var: item
    changed: false
    item: ip_vs_wrr
    name: ip_vs_wrr
    params: ''
    state: present
ok: [Host12_3] => (item=ip_vs_sh) =>
    ansible_loop_var: item
    changed: false
    item: ip_vs_sh
    name: ip_vs_sh
    params: ''
    state: present
ok: [Host34_1] => (item=ip_vs_sh) =>
    ansible_loop_var: item
    changed: false
    item: ip_vs_sh
    name: ip_vs_sh
    params: ''
    state: present
ok: [HostB12_1] => (item=ip_vs_sh) =>
    ansible_loop_var: item
    changed: false
    item: ip_vs_sh
    name: ip_vs_sh
    params: ''
    state: present
ok: [Host12_1] => (item=ip_vs_sh) =>
    ansible_loop_var: item
    changed: false
    item: ip_vs_sh
    name: ip_vs_sh
    params: ''
    state: present
ok: [Host34_2] => (item=br_netfilter) =>
    ansible_loop_var: item
    changed: false
    item: br_netfilter
    name: br_netfilter
    params: ''
    state: present
ok: [Host34_2] => (item=overlay) =>
    ansible_loop_var: item
    changed: false
    item: overlay
    name: overlay
    params: ''
    state: present
ok: [Host34_2] => (item=ip_vs) =>
    ansible_loop_var: item
    changed: false
    item: ip_vs
    name: ip_vs
    params: ''
    state: present
ok: [Host34_2] => (item=ip_vs_rr) =>
    ansible_loop_var: item
    changed: false
    item: ip_vs_rr
    name: ip_vs_rr
    params: ''
    state: present
ok: [Host34_2] => (item=ip_vs_wrr) =>
    ansible_loop_var: item
    changed: false
    item: ip_vs_wrr
    name: ip_vs_wrr
    params: ''
    state: present
ok: [Host34_2] => (item=ip_vs_sh) =>
    ansible_loop_var: item
    changed: false
    item: ip_vs_sh
    name: ip_vs_sh
    params: ''
    state: present
