(venv) nh1221@Lab-ControlNode:/mnt/c/Users/nh1221/data-center/_v3$ ansible-playbook -i inventory/hosts.yml playbooks/reused/preflight_download.yml --tags kubespray -v
Using /mnt/c/Users/nh1221/data-center/_v3/ansible.cfg as config file

PLAY [Preflight Download: Stage all deployment artifacts to /opt/fabric-cache/] *********************************************************************************************************************************

TASK [Gathering Facts] ******************************************************************************************************************************************************************************************
ok: [localhost]

TASK [Create cache directories] *********************************************************************************************************************************************************************************
ok: [localhost] => (item=/opt/fabric-cache/binaries) =>
    ansible_loop_var: item
    changed: false
    gid: 0
    group: root
    item: /opt/fabric-cache/binaries
    mode: '0755'
    owner: root
    path: /opt/fabric-cache/binaries
    size: 4096
    state: directory
    uid: 0
ok: [localhost] => (item=/opt/fabric-cache/images) =>
    ansible_loop_var: item
    changed: false
    gid: 0
    group: root
    item: /opt/fabric-cache/images
    mode: '0755'
    owner: root
    path: /opt/fabric-cache/images
    size: 4096
    state: directory
    uid: 0
ok: [localhost] => (item=/opt/fabric-cache/kubespray) =>
    ansible_loop_var: item
    changed: false
    gid: 0
    group: root
    item: /opt/fabric-cache/kubespray
    mode: '0755'
    owner: root
    path: /opt/fabric-cache/kubespray
    size: 4096
    state: directory
    uid: 0
ok: [localhost] => (item=/opt/fabric-cache/kubespray/src) =>
    ansible_loop_var: item
    changed: false
    gid: 0
    group: root
    item: /opt/fabric-cache/kubespray/src
    mode: '0755'
    owner: root
    path: /opt/fabric-cache/kubespray/src
    size: 4096
    state: directory
    uid: 0
ok: [localhost] => (item=/opt/fabric-cache/kubespray/venv) =>
    ansible_loop_var: item
    changed: false
    gid: 0
    group: root
    item: /opt/fabric-cache/kubespray/venv
    mode: '0755'
    owner: root
    path: /opt/fabric-cache/kubespray/venv
    size: 4096
    state: directory
    uid: 0
ok: [localhost] => (item=/opt/fabric-cache/kubespray/download-cache) =>
    ansible_loop_var: item
    changed: false
    gid: 0
    group: root
    item: /opt/fabric-cache/kubespray/download-cache
    mode: '0755'
    owner: root
    path: /opt/fabric-cache/kubespray/download-cache
    size: 4096
    state: directory
    uid: 0
ok: [localhost] => (item=/opt/fabric-cache/maas) =>
    ansible_loop_var: item
    changed: false
    gid: 0
    group: root
    item: /opt/fabric-cache/maas
    mode: '0755'
    owner: root
    path: /opt/fabric-cache/maas
    size: 4096
    state: directory
    uid: 0
ok: [localhost] => (item=/opt/fabric-cache/helm-charts) =>
    ansible_loop_var: item
    changed: false
    gid: 0
    group: root
    item: /opt/fabric-cache/helm-charts
    mode: '0755'
    owner: root
    path: /opt/fabric-cache/helm-charts
    size: 4096
    state: directory
    uid: 0
ok: [localhost] => (item=/opt/fabric-cache/apt-packages) =>
    ansible_loop_var: item
    changed: false
    gid: 0
    group: root
    item: /opt/fabric-cache/apt-packages
    mode: '0755'
    owner: root
    path: /opt/fabric-cache/apt-packages
    size: 20480
    state: directory
    uid: 0
ok: [localhost] => (item=/opt/fabric-cache/pip-packages) =>
    ansible_loop_var: item
    changed: false
    gid: 0
    group: root
    item: /opt/fabric-cache/pip-packages
    mode: '0755'
    owner: root
    path: /opt/fabric-cache/pip-packages
    size: 12288
    state: directory
    uid: 0

TASK [binaries | Download kubectl v1.29.4] **********************************************************************************************************************************************************************
ok: [localhost] =>
    changed: false
    dest: /opt/fabric-cache/binaries/kubectl-v1.29.4
    elapsed: 0
    gid: 0
    group: root
    mode: '0755'
    msg: 'HTTP Error 304: Not Modified'
    owner: root
    size: 49819648
    state: file
    status_code: 304
    uid: 0
    url: https://dl.k8s.io/release/v1.29.4/bin/linux/amd64/kubectl

TASK [binaries | Download helm v3.14.4] *************************************************************************************************************************************************************************
skipping: [localhost] =>
    changed: false
    msg: skipped, since /opt/fabric-cache/binaries/helm exists

TASK [kubespray | Clone KubeSpray v2.25.0 repository] ***********************************************************************************************************************************************************
[ERROR]: Task failed: Module failed: Local modifications exist in the destination: /opt/fabric-cache/kubespray/src (force=no).
Origin: /mnt/c/Users/nh1221/data-center/_v3/playbooks/reused/preflight_download.yml:327:7

325     # KUBESPRAY — Clone repo + install requirements (the actual KubeSpray source)
326     # ===========================================================================
327     - name: "kubespray | Clone KubeSpray {{ kubespray_version }} repository"
          ^ column 7

fatal: [localhost]: FAILED! =>
    before: 7e0a40725067f7818bb0cd4acaf27a6620af6e3f
    changed: false
    msg: 'Local modifications exist in the destination: /opt/fabric-cache/kubespray/src
        (force=no).'
...ignoring

TASK [kubespray | Create Python venv for KubeSpray] *************************************************************************************************************************************************************
skipping: [localhost] =>
    changed: false
    false_condition: dl_kubespray_repo is defined and dl_kubespray_repo is not failed
    skip_reason: Conditional result was False

TASK [kubespray | Install KubeSpray requirements into venv] *****************************************************************************************************************************************************
skipping: [localhost] =>
    changed: false
    false_condition: dl_kubespray_repo is defined and dl_kubespray_repo is not failed
    skip_reason: Conditional result was False

TASK [kubespray | Pre-download pip wheels for KubeSpray requirements] *******************************************************************************************************************************************
ok: [localhost] =>
    changed: false
    cmd:
    - pip
    - download
    - --dest
    - /opt/fabric-cache/pip-packages/
    - -r
    - /opt/fabric-cache/kubespray/src/requirements.txt
    delta: '0:00:02.966415'
    end: '2026-06-06 12:12:23.598965'
    msg: ''
    rc: 0
    start: '2026-06-06 12:12:20.632550'
    stderr: ''
    stderr_lines: <omitted>
    stdout: |-
        Collecting ansible==9.5.1 (from -r /opt/fabric-cache/kubespray/src/requirements.txt (line 1))
          File was already downloaded /opt/fabric-cache/pip-packages/ansible-9.5.1-py3-none-any.whl
        Collecting cryptography==42.0.7 (from -r /opt/fabric-cache/kubespray/src/requirements.txt (line 2))
          File was already downloaded /opt/fabric-cache/pip-packages/cryptography-42.0.7-cp39-abi3-manylinux_2_28_x86_64.whl
        Collecting jinja2==3.1.4 (from -r /opt/fabric-cache/kubespray/src/requirements.txt (line 3))
          File was already downloaded /opt/fabric-cache/pip-packages/jinja2-3.1.4-py3-none-any.whl
        Collecting jmespath==1.0.1 (from -r /opt/fabric-cache/kubespray/src/requirements.txt (line 4))
          File was already downloaded /opt/fabric-cache/pip-packages/jmespath-1.0.1-py3-none-any.whl
        Collecting MarkupSafe==2.1.5 (from -r /opt/fabric-cache/kubespray/src/requirements.txt (line 5))
          File was already downloaded /opt/fabric-cache/pip-packages/MarkupSafe-2.1.5-cp312-cp312-manylinux_2_17_x86_64.manylinux2014_x86_64.whl
        Collecting netaddr==1.2.1 (from -r /opt/fabric-cache/kubespray/src/requirements.txt (line 6))
          File was already downloaded /opt/fabric-cache/pip-packages/netaddr-1.2.1-py3-none-any.whl
        Collecting pbr==6.0.0 (from -r /opt/fabric-cache/kubespray/src/requirements.txt (line 7))
          File was already downloaded /opt/fabric-cache/pip-packages/pbr-6.0.0-py2.py3-none-any.whl
        Collecting ruamel.yaml==0.18.6 (from -r /opt/fabric-cache/kubespray/src/requirements.txt (line 8))
          File was already downloaded /opt/fabric-cache/pip-packages/ruamel.yaml-0.18.6-py3-none-any.whl
        Collecting ruamel.yaml.clib==0.2.8 (from -r /opt/fabric-cache/kubespray/src/requirements.txt (line 9))
          File was already downloaded /opt/fabric-cache/pip-packages/ruamel.yaml.clib-0.2.8-cp312-cp312-manylinux_2_17_x86_64.manylinux2014_x86_64.manylinux_2_28_x86_64.whl
        Collecting jsonschema==4.22.0 (from -r /opt/fabric-cache/kubespray/src/requirements.txt (line 10))
          File was already downloaded /opt/fabric-cache/pip-packages/jsonschema-4.22.0-py3-none-any.whl
        Collecting ansible-core~=2.16.6 (from ansible==9.5.1->-r /opt/fabric-cache/kubespray/src/requirements.txt (line 1))
          File was already downloaded /opt/fabric-cache/pip-packages/ansible_core-2.16.18-py3-none-any.whl
        Collecting cffi>=1.12 (from cryptography==42.0.7->-r /opt/fabric-cache/kubespray/src/requirements.txt (line 2))
          File was already downloaded /opt/fabric-cache/pip-packages/cffi-2.0.0-cp312-cp312-manylinux2014_x86_64.manylinux_2_17_x86_64.whl
        Collecting attrs>=22.2.0 (from jsonschema==4.22.0->-r /opt/fabric-cache/kubespray/src/requirements.txt (line 10))
          File was already downloaded /opt/fabric-cache/pip-packages/attrs-26.1.0-py3-none-any.whl
        Collecting jsonschema-specifications>=2023.03.6 (from jsonschema==4.22.0->-r /opt/fabric-cache/kubespray/src/requirements.txt (line 10))
          File was already downloaded /opt/fabric-cache/pip-packages/jsonschema_specifications-2025.9.1-py3-none-any.whl
        Collecting referencing>=0.28.4 (from jsonschema==4.22.0->-r /opt/fabric-cache/kubespray/src/requirements.txt (line 10))
          File was already downloaded /opt/fabric-cache/pip-packages/referencing-0.37.0-py3-none-any.whl
        Collecting rpds-py>=0.7.1 (from jsonschema==4.22.0->-r /opt/fabric-cache/kubespray/src/requirements.txt (line 10))
          File was already downloaded /opt/fabric-cache/pip-packages/rpds_py-2026.5.1-cp312-cp312-manylinux_2_17_x86_64.manylinux2014_x86_64.whl
        Collecting PyYAML>=5.1 (from ansible-core~=2.16.6->ansible==9.5.1->-r /opt/fabric-cache/kubespray/src/requirements.txt (line 1))
          File was already downloaded /opt/fabric-cache/pip-packages/pyyaml-6.0.3-cp312-cp312-manylinux2014_x86_64.manylinux_2_17_x86_64.manylinux_2_28_x86_64.whl
        Collecting packaging (from ansible-core~=2.16.6->ansible==9.5.1->-r /opt/fabric-cache/kubespray/src/requirements.txt (line 1))
          File was already downloaded /opt/fabric-cache/pip-packages/packaging-26.2-py3-none-any.whl
        Collecting resolvelib<1.1.0,>=0.5.3 (from ansible-core~=2.16.6->ansible==9.5.1->-r /opt/fabric-cache/kubespray/src/requirements.txt (line 1))
          File was already downloaded /opt/fabric-cache/pip-packages/resolvelib-1.0.1-py2.py3-none-any.whl
        Collecting pycparser (from cffi>=1.12->cryptography==42.0.7->-r /opt/fabric-cache/kubespray/src/requirements.txt (line 2))
          File was already downloaded /opt/fabric-cache/pip-packages/pycparser-3.0-py3-none-any.whl
        Collecting typing-extensions>=4.4.0 (from referencing>=0.28.4->jsonschema==4.22.0->-r /opt/fabric-cache/kubespray/src/requirements.txt (line 10))
          File was already downloaded /opt/fabric-cache/pip-packages/typing_extensions-4.15.0-py3-none-any.whl
        Successfully downloaded ansible cryptography jinja2 jmespath MarkupSafe netaddr pbr ruamel.yaml ruamel.yaml.clib jsonschema ansible-core attrs cffi jsonschema-specifications referencing rpds-py PyYAML resolvelib typing-extensions packaging pycparser
    stdout_lines: <omitted>

TASK [summary | Report cache contents] **************************************************************************************************************************************************************************
ok: [localhost] =>
    changed: false
    cmd: |-
        echo "=== /opt/fabric-cache/ contents ==="
        echo ""
        echo "--- binaries/ ---"
        ls -lh /opt/fabric-cache/binaries/ 2>/dev/null | tail -20
        echo ""
        echo "--- images/ ---"
        ls -lh /opt/fabric-cache/images/ 2>/dev/null | tail -10
        echo ""
        echo "--- kubespray/ ---"
        du -sh /opt/fabric-cache/kubespray/ 2>/dev/null || echo "(empty — populated during first KubeSpray run)"
        echo ""
        echo "--- helm-charts/ ---"
        ls /opt/fabric-cache/helm-charts/*.tgz 2>/dev/null | wc -l | xargs -I{} echo "{} charts cached"
        echo ""
        echo "--- apt-packages/ ---"
        ls /opt/fabric-cache/apt-packages/*.deb 2>/dev/null | wc -l | xargs -I{} echo "{} .deb files cached"
        echo ""
        echo "--- pip-packages/ ---"
        ls /opt/fabric-cache/pip-packages/*.whl 2>/dev/null | wc -l | xargs -I{} echo "{} pip wheels cached"
        echo ""
        du -sh /opt/fabric-cache/ | awk '{print "Total cache size: " $1}'
    delta: '0:00:01.443966'
    end: '2026-06-06 12:12:25.683599'
    msg: ''
    rc: 0
    start: '2026-06-06 12:12:24.239633'
    stderr: ''
    stderr_lines: <omitted>
    stdout: |-
        === /opt/fabric-cache/ contents ===

        --- binaries/ ---
        total 492M
        -rw-r--r-- 1 root root  30M May 31 18:52 alertmanager-0.27.0.linux-amd64.tar.gz
        -rwxr-xr-x 1 root root 155M May 31 18:22 argocd-v2.11.3
        -rwxr-xr-x 1 root root 208K May 31 18:32 cephadm-18.2.2
        -rwxr-xr-x 1 1001  127  49M Apr 10  2024 helm
        -rw-r--r-- 1 root root  29M May 31 18:22 k9s-v0.32.4.tar.gz
        -rwxr-xr-x 1 root root  48M May 31 18:22 kubectl-v1.29.4
        -rw-r--r-- 1 root root  22M May 31 18:52 loki-3.0.0-linux-amd64.zip
        -rw-r--r-- 1 root root  11M May 31 18:52 node_exporter-1.8.1.linux-amd64.tar.gz
        -rw-r--r-- 1 root root  16M May 31 18:50 packer_1.10.3_linux_amd64.zip
        -rw-r--r-- 1 root root 100M May 31 18:52 prometheus-2.52.0.linux-amd64.tar.gz
        -rw-r--r-- 1 root root  27M May 31 18:53 promtail-3.0.0-linux-amd64.zip
        -rwxr-xr-x 1 root root 9.6M May 31 18:22 yq-v4.44.1

        --- images/ ---
        total 1.3G
        -rw-r--r-- 1 root root    0 May 31 18:22 cirros-0.6.2-x86_64-disk.img
        -rw-r--r-- 1 root root 663M May 31 18:33 ubuntu-22.04-server-cloudimg-amd64.img
        -rw-r--r-- 1 root root 599M May 31 18:50 ubuntu-24.04-server-cloudimg-amd64.img

        --- kubespray/ ---
        1.1G    /opt/fabric-cache/kubespray/

        --- helm-charts/ ---
        30 charts cached

        --- apt-packages/ ---
        258 .deb files cached

        --- pip-packages/ ---
        102 pip wheels cached

        Total cache size: 3.3G
    stdout_lines: <omitted>

TASK [summary | Display] ****************************************************************************************************************************************************************************************
ok: [localhost] =>
    msg:
    - === /opt/fabric-cache/ contents ===
    - ''
    - '--- binaries/ ---'
    - total 492M
    - -rw-r--r-- 1 root root  30M May 31 18:52 alertmanager-0.27.0.linux-amd64.tar.gz
    - -rwxr-xr-x 1 root root 155M May 31 18:22 argocd-v2.11.3
    - -rwxr-xr-x 1 root root 208K May 31 18:32 cephadm-18.2.2
    - -rwxr-xr-x 1 1001  127  49M Apr 10  2024 helm
    - -rw-r--r-- 1 root root  29M May 31 18:22 k9s-v0.32.4.tar.gz
    - -rwxr-xr-x 1 root root  48M May 31 18:22 kubectl-v1.29.4
    - -rw-r--r-- 1 root root  22M May 31 18:52 loki-3.0.0-linux-amd64.zip
    - -rw-r--r-- 1 root root  11M May 31 18:52 node_exporter-1.8.1.linux-amd64.tar.gz
    - -rw-r--r-- 1 root root  16M May 31 18:50 packer_1.10.3_linux_amd64.zip
    - -rw-r--r-- 1 root root 100M May 31 18:52 prometheus-2.52.0.linux-amd64.tar.gz
    - -rw-r--r-- 1 root root  27M May 31 18:53 promtail-3.0.0-linux-amd64.zip
    - -rwxr-xr-x 1 root root 9.6M May 31 18:22 yq-v4.44.1
    - ''
    - '--- images/ ---'
    - total 1.3G
    - -rw-r--r-- 1 root root    0 May 31 18:22 cirros-0.6.2-x86_64-disk.img
    - -rw-r--r-- 1 root root 663M May 31 18:33 ubuntu-22.04-server-cloudimg-amd64.img
    - -rw-r--r-- 1 root root 599M May 31 18:50 ubuntu-24.04-server-cloudimg-amd64.img
    - ''
    - '--- kubespray/ ---'
    - "1.1G\t/opt/fabric-cache/kubespray/"
    - ''
    - '--- helm-charts/ ---'
    - 30 charts cached
    - ''
    - '--- apt-packages/ ---'
    - 258 .deb files cached
    - ''
    - '--- pip-packages/ ---'
    - 102 pip wheels cached
    - ''
    - 'Total cache size: 3.3G'

TASK [summary | Collect failed downloads] ***********************************************************************************************************************************************************************
ok: [localhost] =>
    ansible_facts:
        preflight_failures:
        - kubespray-repo
    changed: false

TASK [summary | Report failed downloads (if any)] ***************************************************************************************************************************************************************
ok: [localhost] =>
    msg: |-
        ⚠️  The following downloads FAILED (1 total):
          - kubespray-repo
        Re-run with the relevant --tags to retry, or check URLs/network connectivity.

TASK [summary | All downloads succeeded] ************************************************************************************************************************************************************************
skipping: [localhost] =>
    false_condition: preflight_failures | length == 0

PLAY RECAP ******************************************************************************************************************************************************************************************************
localhost                  : ok=9    changed=0    unreachable=0    failed=0    skipped=4    rescued=0    ignored=1

(venv) nh1221@Lab-ControlNode:/mnt/c/Users/nh1221/data-center/_v3$
